[18840:17888:0914/132325.062:INFO:components\enterprise\browser\controller\chrome_browser_cloud_management_controller.cc:241] No machine level policy manager exists.
[17640:8920:0914/132325.148:ERROR:ui\gl\direct_composition_support.cc:255] GetGpuDriverOverlayInfo: Failed to retrieve video device
[17640:8920:0914/132325.149:VERBOSE1:components\viz\service\main\viz_main_impl.cc:87] VizNullHypothesis is disabled (not a warning)
[17640:16404:0914/132325.149:VERBOSE1:base\allocator\scheduler_loop_quarantine_config.cc:198] No entry found for gpu-process/viz-compositor.
[2628:19732:0914/132325.154:INFO:third_party\webrtc\rtc_base\cpu_info.cc:77] Available number of cores: 16
[8696:3496:0914/132325.215:INFO:third_party\webrtc\rtc_base\cpu_info.cc:77] Available number of cores: 16
[20496:10988:0914/132325.215:INFO:third_party\webrtc\rtc_base\cpu_info.cc:77] Available number of cores: 16
[8196:8744:0914/132325.215:INFO:third_party\webrtc\rtc_base\cpu_info.cc:77] Available number of cores: 16
[10088:18996:0914/132325.706:INFO:third_party\webrtc\rtc_base\cpu_info.cc:77] Available number of cores: 16
[21804:15736:0914/132326.009:INFO:third_party\webrtc\rtc_base\cpu_info.cc:77] Available number of cores: 16
[6060:18200:0914/132326.029:INFO:third_party\webrtc\rtc_base\cpu_info.cc:77] Available number of cores: 16
[18328:18300:0914/132326.030:INFO:third_party\webrtc\rtc_base\cpu_info.cc:77] Available number of cores: 16
[2644:16392:0914/132326.082:INFO:third_party\webrtc\rtc_base\cpu_info.cc:77] Available number of cores: 16
[13848:21104:0914/132326.234:INFO:third_party\webrtc\rtc_base\cpu_info.cc:77] Available number of cores: 16
[11232:6268:0914/132326.256:INFO:third_party\webrtc\rtc_base\cpu_info.cc:77] Available number of cores: 16
[18392:18488:0914/132326.257:INFO:third_party\webrtc\rtc_base\cpu_info.cc:77] Available number of cores: 16
[17804:8136:0914/132327.697:INFO:third_party\webrtc\rtc_base\cpu_info.cc:77] Available number of cores: 16
[8924:21704:0914/132327.698:INFO:third_party\webrtc\rtc_base\cpu_info.cc:77] Available number of cores: 16
[21452:21188:0914/132327.788:INFO:third_party\webrtc\rtc_base\cpu_info.cc:77] Available number of cores: 16
[20500:16928:0914/132327.840:INFO:third_party\webrtc\rtc_base\cpu_info.cc:77] Available number of cores: 16
[18296:22480:0914/132327.893:INFO:third_party\webrtc\rtc_base\cpu_info.cc:77] Available number of cores: 16
[17980:13684:0914/132327.959:INFO:third_party\webrtc\rtc_base\cpu_info.cc:77] Available number of cores: 16
[17604:3588:0914/132328.035:INFO:third_party\webrtc\rtc_base\cpu_info.cc:77] Available number of cores: 16
[10440:20892:0914/132328.117:INFO:third_party\webrtc\rtc_base\cpu_info.cc:77] Available number of cores: 16
[19268:8020:0914/132328.166:INFO:third_party\webrtc\rtc_base\cpu_info.cc:77] Available number of cores: 16
[22500:17884:0914/132328.166:INFO:third_party\webrtc\rtc_base\cpu_info.cc:77] Available number of cores: 16
[18840:17792:0914/132328.263:ERROR:google_apis\gcm\engine\registration_request.cc:291] Registration response error message: DEPRECATED_ENDPOINT
[8272:21364:0914/132328.287:INFO:third_party\webrtc\rtc_base\cpu_info.cc:77] Available number of cores: 16
[15720:1644:0914/132328.555:INFO:third_party\webrtc\rtc_base\cpu_info.cc:77] Available number of cores: 16
[18840:17888:0914/132343.094:INFO:CONSOLE:859] "[vite] connecting...", source: http://127.0.0.1:8080/@vite/client (859)
[18840:17888:0914/132343.099:INFO:CONSOLE:968] "[vite] connected.", source: http://127.0.0.1:8080/@vite/client (968)
[18840:17888:0914/132343.644:INFO:CONSOLE:14336] "%cDownload the React DevTools for a better development experience: https://react.dev/link/react-devtools font-weight:bold", source: http://127.0.0.1:8080/node_modules/.vite/deps/react-dom_client.js?v=372962b5 (14336)
[18840:5436:0914/132344.122:ERROR:chrome\updater\ipc\update_service_dialer_win.cc:75] Failed to open named pipe server process 2096: Access is denied. (0x5)
[18840:21212:0914/132344.123:ERROR:chrome\updater\ipc\update_service_dialer_win.cc:75] Failed to open named pipe server process 2096: Access is denied. (0x5)
[18840:17888:0914/132345.750:INFO:CONSOLE:74] "THREE.WebGLShadowMap: PCFSoftShadowMap has been deprecated. Using PCFShadowMap instead.", source: http://127.0.0.1:8080/src/studio/diagnosticsBuffer.ts (74)
[18840:5436:0914/132346.191:ERROR:chrome\updater\ipc\update_service_dialer_win.cc:75] Failed to open named pipe server process 8664: Access is denied. (0x5)
[18840:17888:0914/132347.206:INFO:CONSOLE:859] "[vite] connecting...", source: http://127.0.0.1:8080/@vite/client (859)
[18840:17888:0914/132347.216:INFO:CONSOLE:968] "[vite] connected.", source: http://127.0.0.1:8080/@vite/client (968)
[18840:17888:0914/132347.462:INFO:CONSOLE:74] "THREE.WebGLShadowMap: PCFSoftShadowMap has been deprecated. Using PCFShadowMap instead.", source: http://127.0.0.1:8080/src/studio/diagnosticsBuffer.ts (74)
[18840:17888:0914/132348.060:INFO:CONSOLE:74] "THREE.WebGLShadowMap: PCFSoftShadowMap has been deprecated. Using PCFShadowMap instead.", source: http://127.0.0.1:8080/src/studio/diagnosticsBuffer.ts (74)
[18840:8972:0914/132348.268:ERROR:chrome\updater\ipc\update_service_dialer_win.cc:75] Failed to open named pipe server process 21632: Access is denied. (0x5)
[18840:5436:0914/132348.352:ERROR:chrome\updater\ipc\update_service_dialer_win.cc:75] Failed to open named pipe server process 9332: Access is denied. (0x5)
[18840:21212:0914/132348.421:ERROR:chrome\updater\ipc\update_service_dialer_win.cc:75] Failed to open named pipe server process 17744: Access is denied. (0x5)
