"Selected modelled floor location"

true

✓ Done

true

898

true

"Look direction set through drag input"

true

✓ Screenshot saved to screenshots/growth/walkthrough-polish-native-stairs-recovery-stairs-before.png

"Movement pressed"

true

"Movement released"

true

{
  "stairAscent": [
    -6.246035856258304,
    3.119999885559082,
    -2.136926782690082
  ]
}

✓ Screenshot saved to screenshots/growth/walkthrough-polish-native-stairs-recovery-stairs-upper.png

"Movement pressed"

true

"Movement released"

true

✓ Screenshot saved to screenshots/growth/walkthrough-polish-native-stairs-recovery-stairs-return.png

"Interaction pressed"

✓ Done

"Bottom controls retained; no observed runtime errors; capture API restored"

✓ Screenshot saved to screenshots/growth/walkthrough-polish-native-stairs-recovery-controls.png


✓ Done

true

{
  "settledAtFrame": 1422
}

true

{
  "actualCamera": {
    "capture": "drag",
    "mode": "fly",
    "pitch": 0,
    "position": [
      10.206,
      3.4200000000000004,
      15.5305
    ],
    "speed": 0,
    "yaw": 0.5517952083868698
  },
  "mode": "fly",
  "ready": true,
  "selector": ".building-canvas canvas"
}

{
  "capture": "drag",
  "mode": "fly",
  "pitch": 0,
  "position": [
    10.206,
    3.4200000000000004,
    15.5305
  ],
  "speed": 0,
  "yaw": 0.5517952083868698
}

true

✓ Screenshot saved to screenshots/growth/walkthrough-polish-native-stairs-recovery-fly-before.png

{
  "before": {
    "capture": "drag",
    "mode": "fly",
    "pitch": 0,
    "position": [
      10.206,
      3.4200000000000004,
      15.5305
    ],
    "speed": 0,
    "yaw": 0.5517952083868698
  },
  "code": "KeyW"
}

true

{
  "observed": {
    "capture": "drag",
    "mode": "fly",
    "pitch": 0,
    "position": [
      10.0102834696116,
      3.4200000000000004,
      15.212560530557338
    ],
    "speed": 4.818723733072706,
    "yaw": 0.5517952083868698
  },
  "released": "KeyW"
}

true

{
  "after": {
    "capture": "drag",
    "mode": "fly",
    "pitch": 0,
    "position": [
      9.778256796894777,
      3.4200000000000004,
      14.835635612290414
    ],
    "speed": 0.002257514402955808,
    "yaw": 0.5517952083868698
  },
  "before": {
    "capture": "drag",
    "mode": "fly",
    "pitch": 0,
    "position": [
      10.206,
      3.4200000000000004,
      15.5305
    ],
    "speed": 0,
    "yaw": 0.5517952083868698
  },
  "code": "KeyW",
  "delta": [
    -0.4277432031052246,
    0,
    -0.6948643877095861
  ],
  "distance": 0.8159661543898347,
  "horizontalForwardDot": 0.8159661543898347,
  "rightDot": -3.3306690738754696e-16,
  "signedCameraDot": 0.8159661543898347
}

{
  "before": {
    "capture": "drag",
    "mode": "fly",
    "pitch": 0,
    "position": [
      9.778256796894777,
      3.4200000000000004,
      14.835635612290414
    ],
    "speed": 0.002257514402955808,
    "yaw": 0.5517952083868698
  },
  "code": "KeyS"
}

true

{
  "observed": {
    "capture": "drag",
    "mode": "fly",
    "pitch": 0,
    "position": [
      9.974186228402417,
      3.4200000000000004,
      15.153920937388502
    ],
    "speed": 4.8202011560465,
    "yaw": 0.5517952083868698
  },
  "released": "KeyS"
}

true

{
  "after": {
    "capture": "drag",
    "mode": "fly",
    "pitch": 0,
    "position": [
      10.206264170547067,
      3.4200000000000004,
      15.530929142308064
    ],
    "speed": 0.002253694658159246,
    "yaw": 0.5517952083868698
  },
  "before": {
    "capture": "drag",
    "mode": "fly",
    "pitch": 0,
    "position": [
      9.778256796894777,
      3.4200000000000004,
      14.835635612290414
    ],
    "speed": 0.002257514402955808,
    "yaw": 0.5517952083868698
  },
  "code": "KeyS",
  "delta": [
    0.42800737365229224,
    0,
    0.6952935300176488
  ],
  "distance": 0.8164700881141551,
  "horizontalForwardDot": -0.816470088114155,
  "rightDot": 7.771561172376098e-16,
  "signedCameraDot": 0.816470088114155
}

{
  "before": {
    "capture": "drag",
    "mode": "fly",
    "pitch": 0,
    "position": [
      10.206264170547067,
      3.4200000000000004,
      15.530929142308064
    ],
    "speed": 0.002253694658159246,
    "yaw": 0.5517952083868698
  },
  "code": "KeyA"
}

true

{
  "observed": {
    "capture": "drag",
    "mode": "fly",
    "pitch": 0,
    "position": [
      9.88840757433166,
      3.4200000000000004,
      15.726762088357596
    ],
    "speed": 4.818723784247181,
    "yaw": 0.5517952083868698
  },
  "released": "KeyA"
}

true

{
  "after": {
    "capture": "drag",
    "mode": "fly",
    "pitch": 0,
    "position": [
      9.51151315950264,
      3.4200000000000004,
      15.958845733113618
    ],
    "speed": 0.00225300391002977,
    "yaw": 0.5517952083868698
  },
  "before": {
    "capture": "drag",
    "mode": "fly",
    "pitch": 0,
    "position": [
      10.206264170547067,
      3.4200000000000004,
      15.530929142308064
    ],
    "speed": 0.002253694658159246,
    "yaw": 0.5517952083868698
  },
  "code": "KeyA",
  "delta": [
    -0.6947510110444259,
    0,
    0.4279165908055554
  ],
  "distance": 0.815960523575682,
  "horizontalForwardDot": -0.00020708829064891576,
  "rightDot": -0.8159604972964936,
  "signedCameraDot": 0.8159604972964936
}

{
  "before": {
    "capture": "drag",
    "mode": "fly",
    "pitch": 0,
    "position": [
      9.51151315950264,
      3.4200000000000004,
      15.958845733113618
    ],
    "speed": 0.00225300391002977,
    "yaw": 0.5517952083868698
  },
  "code": "KeyD"
}

true

{
  "observed": {
    "capture": "drag",
    "mode": "fly",
    "pitch": 0,
    "position": [
      9.83064365159757,
      3.4200000000000004,
      15.762396059853108
    ],
    "speed": 4.8245577983413925,
    "yaw": 0.5517952083868698
  },
  "released": "KeyD"
}

true

{
  "after": {
    "capture": "drag",
    "mode": "fly",
    "pitch": 0,
    "position": [
      10.208097744725585,
      3.4200000000000004,
      15.530043649759374
    ],
    "speed": 0.002676404693451377,
    "yaw": 0.5517952083868698
  },
  "before": {
    "capture": "drag",
    "mode": "fly",
    "pitch": 0,
    "position": [
      9.51151315950264,
      3.4200000000000004,
      15.958845733113618
    ],
    "speed": 0.00225300391002977,
    "yaw": 0.5517952083868698
  },
  "code": "KeyD",
  "delta": [
    0.6965845852229435,
    0,
    -0.4288020833542436
  ],
  "distance": 0.8179861313366872,
  "horizontalForwardDot": -3.0170913767335605e-8,
  "rightDot": 0.8179861313366866,
  "signedCameraDot": 0.8179861313366866
}

✓ Screenshot saved to screenshots/growth/walkthrough-polish-native-stairs-recovery-fly-moved.png

{
  "keysReleased": true,
  "movements": [
    {
      "after": {
        "capture": "drag",
        "mode": "fly",
        "pitch": 0,
        "position": [
          9.778256796894777,
          3.4200000000000004,
          14.835635612290414
        ],
        "speed": 0.002257514402955808,
        "yaw": 0.5517952083868698
      },
      "before": {
        "capture": "drag",
        "mode": "fly",
        "pitch": 0,
        "position": [
          10.206,
          3.4200000000000004,
          15.5305
        ],
        "speed": 0,
        "yaw": 0.5517952083868698
      },
      "code": "KeyW",
      "delta": [
        -0.4277432031052246,
        0,
        -0.6948643877095861
      ],
      "distance": 0.8159661543898347,
      "horizontalForwardDot": 0.8159661543898347,
      "rightDot": -3.3306690738754696e-16,
      "signedCameraDot": 0.8159661543898347
    },
    {
      "after": {
        "capture": "drag",
        "mode": "fly",
        "pitch": 0,
        "position": [
          10.206264170547067,
          3.4200000000000004,
          15.530929142308064
        ],
        "speed": 0.002253694658159246,
        "yaw": 0.5517952083868698
      },
      "before": {
        "capture": "drag",
        "mode": "fly",
        "pitch": 0,
        "position": [
          9.778256796894777,
          3.4200000000000004,
          14.835635612290414
        ],
        "speed": 0.002257514402955808,
        "yaw": 0.5517952083868698
      },
      "code": "KeyS",
      "delta": [
        0.42800737365229224,
        0,
        0.6952935300176488
      ],
      "distance": 0.8164700881141551,
      "horizontalForwardDot": -0.816470088114155,
      "rightDot": 7.771561172376098e-16,
      "signedCameraDot": 0.816470088114155
    },
    {
      "after": {
        "capture": "drag",
        "mode": "fly",
        "pitch": 0,
        "position": [
          9.51151315950264,
          3.4200000000000004,
          15.958845733113618
        ],
        "speed": 0.00225300391002977,
        "yaw": 0.5517952083868698
      },
      "before": {
        "capture": "drag",
        "mode": "fly",
        "pitch": 0,
        "position": [
          10.206264170547067,
          3.4200000000000004,
          15.530929142308064
        ],
        "speed": 0.002253694658159246,
        "yaw": 0.5517952083868698
      },
      "code": "KeyA",
      "delta": [
        -0.6947510110444259,
        0,
        0.4279165908055554
      ],
      "distance": 0.815960523575682,
      "horizontalForwardDot": -0.00020708829064891576,
      "rightDot": -0.8159604972964936,
      "signedCameraDot": 0.8159604972964936
    },
    {
      "after": {
        "capture": "drag",
        "mode": "fly",
        "pitch": 0,
        "position": [
          10.208097744725585,
          3.4200000000000004,
          15.530043649759374
        ],
        "speed": 0.002676404693451377,
        "yaw": 0.5517952083868698
      },
      "before": {
        "capture": "drag",
        "mode": "fly",
        "pitch": 0,
        "position": [
          9.51151315950264,
          3.4200000000000004,
          15.958845733113618
        ],
        "speed": 0.00225300391002977,
        "yaw": 0.5517952083868698
      },
      "code": "KeyD",
      "delta": [
        0.6965845852229435,
        0,
        -0.4288020833542436
      ],
      "distance": 0.8179861313366872,
      "horizontalForwardDot": -3.0170913767335605e-8,
      "rightDot": 0.8179861313366866,
      "signedCameraDot": 0.8179861313366866
    }
  ]
}

true

✓ Screenshot saved to screenshots/growth/walkthrough-polish-native-stairs-recovery-fly-escaped.png


"10.203126259953878,3.733952597646568,15.521518108142867"

✓ Done

true

"3.2667539287587,14.290802798149635,-33.947949406322444"

✓ Done

true

"3.266753928758693,14.290802798149635,29.997949406322448"

✓ Done

true

"-14.351410375459087,12.148226571124088,29.033173344782956"

✓ Done

true

"-11.59512830036727,10.40258125689927,22.83153867582636"

✓ Done

true

✓ Screenshot saved to screenshots/growth/walkthrough-polish-native-stairs-recovery-final-controls.png

"Release movement and bottom camera controls passed"

