[38664:19824:0912/235829.175:INFO:components\enterprise\browser\controller\chrome_browser_cloud_management_controller.cc:241] No machine level policy manager exists.
[84056:29088:0912/235829.220:ERROR:ui\gl\direct_composition_support.cc:254] GetGpuDriverOverlayInfo: Failed to retrieve video device
[84056:29088:0912/235829.222:VERBOSE1:components\viz\service\main\viz_main_impl.cc:87] VizNullHypothesis is disabled (not a warning)
[84056:5096:0912/235829.222:VERBOSE1:base\allocator\scheduler_loop_quarantine_config.cc:195] No entry found for gpu-process/viz-compositor.
[1588:97744:0912/235829.254:INFO:third_party\webrtc\rtc_base\cpu_info.cc:77] Available number of cores: 32
[50156:37028:0912/235829.283:INFO:third_party\webrtc\rtc_base\cpu_info.cc:77] Available number of cores: 32
[72620:97748:0912/235829.283:INFO:third_party\webrtc\rtc_base\cpu_info.cc:77] Available number of cores: 32
[38664:19824:0912/235829.303:WARNING:chrome\browser\extensions\external_registry_loader_win.cc:236] Error observing HKLM: Access is denied. (0x5)
[30468:71312:0912/235829.315:INFO:third_party\webrtc\rtc_base\cpu_info.cc:77] Available number of cores: 32
[24432:97684:0912/235829.317:INFO:third_party\webrtc\rtc_base\cpu_info.cc:77] Available number of cores: 32
[69472:31880:0912/235829.392:INFO:third_party\webrtc\rtc_base\cpu_info.cc:77] Available number of cores: 32
[38664:19824:0912/235831.383:ERROR:components\device_event_log\device_event_log_impl.cc:211] [23:58:31.383] USB: usb_service_win.cc:108 SetupDiGetDeviceProperty({{A45C254E-DF1C-4EFD-8020-67D146A850E0}, 6}) failed: Element not found. (0x490)
[55324:78632:0912/235831.594:INFO:third_party\webrtc\rtc_base\cpu_info.cc:77] Available number of cores: 32
[64768:97848:0912/235831.600:INFO:third_party\webrtc\rtc_base\cpu_info.cc:77] Available number of cores: 32
[84352:82696:0912/235831.657:INFO:third_party\webrtc\rtc_base\cpu_info.cc:77] Available number of cores: 32
[3364:74652:0912/235831.706:INFO:third_party\webrtc\rtc_base\cpu_info.cc:77] Available number of cores: 32
[73456:74220:0912/235831.740:INFO:third_party\webrtc\rtc_base\cpu_info.cc:77] Available number of cores: 32
[84496:17556:0912/235831.778:INFO:third_party\webrtc\rtc_base\cpu_info.cc:77] Available number of cores: 32
[35160:39128:0912/235831.822:INFO:third_party\webrtc\rtc_base\cpu_info.cc:77] Available number of cores: 32
[44524:99248:0912/235831.859:INFO:third_party\webrtc\rtc_base\cpu_info.cc:77] Available number of cores: 32
[15176:65556:0912/235831.874:INFO:third_party\webrtc\rtc_base\cpu_info.cc:77] Available number of cores: 32
[98400:73792:0912/235831.881:INFO:third_party\webrtc\rtc_base\cpu_info.cc:77] Available number of cores: 32
[46272:83276:0912/235832.029:INFO:third_party\webrtc\rtc_base\cpu_info.cc:77] Available number of cores: 32
[38664:28716:0912/235832.514:ERROR:google_apis\gcm\engine\registration_request.cc:291] Registration response error message: PHONE_REGISTRATION_ERROR
[38664:28716:0912/235832.520:ERROR:google_apis\gcm\engine\registration_request.cc:291] Registration response error message: PHONE_REGISTRATION_ERROR
[38664:28716:0912/235832.525:ERROR:google_apis\gcm\engine\registration_request.cc:291] Registration response error message: PHONE_REGISTRATION_ERROR
[16180:97424:0912/235832.579:INFO:third_party\webrtc\rtc_base\cpu_info.cc:77] Available number of cores: 32
[98856:91992:0912/235832.608:INFO:third_party\webrtc\rtc_base\cpu_info.cc:77] Available number of cores: 32
[26776:71204:0912/235832.608:INFO:third_party\webrtc\rtc_base\cpu_info.cc:77] Available number of cores: 32
[99012:95008:0912/235832.675:INFO:third_party\webrtc\rtc_base\cpu_info.cc:77] Available number of cores: 32
[38664:28716:0912/235832.732:ERROR:google_apis\gcm\engine\mcs_client.cc:702]   Error code: 401  Error message: Authentication Failed: wrong_secret
[38664:28716:0912/235832.732:ERROR:google_apis\gcm\engine\mcs_client.cc:704] Failed to log in to GCM, resetting connection.
[87616:23132:0912/235832.808:INFO:third_party\webrtc\rtc_base\cpu_info.cc:77] Available number of cores: 32
[39724:46116:0912/235832.838:INFO:third_party\webrtc\rtc_base\cpu_info.cc:77] Available number of cores: 32
[98312:98052:0912/235832.838:INFO:third_party\webrtc\rtc_base\cpu_info.cc:77] Available number of cores: 32
[38664:28716:0912/235857.241:ERROR:google_apis\gcm\engine\registration_request.cc:291] Registration response error message: DEPRECATED_ENDPOINT
[38664:18524:0912/235859.208:INFO:chrome\browser\extensions\extension_garbage_collector.cc:188] Garbage collection for extensions on file thread is complete.
[38664:19824:0912/235902.900:INFO:CONSOLE:859] "[vite] connecting...", source: http://127.0.0.1:8091/@vite/client (859)
[38664:19824:0912/235902.905:INFO:CONSOLE:968] "[vite] connected.", source: http://127.0.0.1:8091/@vite/client (968)
