✔ SC10-S01 empty worksheet roundtrip retains no rate pins, FX selections or priced history (3.868ms)
✔ SC10-S02 append preserves exact prior snapshot bytes and freezes each saved source record (22.3383ms)
✔ SC10-S03 append rejects another project and replacement/nonconsecutive revision (9.5661ms)
✔ SC10-S04 saved monetary corruption and missing supplier provenance fail rehydration (3.071ms)
✔ SC10-S05 draft assignment requires an existing exact rate revision and declared option (0.4279ms)
✔ SC10-S06 persisted history rejects removed intermediate revisions and foreign project histories (7.3533ms)
✔ SC10-S07 append cannot save a valid snapshot priced from a different current configuration (4.7578ms)
✔ SC10-S08 append rejects changing contractor content under a historical identity and revision (2.0888ms)
✔ SC10-S09 current catalog pruning may retain self-contained historical snapshots without reusing revision identities (4.8851ms)
✔ SC10-D01 quantity and rate deltas use an exact old-rate counterfactual (23.2718ms)
✔ SC10-D02 added and removed scope is separate and rows have stable deterministic ordering (4.9235ms)
✔ SC10-D03 an inactive proposal is visible but contributes zero accepted/base delta (4.523ms)
✔ SC10-D04 activation is scope delta and leaves the base tender unchanged (5.5861ms)
✔ SC10-D05 removing acceptance reverses scope exactly, without erasing the proposal (2.5058ms)
✔ SC10-D06 markup and tax changes are rate-policy effects with exact awkward-cent reconciliation (2.3132ms)
✔ SC10-D07 reassigning an existing row to a proposal is a scope effect (2.1053ms)
✔ SC10-D08 incompatible project/currency/revision and corrupted snapshots are rejected (5.2853ms)
✔ SC10-D09 reordering input does not affect comparison bytes; returned history is frozen (4.5709ms)
✔ SC10-D10 quantity subtraction preserves fractional precision and signed zero canonicalization (0.339ms)
✔ SC10-D11 historical supplier and contractor records cannot be rewritten under the same revision (4.2232ms)
✔ SC11-01 package round-trip restores exact typed worksheet, pins and raw decimals without mutation (102.3619ms)
✔ SC11-02 identical snapshots produce identical PDF, CSV and package bytes (33.0886ms)
✔ SC11-03 PDF is a multi-page vector document containing summary, breakdown, variance and provenance (25.7626ms)
✔ SC11-04 CSV contains each actual item once and neutralises formula-like identities (16.5078ms)
✔ SC11-05 all sealed payload files reject independent tampering before restoration (26.9154ms)
✔ SC11-06 resealed PDF/CSV with contradictory contents cannot pass semantic verification (32.0774ms)
✔ SC11-07 foreign project restore and forged content hashes leave the package and caller unchanged (17.9749ms)
✔ SC11-08 worksheet quantities, bindings, options and rate assignments must match the saved revision (9.4636ms)
✔ SC11-09 later revisions require the exact preceding preserved cost plan (7.3956ms)
✔ SC11-10 delivery records must identify the same project, revision, source and valid chronology (12.7806ms)
✔ SC11-11 compressed packages reopen, while traversal, additional files and truncation fail closed (34.2875ms)
✔ SC11-12 archive and inflated size declarations are bounded before extraction (27.8941ms)
✔ SC11-13 package capture happens before asynchronous hashing, so later form edits cannot alter export (2.6869ms)
✔ SC11-14 long basis text paginates and Unicode remains explicit and recoverable (321.5152ms)
✔ SC10-01 material wastage, explicit labour, markup and GST reconcile in integer cents (16.5654ms)
✔ SC10-02 inclusive and exclusive supplier GST normalize to the same worked result (3.6018ms)
✔ SC10-03 half-up component extension and inclusive extraction preserve the declared gross cent (1.9283ms)
✔ SC10-04 proposed and accepted alternatives never change the base tender (2.4484ms)
✔ SC10-05 unknown/missing tax basis fails closed, while explicit zero tax remains zero (1.2937ms)
✔ SC10-06 currencies stay explicit and cannot silently mix or convert (0.996ms)
✔ SC10-07 missing, archived, future and wrong-unit supplier pins withhold totals (1.3104ms)
✔ SC10-08 geometry edits, source replacements, missing entity and unbound quantities cannot price (2.668ms)
✔ SC10-09 source-less and other-project bindings are rejected at the pricing boundary (0.7175ms)
✔ SC10-10 decimal contract rejects exponents, signed values, floats and excess precision (1.9116ms)
✔ SC10-11 overflow fails closed instead of returning an unsafe amount (0.846ms)
✔ SC10-12 append preserves frozen history and rejects stale or replacement revisions (1.3206ms)
✔ SC10-13 supplier revision pins remain historical until an explicit contractor revision selects the new source (1.0571ms)
✔ SC10-14 strict input, unknown options and duplicate item identities cannot enter pricing (1.2226ms)
✔ SC10-15 snapshot is immutable, round-trips exactly, and rejects altered totals or unknown fields (4.0145ms)
✔ SC10-16 deterministic supplier row order, canonical decimal input and zero amounts (1.4972ms)
✔ SC10-17 labour exclusion requires a declared assumption rather than a silent zero (0.9154ms)
✔ SC10-18 a reviewed direct FX pair normalizes currency exactly and preserves both currency identities (1.1727ms)
✔ SC10-19 future, expired, inverse-only and ambiguous FX records cannot normalize a rate (1.5223ms)
✔ SC10-20 exact FX conversion rounds only after extension, and explicit area aliases preserve measurement units (0.7033ms)
✔ SC10-21 effective/import instants accept equality across equivalent timestamp precision (0.3806ms)
ℹ tests 55
ℹ suites 0
ℹ pass 55
ℹ fail 0
ℹ cancelled 0
ℹ skipped 0
ℹ todo 0
ℹ duration_ms 988.8967
