[91172:19236:0912/234133.643:INFO:components\enterprise\browser\controller\chrome_browser_cloud_management_controller.cc:241] No machine level policy manager exists.
[71696:84352:0912/234133.682:ERROR:ui\gl\direct_composition_support.cc:254] GetGpuDriverOverlayInfo: Failed to retrieve video device
[71696:84352:0912/234133.683:VERBOSE1:components\viz\service\main\viz_main_impl.cc:87] VizNullHypothesis is disabled (not a warning)
[71696:48268:0912/234133.683:VERBOSE1:base\allocator\scheduler_loop_quarantine_config.cc:195] No entry found for gpu-process/viz-compositor.
[6640:13600:0912/234133.725:INFO:third_party\webrtc\rtc_base\cpu_info.cc:77] Available number of cores: 32
[49080:98156:0912/234133.751:INFO:third_party\webrtc\rtc_base\cpu_info.cc:77] Available number of cores: 32
[65048:59828:0912/234133.751:INFO:third_party\webrtc\rtc_base\cpu_info.cc:77] Available number of cores: 32
[91172:19236:0912/234133.774:WARNING:chrome\browser\extensions\external_registry_loader_win.cc:236] Error observing HKLM: Access is denied. (0x5)
[62592:32780:0912/234133.788:INFO:third_party\webrtc\rtc_base\cpu_info.cc:77] Available number of cores: 32
[97348:80468:0912/234133.792:INFO:third_party\webrtc\rtc_base\cpu_info.cc:77] Available number of cores: 32
[37892:46584:0912/234133.860:INFO:third_party\webrtc\rtc_base\cpu_info.cc:77] Available number of cores: 32
[91172:19236:0912/234135.860:ERROR:components\device_event_log\device_event_log_impl.cc:211] [23:41:35.860] USB: usb_service_win.cc:108 SetupDiGetDeviceProperty({{A45C254E-DF1C-4EFD-8020-67D146A850E0}, 6}) failed: Element not found. (0x490)
[26404:29600:0912/234136.044:INFO:third_party\webrtc\rtc_base\cpu_info.cc:77] Available number of cores: 32
[20200:39292:0912/234136.049:INFO:third_party\webrtc\rtc_base\cpu_info.cc:77] Available number of cores: 32
[98896:73456:0912/234136.109:INFO:third_party\webrtc\rtc_base\cpu_info.cc:77] Available number of cores: 32
[98908:69016:0912/234136.146:INFO:third_party\webrtc\rtc_base\cpu_info.cc:77] Available number of cores: 32
[9628:56052:0912/234136.205:INFO:third_party\webrtc\rtc_base\cpu_info.cc:77] Available number of cores: 32
[67552:98432:0912/234136.246:INFO:third_party\webrtc\rtc_base\cpu_info.cc:77] Available number of cores: 32
[73620:95040:0912/234136.282:INFO:third_party\webrtc\rtc_base\cpu_info.cc:77] Available number of cores: 32
[94508:54176:0912/234136.330:INFO:third_party\webrtc\rtc_base\cpu_info.cc:77] Available number of cores: 32
[59952:15692:0912/234136.337:INFO:third_party\webrtc\rtc_base\cpu_info.cc:77] Available number of cores: 32
[41472:98516:0912/234136.477:INFO:third_party\webrtc\rtc_base\cpu_info.cc:77] Available number of cores: 32
[51500:17948:0912/234136.500:INFO:third_party\webrtc\rtc_base\cpu_info.cc:77] Available number of cores: 32
[50244:39048:0912/234136.500:INFO:third_party\webrtc\rtc_base\cpu_info.cc:77] Available number of cores: 32
[97452:37936:0912/234136.552:INFO:third_party\webrtc\rtc_base\cpu_info.cc:77] Available number of cores: 32
[98584:46872:0912/234136.561:INFO:third_party\webrtc\rtc_base\cpu_info.cc:77] Available number of cores: 32
[23032:78804:0912/234136.676:INFO:third_party\webrtc\rtc_base\cpu_info.cc:77] Available number of cores: 32
[1508:98692:0912/234136.712:INFO:third_party\webrtc\rtc_base\cpu_info.cc:77] Available number of cores: 32
[51768:99248:0912/234136.712:INFO:third_party\webrtc\rtc_base\cpu_info.cc:77] Available number of cores: 32
[91172:36700:0912/234136.990:ERROR:google_apis\gcm\engine\registration_request.cc:291] Registration response error message: PHONE_REGISTRATION_ERROR
[91172:36700:0912/234136.998:ERROR:google_apis\gcm\engine\registration_request.cc:291] Registration response error message: PHONE_REGISTRATION_ERROR
[91172:36700:0912/234137.019:ERROR:google_apis\gcm\engine\registration_request.cc:291] Registration response error message: PHONE_REGISTRATION_ERROR
[91172:36700:0912/234137.169:ERROR:google_apis\gcm\engine\mcs_client.cc:702]   Error code: 401  Error message: Authentication Failed: wrong_secret
[91172:36700:0912/234137.169:ERROR:google_apis\gcm\engine\mcs_client.cc:704] Failed to log in to GCM, resetting connection.
