[24488:98564:0913/012544.209:INFO:components\enterprise\browser\controller\chrome_browser_cloud_management_controller.cc:241] No machine level policy manager exists.
[67492:69464:0913/012544.250:ERROR:ui\gl\direct_composition_support.cc:254] GetGpuDriverOverlayInfo: Failed to retrieve video device
[67492:69464:0913/012544.252:VERBOSE1:components\viz\service\main\viz_main_impl.cc:87] VizNullHypothesis is disabled (not a warning)
[67492:20572:0913/012544.252:VERBOSE1:base\allocator\scheduler_loop_quarantine_config.cc:195] No entry found for gpu-process/viz-compositor.
[67400:101840:0913/012544.279:INFO:third_party\webrtc\rtc_base\cpu_info.cc:77] Available number of cores: 32
[12160:26600:0913/012544.303:INFO:third_party\webrtc\rtc_base\cpu_info.cc:77] Available number of cores: 32
[102240:6828:0913/012544.303:INFO:third_party\webrtc\rtc_base\cpu_info.cc:77] Available number of cores: 32
[24488:98564:0913/012544.319:WARNING:chrome\browser\extensions\external_registry_loader_win.cc:236] Error observing HKLM: Access is denied. (0x5)
[53424:16552:0913/012544.334:INFO:third_party\webrtc\rtc_base\cpu_info.cc:77] Available number of cores: 32
[14112:34576:0913/012544.335:INFO:third_party\webrtc\rtc_base\cpu_info.cc:77] Available number of cores: 32
[39316:88308:0913/012544.394:INFO:third_party\webrtc\rtc_base\cpu_info.cc:77] Available number of cores: 32
[24488:98564:0913/012546.422:ERROR:components\device_event_log\device_event_log_impl.cc:211] [01:25:46.423] USB: usb_service_win.cc:108 SetupDiGetDeviceProperty({{A45C254E-DF1C-4EFD-8020-67D146A850E0}, 6}) failed: Element not found. (0x490)
[77504:16160:0913/012546.647:INFO:third_party\webrtc\rtc_base\cpu_info.cc:77] Available number of cores: 32
[75160:14272:0913/012546.654:INFO:third_party\webrtc\rtc_base\cpu_info.cc:77] Available number of cores: 32
[22844:15812:0913/012546.710:INFO:third_party\webrtc\rtc_base\cpu_info.cc:77] Available number of cores: 32
[52108:60560:0913/012546.748:INFO:third_party\webrtc\rtc_base\cpu_info.cc:77] Available number of cores: 32
[38040:24028:0913/012546.782:INFO:third_party\webrtc\rtc_base\cpu_info.cc:77] Available number of cores: 32
[11228:49704:0913/012546.818:INFO:third_party\webrtc\rtc_base\cpu_info.cc:77] Available number of cores: 32
[34992:73892:0913/012546.858:INFO:third_party\webrtc\rtc_base\cpu_info.cc:77] Available number of cores: 32
[44156:14184:0913/012546.902:INFO:third_party\webrtc\rtc_base\cpu_info.cc:77] Available number of cores: 32
[75504:26968:0913/012546.907:INFO:third_party\webrtc\rtc_base\cpu_info.cc:77] Available number of cores: 32
[22812:50820:0913/012547.060:INFO:third_party\webrtc\rtc_base\cpu_info.cc:77] Available number of cores: 32
[11624:73572:0913/012547.104:INFO:third_party\webrtc\rtc_base\cpu_info.cc:77] Available number of cores: 32
[47332:8196:0913/012547.124:INFO:third_party\webrtc\rtc_base\cpu_info.cc:77] Available number of cores: 32
[49716:25256:0913/012547.124:INFO:third_party\webrtc\rtc_base\cpu_info.cc:77] Available number of cores: 32
[13916:61104:0913/012547.181:INFO:third_party\webrtc\rtc_base\cpu_info.cc:77] Available number of cores: 32
[43468:61364:0913/012547.312:INFO:third_party\webrtc\rtc_base\cpu_info.cc:77] Available number of cores: 32
[68256:27212:0913/012547.341:INFO:third_party\webrtc\rtc_base\cpu_info.cc:77] Available number of cores: 32
[98968:20172:0913/012547.341:INFO:third_party\webrtc\rtc_base\cpu_info.cc:77] Available number of cores: 32
[24488:47640:0913/012547.631:ERROR:google_apis\gcm\engine\registration_request.cc:291] Registration response error message: PHONE_REGISTRATION_ERROR
[24488:47640:0913/012547.631:ERROR:google_apis\gcm\engine\registration_request.cc:291] Registration response error message: PHONE_REGISTRATION_ERROR
[24488:47640:0913/012547.634:ERROR:google_apis\gcm\engine\registration_request.cc:291] Registration response error message: PHONE_REGISTRATION_ERROR
[24488:98564:0913/012547.840:INFO:CONSOLE:859] "[vite] connecting...", source: http://127.0.0.1:8091/@vite/client (859)
[24488:98564:0913/012547.843:INFO:CONSOLE:968] "[vite] connected.", source: http://127.0.0.1:8091/@vite/client (968)
[24488:98564:0913/012548.002:INFO:CONSOLE:14336] "%cDownload the React DevTools for a better development experience: https://react.dev/link/react-devtools font-weight:bold", source: http://127.0.0.1:8091/node_modules/.vite/deps/react-dom_client.js?v=96e01df1 (14336)
