[2288:17416:0914/132753.541:INFO:components\enterprise\browser\controller\chrome_browser_cloud_management_controller.cc:241] No machine level policy manager exists.
[21288:11148:0914/132753.593:ERROR:ui\gl\direct_composition_support.cc:255] GetGpuDriverOverlayInfo: Failed to retrieve video device
[21288:11148:0914/132753.593:VERBOSE1:components\viz\service\main\viz_main_impl.cc:87] VizNullHypothesis is disabled (not a warning)
[21288:17352:0914/132753.594:VERBOSE1:base\allocator\scheduler_loop_quarantine_config.cc:198] No entry found for gpu-process/viz-compositor.
[18896:14592:0914/132753.642:INFO:third_party\webrtc\rtc_base\cpu_info.cc:77] Available number of cores: 16
[2428:18612:0914/132753.694:INFO:third_party\webrtc\rtc_base\cpu_info.cc:77] Available number of cores: 16
[18756:6068:0914/132753.697:INFO:third_party\webrtc\rtc_base\cpu_info.cc:77] Available number of cores: 16
[10396:18600:0914/132753.704:INFO:third_party\webrtc\rtc_base\cpu_info.cc:77] Available number of cores: 16
[5464:7388:0914/132754.121:INFO:third_party\webrtc\rtc_base\cpu_info.cc:77] Available number of cores: 16
[15260:17448:0914/132754.323:INFO:third_party\webrtc\rtc_base\cpu_info.cc:77] Available number of cores: 16
[17104:1936:0914/132754.345:INFO:third_party\webrtc\rtc_base\cpu_info.cc:77] Available number of cores: 16
[12688:20900:0914/132754.345:INFO:third_party\webrtc\rtc_base\cpu_info.cc:77] Available number of cores: 16
[18100:9980:0914/132754.405:INFO:third_party\webrtc\rtc_base\cpu_info.cc:77] Available number of cores: 16
[10524:21812:0914/132754.529:INFO:third_party\webrtc\rtc_base\cpu_info.cc:77] Available number of cores: 16
[19596:3616:0914/132754.554:INFO:third_party\webrtc\rtc_base\cpu_info.cc:77] Available number of cores: 16
[13868:12032:0914/132754.554:INFO:third_party\webrtc\rtc_base\cpu_info.cc:77] Available number of cores: 16
[21500:18660:0914/132756.570:INFO:third_party\webrtc\rtc_base\cpu_info.cc:77] Available number of cores: 16
[19224:20740:0914/132756.578:INFO:third_party\webrtc\rtc_base\cpu_info.cc:77] Available number of cores: 16
[7996:21512:0914/132756.682:INFO:third_party\webrtc\rtc_base\cpu_info.cc:77] Available number of cores: 16
[21216:2600:0914/132756.682:INFO:third_party\webrtc\rtc_base\cpu_info.cc:77] Available number of cores: 16
[12556:18388:0914/132756.815:INFO:third_party\webrtc\rtc_base\cpu_info.cc:77] Available number of cores: 16
[8924:6532:0914/132756.906:INFO:third_party\webrtc\rtc_base\cpu_info.cc:77] Available number of cores: 16
[10344:14280:0914/132757.041:INFO:third_party\webrtc\rtc_base\cpu_info.cc:77] Available number of cores: 16
[12036:17532:0914/132757.162:INFO:third_party\webrtc\rtc_base\cpu_info.cc:77] Available number of cores: 16
[17548:4436:0914/132757.320:INFO:third_party\webrtc\rtc_base\cpu_info.cc:77] Available number of cores: 16
[2288:11244:0914/132757.404:ERROR:google_apis\gcm\engine\registration_request.cc:291] Registration response error message: DEPRECATED_ENDPOINT
[20820:12104:0914/132802.898:INFO:third_party\webrtc\rtc_base\cpu_info.cc:77] Available number of cores: 16
[4400:14488:0914/132802.900:INFO:third_party\webrtc\rtc_base\cpu_info.cc:77] Available number of cores: 16
[15828:3568:0914/132805.525:INFO:third_party\webrtc\rtc_base\cpu_info.cc:77] Available number of cores: 16
[2288:17416:0914/132812.466:INFO:CONSOLE:859] "[vite] connecting...", source: http://127.0.0.1:8080/@vite/client (859)
[2288:17416:0914/132812.472:INFO:CONSOLE:968] "[vite] connected.", source: http://127.0.0.1:8080/@vite/client (968)
[2288:18352:0914/132812.605:ERROR:chrome\updater\ipc\update_service_dialer_win.cc:75] Failed to open named pipe server process 21720: Access is denied. (0x5)
[2288:2052:0914/132812.606:ERROR:chrome\updater\ipc\update_service_dialer_win.cc:75] Failed to open named pipe server process 21720: Access is denied. (0x5)
[2288:16988:0914/132812.607:ERROR:chrome\updater\ipc\update_service_dialer_win.cc:75] Failed to open named pipe server process 21720: Access is denied. (0x5)
[2288:17416:0914/132813.307:INFO:CONSOLE:14336] "%cDownload the React DevTools for a better development experience: https://react.dev/link/react-devtools font-weight:bold", source: http://127.0.0.1:8080/node_modules/.vite/deps/react-dom_client.js?v=372962b5 (14336)
[2288:18352:0914/132814.710:ERROR:chrome\updater\ipc\update_service_dialer_win.cc:75] Failed to open named pipe server process 2992: Access is denied. (0x5)
[2288:2052:0914/132814.779:ERROR:chrome\updater\ipc\update_service_dialer_win.cc:75] Failed to open named pipe server process 12452: Access is denied. (0x5)
[2288:18352:0914/132814.847:ERROR:chrome\updater\ipc\update_service_dialer_win.cc:75] Failed to open named pipe server process 16940: Access is denied. (0x5)
[2288:17416:0914/132815.709:INFO:CONSOLE:74] "THREE.WebGLShadowMap: PCFSoftShadowMap has been deprecated. Using PCFShadowMap instead.", source: http://127.0.0.1:8080/src/studio/diagnosticsBuffer.ts (74)
