
> tauri:build
> tauri build --bundles nsis


> build:cad
> node scripts/build-cad.mjs

Built local DWG translator: ACadSharp 3.7.1; verified 5 dependency checksums.

> build:desktop
> node scripts/with-app-env.mjs vite build --config vite.config.spa.ts

[36mvite v8.2.2 [32mbuilding client environment for production...[36m[39m
transforming...
✓ 2273 modules transformed.
rendering chunks...
computing gzip size...
dist/index.html                                   0.51 kB │ gzip:   0.32 kB
dist/assets/priceWorkbook.worker-RQzoYbCf.js    468.83 kB
dist/assets/pdf.worker-DTrjDNvb.mjs           2,395.53 kB
dist/assets/index-DjNCb1b_.css                  161.08 kB │ gzip:  29.75 kB
dist/assets/pdf.worker-Cumxr82H.js                0.08 kB │ gzip:   0.10 kB
dist/assets/core-CwxXejkd.js                      0.09 kB │ gzip:   0.10 kB
dist/assets/src-Bw3d7Yzw.js                      17.23 kB │ gzip:   7.30 kB
dist/assets/pdf-B0nZ-5Ox.js                     487.96 kB │ gzip: 148.27 kB
dist/assets/index-zyher2Ma.js                 2,382.16 kB │ gzip: 736.70 kB

[32m✓ built in 5.74s[39m
