[98968:17960:0912/233509.738:INFO:components\enterprise\browser\controller\chrome_browser_cloud_management_controller.cc:241] No machine level policy manager exists.
[68196:64412:0912/233509.778:ERROR:ui\gl\direct_composition_support.cc:254] GetGpuDriverOverlayInfo: Failed to retrieve video device
[68196:64412:0912/233509.779:VERBOSE1:components\viz\service\main\viz_main_impl.cc:87] VizNullHypothesis is disabled (not a warning)
[68196:97740:0912/233509.779:VERBOSE1:base\allocator\scheduler_loop_quarantine_config.cc:195] No entry found for gpu-process/viz-compositor.
[89356:58736:0912/233509.809:INFO:third_party\webrtc\rtc_base\cpu_info.cc:77] Available number of cores: 32
[70332:28380:0912/233509.833:INFO:third_party\webrtc\rtc_base\cpu_info.cc:77] Available number of cores: 32
[85052:8596:0912/233509.833:INFO:third_party\webrtc\rtc_base\cpu_info.cc:77] Available number of cores: 32
[98968:17960:0912/233509.852:WARNING:chrome\browser\extensions\external_registry_loader_win.cc:236] Error observing HKLM: Access is denied. (0x5)
[98816:33380:0912/233509.870:INFO:third_party\webrtc\rtc_base\cpu_info.cc:77] Available number of cores: 32
[72008:70588:0912/233509.872:INFO:third_party\webrtc\rtc_base\cpu_info.cc:77] Available number of cores: 32
[13556:84496:0912/233509.929:INFO:third_party\webrtc\rtc_base\cpu_info.cc:77] Available number of cores: 32
[98968:17960:0912/233511.964:ERROR:components\device_event_log\device_event_log_impl.cc:211] [23:35:11.965] USB: usb_service_win.cc:108 SetupDiGetDeviceProperty({{A45C254E-DF1C-4EFD-8020-67D146A850E0}, 6}) failed: Element not found. (0x490)
[4072:98932:0912/233512.242:INFO:third_party\webrtc\rtc_base\cpu_info.cc:77] Available number of cores: 32
[55688:74528:0912/233512.250:INFO:third_party\webrtc\rtc_base\cpu_info.cc:77] Available number of cores: 32
[19248:85492:0912/233512.305:INFO:third_party\webrtc\rtc_base\cpu_info.cc:77] Available number of cores: 32
[99244:99232:0912/233512.343:INFO:third_party\webrtc\rtc_base\cpu_info.cc:77] Available number of cores: 32
[98400:22856:0912/233512.379:INFO:third_party\webrtc\rtc_base\cpu_info.cc:77] Available number of cores: 32
[53256:57452:0912/233512.435:INFO:third_party\webrtc\rtc_base\cpu_info.cc:77] Available number of cores: 32
[61288:5380:0912/233512.485:INFO:third_party\webrtc\rtc_base\cpu_info.cc:77] Available number of cores: 32
[24680:99048:0912/233512.506:INFO:third_party\webrtc\rtc_base\cpu_info.cc:77] Available number of cores: 32
[50128:97864:0912/233512.506:INFO:third_party\webrtc\rtc_base\cpu_info.cc:77] Available number of cores: 32
[73684:6584:0912/233512.550:INFO:third_party\webrtc\rtc_base\cpu_info.cc:77] Available number of cores: 32
[86128:33004:0912/233512.559:INFO:third_party\webrtc\rtc_base\cpu_info.cc:77] Available number of cores: 32
[91396:73000:0912/233512.594:INFO:third_party\webrtc\rtc_base\cpu_info.cc:77] Available number of cores: 32
[24128:37580:0912/233512.603:INFO:third_party\webrtc\rtc_base\cpu_info.cc:77] Available number of cores: 32
[80468:49092:0912/233512.641:INFO:third_party\webrtc\rtc_base\cpu_info.cc:77] Available number of cores: 32
[69840:98420:0912/233512.643:INFO:third_party\webrtc\rtc_base\cpu_info.cc:77] Available number of cores: 32
[81976:84256:0912/233512.711:INFO:third_party\webrtc\rtc_base\cpu_info.cc:77] Available number of cores: 32
[52912:97440:0912/233512.743:INFO:third_party\webrtc\rtc_base\cpu_info.cc:77] Available number of cores: 32
[88380:58508:0912/233512.743:INFO:third_party\webrtc\rtc_base\cpu_info.cc:77] Available number of cores: 32
[98968:82620:0912/233513.206:ERROR:google_apis\gcm\engine\registration_request.cc:291] Registration response error message: PHONE_REGISTRATION_ERROR
[98968:82620:0912/233513.216:ERROR:google_apis\gcm\engine\registration_request.cc:291] Registration response error message: PHONE_REGISTRATION_ERROR
[98968:17960:0912/233513.251:INFO:CONSOLE:859] "[vite] connecting...", source: http://127.0.0.1:8091/@vite/client (859)
[98968:17960:0912/233513.255:INFO:CONSOLE:968] "[vite] connected.", source: http://127.0.0.1:8091/@vite/client (968)
[98968:82620:0912/233513.366:ERROR:google_apis\gcm\engine\mcs_client.cc:702]   Error code: 401  Error message: Authentication Failed: wrong_secret
[98968:82620:0912/233513.367:ERROR:google_apis\gcm\engine\mcs_client.cc:704] Failed to log in to GCM, resetting connection.
[98968:17960:0912/233513.410:INFO:CONSOLE:14336] "%cDownload the React DevTools for a better development experience: https://react.dev/link/react-devtools font-weight:bold", source: http://127.0.0.1:8091/node_modules/.vite/deps/react-dom_client.js?v=0754d606 (14336)
