
> tauri:build
> tauri build

        Info Looking up installed tauri packages to check mismatched versions...
     Running beforeBuildCommand `npm run build:cad && npm run build:desktop`

> build:cad
> node scripts/build-cad.mjs

Built local DWG translator: ACadSharp 3.7.1; verified 5 dependency checksums.

> build:desktop
> node scripts/with-app-env.mjs vite build --config vite.config.spa.ts

[build-resources] Local Windows build: below-normal priority; Rayon workers=6.
(node:12784) [DEP0190] DeprecationWarning: Passing args to a child process with shell option true can lead to security vulnerabilities, as the arguments are not escaped, only concatenated.
(Use `node --trace-deprecation ...` to show where the warning was created)
[36mvite v8.2.2 [32mbuilding client environment for production...[36m[39m
transforming...
✓ 2660 modules transformed.
rendering chunks...
computing gzip size...
dist/index.html                                   1.50 kB │ gzip:   0.53 kB
dist/assets/priceWorkbook.worker-RQzoYbCf.js    468.83 kB
dist/assets/pdf.worker-DTrjDNvb.mjs           2,395.53 kB
dist/assets/index-NpDxtJd2.css                  291.50 kB │ gzip:  51.12 kB
dist/assets/pdf.worker-Cumxr82H.js                0.08 kB │ gzip:   0.10 kB
dist/assets/core-CwxXejkd.js                      0.09 kB │ gzip:   0.10 kB
dist/assets/preload-helper-HclGiUj8.js            1.21 kB │ gzip:   0.67 kB
dist/assets/rolldown-runtime-C0FnF6B9.js          1.29 kB │ gzip:   0.71 kB
dist/assets/evidence-CGRt0kQH.js                  6.56 kB │ gzip:   2.74 kB
dist/assets/react-C21x__mS.js                     7.53 kB │ gzip:   2.88 kB
dist/assets/documents-Cx0ANQp3.js                 7.54 kB │ gzip:   3.28 kB
dist/assets/sheetLifecycle-x7ZpnMRR.js            8.08 kB │ gzip:   3.26 kB
dist/assets/priceBooks-_U1nTwAh.js               13.64 kB │ gzip:   5.01 kB
dist/assets/src-SuYvKHvm.js                      17.24 kB │ gzip:   7.31 kB
dist/assets/domain-CFNPUM5l.js                   29.38 kB │ gzip:   8.35 kB
dist/assets/inventory-Dm3HgHpM.js                34.06 kB │ gzip:   9.71 kB
dist/assets/projectBackup-C0U-d0TN.js            57.28 kB │ gzip:  17.54 kB
dist/assets/appTools-DtG5Cw9f.js                 89.92 kB │ gzip:  29.02 kB
dist/assets/schemas-CQLyAeC-.js                  94.23 kB │ gzip:  25.95 kB
dist/assets/pdf-AuGYZRgX.js                     487.97 kB │ gzip: 148.28 kB
dist/assets/geometry-DIZPjVlL.js                571.32 kB │ gzip: 224.79 kB
dist/assets/index-Isq73rrS.js                 2,896.08 kB │ gzip: 834.02 kB

[33m[33m[INEFFECTIVE_DYNAMIC_IMPORT] [0mnode_modules/three/build/three.module.js is dynamically imported by src/studio/SiteImport.tsx but also statically imported by node_modules/three/examples/jsm/controls/OrbitControls.js, node_modules/three/examples/jsm/loaders/GLTFLoader.js, node_modules/three/examples/jsm/math/OBB.js, node_modules/three/examples/jsm/postprocessing/OutputPass.js, node_modules/three/examples/jsm/postprocessing/Pass.js, ..., dynamic import will not move module into another chunk.
[39m
[33m[plugin builtin:vite-reporter] 
(!) Some chunks are larger than 500 kB after minification. Consider:
- Using dynamic import() to code-split the application
- Use build.rolldownOptions.output.codeSplitting to improve chunking: https://rolldown.rs/reference/OutputOptions.codeSplitting
- Adjust chunk size limit for this warning via build.chunkSizeWarningLimit.[39m
[33m[33m[INEFFECTIVE_DYNAMIC_IMPORT] [0mnode_modules/three/examples/jsm/loaders/GLTFLoader.js is dynamically imported by src/studio/SiteImport.tsx but also statically imported by src/studio/FirstPersonArm.ts, dynamic import will not move module into another chunk.
[39m
[33m[33m[INEFFECTIVE_DYNAMIC_IMPORT] [0mnode_modules/three/examples/jsm/controls/OrbitControls.js is dynamically imported by src/studio/SiteImport.tsx but also statically imported by src/studio/FloorConstructionStudio.tsx, src/studio/SourceBuildingViewer.tsx, src/studio/architect/Architect3D.tsx, src/studio/industries/hvac/HVACNetworkViewer.tsx, dynamic import will not move module into another chunk.
[39m
[32m✓ built in 1.42s[39m
   Compiling xray-by-looplet v0.1.0 (C:\Users\danie\repo\xray-by-looplet\src-tauri)
    Finished `release` profile [optimized] target(s) in 1m 06s
       Built application at: C:\Users\danie\repo\xray-by-looplet\src-tauri\target\release\xray-by-looplet.exe
        Info Patching C:\Users\danie\repo\xray-by-looplet\src-tauri\target\release\xray-by-looplet.exe with bundle type information: msi
        Info Target: x64
     Running candle for "C:\\Users\\danie\\repo\\xray-by-looplet\\src-tauri\\target\\release\\wix\\x64\\main.wxs"
     Running light to produce C:\Users\danie\repo\xray-by-looplet\src-tauri\target\release\bundle\msi\X-Ray by Looplet_0.1.0_x64_en-US.msi
        Info Patching C:\Users\danie\repo\xray-by-looplet\src-tauri\target\release\xray-by-looplet.exe with bundle type information: nsis
        Info Target: x64
     Running makensis to produce C:\Users\danie\repo\xray-by-looplet\src-tauri\target\release\bundle\nsis\X-Ray by Looplet_0.1.0_x64-setup.exe
    Finished 2 bundles at:
        C:\Users\danie\repo\xray-by-looplet\src-tauri\target\release\bundle\msi\X-Ray by Looplet_0.1.0_x64_en-US.msi
        C:\Users\danie\repo\xray-by-looplet\src-tauri\target\release\bundle\nsis\X-Ray by Looplet_0.1.0_x64-setup.exe

exit 0
