"Runtime event monitor installed"

✓ Console log cleared

null

✓ Done

true

null

✓ Done

true

null

true

null

true

✓ Screenshot saved to screenshots/growth/walk-boundaries-architect-door-prompt-attempt2.png

null

true

{
  "blocked": "true",
  "blockedFrames": 12,
  "done": true,
  "end": [
    5.711269348091768,
    1.6500000059604645,
    2.9901641187050356
  ],
  "feetEnd": [
    5.711269348091768,
    5.9604645663569045e-9,
    2.9901641187050356
  ],
  "feetStart": "4.676258992805751,5.9604645663569045e-9,2.9901641187050356",
  "frames": 62,
  "passed": true,
  "start": [
    4.676258992805751,
    1.6500000059604645,
    2.9901641187050356
  ]
}

true

✓ Screenshot saved to screenshots/growth/walk-boundaries-architect-door-closed-block-attempt2.png

null

true

✓ Screenshot saved to screenshots/growth/walk-boundaries-architect-door-reach-attempt2.png

true

{
  "cameraPosition": "5.711269348091768,1.6500000059604645,2.9901641187050356",
  "engine": "three.js r185",
  "frameCount": "1451",
  "meshCount": "123",
  "navigation": "walk",
  "navigationBlocked": "false",
  "navigationCapture": "drag",
  "navigationDirection": "1,0,-2.220446049250313e-16",
  "navigationPitch": "0",
  "navigationSpeed": "0",
  "navigationTransition": "idle",
  "navigationTransitionProgress": "1",
  "navigationYaw": "-1.5707963267948963",
  "projectRevision": "2",
  "selected": "",
  "walkDoor": "29545f73-edea-4abd-a7ae-464e1d89d21c",
  "walkDoorBusy": "false",
  "walkDoorOpen": "true",
  "walkDoorProgress": "1",
  "walkFeet": "5.711269348091768,5.9604645663569045e-9,2.9901641187050356"
}

✓ Screenshot saved to screenshots/growth/walk-boundaries-architect-door-open-attempt2.png

null

true

{
  "blocked": "false",
  "blockedFrames": 0,
  "done": true,
  "end": [
    6.520756080233084,
    1.6500000059604645,
    2.9901641187050356
  ],
  "feetEnd": [
    6.520756080233084,
    5.9604645663569045e-9,
    2.9901641187050356
  ],
  "feetStart": "5.711269348091768,5.9604645663569045e-9,2.9901641187050356",
  "frames": 38,
  "passed": true,
  "start": [
    5.711269348091768,
    1.6500000059604645,
    2.9901641187050356
  ]
}

true

✓ Screenshot saved to screenshots/growth/walk-boundaries-architect-door-through-attempt2.png

null

true

null

✓ Done

true

null

✓ Done

true

null

true

null

true

✓ Done

true

✓ Screenshot saved to screenshots/growth/walk-boundaries-architect-door-button-reach-attempt2.png

true

null

true

{
  "blocked": "false",
  "blockedFrames": 0,
  "done": true,
  "end": [
    6.521526981403539,
    1.6500000059604645,
    2.9901641187050356
  ],
  "feetEnd": [
    6.521526981403539,
    5.9604645663569045e-9,
    2.9901641187050356
  ],
  "feetStart": "4.676258992805751,5.9604645663569045e-9,2.9901641187050356",
  "frames": 73,
  "passed": true,
  "start": [
    4.676258992805751,
    1.6500000059604645,
    2.9901641187050356
  ]
}

true

✓ Screenshot saved to screenshots/growth/walk-boundaries-architect-door-button-through-attempt2.png

null

null

✓ Done

true

null

✓ Done

true

null

true

null

null

true

{
  "blocked": "true",
  "blockedFrames": 12,
  "done": true,
  "end": [
    2.9892086330935217,
    1.6500000059604645,
    0.3980512168095741
  ],
  "feetEnd": [
    2.9892086330935217,
    5.9604645663569045e-9,
    0.3980512168095741
  ],
  "feetStart": "2.9892086330935217,5.9604645663569045e-9,1.0764950539568345",
  "frames": 52,
  "passed": true,
  "start": [
    2.9892086330935217,
    1.6500000059604645,
    1.0764950539568343
  ]
}

true

✓ Screenshot saved to screenshots/growth/walk-boundaries-architect-window-block-attempt2.png

null

✓ Done

true

null

✓ Done

true

null

true

null

null

true

{
  "blocked": "true",
  "blockedFrames": 12,
  "done": true,
  "end": [
    0.3990612490389611,
    1.6500000059604645,
    2.9901641187050356
  ],
  "feetEnd": [
    0.3990612490389611,
    5.9604645663569045e-9,
    2.9901641187050356
  ],
  "feetStart": "0.9999999999999982,5.9604645663569045e-9,2.9901641187050356",
  "frames": 50,
  "passed": true,
  "start": [
    0.9999999999999982,
    1.6500000059604645,
    2.9901641187050356
  ]
}

true

✓ Screenshot saved to screenshots/growth/walk-boundaries-architect-wall-block-attempt2.png

null

null

✓ Done

true

null

✓ Done

true

{
  "after": [
    0.3975809301361557,
    1.7442322831948494,
    2.9901641187050347
  ],
  "before": [
    0.3975809301361557,
    1.7442322831948494,
    2.9901641187050347
  ],
  "distance": 0,
  "text": "This walking start has no clear, supported landing. Choose another start."
}

✓ Screenshot saved to screenshots/growth/walk-boundaries-architect-invalid-start-attempt2.png

null

✓ Done

true

[
  0.3975809301361557,
  1.7442322831948494,
  2.9901641187050347
]

null

true

{
  "blocked": "false",
  "blockedFrames": 0,
  "done": true,
  "end": [
    1.2598033917137952,
    1.8963203877210617,
    -1.0604012523519908
  ],
  "feetEnd": [
    0
  ],
  "frames": 162,
  "passed": true,
  "start": [
    0.3975809301361557,
    1.7442322831948494,
    2.9901641187050347
  ]
}

true

✓ Screenshot saved to screenshots/growth/walk-boundaries-architect-fly-through-building-attempt2.png

{
  "cameraPosition": "0.858481135262414,1.8963203877210617,-1.5633119045936263",
  "engine": "three.js r185",
  "frameCount": "2446",
  "meshCount": "123",
  "navigation": "fly",
  "navigationBlocked": "false",
  "navigationCapture": "drag",
  "navigationDirection": "-0.6237409522027134,0,-0.7816311307421505",
  "navigationPitch": "0",
  "navigationSpeed": "0.0008681987881257595",
  "navigationTransition": "idle",
  "navigationTransitionProgress": "1",
  "navigationYaw": "0.673519700278395",
  "projectRevision": "2",
  "selected": "",
  "walkDoor": "",
  "walkDoorBusy": "false",
  "walkDoorOpen": "false",
  "walkDoorProgress": ""
}

null

true

{
  "door-button-through": {
    "blocked": "false",
    "blockedFrames": 0,
    "done": true,
    "end": [
      6.521526981403539,
      1.6500000059604645,
      2.9901641187050356
    ],
    "feetEnd": [
      6.521526981403539,
      5.9604645663569045e-9,
      2.9901641187050356
    ],
    "feetStart": "4.676258992805751,5.9604645663569045e-9,2.9901641187050356",
    "frames": 73,
    "passed": true,
    "start": [
      4.676258992805751,
      1.6500000059604645,
      2.9901641187050356
    ]
  },
  "door-closed": {
    "blocked": "true",
    "blockedFrames": 12,
    "done": true,
    "end": [
      5.711269348091768,
      1.6500000059604645,
      2.9901641187050356
    ],
    "feetEnd": [
      5.711269348091768,
      5.9604645663569045e-9,
      2.9901641187050356
    ],
    "feetStart": "4.676258992805751,5.9604645663569045e-9,2.9901641187050356",
    "frames": 62,
    "passed": true,
    "start": [
      4.676258992805751,
      1.6500000059604645,
      2.9901641187050356
    ]
  },
  "door-through": {
    "blocked": "false",
    "blockedFrames": 0,
    "done": true,
    "end": [
      6.520756080233084,
      1.6500000059604645,
      2.9901641187050356
    ],
    "feetEnd": [
      6.520756080233084,
      5.9604645663569045e-9,
      2.9901641187050356
    ],
    "feetStart": "5.711269348091768,5.9604645663569045e-9,2.9901641187050356",
    "frames": 38,
    "passed": true,
    "start": [
      5.711269348091768,
      1.6500000059604645,
      2.9901641187050356
    ]
  },
  "fly-through-building": {
    "blocked": "false",
    "blockedFrames": 0,
    "done": true,
    "end": [
      1.2598033917137952,
      1.8963203877210617,
      -1.0604012523519908
    ],
    "feetEnd": [
      0
    ],
    "frames": 162,
    "passed": true,
    "start": [
      0.3975809301361557,
      1.7442322831948494,
      2.9901641187050347
    ]
  },
  "wall-block": {
    "blocked": "true",
    "blockedFrames": 12,
    "done": true,
    "end": [
      0.3990612490389611,
      1.6500000059604645,
      2.9901641187050356
    ],
    "feetEnd": [
      0.3990612490389611,
      5.9604645663569045e-9,
      2.9901641187050356
    ],
    "feetStart": "0.9999999999999982,5.9604645663569045e-9,2.9901641187050356",
    "frames": 50,
    "passed": true,
    "start": [
      0.9999999999999982,
      1.6500000059604645,
      2.9901641187050356
    ]
  },
  "window-block": {
    "blocked": "true",
    "blockedFrames": 12,
    "done": true,
    "end": [
      2.9892086330935217,
      1.6500000059604645,
      0.3980512168095741
    ],
    "feetEnd": [
      2.9892086330935217,
      5.9604645663569045e-9,
      0.3980512168095741
    ],
    "feetStart": "2.9892086330935217,5.9604645663569045e-9,1.0764950539568345",
    "frames": 52,
    "passed": true,
    "start": [
      2.9892086330935217,
      1.6500000059604645,
      1.0764950539568343
    ]
  }
}

✓ Screenshot saved to screenshots/growth/walk-boundaries-architect-fly-escape-attempt2.png

"{\"runtimeErrors\":[],\"runs\":{\"door-closed\":{\"start\":[4.676258992805751,1.6500000059604645,2.9901641187050356],\"feetStart\":\"4.676258992805751,5.9604645663569045e-9,2.9901641187050356\",\"frames\":62,\"done\":true,\"passed\":true,\"end\":[5.711269348091768,1.6500000059604645,2.9901641187050356],\"feetEnd\":[5.711269348091768,5.9604645663569045e-9,2.9901641187050356],\"blocked\":\"true\",\"blockedFrames\":12},\"door-through\":{\"start\":[5.711269348091768,1.6500000059604645,2.9901641187050356],\"feetStart\":\"5.711269348091768,5.9604645663569045e-9,2.9901641187050356\",\"frames\":38,\"done\":true,\"passed\":true,\"end\":[6.520756080233084,1.6500000059604645,2.9901641187050356],\"feetEnd\":[6.520756080233084,5.9604645663569045e-9,2.9901641187050356],\"blocked\":\"false\",\"blockedFrames\":0},\"door-button-through\":{\"start\":[4.676258992805751,1.6500000059604645,2.9901641187050356],\"feetStart\":\"4.676258992805751,5.9604645663569045e-9,2.9901641187050356\",\"frames\":73,\"done\":true,\"passed\":true,\"end\":[6.521526981403539,1.6500000059604645,2.9901641187050356],\"feetEnd\":[6.521526981403539,5.9604645663569045e-9,2.9901641187050356],\"blocked\":\"false\",\"blockedFrames\":0},\"window-block\":{\"start\":[2.9892086330935217,1.6500000059604645,1.0764950539568345],\"feetStart\":\"2.9892086330935217,5.9604645663569045e-9,1.0764950539568345\",\"frames\":52,\"done\":true,\"passed\":true,\"end\":[2.9892086330935217,1.6500000059604645,0.3980512168095741],\"feetEnd\":[2.9892086330935217,5.9604645663569045e-9,0.3980512168095741],\"blocked\":\"true\",\"blockedFrames\":12},\"wall-block\":{\"start\":[0.9999999999999982,1.6500000059604645,2.9901641187050356],\"feetStart\":\"0.9999999999999982,5.9604645663569045e-9,2.9901641187050356\",\"frames\":50,\"done\":true,\"passed\":true,\"end\":[0.3990612490389611,1.6500000059604645,2.9901641187050356],\"feetEnd\":[0.3990612490389611,5.9604645663569045e-9,2.9901641187050356],\"blocked\":\"true\",\"blockedFrames\":12},\"fly-through-building\":{\"start\":[0.3975809301361557,1.7442322831948494,2.9901641187050347],\"frames\":162,\"done\":true,\"passed\":true,\"end\":[1.2598033917137952,1.8963203877210617,-1.0604012523519908],\"feetEnd\":[0],\"blocked\":\"false\",\"blockedFrames\":0}},\"dataset\":{\"engine\":\"three.js r185\",\"navigationCapture\":\"none\",\"navigationBlocked\":\"false\",\"navigationTransition\":\"idle\",\"navigation\":\"orbit\",\"projectRevision\":\"2\",\"meshCount\":\"123\",\"selected\":\"\",\"cameraPosition\":\"0.8575577997404142,1.9905526649554468,-1.5644689679314854\",\"frameCount\":\"2447\",\"navigationTransitionProgress\":\"1\",\"walkDoor\":\"\",\"walkDoorProgress\":\"\",\"walkDoorBusy\":\"false\",\"walkDoorOpen\":\"false\",\"navigationYaw\":\"0.673519700278395\",\"navigationPitch\":\"0\",\"navigationSpeed\":\"0.0008681987881257595\",\"navigationDirection\":\"-0.6237409522027134,0,-0.7816311307421505\"}}"

