[56112:27564:0913/003800.351:INFO:components\enterprise\browser\controller\chrome_browser_cloud_management_controller.cc:241] No machine level policy manager exists.
[99716:84556:0913/003800.399:ERROR:ui\gl\direct_composition_support.cc:254] GetGpuDriverOverlayInfo: Failed to retrieve video device
[99716:84556:0913/003800.399:VERBOSE1:components\viz\service\main\viz_main_impl.cc:87] VizNullHypothesis is disabled (not a warning)
[99716:11788:0913/003800.402:VERBOSE1:base\allocator\scheduler_loop_quarantine_config.cc:195] No entry found for gpu-process/viz-compositor.
[101032:100736:0913/003800.433:INFO:third_party\webrtc\rtc_base\cpu_info.cc:77] Available number of cores: 32
[24468:99468:0913/003800.463:INFO:third_party\webrtc\rtc_base\cpu_info.cc:77] Available number of cores: 32
[30824:25176:0913/003800.463:INFO:third_party\webrtc\rtc_base\cpu_info.cc:77] Available number of cores: 32
[56112:27564:0913/003800.485:WARNING:chrome\browser\extensions\external_registry_loader_win.cc:236] Error observing HKLM: Access is denied. (0x5)
[92644:32732:0913/003800.503:INFO:third_party\webrtc\rtc_base\cpu_info.cc:77] Available number of cores: 32
[54928:87044:0913/003800.504:INFO:third_party\webrtc\rtc_base\cpu_info.cc:77] Available number of cores: 32
[53272:85052:0913/003800.581:INFO:third_party\webrtc\rtc_base\cpu_info.cc:77] Available number of cores: 32
[56112:27564:0913/003802.484:ERROR:components\device_event_log\device_event_log_impl.cc:211] [00:38:02.484] USB: usb_service_win.cc:108 SetupDiGetDeviceProperty({{A45C254E-DF1C-4EFD-8020-67D146A850E0}, 6}) failed: Element not found. (0x490)
[100928:18524:0913/003802.621:INFO:third_party\webrtc\rtc_base\cpu_info.cc:77] Available number of cores: 32
[16124:24248:0913/003802.631:INFO:third_party\webrtc\rtc_base\cpu_info.cc:77] Available number of cores: 32
[14100:13900:0913/003802.702:INFO:third_party\webrtc\rtc_base\cpu_info.cc:77] Available number of cores: 32
[99132:101144:0913/003802.745:INFO:third_party\webrtc\rtc_base\cpu_info.cc:77] Available number of cores: 32
[75516:100312:0913/003802.793:INFO:third_party\webrtc\rtc_base\cpu_info.cc:77] Available number of cores: 32
[100500:101364:0913/003802.835:INFO:third_party\webrtc\rtc_base\cpu_info.cc:77] Available number of cores: 32
[16556:78960:0913/003802.894:INFO:third_party\webrtc\rtc_base\cpu_info.cc:77] Available number of cores: 32
[61304:97408:0913/003802.955:INFO:third_party\webrtc\rtc_base\cpu_info.cc:77] Available number of cores: 32
[14264:97956:0913/003802.959:INFO:third_party\webrtc\rtc_base\cpu_info.cc:77] Available number of cores: 32
[99044:16180:0913/003803.093:INFO:third_party\webrtc\rtc_base\cpu_info.cc:77] Available number of cores: 32
[56112:17068:0913/003803.547:ERROR:google_apis\gcm\engine\registration_request.cc:291] Registration response error message: PHONE_REGISTRATION_ERROR
[56112:17068:0913/003803.552:ERROR:google_apis\gcm\engine\registration_request.cc:291] Registration response error message: PHONE_REGISTRATION_ERROR
[56112:17068:0913/003803.708:ERROR:google_apis\gcm\engine\registration_request.cc:291] Registration response error message: PHONE_REGISTRATION_ERROR
[56112:17068:0913/003803.782:ERROR:google_apis\gcm\engine\mcs_client.cc:702]   Error code: 401  Error message: Authentication Failed: wrong_secret
[56112:17068:0913/003803.782:ERROR:google_apis\gcm\engine\mcs_client.cc:704] Failed to log in to GCM, resetting connection.
[100852:61288:0913/003804.066:INFO:third_party\webrtc\rtc_base\cpu_info.cc:77] Available number of cores: 32
[68476:11244:0913/003804.087:INFO:third_party\webrtc\rtc_base\cpu_info.cc:77] Available number of cores: 32
[100912:40952:0913/003804.089:INFO:third_party\webrtc\rtc_base\cpu_info.cc:77] Available number of cores: 32
[100580:47316:0913/003804.153:INFO:third_party\webrtc\rtc_base\cpu_info.cc:77] Available number of cores: 32
[101292:14348:0913/003804.278:INFO:third_party\webrtc\rtc_base\cpu_info.cc:77] Available number of cores: 32
[100856:30520:0913/003804.304:INFO:third_party\webrtc\rtc_base\cpu_info.cc:77] Available number of cores: 32
[83284:101272:0913/003804.304:INFO:third_party\webrtc\rtc_base\cpu_info.cc:77] Available number of cores: 32
[56112:17068:0913/003826.328:ERROR:google_apis\gcm\engine\registration_request.cc:291] Registration response error message: DEPRECATED_ENDPOINT
[56112:98420:0913/003830.387:INFO:chrome\browser\extensions\extension_garbage_collector.cc:188] Garbage collection for extensions on file thread is complete.
[56112:27564:0913/003831.935:INFO:CONSOLE:859] "[vite] connecting...", source: http://127.0.0.1:8091/@vite/client (859)
[56112:27564:0913/003831.939:INFO:CONSOLE:968] "[vite] connected.", source: http://127.0.0.1:8091/@vite/client (968)
