✓ Done

✓ Done

true

✓ Done

✓ Done

✓ Done

✓ Done

✓ Done

✓ Done

✓ Done

✓ Done

✓ Done

true

"Named source-page view captured real zoom and pan"

✓ Done

✓ Done

✓ Done

true

"Original page2 and viewport centre restored"

✓ Screenshot saved to screenshots/growth/2026-09-07-sheets/bookmarks-desktop.png

✓ Done

null

✓ Screenshot saved to screenshots/growth/2026-09-07-sheets/bookmarks-mobile.png

"Saved source centre retained across viewport resize"

http://127.0.0.1:8080/

true

✓ Done

true

✓ Done

✓ Done

true

✓ Screenshot saved to screenshots/growth/2026-09-07-sheets/bookmarks-reloaded.png
