"Restart preserved three discipline groups and order"

✓ Screenshot saved to screenshots/growth/2026-09-07-sheets/groups-desktop.png

✓ Done

null

✓ Screenshot saved to screenshots/growth/2026-09-07-sheets/groups-mobile.png

✓ Done

✓ Done

true

{
  "height": 555.34375,
  "width": 756,
  "x": 272,
  "y": 382.265625
}

- combobox "Current plan" [expanded=false, ref=e10]: 21-08-26_Redburn_BR250157_Prelim_Council (1).pdf
  - option "21-08-26_Redburn_BR250157_Prelim_Council (1).pdf" [disabled, ref=e48]
- navigation "Panes" [ref=e1]
  - button "Overview" [ref=e11]
  - button "Sheets" [ref=e12]
  - button "Measure" [ref=e13]
  - button "Sketch" [ref=e14]
  - button "Components" [ref=e15]
  - button "Model" [ref=e16]
  - button "Render" [ref=e17]
  - button "Review" [ref=e18]
  - button "Cost" [ref=e19]
  - button "Proof" [ref=e20]
- button "Backups" [ref=e2]
- button "Settings" [ref=e3]
- button "Log in" [ref=e4]
- heading "MODELS" [level=2, ref=e21]
- button "Source building" [ref=e22]
- heading "PROJECT SHEETS 13" [level=2, ref=e23]
- button "Open plan" [ref=e24]
- button "Fit sheet" [ref=e25]
- button "Open source page 3" [ref=e26]
- button "Open source page 2" [ref=e27]
- button "Open source page 1" [ref=e28]
- button "Open source page 4" [ref=e29]
- button "Open source page 5" [ref=e30]
- button "Open source page 6" [ref=e31]
- button "Open source page 7" [ref=e32]
- button "Open source page 8" [ref=e33]
- button "Open source page 9" [ref=e34]
- button "Open source page 10" [ref=e35]
- button "Open source page 11" [ref=e36]
- button "Open source page 12" [ref=e37]
- button "Open source page 13" [ref=e38]
- heading "EVIDENCE LAYERS LIVE" [level=2, ref=e39]
- button "Run L" [ref=e41]
- button "Area A" [ref=e42]
- button "Gate C" [ref=e43]
- button "Snap S" [ref=e44]
- button "Finish trace" [disabled, ref=e45]
- button "Cancel" [ref=e46]
- region "Saved source views" [ref=e40]
  - textbox "Saved view name" [ref=e53]
  - button "Save view" [disabled, ref=e49]
- button "Drawing scope" [ref=e63]
- button "Previous Page" [ref=e64]
- button "Next Page" [ref=e65]
- button "Zoom Out" [ref=e66]
- button "Zoom In" [ref=e67]
- button "Reset View" [ref=e68]
- button "Snap ON" [ref=e69]
- button "Vectors" [ref=e70]
- button "Manual" [ref=e71]
- region "Calibration" [ref=e50]
  - heading "Calibration" [level=2, ref=e59]
  - textbox "Known distance" [ref=e72]
  - combobox "Unit" [expanded=false, ref=e73]: m
    - option "m" [disabled, ref=e76]
    - option "cm" [disabled, ref=e77]
    - option "mm" [disabled, ref=e78]
    - option "ft" [disabled, ref=e79]
    - option "in" [disabled, ref=e80]
  - button "Pick two points" [disabled, ref=e60]
  - button "Lock scale" [disabled, ref=e61]
- heading "Trace details" [level=2, ref=e62]
- button "Undo last trace edit" [disabled, ref=e74]
- button "Redo trace edit" [disabled, ref=e75]
- button "Open Proof" [ref=e54]
- generic "Logs12Console0Errors0Status" [ref=e47] clickable [onclick]
  - separator "Resize bottom panel" [ref=e51] focusable [tabindex]: 22
  - tab "Logs 12" [ref=e55]
  - tab "Console 0" [ref=e56]
  - tab "Errors 0" [ref=e57]
  - tab "Status" [selected, ref=e58]
  - button "Expand workspace diagnostics" [expanded=false, ref=e52]
- button "Live assistant Drawing tools" [expanded=false, ref=e5]
- separator "Resize left menu" [ref=e6] focusable [tabindex]: 260
- button "Collapse left menu" [expanded=true, ref=e7]
- separator "Resize right menu" [ref=e8] focusable [tabindex]: 400
- button "Collapse right menu" [expanded=true, ref=e9]
