✓ Done

- banner
  - StaticText "XR"
  - StaticText "X-RAY BY LOOPLET"
  - LabelText
    - StaticText "No plans open"
    - combobox "Current plan" [expanded=false, ref=e6]: Open a plan to begin
      - MenuListPopup
        - option "Open a plan to begin" [selected, ref=e20]
        - option "📂 Open plan file (PDF, CAD, Image)…" [ref=e21]
        - option "📄 Load sample plan (Redburn BR250157 PDF)…" [ref=e22]
    - button "Open" [ref=e7]
      - StaticText "Open"
  - navigation "Panes" [ref=e1]
    - button "Overview" [ref=e8]
    - button "Sheets" [ref=e9]
    - button "Measure" [ref=e10]
    - button "Sketch" [ref=e11]
    - button "Components" [ref=e12]
    - button "Model" [ref=e13]
    - button "Render" [ref=e14]
    - button "Review" [ref=e15]
    - button "Cost" [ref=e16]
    - button "Proof" [ref=e17]
  - StaticText "More workbench modes are available by scrolling horizontally."
  - button "Backups" [ref=e2]
  - button "Settings" [ref=e3]
  - button "Log in" [ref=e4]
    - StaticText "Log in"
- StaticText "SKETCH · architectural design & source annotations"
- generic
  - generic
    - navigation "Sketch workspaces" [ref=e18]
      - button "Architectural workspace" [ref=e23]
      - button "Source annotations" [ref=e24]
    - generic
      - sectionheader
        - StaticText "ARCHITECTURAL SKETCH · MILLIMETRES"
        - heading "Untitled architectural design" [level=1, ref=e33]
        - paragraph
          - StaticText "6 walls · 0 openings · 1 levels Saved design workspace"
        - button "Load demonstration" [ref=e34]
        - button "Backup" [ref=e35]
        - button "Restore" [ref=e36]
      - navigation "Architectural views" [ref=e25]
        - button "Drawing studio" [ref=e37]
        - button "Door & window schedule" [ref=e38]
        - button "Materials & cost" [ref=e39]
        - button "Drawing sheets" [ref=e40]
        - button "AI layout" [ref=e41]
        - combobox "Design level" [expanded=false, ref=e42]: Ground · FFL 0.000
          - MenuListPopup
            - option "Ground · FFL 0.000" [selected, ref=e453]
        - button "Level" [ref=e43]
      - generic "Architectural drawing tools"
        - button "Select" [ref=e44]
        - button "Wall" [ref=e45]
        - button "Door" [ref=e46]
        - button "Window" [ref=e47]
        - button "Slab" [ref=e48]
        - button "Roof" [ref=e49]
        - button "Line" [ref=e50]
        - button "Circle" [ref=e51]
        - button "Dimension" [ref=e52]
        - button "Room tag" [ref=e53]
        - button "Section" [ref=e54]
        - button "Grid" [ref=e55]
        - button "Undo design edit" [disabled, ref=e56]
        - button "Redo design edit" [disabled, ref=e57]
        - button "Fit" [ref=e58]
      - LabelText
        - StaticText "Tracking"
        - combobox "Tracking" [expanded=false, ref=e59]: Ortho 90°
          - MenuListPopup
            - option "Free angle" [ref=e454]
            - option "Ortho 90°" [selected, ref=e455]
            - option "Polar" [ref=e456]
      - LabelText
        - StaticText "Exact length mm"
        - spinbutton "Exact drawing length mm" [ref=e60]
      - group
        - DisclosureTriangle "Object snaps (7)" [expanded=false]
          - StaticText "Object snaps (7)"
      - StaticText "Select an element · wheel zoom · right-drag pan"
      - combobox "Drawing projection" [expanded=false, ref=e26]: plan
        - MenuListPopup
          - option "plan" [selected, ref=e437]
          - option "north" [ref=e438]
          - option "south" [ref=e439]
          - option "east" [ref=e440]
          - option "west" [ref=e441]
          - option "section" [ref=e442]
      - checkbox "Live 3D" [checked=true, ref=e27]
      - checkbox "Roof" [checked=true, ref=e28]
      - checkbox "All levels in 3D" [checked=false, ref=e29]
      - image "Editable architectural plan" [ref=e30] focusable [tabindex]
        - graphics-symbol [ref=e61] clickable [onclick]
        - graphics-symbol
        - graphics-symbol [ref=e62] clickable [onclick]
        - graphics-symbol [ref=e63] clickable [onclick]
        - graphics-symbol [ref=e64] clickable [onclick]
        - graphics-symbol [ref=e65] clickable [onclick]
        - graphics-symbol [ref=e66] clickable [onclick]
        - graphics-symbol [ref=e67] clickable [onclick]
        - graphics-symbol [ref=e68] clickable [onclick]
        - graphics-symbol [ref=e69] clickable [onclick]
        - graphics-symbol [ref=e70] clickable [onclick]
        - graphics-symbol [ref=e71] clickable [onclick]
        - graphics-symbol [ref=e72] clickable [onclick]
        - graphics-symbol [ref=e73] clickable [onclick]
        - graphics-symbol [ref=e74] clickable [onclick]
        - graphics-symbol [ref=e75] clickable [onclick]
        - graphics-symbol [ref=e76] clickable [onclick]
        - graphics-symbol [ref=e77] clickable [onclick]
        - graphics-symbol [ref=e78] clickable [onclick]
        - graphics-symbol [ref=e79] clickable [onclick]
        - graphics-symbol [ref=e80] clickable [onclick]
        - graphics-symbol [ref=e81] clickable [onclick]
        - graphics-symbol [ref=e82] clickable [onclick]
        - graphics-symbol [ref=e83] clickable [onclick]
        - graphics-symbol [ref=e84] clickable [onclick]
        - graphics-symbol [ref=e85] clickable [onclick]
        - graphics-symbol [ref=e86] clickable [onclick]
        - graphics-symbol [ref=e87] clickable [onclick]
        - graphics-symbol [ref=e88] clickable [onclick]
        - graphics-symbol [ref=e89] clickable [onclick]
        - graphics-symbol [ref=e90] clickable [onclick]
        - graphics-symbol [ref=e91] clickable [onclick]
        - graphics-symbol [ref=e92] clickable [onclick]
        - graphics-symbol [ref=e93] clickable [onclick]
        - graphics-symbol [ref=e94] clickable [onclick]
        - graphics-symbol [ref=e95] clickable [onclick]
        - graphics-symbol [ref=e96] clickable [onclick]
        - graphics-symbol [ref=e97] clickable [onclick]
        - graphics-symbol [ref=e98] clickable [onclick]
        - graphics-symbol [ref=e99] clickable [onclick]
        - graphics-symbol [ref=e100] clickable [onclick]
        - graphics-symbol [ref=e101] clickable [onclick]
        - graphics-symbol [ref=e102] clickable [onclick]
        - graphics-symbol [ref=e103] clickable [onclick]
        - graphics-symbol [ref=e104] clickable [onclick]
        - graphics-symbol [ref=e105] clickable [onclick]
        - graphics-symbol [ref=e106] clickable [onclick]
        - graphics-symbol [ref=e107] clickable [onclick]
        - graphics-symbol [ref=e108] clickable [onclick]
        - graphics-symbol [ref=e109] clickable [onclick]
        - graphics-symbol [ref=e110] clickable [onclick]
        - graphics-symbol [ref=e111] clickable [onclick]
        - graphics-symbol [ref=e112] clickable [onclick]
        - graphics-symbol [ref=e113] clickable [onclick]
        - graphics-symbol [ref=e114] clickable [onclick]
        - graphics-symbol [ref=e115] clickable [onclick]
        - graphics-symbol [ref=e116] clickable [onclick]
        - graphics-symbol [ref=e117] clickable [onclick]
        - graphics-symbol [ref=e118] clickable [onclick]
        - graphics-symbol [ref=e119] clickable [onclick]
        - graphics-symbol [ref=e120] clickable [onclick]
        - graphics-symbol [ref=e121] clickable [onclick]
        - graphics-symbol [ref=e122] clickable [onclick]
        - graphics-symbol [ref=e123] clickable [onclick]
        - graphics-symbol [ref=e124] clickable [onclick]
        - graphics-symbol [ref=e125] clickable [onclick]
        - graphics-symbol [ref=e126] clickable [onclick]
        - graphics-symbol [ref=e127] clickable [onclick]
        - graphics-symbol [ref=e128] clickable [onclick]
        - graphics-symbol [ref=e129] clickable [onclick]
        - graphics-symbol [ref=e130] clickable [onclick]
        - graphics-symbol [ref=e131] clickable [onclick]
        - graphics-symbol [ref=e132] clickable [onclick]
        - graphics-symbol [ref=e133] clickable [onclick]
        - graphics-symbol [ref=e134] clickable [onclick]
        - graphics-symbol [ref=e135] clickable [onclick]
        - graphics-symbol [ref=e136] clickable [onclick]
        - graphics-symbol [ref=e137] clickable [onclick]
        - graphics-symbol [ref=e138] clickable [onclick]
        - graphics-symbol [ref=e139] clickable [onclick]
        - graphics-symbol [ref=e140] clickable [onclick]
        - graphics-symbol [ref=e141] clickable [onclick]
        - graphics-symbol [ref=e142] clickable [onclick]
        - graphics-symbol
        - graphics-symbol [ref=e143] clickable [onclick]
        - graphics-symbol [ref=e144] clickable [onclick]
        - graphics-symbol [ref=e145] clickable [onclick]
        - graphics-symbol [ref=e146] clickable [onclick]
        - graphics-symbol [ref=e147] clickable [onclick]
        - graphics-symbol [ref=e148] clickable [onclick]
        - graphics-symbol [ref=e149] clickable [onclick]
        - graphics-symbol [ref=e150] clickable [onclick]
        - graphics-symbol [ref=e151] clickable [onclick]
        - graphics-symbol [ref=e152] clickable [onclick]
        - graphics-symbol [ref=e153] clickable [onclick]
        - graphics-symbol [ref=e154] clickable [onclick]
        - graphics-symbol [ref=e155] clickable [onclick]
        - graphics-symbol [ref=e156] clickable [onclick]
        - graphics-symbol [ref=e157] clickable [onclick]
        - graphics-symbol [ref=e158] clickable [onclick]
        - graphics-symbol [ref=e159] clickable [onclick]
        - graphics-symbol [ref=e160] clickable [onclick]
        - graphics-symbol [ref=e161] clickable [onclick]
        - graphics-symbol [ref=e162] clickable [onclick]
        - graphics-symbol [ref=e163] clickable [onclick]
        - graphics-symbol [ref=e164] clickable [onclick]
        - graphics-symbol [ref=e165] clickable [onclick]
        - graphics-symbol [ref=e166] clickable [onclick]
        - graphics-symbol [ref=e167] clickable [onclick]
        - graphics-symbol [ref=e168] clickable [onclick]
        - graphics-symbol [ref=e169] clickable [onclick]
        - graphics-symbol [ref=e170] clickable [onclick]
        - graphics-symbol [ref=e171] clickable [onclick]
        - graphics-symbol [ref=e172] clickable [onclick]
        - graphics-symbol [ref=e173] clickable [onclick]
        - graphics-symbol [ref=e174] clickable [onclick]
        - graphics-symbol [ref=e175] clickable [onclick]
        - graphics-symbol [ref=e176] clickable [onclick]
        - graphics-symbol [ref=e177] clickable [onclick]
        - graphics-symbol [ref=e178] clickable [onclick]
        - graphics-symbol [ref=e179] clickable [onclick]
        - graphics-symbol [ref=e180] clickable [onclick]
        - graphics-symbol [ref=e181] clickable [onclick]
        - graphics-symbol [ref=e182] clickable [onclick]
        - graphics-symbol [ref=e183] clickable [onclick]
        - graphics-symbol [ref=e184] clickable [onclick]
        - graphics-symbol [ref=e185] clickable [onclick]
        - graphics-symbol [ref=e186] clickable [onclick]
        - graphics-symbol [ref=e187] clickable [onclick]
        - graphics-symbol [ref=e188] clickable [onclick]
        - graphics-symbol [ref=e189] clickable [onclick]
        - graphics-symbol [ref=e190] clickable [onclick]
        - graphics-symbol [ref=e191] clickable [onclick]
        - graphics-symbol [ref=e192] clickable [onclick]
        - graphics-symbol [ref=e193] clickable [onclick]
        - graphics-symbol [ref=e194] clickable [onclick]
        - graphics-symbol [ref=e195] clickable [onclick]
        - graphics-symbol [ref=e196] clickable [onclick]
        - graphics-symbol [ref=e197] clickable [onclick]
        - graphics-symbol [ref=e198] clickable [onclick]
        - graphics-symbol [ref=e199] clickable [onclick]
        - graphics-symbol [ref=e200] clickable [onclick]
        - graphics-symbol [ref=e201] clickable [onclick]
        - graphics-symbol [ref=e202] clickable [onclick]
        - graphics-symbol [ref=e203] clickable [onclick]
        - graphics-symbol [ref=e204] clickable [onclick]
        - graphics-symbol [ref=e205] clickable [onclick]
        - graphics-symbol [ref=e206] clickable [onclick]
        - graphics-symbol [ref=e207] clickable [onclick]
        - graphics-symbol [ref=e208] clickable [onclick]
        - graphics-symbol [ref=e209] clickable [onclick]
        - graphics-symbol [ref=e210] clickable [onclick]
        - graphics-symbol [ref=e211] clickable [onclick]
        - graphics-symbol [ref=e212] clickable [onclick]
        - graphics-symbol [ref=e213] clickable [onclick]
        - graphics-symbol [ref=e214] clickable [onclick]
        - graphics-symbol [ref=e215] clickable [onclick]
        - graphics-symbol [ref=e216] clickable [onclick]
        - graphics-symbol [ref=e217] clickable [onclick]
        - graphics-symbol [ref=e218] clickable [onclick]
        - graphics-symbol [ref=e219] clickable [onclick]
        - graphics-symbol [ref=e220] clickable [onclick]
        - graphics-symbol [ref=e221] clickable [onclick]
        - graphics-symbol [ref=e222] clickable [onclick]
        - graphics-symbol [ref=e223] clickable [onclick]
        - graphics-symbol
        - graphics-symbol
        - graphics-symbol
        - graphics-symbol
        - graphics-symbol
        - graphics-symbol
        - graphics-symbol
        - graphics-symbol
        - graphics-symbol
        - graphics-symbol
        - graphics-symbol
        - graphics-symbol
        - graphics-symbol
        - graphics-symbol
        - graphics-symbol
        - graphics-symbol
        - graphics-symbol
        - graphics-symbol
        - graphics-symbol
        - graphics-symbol
        - graphics-symbol
        - graphics-symbol
        - graphics-symbol
        - graphics-symbol
        - graphics-symbol
        - graphics-symbol
        - graphics-symbol
        - graphics-symbol
        - graphics-symbol
        - graphics-symbol
        - graphics-symbol
        - graphics-symbol
        - graphics-symbol
        - graphics-symbol
        - graphics-symbol
        - graphics-symbol
        - graphics-symbol
        - graphics-symbol
        - graphics-symbol
        - graphics-symbol
        - graphics-symbol
        - graphics-symbol
        - graphics-symbol
        - graphics-symbol
        - graphics-symbol
        - graphics-symbol
        - graphics-symbol
        - graphics-symbol
        - graphics-symbol
        - graphics-symbol
        - graphics-symbol [ref=e224] clickable [onclick]
        - graphics-symbol [ref=e225] clickable [onclick]
        - graphics-symbol [ref=e226] clickable [onclick]
        - graphics-symbol [ref=e227] clickable [onclick]
        - graphics-symbol [ref=e228] clickable [onclick]
        - graphics-symbol [ref=e229] clickable [onclick]
        - graphics-symbol [ref=e230] clickable [onclick]
        - graphics-symbol [ref=e231] clickable [onclick]
        - graphics-symbol [ref=e232] clickable [onclick]
        - graphics-symbol [ref=e233] clickable [onclick]
        - graphics-symbol [ref=e234] clickable [onclick]
        - graphics-symbol [ref=e235] clickable [onclick]
        - graphics-symbol [ref=e236] clickable [onclick]
        - graphics-symbol [ref=e237] clickable [onclick]
        - graphics-symbol [ref=e238] clickable [onclick]
        - graphics-symbol [ref=e239] clickable [onclick]
        - graphics-symbol [ref=e240] clickable [onclick]
        - graphics-symbol [ref=e241] clickable [onclick]
        - graphics-symbol [ref=e242] clickable [onclick]
        - graphics-symbol [ref=e243] clickable [onclick]
        - graphics-symbol [ref=e244] clickable [onclick]
        - graphics-symbol [ref=e245] clickable [onclick]
        - graphics-symbol [ref=e246] clickable [onclick]
        - graphics-symbol [ref=e247] clickable [onclick]
        - graphics-symbol [ref=e248] clickable [onclick]
        - graphics-symbol [ref=e249] clickable [onclick]
        - graphics-symbol [ref=e250] clickable [onclick]
        - graphics-symbol [ref=e251] clickable [onclick]
        - graphics-symbol [ref=e252] clickable [onclick]
        - graphics-symbol [ref=e253] clickable [onclick]
        - graphics-symbol [ref=e254] clickable [onclick]
        - graphics-symbol [ref=e255] clickable [onclick]
        - graphics-symbol [ref=e256] clickable [onclick]
        - graphics-symbol [ref=e257] clickable [onclick]
        - graphics-symbol [ref=e258] clickable [onclick]
        - graphics-symbol [ref=e259] clickable [onclick]
        - graphics-symbol [ref=e260] clickable [onclick]
        - graphics-symbol [ref=e261] clickable [onclick]
        - graphics-symbol [ref=e262] clickable [onclick]
        - graphics-symbol [ref=e263] clickable [onclick]
        - graphics-symbol [ref=e264] clickable [onclick]
        - graphics-symbol [ref=e265] clickable [onclick]
        - graphics-symbol [ref=e266] clickable [onclick]
        - graphics-symbol [ref=e267] clickable [onclick]
        - graphics-symbol [ref=e268] clickable [onclick]
        - graphics-symbol [ref=e269] clickable [onclick]
        - graphics-symbol [ref=e270] clickable [onclick]
        - graphics-symbol [ref=e271] clickable [onclick]
        - graphics-symbol [ref=e272] clickable [onclick]
        - graphics-symbol [ref=e273] clickable [onclick]
        - graphics-symbol [ref=e274] clickable [onclick]
        - graphics-symbol [ref=e275] clickable [onclick]
        - graphics-symbol [ref=e276] clickable [onclick]
        - graphics-symbol [ref=e277] clickable [onclick]
        - graphics-symbol [ref=e278] clickable [onclick]
        - graphics-symbol [ref=e279] clickable [onclick]
        - graphics-symbol
        - graphics-symbol [ref=e280] clickable [onclick]
        - graphics-symbol [ref=e281] clickable [onclick]
        - graphics-symbol [ref=e282] clickable [onclick]
        - graphics-symbol [ref=e283] clickable [onclick]
        - graphics-symbol [ref=e284] clickable [onclick]
        - graphics-symbol [ref=e285] clickable [onclick]
        - graphics-symbol [ref=e286] clickable [onclick]
        - graphics-symbol [ref=e287] clickable [onclick]
        - graphics-symbol [ref=e288] clickable [onclick]
        - graphics-symbol [ref=e289] clickable [onclick]
        - graphics-symbol [ref=e290] clickable [onclick]
        - graphics-symbol [ref=e291] clickable [onclick]
        - graphics-symbol [ref=e292] clickable [onclick]
        - graphics-symbol [ref=e293] clickable [onclick]
        - graphics-symbol [ref=e294] clickable [onclick]
        - graphics-symbol [ref=e295] clickable [onclick]
        - graphics-symbol [ref=e296] clickable [onclick]
        - graphics-symbol [ref=e297] clickable [onclick]
        - graphics-symbol [ref=e298] clickable [onclick]
        - graphics-symbol [ref=e299] clickable [onclick]
        - graphics-symbol [ref=e300] clickable [onclick]
        - graphics-symbol [ref=e301] clickable [onclick]
        - graphics-symbol [ref=e302] clickable [onclick]
        - graphics-symbol [ref=e303] clickable [onclick]
        - graphics-symbol [ref=e304] clickable [onclick]
        - graphics-symbol [ref=e305] clickable [onclick]
        - graphics-symbol [ref=e306] clickable [onclick]
        - graphics-symbol [ref=e307] clickable [onclick]
        - graphics-symbol [ref=e308] clickable [onclick]
        - graphics-symbol [ref=e309] clickable [onclick]
        - graphics-symbol [ref=e310] clickable [onclick]
        - graphics-symbol [ref=e311] clickable [onclick]
        - graphics-symbol [ref=e312] clickable [onclick]
        - graphics-symbol [ref=e313] clickable [onclick]
        - graphics-symbol [ref=e314] clickable [onclick]
        - graphics-symbol [ref=e315] clickable [onclick]
        - graphics-symbol [ref=e316] clickable [onclick]
        - graphics-symbol [ref=e317] clickable [onclick]
        - graphics-symbol [ref=e318] clickable [onclick]
        - graphics-symbol [ref=e319] clickable [onclick]
        - graphics-symbol [ref=e320] clickable [onclick]
        - graphics-symbol [ref=e321] clickable [onclick]
        - graphics-symbol [ref=e322] clickable [onclick]
        - graphics-symbol [ref=e323] clickable [onclick]
        - graphics-symbol [ref=e324] clickable [onclick]
        - graphics-symbol [ref=e325] clickable [onclick]
        - graphics-symbol [ref=e326] clickable [onclick]
        - graphics-symbol [ref=e327] clickable [onclick]
        - graphics-symbol [ref=e328] clickable [onclick]
        - graphics-symbol [ref=e329] clickable [onclick]
        - graphics-symbol [ref=e330] clickable [onclick]
        - graphics-symbol [ref=e331] clickable [onclick]
        - graphics-symbol [ref=e332] clickable [onclick]
        - graphics-symbol [ref=e333] clickable [onclick]
        - graphics-symbol [ref=e334] clickable [onclick]
        - graphics-symbol [ref=e335] clickable [onclick]
        - graphics-symbol [ref=e336] clickable [onclick]
        - graphics-symbol [ref=e337] clickable [onclick]
        - graphics-symbol [ref=e338] clickable [onclick]
        - graphics-symbol [ref=e339] clickable [onclick]
        - graphics-symbol [ref=e340] clickable [onclick]
        - graphics-symbol [ref=e341] clickable [onclick]
        - graphics-symbol [ref=e342] clickable [onclick]
        - graphics-symbol [ref=e343] clickable [onclick]
        - graphics-symbol [ref=e344] clickable [onclick]
        - graphics-symbol [ref=e345] clickable [onclick]
        - graphics-symbol [ref=e346] clickable [onclick]
        - graphics-symbol [ref=e347] clickable [onclick]
        - graphics-symbol [ref=e348] clickable [onclick]
        - graphics-symbol [ref=e349] clickable [onclick]
        - graphics-symbol [ref=e350] clickable [onclick]
        - graphics-symbol [ref=e351] clickable [onclick]
        - graphics-symbol [ref=e352] clickable [onclick]
        - graphics-symbol [ref=e353] clickable [onclick]
        - graphics-symbol [ref=e354] clickable [onclick]
        - graphics-symbol [ref=e355] clickable [onclick]
        - graphics-symbol [ref=e356] clickable [onclick]
        - graphics-symbol [ref=e357] clickable [onclick]
        - graphics-symbol [ref=e358] clickable [onclick]
        - graphics-symbol [ref=e359] clickable [onclick]
        - graphics-symbol [ref=e360] clickable [onclick]
        - graphics-symbol
        - graphics-symbol
        - graphics-symbol
        - graphics-symbol
        - graphics-symbol
        - graphics-symbol
        - graphics-symbol
        - graphics-symbol
        - graphics-symbol
        - graphics-symbol
        - graphics-symbol
        - graphics-symbol
        - graphics-symbol
        - graphics-symbol
        - graphics-symbol
        - graphics-symbol
        - graphics-symbol
        - graphics-symbol
        - graphics-symbol
        - graphics-symbol
        - graphics-symbol
        - graphics-symbol
        - graphics-symbol
        - graphics-symbol
        - graphics-symbol
        - graphics-symbol
        - graphics-symbol
        - graphics-symbol
        - graphics-symbol
        - graphics-symbol
        - graphics-symbol
        - graphics-symbol
        - graphics-symbol
        - graphics-symbol
        - graphics-symbol
        - graphics-symbol
        - graphics-symbol
        - graphics-symbol
        - graphics-symbol
        - graphics-symbol
        - graphics-symbol
        - graphics-symbol
        - graphics-symbol
        - graphics-symbol
        - graphics-symbol
        - graphics-symbol
        - graphics-symbol
        - graphics-symbol
        - graphics-symbol
        - graphics-symbol
        - graphics-symbol [ref=e361] clickable [onclick]
        - graphics-symbol [ref=e362] clickable [onclick]
        - graphics-symbol [ref=e363] clickable [onclick]
        - graphics-symbol [ref=e364] clickable [onclick]
        - graphics-symbol [ref=e365] clickable [onclick]
        - graphics-symbol [ref=e366] clickable [onclick]
        - graphics-symbol [ref=e367] clickable [onclick]
        - graphics-symbol [ref=e368] clickable [onclick]
        - graphics-symbol [ref=e369] clickable [onclick]
        - graphics-symbol [ref=e370] clickable [onclick]
        - graphics-symbol [ref=e371] clickable [onclick]
        - graphics-symbol [ref=e372] clickable [onclick]
        - graphics-symbol [ref=e373] clickable [onclick]
        - graphics-symbol [ref=e374] clickable [onclick]
        - graphics-symbol [ref=e375] clickable [onclick]
        - graphics-symbol [ref=e376] clickable [onclick]
        - graphics-symbol [ref=e377] clickable [onclick]
        - graphics-symbol [ref=e378] clickable [onclick]
        - graphics-symbol [ref=e379] clickable [onclick]
        - graphics-symbol [ref=e380] clickable [onclick]
        - graphics-symbol [ref=e381] clickable [onclick]
        - graphics-symbol [ref=e382] clickable [onclick]
        - graphics-symbol [ref=e383] clickable [onclick]
        - graphics-symbol [ref=e384] clickable [onclick]
        - graphics-symbol [ref=e385] clickable [onclick]
        - graphics-symbol [ref=e386] clickable [onclick]
        - graphics-symbol [ref=e387] clickable [onclick]
        - graphics-symbol [ref=e388] clickable [onclick]
        - graphics-symbol [ref=e389] clickable [onclick]
        - graphics-symbol [ref=e390] clickable [onclick]
        - graphics-symbol [ref=e391] clickable [onclick]
        - graphics-symbol [ref=e392] clickable [onclick]
        - graphics-symbol [ref=e393] clickable [onclick]
        - graphics-symbol [ref=e394] clickable [onclick]
        - graphics-symbol [ref=e395] clickable [onclick]
        - graphics-symbol [ref=e396] clickable [onclick]
        - graphics-symbol [ref=e397] clickable [onclick]
        - graphics-symbol [ref=e398] clickable [onclick]
        - graphics-symbol [ref=e399] clickable [onclick]
        - graphics-symbol [ref=e400] clickable [onclick]
        - graphics-symbol [ref=e401] clickable [onclick]
        - graphics-symbol [ref=e402] clickable [onclick]
        - graphics-symbol [ref=e403] clickable [onclick]
        - graphics-symbol [ref=e404] clickable [onclick]
        - graphics-symbol [ref=e405] clickable [onclick]
        - graphics-symbol [ref=e406] clickable [onclick]
        - graphics-symbol [ref=e407] clickable [onclick]
        - graphics-symbol [ref=e408] clickable [onclick]
        - graphics-symbol [ref=e409] clickable [onclick]
        - graphics-symbol [ref=e410] clickable [onclick]
        - graphics-symbol [ref=e411] clickable [onclick]
        - graphics-symbol [ref=e412] clickable [onclick]
        - graphics-symbol [ref=e413] clickable [onclick]
        - graphics-symbol [ref=e414] clickable [onclick]
        - graphics-symbol [ref=e415] clickable [onclick]
        - graphics-symbol [ref=e416] clickable [onclick]
        - graphics-symbol [ref=e417] clickable [onclick]
        - graphics-symbol
        - graphics-symbol [ref=e418] clickable [onclick]
        - graphics-symbol [ref=e419] clickable [onclick]
        - graphics-symbol [ref=e420] clickable [onclick]
        - graphics-symbol [ref=e421] clickable [onclick]
        - graphics-symbol [ref=e422] clickable [onclick]
        - generic [ref=e423] clickable [onclick]
          - StaticText "ROOM 1"
        - generic [ref=e424] clickable [onclick]
          - StaticText "50.77 m² | P 29.12 m"
        - generic [ref=e425] clickable [onclick]
          - StaticText "CL 2.700 m"
        - graphics-symbol
        - generic [ref=e426] clickable [onclick]
          - StaticText "A"
        - generic [ref=e427] clickable [onclick]
          - StaticText "A"
      - generic
        - image "Live architectural 3D model" [ref=e428] focusable [tabindex]
        - generic "Architectural 3D navigation"
          - button "Orbit" [ref=e443]
          - button "Fly" [ref=e444]
          - button "Walk-through" [ref=e445]
      - StaticText "Select"
      - StaticText "X "
      - StaticText "0.0"
      - StaticText " · Y "
      - StaticText "0.0"
      - StaticText " mm"
      - StaticText "ortho"
      - StaticText "1"
      - StaticText " closed rooms"
      - group
        - DisclosureTriangle "Precision modify · offset / trim / extend / mirror / fillet" [expanded=false]
          - StaticText "Precision modify · offset / trim / extend / mirror / fillet"
      - generic
        - sectionheader
          - StaticText "PARAMETRIC INSPECTOR"
          - heading "Design settings" [level=2, ref=e446]
        - LabelText
          - StaticText "Design name"
          - textbox "Design name" [ref=e447]: Untitled architectural design
            - StaticText "Untitled architectural design"
        - LabelText
          - StaticText "Project address"
          - textbox "Project address" [ref=e448]
        - LabelText
          - StaticText "Drawing revision"
          - textbox "Drawing revision" [ref=e449]: A
            - StaticText "A"
        - LabelText
          - StaticText "Level name"
          - textbox "Level name" [ref=e450]: Ground
            - StaticText "Ground"
        - LabelText
          - StaticText "Level FFL mm"
          - spinbutton "Level FFL mm" [ref=e451]: 0
            - StaticText "0"
        - LabelText
          - StaticText "Default ceiling height mm"
          - spinbutton "Default ceiling height mm" [ref=e452]: 2700
            - StaticText "2700"
        - paragraph
          - StaticText "Select a wall, opening, roof or room to edit its dimensions. The plan, 3D and schedules share these objects."
        - group
          - DisclosureTriangle "Design objects (6)" [expanded=false]
            - StaticText "Design objects (6)"
      - sectionfooter
        - StaticText "CAD exchange"
        - button "Export DXF" [ref=e429]
        - button "Export DWG" [disabled, ref=e430]
        - LabelText [ref=e431] clickable [cursor:pointer]
          - StaticText "Import DXF"
        - button "Export IFC" [ref=e432]
        - group
          - DisclosureTriangle "Exchange coverage" [expanded=false]
            - StaticText "Exchange coverage"
  - sectionfooter "Workspace diagnostics"
    - generic [ref=e19] clickable [onclick]
      - separator "Resize bottom panel" [ref=e31] focusable [tabindex]: 22
      - tablist "Workspace diagnostic views"
        - tab "Logs 11" [ref=e433]
          - StaticText "Logs"
          - StaticText "11"
        - tab "Console 1" [ref=e434]
          - StaticText "Console"
          - StaticText "1"
        - tab "Errors 0" [ref=e435]
          - StaticText "Errors"
          - StaticText "0"
        - tab "Status" [selected, ref=e436]
      - StaticText "Development"
      - button "Expand workspace diagnostics" [expanded=false, ref=e32]
- complementary "Live assistant"
  - button "Live assistant Drawing tools" [expanded=false, ref=e5]
    - strong
      - StaticText "Live assistant"
    - StaticText "Drawing tools"

✓ Screenshot saved to screenshots/growth/ring-overflow-local.png

