true

✓ Done

✓ Done

true

✓ Done

true

✓ Done

true

{
  "count": 5,
  "poses": [
    {
      "beat": "scribble",
      "position": [
        -18.654509544372463,
        31.950000762939453,
        7.658100128173828
      ],
      "rotation": [
        0.012093080590063771,
        0.5824000000000001,
        0.011684741446845852
      ]
    },
    {
      "beat": "scribble",
      "position": [
        -12.888059609818066,
        29.024999618530273,
        -8.887941327227288
      ],
      "rotation": [
        0.05395239981407596,
        2.2824,
        0.08220282256376239
      ]
    },
    {
      "beat": "scribble",
      "position": [
        9.33839988708496,
        28.858144777185963,
        -15.2716703414917
      ],
      "rotation": [
        0.02290005761665919,
        3.9824,
        0.03756790008258589
      ]
    },
    {
      "beat": "orbit",
      "position": [
        16.014263816616765,
        29.04066290536035,
        5.033733788443059
      ],
      "rotation": [
        -0.0015756374540846535,
        5.6823999999999995,
        0.002673553642767801
      ]
    },
    {
      "beat": "orbit",
      "position": [
        -1.548243116296948,
        29.21021497894226,
        15.557233815659384
      ],
      "rotation": [
        -0.0219912497028246,
        7.3824,
        -0.05076103257826676
      ]
    }
  ],
  "scribbleSeconds": 0.2,
  "visible": true
}

✓ Screenshot saved to screenshots/growth/pencil-fizz-native-low.png

{
  "first": {
    "count": 5,
    "poses": [
      {
        "beat": "scribble",
        "position": [
          -18.654509544372463,
          31.950000762939453,
          7.658100128173828
        ],
        "rotation": [
          0.012093080590063771,
          0.5824000000000001,
          0.011684741446845852
        ]
      },
      {
        "beat": "scribble",
        "position": [
          -12.888059609818066,
          29.024999618530273,
          -8.887941327227288
        ],
        "rotation": [
          0.05395239981407596,
          2.2824,
          0.08220282256376239
        ]
      },
      {
        "beat": "scribble",
        "position": [
          9.33839988708496,
          28.858144777185963,
          -15.2716703414917
        ],
        "rotation": [
          0.02290005761665919,
          3.9824,
          0.03756790008258589
        ]
      },
      {
        "beat": "orbit",
        "position": [
          16.014263816616765,
          29.04066290536035,
          5.033733788443059
        ],
        "rotation": [
          -0.0015756374540846535,
          5.6823999999999995,
          0.002673553642767801
        ]
      },
      {
        "beat": "orbit",
        "position": [
          -1.548243116296948,
          29.21021497894226,
          15.557233815659384
        ],
        "rotation": [
          -0.0219912497028246,
          7.3824,
          -0.05076103257826676
        ]
      }
    ],
    "scribbleSeconds": 0.2,
    "visible": true
  },
  "frames": 78,
  "last": {
    "count": 5,
    "poses": [
      {
        "beat": "orbit",
        "position": [
          7.94290466960541,
          51.42442324696,
          -13.213867231360805
        ],
        "rotation": [
          0.005370910312627168,
          0.9984319999980912,
          0.05430350323765154
        ]
      },
      {
        "beat": "orbit",
        "position": [
          11.597752714182564,
          52.27741380025698,
          5.436834177956446
        ],
        "rotation": [
          -0.02505393756350192,
          2.6984319999980912,
          0.02124470750262765
        ]
      },
      {
        "beat": "orbit",
        "position": [
          -1.8256069634541408,
          52.22464217888731,
          17.538026227355733
        ],
        "rotation": [
          -0.030623172132192844,
          4.398431999998091,
          -0.034961003645770775
        ]
      },
      {
        "beat": "orbit",
        "position": [
          -13.898628511563498,
          53.085055938298794,
          6.414818548503194
        ],
        "rotation": [
          -0.01765747725539218,
          6.098431999998091,
          -0.07263382831219167
        ]
      },
      {
        "beat": "orbit",
        "position": [
          -9.011768691202803,
          51.51026882756638,
          -12.61031073524641
        ],
        "rotation": [
          -0.0131009546374492,
          7.798431999998091,
          -0.045591291212605925
        ]
      }
    ],
    "scribbleSeconds": 0.2,
    "visible": true
  }
}

✓ Screenshot saved to screenshots/growth/pencil-fizz-native-moving.png

null

✓ Screenshot saved to screenshots/growth/pencil-fizz-native-high.png

✓ Screenshot saved to screenshots/growth/pencil-fizz-native-tablet.png

