✓ X-Ray by Looplet
  http://127.0.0.1:8095/

✓ Done

true

✓ Done

✓ Done

true

✓ Done

true

✓ Done

true

{
  "count": 5,
  "poses": [
    {
      "beat": "scribble",
      "position": [
        -18.654509544372463,
        31.950000762939453,
        7.658100128173828
      ],
      "rotation": [
        0.012093080590063771,
        0.5824000000000001,
        0.011684741446845852
      ]
    },
    {
      "beat": "scribble",
      "position": [
        -12.888059609818066,
        29.024999618530273,
        -8.887941327227288
      ],
      "rotation": [
        0.05395239981407596,
        2.2824,
        0.08220282256376239
      ]
    },
    {
      "beat": "scribble",
      "position": [
        9.33839988708496,
        28.858144777185963,
        -15.2716703414917
      ],
      "rotation": [
        0.02290005761665919,
        3.9824,
        0.03756790008258589
      ]
    },
    {
      "beat": "orbit",
      "position": [
        16.014263816616765,
        29.04066290536035,
        5.033733788443059
      ],
      "rotation": [
        -0.0015756374540846535,
        5.6823999999999995,
        0.002673553642767801
      ]
    },
    {
      "beat": "orbit",
      "position": [
        -1.548243116296948,
        29.21021497894226,
        15.557233815659384
      ],
      "rotation": [
        -0.0219912497028246,
        7.3824,
        -0.05076103257826676
      ]
    }
  ],
  "scribbleSeconds": 0.2,
  "visible": true
}

✓ Screenshot saved to screenshots/growth/pencil-fizz-production-low.png

{
  "first": {
    "count": 5,
    "poses": [
      {
        "beat": "scribble",
        "position": [
          -18.654509544372463,
          31.950000762939453,
          7.658100128173828
        ],
        "rotation": [
          0.012093080590063771,
          0.5824000000000001,
          0.011684741446845852
        ]
      },
      {
        "beat": "scribble",
        "position": [
          -12.888059609818066,
          29.024999618530273,
          -8.887941327227288
        ],
        "rotation": [
          0.05395239981407596,
          2.2824,
          0.08220282256376239
        ]
      },
      {
        "beat": "scribble",
        "position": [
          9.33839988708496,
          28.858144777185963,
          -15.2716703414917
        ],
        "rotation": [
          0.02290005761665919,
          3.9824,
          0.03756790008258589
        ]
      },
      {
        "beat": "orbit",
        "position": [
          16.014263816616765,
          29.04066290536035,
          5.033733788443059
        ],
        "rotation": [
          -0.0015756374540846535,
          5.6823999999999995,
          0.002673553642767801
        ]
      },
      {
        "beat": "orbit",
        "position": [
          -1.548243116296948,
          29.21021497894226,
          15.557233815659384
        ],
        "rotation": [
          -0.0219912497028246,
          7.3824,
          -0.05076103257826676
        ]
      }
    ],
    "scribbleSeconds": 0.2,
    "visible": true
  },
  "frames": 44,
  "last": {
    "count": 5,
    "poses": [
      {
        "beat": "orbit",
        "position": [
          6.235591803718739,
          50.71092220741582,
          -13.844295090672809
        ],
        "rotation": [
          0.011207113438224468,
          0.9901759999990462,
          0.05470970587586636
        ]
      },
      {
        "beat": "orbit",
        "position": [
          12.100320523747786,
          51.63226921868002,
          3.6519032072491737
        ],
        "rotation": [
          -0.022059047806689113,
          2.690175999999046,
          0.028272746428198423
        ]
      },
      {
        "beat": "orbit",
        "position": [
          0.056024936466724955,
          51.4927146696682,
          17.740067177030213
        ],
        "rotation": [
          -0.03578574690248475,
          4.390175999999046,
          -0.02369231298291314
        ]
      },
      {
        "beat": "orbit",
        "position": [
          -13.492726791039466,
          52.479738403494,
          7.3242301812254205
        ],
        "rotation": [
          -0.0118011637147795,
          6.090175999999046,
          -0.046697202980658416
        ]
      },
      {
        "beat": "orbit",
        "position": [
          -9.65237304664073,
          51.11687939568832,
          -11.369561522157252
        ],
        "rotation": [
          0.04055571619288405,
          7.790175999999046,
          -0.016751860999414826
        ]
      }
    ],
    "scribbleSeconds": 0.2,
    "visible": true
  }
}

✓ Screenshot saved to screenshots/growth/pencil-fizz-production-moving.png

null

✓ Screenshot saved to screenshots/growth/pencil-fizz-production-high.png

✓ Done

✓ Screenshot saved to screenshots/growth/pencil-fizz-production-tablet.png

[agent-browser] launched browser
