✓ Done

true

{
  "count": 5,
  "poses": [
    {
      "beat": "scribble",
      "position": [
        -18.654509544372463,
        31.950000762939453,
        7.658100128173828
      ],
      "rotation": [
        0.012093080590063771,
        0.5824000000000001,
        0.011684741446845852
      ]
    },
    {
      "beat": "scribble",
      "position": [
        -12.888059609818066,
        29.024999618530273,
        -8.887941327227288
      ],
      "rotation": [
        0.05395239981407596,
        2.2824,
        0.08220282256376239
      ]
    },
    {
      "beat": "scribble",
      "position": [
        9.33839988708496,
        28.858144777185963,
        -15.2716703414917
      ],
      "rotation": [
        0.02290005761665919,
        3.9824,
        0.03756790008258589
      ]
    },
    {
      "beat": "orbit",
      "position": [
        16.014263816616765,
        29.04066290536035,
        5.033733788443059
      ],
      "rotation": [
        -0.0015756374540846535,
        5.6823999999999995,
        0.002673553642767801
      ]
    },
    {
      "beat": "orbit",
      "position": [
        -1.548243116296948,
        29.21021497894226,
        15.557233815659384
      ],
      "rotation": [
        -0.0219912497028246,
        7.3824,
        -0.05076103257826676
      ]
    }
  ],
  "scribbleSeconds": 0.2,
  "visible": true
}

✓ Screenshot saved to screenshots/growth/pencil-fizz-production-low.png

{
  "first": {
    "count": 5,
    "poses": [
      {
        "beat": "scribble",
        "position": [
          -18.654509544372463,
          31.950000762939453,
          7.658100128173828
        ],
        "rotation": [
          0.012093080590063771,
          0.5824000000000001,
          0.011684741446845852
        ]
      },
      {
        "beat": "scribble",
        "position": [
          -12.888059609818066,
          29.024999618530273,
          -8.887941327227288
        ],
        "rotation": [
          0.05395239981407596,
          2.2824,
          0.08220282256376239
        ]
      },
      {
        "beat": "scribble",
        "position": [
          9.33839988708496,
          28.858144777185963,
          -15.2716703414917
        ],
        "rotation": [
          0.02290005761665919,
          3.9824,
          0.03756790008258589
        ]
      },
      {
        "beat": "orbit",
        "position": [
          16.014263816616765,
          29.04066290536035,
          5.033733788443059
        ],
        "rotation": [
          -0.0015756374540846535,
          5.6823999999999995,
          0.002673553642767801
        ]
      },
      {
        "beat": "orbit",
        "position": [
          -1.548243116296948,
          29.21021497894226,
          15.557233815659384
        ],
        "rotation": [
          -0.0219912497028246,
          7.3824,
          -0.05076103257826676
        ]
      }
    ],
    "scribbleSeconds": 0.2,
    "visible": true
  },
  "frames": 76,
  "last": {
    "count": 5,
    "poses": [
      {
        "beat": "orbit",
        "position": [
          6.013392193917036,
          50.61696979520237,
          -13.917210885716402
        ],
        "rotation": [
          0.012054774653597736,
          0.9891199999999996,
          0.054744470866522746
        ]
      },
      {
        "beat": "orbit",
        "position": [
          12.155961913707603,
          51.545911129674685,
          3.4197454084768637
        ],
        "rotation": [
          -0.021357055813212948,
          2.6891199999999995,
          0.029172626240871847
        ]
      },
      {
        "beat": "orbit",
        "position": [
          0.30635505104648575,
          51.39128236571697,
          17.766082688620887
        ],
        "rotation": [
          -0.03626078082713405,
          4.389119999999999,
          -0.02354815164429913
        ]
      },
      {
        "beat": "orbit",
        "position": [
          -13.400079464490736,
          52.38596045080511,
          7.41885233842209
        ],
        "rotation": [
          -0.015738996362037228,
          6.089119999999999,
          -0.049186615047679766
        ]
      },
      {
        "beat": "orbit",
        "position": [
          -9.7840614234406,
          51.05924327752332,
          -11.27002241021297
        ],
        "rotation": [
          0.03615199258865734,
          7.78912,
          -0.01482427820518816
        ]
      }
    ],
    "scribbleSeconds": 0.2,
    "visible": true
  }
}

✓ Screenshot saved to screenshots/growth/pencil-fizz-production-moving.png

null

✓ Screenshot saved to screenshots/growth/pencil-fizz-production-high.png

✓ Done

✓ Screenshot saved to screenshots/growth/pencil-fizz-production-tablet.png

