[66996:86728:0912/235915.019:INFO:components\enterprise\browser\controller\chrome_browser_cloud_management_controller.cc:241] No machine level policy manager exists.
[79196:52968:0912/235915.058:ERROR:ui\gl\direct_composition_support.cc:254] GetGpuDriverOverlayInfo: Failed to retrieve video device
[79196:52968:0912/235915.060:VERBOSE1:components\viz\service\main\viz_main_impl.cc:87] VizNullHypothesis is disabled (not a warning)
[79196:18764:0912/235915.061:VERBOSE1:base\allocator\scheduler_loop_quarantine_config.cc:195] No entry found for gpu-process/viz-compositor.
[32200:78144:0912/235915.094:INFO:third_party\webrtc\rtc_base\cpu_info.cc:77] Available number of cores: 32
[61304:70332:0912/235915.119:INFO:third_party\webrtc\rtc_base\cpu_info.cc:77] Available number of cores: 32
[30448:68884:0912/235915.119:INFO:third_party\webrtc\rtc_base\cpu_info.cc:77] Available number of cores: 32
[66996:86728:0912/235915.139:WARNING:chrome\browser\extensions\external_registry_loader_win.cc:236] Error observing HKLM: Access is denied. (0x5)
[64400:30980:0912/235915.152:INFO:third_party\webrtc\rtc_base\cpu_info.cc:77] Available number of cores: 32
[30468:98748:0912/235915.152:INFO:third_party\webrtc\rtc_base\cpu_info.cc:77] Available number of cores: 32
[30364:98444:0912/235915.229:INFO:third_party\webrtc\rtc_base\cpu_info.cc:77] Available number of cores: 32
[66996:86728:0912/235917.237:ERROR:components\device_event_log\device_event_log_impl.cc:211] [23:59:17.237] USB: usb_service_win.cc:108 SetupDiGetDeviceProperty({{A45C254E-DF1C-4EFD-8020-67D146A850E0}, 6}) failed: Element not found. (0x490)
[45192:50128:0912/235917.478:INFO:third_party\webrtc\rtc_base\cpu_info.cc:77] Available number of cores: 32
[70508:98672:0912/235917.487:INFO:third_party\webrtc\rtc_base\cpu_info.cc:77] Available number of cores: 32
[31240:11692:0912/235917.547:INFO:third_party\webrtc\rtc_base\cpu_info.cc:77] Available number of cores: 32
[4708:97696:0912/235917.581:INFO:third_party\webrtc\rtc_base\cpu_info.cc:77] Available number of cores: 32
[88280:86372:0912/235917.660:INFO:third_party\webrtc\rtc_base\cpu_info.cc:77] Available number of cores: 32
[99148:28716:0912/235917.693:INFO:third_party\webrtc\rtc_base\cpu_info.cc:77] Available number of cores: 32
[98240:1588:0912/235917.744:INFO:third_party\webrtc\rtc_base\cpu_info.cc:77] Available number of cores: 32
[50156:98980:0912/235917.770:INFO:third_party\webrtc\rtc_base\cpu_info.cc:77] Available number of cores: 32
[54976:95136:0912/235917.827:INFO:third_party\webrtc\rtc_base\cpu_info.cc:77] Available number of cores: 32
[92512:33436:0912/235917.833:INFO:third_party\webrtc\rtc_base\cpu_info.cc:77] Available number of cores: 32
[38060:74460:0912/235917.880:INFO:third_party\webrtc\rtc_base\cpu_info.cc:77] Available number of cores: 32
[66996:14404:0912/235918.325:ERROR:google_apis\gcm\engine\registration_request.cc:291] Registration response error message: PHONE_REGISTRATION_ERROR
[66996:14404:0912/235918.332:ERROR:google_apis\gcm\engine\registration_request.cc:291] Registration response error message: PHONE_REGISTRATION_ERROR
[66996:14404:0912/235918.342:ERROR:google_apis\gcm\engine\registration_request.cc:291] Registration response error message: PHONE_REGISTRATION_ERROR
[71768:98692:0912/235918.512:INFO:third_party\webrtc\rtc_base\cpu_info.cc:77] Available number of cores: 32
[66996:14404:0912/235918.538:ERROR:google_apis\gcm\engine\mcs_client.cc:702]   Error code: 401  Error message: Authentication Failed: wrong_secret
[66996:14404:0912/235918.538:ERROR:google_apis\gcm\engine\mcs_client.cc:704] Failed to log in to GCM, resetting connection.
[54764:57996:0912/235918.542:INFO:third_party\webrtc\rtc_base\cpu_info.cc:77] Available number of cores: 32
[78324:36508:0912/235918.542:INFO:third_party\webrtc\rtc_base\cpu_info.cc:77] Available number of cores: 32
[3364:64768:0912/235918.607:INFO:third_party\webrtc\rtc_base\cpu_info.cc:77] Available number of cores: 32
[37132:10628:0912/235918.777:INFO:third_party\webrtc\rtc_base\cpu_info.cc:77] Available number of cores: 32
[29588:91632:0912/235918.790:INFO:third_party\webrtc\rtc_base\cpu_info.cc:77] Available number of cores: 32
[30824:7440:0912/235918.791:INFO:third_party\webrtc\rtc_base\cpu_info.cc:77] Available number of cores: 32
[66996:86728:0912/235919.283:INFO:CONSOLE:859] "[vite] connecting...", source: http://127.0.0.1:8091/@vite/client (859)
[66996:86728:0912/235919.286:INFO:CONSOLE:968] "[vite] connected.", source: http://127.0.0.1:8091/@vite/client (968)
[66996:86728:0912/235919.454:INFO:CONSOLE:14336] "%cDownload the React DevTools for a better development experience: https://react.dev/link/react-devtools font-weight:bold", source: http://127.0.0.1:8091/node_modules/.vite/deps/react-dom_client.js?v=0754d606 (14336)
[66996:86728:0912/235920.025:INFO:CONSOLE:533] "You are calling ReactDOMClient.createRoot() on a container that has already been passed to createRoot() before. Instead, call root.render() on the existing root instead if you want to update it.", source: http://127.0.0.1:8091/@vite/client (533)
