
> tauri:build
> tauri build --bundles nsis


> build:cad
> node scripts/build-cad.mjs

Built local DWG translator: ACadSharp 3.7.1; verified 5 dependency checksums.

> build:desktop
> node scripts/with-app-env.mjs vite build --config vite.config.spa.ts

[36mvite v8.2.2 [32mbuilding client environment for production...[36m[39m
transforming...
✓ 2268 modules transformed.
rendering chunks...
computing gzip size...
dist/index.html                                   0.51 kB │ gzip:   0.32 kB
dist/assets/priceWorkbook.worker-RQzoYbCf.js    468.83 kB
dist/assets/pdf.worker-DTrjDNvb.mjs           2,395.53 kB
dist/assets/index-BmwaaOV3.css                  159.59 kB │ gzip:  29.56 kB
dist/assets/pdf.worker-Cumxr82H.js                0.08 kB │ gzip:   0.10 kB
dist/assets/core-CwxXejkd.js                      0.09 kB │ gzip:   0.10 kB
dist/assets/src-DkHFbvvT.js                      17.23 kB │ gzip:   7.30 kB
dist/assets/pdf-Dq8CH_1Z.js                     487.96 kB │ gzip: 148.27 kB
dist/assets/index-DmJGUlGb.js                 2,286.65 kB │ gzip: 710.22 kB

[32m✓ built in 6.26s[39m
