✔ BOOT-01 emitted inline script is byte-identical under different server/client compilation targets (37.9628ms)
✔ BOOT-02 writable global leaves existing server content untouched (1.1735ms)
✔ BOOT-03 configurable read-only global is repaired before dependent code assigns to it (0.6552ms)
✔ BOOT-04 frozen global replaces the root startup host with an actionable failure (0.7068ms)
✔ BOOT-04 frozen global replaces the marked startup host with an actionable failure (0.5976ms)
✔ BOOT-04 frozen global replaces the body startup host with an actionable failure (0.5028ms)
✔ BOOT-05 missing and non-function descriptor values paint the named failure (0.8958ms)
✔ BOOT-06 descriptor inspection failure retains its diagnostic detail (0.5706ms)
✔ BOOT-07 missing document hosts do not create a second uncaught error (0.5235ms)
✔ real worksheet renders separated report totals, item rows, filters and expandable hierarchy (19.7632ms)
✔ stale or invalid form never exposes a downloadable result (4.9375ms)
✔ locked worksheet cannot download while host writes are unavailable (7.9848ms)
✔ a project with no current source revision disables binding with a readable explanation (9.1602ms)
✔ an unbound worksheet shows explicit, unpopulated binding inputs from the live source (8.896ms)
✔ a bound worksheet shows its reference, evidence, source and current status (9.4064ms)
✔ a stale binding withholds the report and names the reason instead of showing totals (2.7433ms)
✔ an unbound worksheet still presents its unverified report exactly as before (7.8638ms)
✔ A1: a highlight request names an entity; there is no request to highlight nothing (2.5361ms)
✔ A2: a request stores no verdict — only the id the user clicked (0.1322ms)
✔ A3: unknown keys are rejected (0.2123ms)
✔ B1: an unresolvable entity is never emphasised (0.6065ms)
✔ B2: an unmeasured entity is never emphasised as measured (0.1624ms)
✔ B3: a drawn highlight states what it means (0.1408ms)
✔ B4: not drawing anything may say nothing (0.0931ms)
✔ C1: a current, present entity highlights and claims it is current (0.241ms)
✔ C2: a stale entity is still shown, and says it changed (0.1386ms)
✔ C3: a deleted entity is not drawn, and is not claimed as current (0.1706ms)
✔ C4: an unbound row highlights nothing and invents no entity (0.1335ms)
✔ C5: with no canvas mounted, nothing is claimed to have been highlighted (0.1443ms)
✔ C6: an unbound row with no canvas reports not-measured, not merely absent (0.0852ms)
✔ C7: resolution is pure (0.5402ms)
✔ C8: every resolvable state produces a parseable resolution (0.2491ms)
✔ QS measured geometry derives gross length from calibrated points, never cached lengths (3.9534ms)
✔ QS measured geometry updates the quantity and unit for real section dimensions (0.4826ms)
✔ QS measured geometry retains small quantities without display rounding to zero (0.4302ms)
✔ QS measured geometry strips verification authority for sample source (0.3815ms)
✔ QS measured geometry strips verification authority for missing source hash (0.2177ms)
✔ QS measured geometry strips verification authority for missing active source (0.2015ms)
✔ QS measured geometry strips verification authority for foreign calibration candidate (0.242ms)
✔ QS measured geometry strips verification authority for legacy source coordinates (0.1837ms)
✔ QS measured geometry strips verification authority for scale changed behind its candidate (0.1797ms)
✔ QS measured geometry strips verification authority for unlocked calibration (0.2289ms)
✔ QS measured geometry strips verification authority for missing section dimensions (0.1567ms)
✔ QS measured geometry requires original-byte readiness and uses only the requested sheet (0.1933ms)
✔ A1: an item cannot be bound to itself (0.7839ms)
✔ A2: a source-traced binding must record its calibration (0.1432ms)
✔ A3: a binding with no source document may be uncalibrated (0.0846ms)
✔ A4: unknown keys are rejected (0.1658ms)
✔ A5: a quantity is exact decimal and never rounds (0.1222ms)
✔ A5b: binding rejects non-decimal, scientific, signed and float quantities (0.8175ms)
✔ A5b: entity geometry rejects non-decimal, scientific, signed and float quantities (0.8797ms)
✔ A6: an unbindable entity type is rejected (0.156ms)
✔ A7: a non-hex geometry hash is rejected (0.1361ms)
✔ B1: an untouched entity verifies and permits pricing (0.4543ms)
✔ B2: changed geometry is stale and withholds pricing (0.1269ms)
✔ B3: a changed calibration is stale even when geometry is unchanged (0.0937ms)
✔ B3b: a changed source hash makes the entity binding stale (0.0869ms)
✔ B4: a deleted entity reports missing-entity, not stale (0.0647ms)
✔ B5: an entity id that resolves to a different entity reports missing-entity (0.0843ms)
✔ B6: a unit change withholds pricing before any hash comparison (0.0804ms)
✔ B7: an uncalibrated binding never verifies, even when hashes match (0.0844ms)
✔ B8: a calibration cleared on the entity is stale, not uncalibrated (0.0991ms)
✔ B9: a drifted measured quantity is stale (0.1007ms)
✔ B9b: editing only the cost-plan quantity makes the immutable binding stale (0.1033ms)
✔ B9c: editing only the cost-plan unit withholds pricing as unit-changed (0.0819ms)
✔ B9d: equivalent decimal spelling does not make an unchanged quantity stale (0.0758ms)
✔ B9e: sample and inferred row evidence cannot verify against matching measured geometry (0.1405ms)
✔ B9f: copied bindings from another project stay stale even when entity IDs and hashes match (0.1104ms)
✔ B10: evaluation is pure — the same inputs always give the same verdict (0.0924ms)
✔ B11: a binding stores no verdict field (0.0701ms)
✔ C1: pricingPermitted true with a non-verified status is rejected (0.1167ms)
✔ C2: a non-verified status with no reason is rejected (0.0829ms)
✔ C3: a verified status carrying findings is rejected (0.0837ms)
✔ C4: pricingPermitted false on a verified status is rejected (0.0866ms)
✔ D1: a bound quantity that disagrees with the row is a finding, not a correction (0.1077ms)
✔ D2: the audit line states identity, not a verdict (0.1353ms)
✔ D3: an uncalibrated binding says so in its audit line (0.0752ms)
✔ F1: an uncalculated draft never re-pins, however much its rows changed (0.0596ms)
✔ F2: a calculated draft re-pins when its rows changed (0.0423ms)
✔ F3: a calculated draft with unchanged rows does not re-pin (0.0418ms)
✔ F4: an empty draft never pins, even when the pin in force is off an older draft (0.0654ms)
✔ F5: the pin rule is pure (0.081ms)
✔ E1: an item with no binding renders as not bound, never as verified (7.7833ms)
✔ E2: a binding whose entity is present and matching renders verified and permits pricing (1.164ms)
✔ E3: the ledger derives staleness from live geometry — the same stored binding goes stale when the entity moves (2.7536ms)
✔ E4: a bound item whose entity is absent renders missing-entity rather than silently verified (0.6619ms)
✔ E5: the withheld notice appears for unverified items and names each status present (1.82ms)
✔ G0a: the ledger withholds sample, inferred and foreign-project rows while preserving the current measured row (1.9231ms)
✔ G0: duplicate draft references cannot borrow a bound row's verified evidence (2.4076ms)
✔ G1: a resolvable bound item offers a highlight control naming its claim (1.2007ms)
✔ G2: no canvas mounted means no control, and the claim is not that it was shown (1.0087ms)
✔ G3: a stale item is still highlightable, and says the geometry moved (1.2783ms)
✔ G4: an unbound item offers no control and claims nothing was measured (1.0751ms)
✔ G5: without a handler the row is inert, not a button that does nothing (1.1642ms)
✔ G6: a bound item whose entity is gone offers no control (1.2986ms)
✔ G10: activating a row sends that row's own entity, not its neighbour's (1.2777ms)
✔ G11: an unbound row has nothing to activate (0.5139ms)
✔ G12: activating a stale row still sends the user to the entity, and says it moved (0.5254ms)
✔ G7: highlight state is per row — a verified row and a stale row disagree (1.2023ms)
✔ G8: a ledger that is not told about the surfaces assumes there are none (1.166ms)
✔ G8b: with no surface to draw on, no row in a mixed ledger claims resolvable (1.0681ms)
✔ G9: a mixed ledger offers a control only on the rows it can show (1.1432ms)
✔ empty controlled form contains no invented quantities or source references (3.3122ms)
✔ manual form resolves hierarchy keys while keeping source null and exact decimal quantities (2.9833ms)
✔ reassignment clears the calculated flag and conserves exact totals and source evidence (0.7855ms)
✔ editing classification codes preserves parent and item identity through stable form keys (0.2927ms)
✔ form quantities never blend units or evidence and cannot promote manual inputs to measured (0.9478ms)
✔ invalid references, duplicate codes/items, cycles and invalid decimals fail without partial totals (1.631ms)
✔ JSON draft roundtrip retains unassigned items and recomputes the same report (0.3916ms)
✔ JSON draft roundtrip retains the exact immutable measured-entity binding (1.4874ms)
✔ an unbound worksheet still classifies and is labelled unverified (0.4449ms)
✔ binding succeeds from explicit inputs and round-trips through the quantity form schema (1.6249ms)
✔ binding identity comes from the live source and the unit is never invented (0.2666ms)
✔ each change to the bound source withholds the report and names the reason (0.4413ms)
✔ a declared binding stays a supplied reference and never reports verified evidence (0.3775ms)
✔ source-derived evidence without its calibration is refused; a declared binding carries none (0.6776ms)
✔ blank user inputs are refused rather than defaulted to a plausible page or class (0.2868ms)
✔ binding never changes exact decimal totals or the unit and evidence separation (0.4481ms)
✔ clearing a binding returns the worksheet to manual and unverified (0.2206ms)
✔ evidence classes are described as supplied or source-derived, never promoted (0.1375ms)
ℹ tests 120
ℹ suites 0
ℹ pass 120
ℹ fail 0
ℹ cancelled 0
ℹ skipped 0
ℹ todo 0
ℹ duration_ms 710.3713
