(node:33604) [DEP0190] DeprecationWarning: Passing args to a child process with shell option true can lead to security vulnerabilities, as the arguments are not escaped, only concatenated.
(Use `node --trace-deprecation ...` to show where the warning was created)
[2m7:34:56 pm[22m [31m[1m[vite][22m[39m [31m[2m(client)[22m[39m [2m[console.error] [22mTypeError: Cannot assign to read only property 'toString' of object '#<Tree>'

The above error occurred in the <Lazy> component.

React will try to recreate this component tree from scratch using the error boundary you provided, CatchBoundary.

[2m7:34:56 pm[22m [33m[1m[vite][22m[39m [33m[2m(client)[22m[39m [2m[console.warn] [22mWarning: Error in route match: //
[2m7:35:26 pm[22m [31m[1m[vite][22m[39m [31m[2m(client)[22m[39m [2m[console.error] [22mTypeError: Cannot assign to read only property 'toString' of object '#<Tree>'

The above error occurred in the <Lazy> component.

React will try to recreate this component tree from scratch using the error boundary you provided, CatchBoundary.

[2m7:35:26 pm[22m [33m[1m[vite][22m[39m [33m[2m(client)[22m[39m [2m[console.warn] [22mWarning: Error in route match: //
[2m7:40:00 pm[22m [31m[1m[vite][22m[39m [31m[2m(client)[22m[39m [2m[console.error] [22mTypeError: Cannot assign to read only property 'toString' of object '#<Tree>'

The above error occurred in the <Lazy> component.

React will try to recreate this component tree from scratch using the error boundary you provided, CatchBoundary.

[2m7:40:00 pm[22m [33m[1m[vite][22m[39m [33m[2m(client)[22m[39m [2m[console.warn] [22mWarning: Error in route match: //
[2m7:40:16 pm[22m [31m[1m[vite][22m[39m [31m[2m(client)[22m[39m [2m[console.error] [22mTypeError: Cannot assign to read only property 'toString' of object '#<Tree>'

The above error occurred in the <Lazy> component.

React will try to recreate this component tree from scratch using the error boundary you provided, CatchBoundary.

[2m7:40:16 pm[22m [33m[1m[vite][22m[39m [33m[2m(client)[22m[39m [2m[console.warn] [22mWarning: Error in route match: //
[2m7:40:38 pm[22m [31m[1m[vite][22m[39m [31m[2m(client)[22m[39m [2m[console.error] [22mTypeError: Cannot assign to read only property 'toString' of object '#<Tree>'

The above error occurred in the <Lazy> component.

React will try to recreate this component tree from scratch using the error boundary you provided, CatchBoundary.

[2m7:40:38 pm[22m [33m[1m[vite][22m[39m [33m[2m(client)[22m[39m [2m[console.warn] [22mWarning: Error in route match: //
[2m7:41:38 pm[22m [31m[1m[vite][22m[39m [31m[2m(client)[22m[39m [2m[console.error] [22mTypeError: Cannot assign to read only property 'toString' of object '#<Tree>'

The above error occurred in the <Lazy> component.

React will try to recreate this component tree from scratch using the error boundary you provided, CatchBoundary.

[2m7:41:38 pm[22m [33m[1m[vite][22m[39m [33m[2m(client)[22m[39m [2m[console.warn] [22mWarning: Error in route match: //
