✓ X-Ray by Looplet
  http://127.0.0.1:8091/

✓ Done

true

"d"

true

"a"

true

"s"

true

"opened"

true

"{\"sheets\":6,\"summary\":\"Issue a drawing set (0 of 6 selected)\"}"

"selected"

"{\"n\":6,\"allChecked\":true,\"summary\":\"Issue a drawing set (6 of 6 selected)\"}"

✓ Screenshot saved to screenshots/growth/2026-09-12-d13-issue-set/01-issue-selection.png

"reviewed"

true

"Issue 6 sheets?Purpose: For construction. Design revision A, model revision 6. Sheets print in this order:A-101 · A-101A3 · 1:50 · 1 viewportsS-002 · Drawing sheet 2A3 · 1:50 · 1 viewportsS-003 · Drawing sheet 3A3 · 1:50 · 1 viewportsS-004 · Drawing sheet 4A3 "

✓ Screenshot saved to screenshots/growth/2026-09-12-d13-issue-set/02-issue-review.png
