pages          : 5
title          : Courtyard studio / For construction
subject        : Drawing issue, design revision A. Requires design review.
  page 1 (register) : 595 x 842 pt portrait
  page 2 (drawing) : 1191 x 842 pt landscape
  page 3 (drawing) : 1191 x 842 pt landscape
  page 4 (drawing) : 2384 x 1684 pt landscape
  page 5 (drawing) : 1191 x 842 pt landscape

register page text drawn:
  12 Example Street, Suburb
  Model revision 1 | print at 100%
  0                         5 m / 1:50
  12 Example Street, Suburb
  Model revision 1 | print at 100%
  0                         5 m / 1:50
  12 Example Street, Suburb
  Model revision 1 | print at 100%
  0                         5 m / 1:50
  12 Example Street, Suburb
  Model revision 1 | print at 100%
  0                         5 m / 1:50
  DRAWING ISSUE REGISTER
  Purpose: For construction
  Design revision A / model revision 1 / issued 2026-09-12T04:00:00.000Z
  4 drawing sheets in this issue
    1  A-101      A3    1:50         1  A-101
    2  S-002      A3    1:50         1  Drawing sheet 2
    3  S-003      A1    1:50         1  Drawing sheet 3
    4  S-004      A3    1:50         1  Drawing sheet 4
