
> tauri:build
> tauri build --bundles nsis


> build:cad
> node scripts/build-cad.mjs

Built local DWG translator: ACadSharp 3.7.1; verified 5 dependency checksums.

> build:desktop
> node scripts/with-app-env.mjs vite build --config vite.config.spa.ts

[36mvite v8.2.2 [32mbuilding client environment for production...[36m[39m
transforming...
✓ 2253 modules transformed.
rendering chunks...
computing gzip size...
dist/index.html                          0.51 kB │ gzip:   0.32 kB
dist/assets/pdf.worker-DTrjDNvb.mjs  2,395.53 kB
dist/assets/index-EttLFf2S.css         150.19 kB │ gzip:  27.96 kB
dist/assets/pdf.worker-Cumxr82H.js       0.08 kB │ gzip:   0.10 kB
dist/assets/core-CwxXejkd.js             0.09 kB │ gzip:   0.10 kB
dist/assets/src-DJDYPqZl.js             17.23 kB │ gzip:   7.30 kB
dist/assets/pdf-C5uV8bky.js            487.96 kB │ gzip: 148.27 kB
dist/assets/index-DCfOjPaw.js        2,228.14 kB │ gzip: 690.53 kB

[32m✓ built in 888ms[39m
