[agent-browser] launched browser
✓ X-Ray by Looplet
  http://127.0.0.1:8080/

✓ Done

true

"seeded xray:price-books:v1:job-40edd9f4-a0b2-4540-b170-881be4fc366b (1095 chars, books=1, rows=2); previous record: none"

http://127.0.0.1:8080/

true

"after reload: project job-40edd9f4-a0b2-4540-b170-881be4fc366b has price book record xray:price-books:v1:job-40edd9f4-a0b2-4540-b170-881be4fc366b (1095 chars); fetch instrumented before Cost pane; log=[]"

✓ Done

true

"pricing-research fetches=[\"GET /api/pricing-research (aborted by StrictMode dev double-mount cleanup)\",\"GET /api/pricing-research (sent)\"]; state=idle; price-book keys=1 (xray:price-books:v1:job-40edd9f4-a0b2-4540-b170-881be4fc366b, 1095 chars, books=1, rows=2); tabs=Library (1)|Import price sheet|Priced worksheet (0); card=Seeded QA price book"

✓ Screenshot saved to screenshots/growth/2026-09-08-az3-pricing-research/desktop-seeded-library.png

"research section scrolled into view"

✓ Screenshot saved to screenshots/growth/2026-09-08-az3-pricing-research/desktop-not-configured.png

✓ Done

"search enabled for query: 90x45 MGP10 treated pine"

✓ Done

true

"failure rendered (not-configured, HTTP 503); price-book keys=1 before and 1 after, raw bytes identical (1298 chars snapshot), seeded book name/rows/rate intact, library tabs and card text identical; fetches=[\"GET /api/pricing-research (aborted by StrictMode dev double-mount cleanup)\",\"GET /api/pricing-research (sent)\",\"POST /api/pricing-research (sent)\"]; text=Provider not configured (not-configured, HTTP 503)Supplier research provider not configured. Set FIRECRAWL_API_KEY and XRAY_PRICING_RESEARCH_WEB_ENABLED=true on"

✓ Screenshot saved to screenshots/growth/2026-09-08-az3-pricing-research/desktop-not-configured-failure.png

"post-failure: xray:price-books:v1:job-40edd9f4-a0b2-4540-b170-881be4fc366b still holds 1095 chars, revision 1, 1 book(s), worksheet 0; card heading Seeded QA price book; research state failure"

✓ Screenshot saved to screenshots/growth/2026-09-08-az3-pricing-research/desktop-seeded-library-after-failure.png

