[9204:9988:0912/210108.411:WARNING:chrome\browser\chrome_browser_main_win.cc:1672] Edge is running elevated: 3
[9204:9988:0912/210108.474:WARNING:chrome\browser\extensions\activity_log\activity_log_policy.cc:71] Scheduling init
[9204:9988:0912/210108.474:WARNING:chrome\browser\extensions\activity_log\activity_log_policy.cc:71] Scheduling init
[18240:17036:0912/210108.553:INFO:third_party\webrtc\rtc_base\cpu_info.cc:77] Available number of cores: 16
[15304:18512:0912/210108.587:INFO:third_party\webrtc\rtc_base\cpu_info.cc:77] Available number of cores: 16
[6116:13268:0912/210108.596:INFO:third_party\webrtc\rtc_base\cpu_info.cc:77] Available number of cores: 16
[9340:6380:0912/210108.596:INFO:third_party\webrtc\rtc_base\cpu_info.cc:77] Available number of cores: 16
[1548:10224:0912/210108.602:INFO:third_party\webrtc\rtc_base\cpu_info.cc:77] Available number of cores: 16
[7504:16848:0912/210108.604:INFO:third_party\webrtc\rtc_base\cpu_info.cc:77] Available number of cores: 16
[11568:3136:0912/210108.606:INFO:third_party\webrtc\rtc_base\cpu_info.cc:77] Available number of cores: 16
[11344:12632:0912/210108.610:INFO:third_party\webrtc\rtc_base\cpu_info.cc:77] Available number of cores: 16
[18928:5716:0912/210108.624:INFO:third_party\webrtc\rtc_base\cpu_info.cc:77] Available number of cores: 16
[18148:12648:0912/210108.624:INFO:third_party\webrtc\rtc_base\cpu_info.cc:77] Available number of cores: 16
[6696:10284:0912/210108.624:INFO:third_party\webrtc\rtc_base\cpu_info.cc:77] Available number of cores: 16
[8640:19108:0912/210108.628:INFO:third_party\webrtc\rtc_base\cpu_info.cc:77] Available number of cores: 16
[7832:12604:0912/210108.647:INFO:third_party\webrtc\rtc_base\cpu_info.cc:77] Available number of cores: 16
[9204:9988:0912/210108.679:INFO:CONSOLE:5518] "[ProtocolLaunch] handler constructed; wiring port events.", source: chrome-extension://ndcpkimcihhghdcddljkfmmjccdmcmof/background.rollup.js (5518)
[13128:8484:0912/210108.679:ERROR:ui\gl\direct_composition_support.cc:772] DCompositionCreateDevice3 failed: Access is denied. (0x80070005)
[13128:8484:0912/210108.679:VERBOSE1:components\viz\service\main\viz_main_impl.cc:87] VizNullHypothesis is disabled (not a warning)
[13128:6348:0912/210108.679:VERBOSE1:base\allocator\scheduler_loop_quarantine_config.cc:195] No entry found for gpu-process/viz-compositor.
[13128:8484:0912/210108.679:ERROR:ui\gl\angle_platform_impl.cc:48] SwapChain11.cpp:637 (virtual rx::SwapChain11::reset): Could not create additional swap chains or offscreen surfaces, HRESULT: 0x887A0022
[13128:8484:0912/210108.679:ERROR:ui\gl\angle_platform_impl.cc:48] SwapChain11.cpp:644 (virtual rx::SwapChain11::reset): Device lost in SwapChain11::reset HRESULT: 0x887A0022, reason: HRESULT: 0x00000000
[13128:8484:0912/210108.679:ERROR:ui\gl\egl_util.cc:92] EGL Driver message (Critical) eglCreateWindowSurface: Context lost.
[13128:8484:0912/210108.679:ERROR:ui\gl\gl_surface_egl.cc:436] eglCreateWindowSurface failed with error EGL_CONTEXT_LOST
[18240:11312:0912/210108.679:ERROR:gpu\ipc\client\command_buffer_proxy_impl.cc:285] ContextResult::kTransientFailure: Failed to send GpuControl.CreateCommandBuffer.
[13128:8484:0912/210108.679:ERROR:gpu\command_buffer\service\shared_context_state.cc:1335] SharedContextState context lost via EXT_robustness. Reset status = GL_UNKNOWN_CONTEXT_RESET_KHR
[13128:8484:0912/210108.679:ERROR:components\viz\service\gl\exit_code.cc:13] Restarting GPU process due to unrecoverable error. Context was lost.
[9204:9988:0912/210108.701:ERROR:content\browser\gpu\gpu_process_host.cc:1095] GPU process exited unexpectedly: exit_code=34
[9204:9988:0912/210108.701:WARNING:content\browser\gpu\gpu_process_host.cc:1549] The GPU process has crashed 1 time(s)
[9716:9676:0912/210108.843:ERROR:ui\gl\direct_composition_support.cc:772] DCompositionCreateDevice3 failed: Access is denied. (0x80070005)
[9716:9676:0912/210108.843:VERBOSE1:components\viz\service\main\viz_main_impl.cc:87] VizNullHypothesis is disabled (not a warning)
[9716:15340:0912/210108.843:VERBOSE1:base\allocator\scheduler_loop_quarantine_config.cc:195] No entry found for gpu-process/viz-compositor.
[9204:9988:0912/210108.843:WARNING:content\browser\gpu\gpu_process_host.cc:1117] Reinitialized the GPU process after a crash. The reported initialization time was 138 ms
[16684:10812:0912/210109.078:INFO:third_party\webrtc\rtc_base\cpu_info.cc:77] Available number of cores: 16
[19176:19716:0912/210109.079:INFO:third_party\webrtc\rtc_base\cpu_info.cc:77] Available number of cores: 16
[15632:4604:0912/210109.121:INFO:third_party\webrtc\rtc_base\cpu_info.cc:77] Available number of cores: 16
[11804:2808:0912/210109.258:INFO:third_party\webrtc\rtc_base\cpu_info.cc:77] Available number of cores: 16
[14120:10596:0912/210109.260:INFO:third_party\webrtc\rtc_base\cpu_info.cc:77] Available number of cores: 16
[9204:9988:0912/210109.265:ERROR:content\browser\network_service_instance_impl.cc:670] Network service crashed or was terminated, restarting service.
[9204:9988:0912/210109.276:ERROR:chrome\browser\component_updater\edge_language_detection_model_installer.cc:97] Edge Language Detection Model: On-demand update failed with error: 5
[9204:9988:0912/210109.374:ERROR:chrome\browser\task_manager\providers\fallback_task_provider.cc:126] Every renderer should have at least one task provided by a primary task provider. If a "Renderer" fallback task is shown, it is a bug. If you have repro steps, please file a new bug and tag it as a dependency of crbug.com/40528867.
[9204:9988:0912/210109.375:ERROR:chrome\browser\task_manager\providers\fallback_task_provider.cc:126] Every renderer should have at least one task provided by a primary task provider. If a "Renderer" fallback task is shown, it is a bug. If you have repro steps, please file a new bug and tag it as a dependency of crbug.com/40528867.
[9204:9988:0912/210109.375:ERROR:chrome\browser\task_manager\providers\fallback_task_provider.cc:126] Every renderer should have at least one task provided by a primary task provider. If a "Renderer" fallback task is shown, it is a bug. If you have repro steps, please file a new bug and tag it as a dependency of crbug.com/40528867.
[9204:9988:0912/210109.375:ERROR:chrome\browser\task_manager\providers\fallback_task_provider.cc:126] Every renderer should have at least one task provided by a primary task provider. If a "Renderer" fallback task is shown, it is a bug. If you have repro steps, please file a new bug and tag it as a dependency of crbug.com/40528867.
[9204:9988:0912/210109.375:ERROR:chrome\browser\task_manager\providers\fallback_task_provider.cc:126] Every renderer should have at least one task provided by a primary task provider. If a "Renderer" fallback task is shown, it is a bug. If you have repro steps, please file a new bug and tag it as a dependency of crbug.com/40528867.
[9204:9988:0912/210109.452:INFO:CONSOLE:859] "[vite] connecting...", source: http://127.0.0.1:8080/@vite/client (859)
[9204:9988:0912/210109.500:INFO:CONSOLE:968] "[vite] connected.", source: http://127.0.0.1:8080/@vite/client (968)
[9204:9988:0912/210109.591:INFO:CONSOLE:14336] "%cDownload the React DevTools for a better development experience: https://react.dev/link/react-devtools font-weight:bold", source: http://127.0.0.1:8080/node_modules/.vite/deps/react-dom_client.js?v=88ac10e5 (14336)
[9204:4176:0912/210110.751:ERROR:chrome\browser\edge_aadc\user_age_utils_win.cc:163] couldn't get user2.
[9204:4176:0912/210110.751:ERROR:chrome\browser\edge_aadc\user_age_utils_win.cc:310] couldn't get windows user age group.
[9204:4176:0912/210110.751:ERROR:chrome\browser\edge_aadc\user_age_utils_win.cc:156] callback wasn't called.
