        Info Looking up installed tauri packages to check mismatched versions...
     Running beforeBuildCommand `npm run build:cad && npm run build:desktop`
[build-resources] Dedicated Dans1 build: inherited priority; Rayon workers=16.
(node:10684) [DEP0190] DeprecationWarning: Passing args to a child process with shell option true can lead to security vulnerabilities, as the arguments are not escaped, only concatenated.
(Use `node --trace-deprecation ...` to show where the warning was created)
[33m[33m[INEFFECTIVE_DYNAMIC_IMPORT] [0mnode_modules/three/build/three.module.js is dynamically imported by src/studio/SiteImport.tsx but also statically imported by node_modules/three/examples/jsm/controls/OrbitControls.js, node_modules/three/examples/jsm/loaders/GLTFLoader.js, node_modules/three/examples/jsm/postprocessing/OutputPass.js, node_modules/three/examples/jsm/postprocessing/Pass.js, node_modules/three/examples/jsm/utils/BufferGeometryUtils.js, ..., dynamic import will not move module into another chunk.
[39m
[33m[plugin builtin:vite-reporter] 
(!) Some chunks are larger than 500 kB after minification. Consider:
- Using dynamic import() to code-split the application
- Use build.rolldownOptions.output.codeSplitting to improve chunking: https://rolldown.rs/reference/OutputOptions.codeSplitting
- Adjust chunk size limit for this warning via build.chunkSizeWarningLimit.[39m
[33m[33m[INEFFECTIVE_DYNAMIC_IMPORT] [0mnode_modules/three/examples/jsm/loaders/GLTFLoader.js is dynamically imported by src/studio/SiteImport.tsx but also statically imported by src/studio/FirstPersonArm.ts, dynamic import will not move module into another chunk.
[39m
[33m[33m[INEFFECTIVE_DYNAMIC_IMPORT] [0mnode_modules/three/examples/jsm/controls/OrbitControls.js is dynamically imported by src/studio/SiteImport.tsx but also statically imported by src/studio/FloorConstructionStudio.tsx, src/studio/SourceBuildingViewer.tsx, src/studio/architect/Architect3D.tsx, dynamic import will not move module into another chunk.
[39m
[33m[33m[PLUGIN_TIMINGS] [0mPlugin hooks ran for 2.9s of this 3.4s build (85%).
The slowest hooks, timed inside each callback (the wait before a callback starts is excluded, the time it awaits is included):
  - @tailwindcss/vite:generate:build transform (70%, 2.4s, 37 calls)
  - vite:asset load (69%, 2.4s, 1 call)
These rows add up to more than the total. Callbacks can overlap, so the same time counts for more than one row.
1 hook is listed without a time. Its calls overlapped, so the time inside one call includes work from other calls. To find its cost, profile the build with `node --cpu-prof`:
  - vite:css transform (37 calls)
See https://rolldown.rs/reference/InputOptions.checks#plugintimings for more details.
[39m
   Compiling xray-by-looplet v0.1.0 (C:\Users\danie\XRayBuilds\runs\f978f9103c27\source\src-tauri)
   Compiling xray-engine-host v0.1.0 (C:\Users\danie\XRayBuilds\runs\f978f9103c27\source\engine\host)
    Finished `release` profile [optimized] target(s) in 2m 46s
       Built application at: C:\Users\danie\XRayBuilds\runs\f978f9103c27\source\src-tauri\target\release\xray-by-looplet.exe
        Info Patching C:\Users\danie\XRayBuilds\runs\f978f9103c27\source\src-tauri\target\release\xray-by-looplet.exe with bundle type information: nsis
        Info Target: x64
     Running makensis to produce C:\Users\danie\XRayBuilds\runs\f978f9103c27\source\src-tauri\target\release\bundle\nsis\X-Ray by Looplet_0.1.0_x64-setup.exe
    Finished 1 bundle at:
        C:\Users\danie\XRayBuilds\runs\f978f9103c27\source\src-tauri\target\release\bundle\nsis\X-Ray by Looplet_0.1.0_x64-setup.exe

