✔ stock planning preserves actual full-bay rail cuts, posts, saw kerf and offcuts without combining profiles (45.9979ms)
✔ reviewed cuts fail closed on changed recipes, missing post length, sloping schedules, overrides and overlength (8.2441ms)
✔ stock purchases update mapped quantities after rebuild and suppress the underlying rail charge (16.7777ms)
▶ stockNesting — SC-06 Typesafe JEV Engine
  ✔ uses exact shorter stock and stock ends after a cut without inventing prices (5.4137ms)
  ✔ strictly enforces 5mm kerf deduction and offcut conservation (0.4441ms)
  ✔ classifies offcuts >= 1.20m as Reusable Stock with salvage credit (0.3117ms)
  ✔ accurately tests sharp 1.20m classification boundary (0.491ms)
  ✔ selects minimal stock length among standard supplier options (3.6m, 4.2m, 4.8m, 6.0m) (0.5461ms)
  ✔ guarantees spatial non-overlap and monotonic offset order across all cuts (0.2502ms)
  ✔ throws UnfitCutError when a cut exceeds maximum available stock length (0.609ms)
  ✔ handles empty cut list with zero-state schema compliance (0.1348ms)
  ✔ successfully derives realistic cuts from 3D roof takeoff and solves nesting (2.5271ms)
✔ stockNesting — SC-06 Typesafe JEV Engine (12.3557ms)
✔ no-rate decisions are exclusive, bound to the material and require review after rebuild (19.4098ms)
✔ derived quantities use exact decimals and whole-unit rounding up (0.2534ms)
✔ mapped materials price themselves and a new material commit updates the same lines (4.4579ms)
✔ an unchanged register is a no-op, and removed materials or mappings drop their linked line (2.1387ms)
✔ mappings must point at an active saved rate and stay unique per material (2.4433ms)
✔ JSON handover carries the documented schema, lines and draft status (2.0184ms)
✔ line CSV has import-friendly columns, expiry date and a spreadsheet-formula guard (1.4687ms)
✔ mixed tax bases in one currency retain the per-line tax declaration (0.3884ms)
✔ issued exports identify the issue and frozen price revisions while preserving supplier precision (0.8484ms)
✔ handover files use safe names and the ZIP holds all three (5.5217ms)
✔ email link fills subject and body but attaches nothing itself (0.3303ms)
✔ Gmail link opens Gmail's compose page with the same subject and body (0.294ms)
Warning: UnknownErrorException: Ensure that the `standardFontDataUrl` API parameter is provided.
Warning: UnknownErrorException: Ensure that the `standardFontDataUrl` API parameter is provided.
✔ unpriced materials remain visible, block an unreviewed issue and freeze explicit exclusions in every handover (182.2179ms)
✔ draft totals add tax only when the price book states an exclusive percentage (1.6907ms)
✔ rate display pads cents without rounding away supplier precision (0.1061ms)
✔ an issued snapshot survives new rates, changed quantities and save/reload with its original cents and source (2.7768ms)
✔ storage refuses issue mutation/removal and concurrent updates without replacing saved data (2.1102ms)
✔ a stale or missing material register and missing details refuse the draft (2.346ms)
Warning: UnknownErrorException: Ensure that the `standardFontDataUrl` API parameter is provided.
Warning: UnknownErrorException: Ensure that the `standardFontDataUrl` API parameter is provided.
✔ issued PDF carries the issue time, rate precision and pinned price library revision (13.2471ms)
Warning: UnknownErrorException: Ensure that the `standardFontDataUrl` API parameter is provided.
Warning: UnknownErrorException: Ensure that the `standardFontDataUrl` API parameter is provided.
✔ the PDF is a readable draft carrying the lines, totals and not-sent marking (10.2013ms)
ℹ tests 32
ℹ suites 1
ℹ pass 32
ℹ fail 0
ℹ cancelled 0
ℹ skipped 0
ℹ todo 0
ℹ duration_ms 544.5214
