✓ Done

true

✓ Done

✓ Done

true

✓ Done

true

✓ Done

true

{
  "count": 5,
  "poses": [
    {
      "beat": "scribble",
      "position": [
        -14.419910430908203,
        31.862500190734856,
        12.154999732971191
      ],
      "rotation": [
        0.012093080590063771,
        0.5824000000000001,
        0.011684741446845852
      ]
    },
    {
      "beat": "orbit",
      "position": [
        -11.840759002710785,
        32.01934091493405,
        -9.470614782905908
      ],
      "rotation": [
        0.031600087873260255,
        2.2824,
        0.049689417103684734
      ]
    },
    {
      "beat": "scribble",
      "position": [
        9.33839988708496,
        28.81358588385497,
        -15.2716703414917
      ],
      "rotation": [
        0.054839140615974995,
        3.9824,
        0.0899644616517074
      ]
    },
    {
      "beat": "scribble",
      "position": [
        15.628610053519248,
        31.774999618530273,
        4.656189918518066
      ],
      "rotation": [
        -0.0018139679149942107,
        5.6823999999999995,
        0.003128926809521034
      ]
    },
    {
      "beat": "scribble",
      "position": [
        -9.96244525909434,
        28.950000762939453,
        14.826430320739746
      ],
      "rotation": [
        -0.04248594744320296,
        7.3824,
        -0.06393300520410972
      ]
    }
  ],
  "scribbleSeconds": 0.2,
  "visible": true
}

✓ Screenshot saved to screenshots/growth/pencil-independent-local-low.png

{
  "first": {
    "count": 5,
    "poses": [
      {
        "beat": "scribble",
        "position": [
          -14.419910430908203,
          31.862500190734856,
          12.154999732971191
        ],
        "rotation": [
          0.012093080590063771,
          0.5824000000000001,
          0.011684741446845852
        ]
      },
      {
        "beat": "orbit",
        "position": [
          -11.840759002710785,
          32.01934091493405,
          -9.470614782905908
        ],
        "rotation": [
          0.031600087873260255,
          2.2824,
          0.049689417103684734
        ]
      },
      {
        "beat": "scribble",
        "position": [
          9.33839988708496,
          28.81358588385497,
          -15.2716703414917
        ],
        "rotation": [
          0.054839140615974995,
          3.9824,
          0.0899644616517074
        ]
      },
      {
        "beat": "scribble",
        "position": [
          15.628610053519248,
          31.774999618530273,
          4.656189918518066
        ],
        "rotation": [
          -0.0018139679149942107,
          5.6823999999999995,
          0.003128926809521034
        ]
      },
      {
        "beat": "scribble",
        "position": [
          -9.96244525909434,
          28.950000762939453,
          14.826430320739746
        ],
        "rotation": [
          -0.04248594744320296,
          7.3824,
          -0.06393300520410972
        ]
      }
    ],
    "scribbleSeconds": 0.2,
    "visible": true
  },
  "frames": 72,
  "last": {
    "count": 5,
    "poses": [
      {
        "beat": "orbit",
        "position": [
          -4.455089751259205,
          50.723908661518216,
          -9.890684937132615
        ],
        "rotation": [
          0.01151083290835152,
          0.9897919999980924,
          0.05471783161821299
        ]
      },
      {
        "beat": "orbit",
        "position": [
          16.034492735003383,
          47.104338856893385,
          3.11616364266257
        ],
        "rotation": [
          -0.026254857146273132,
          2.6897919999980924,
          0.02502039526994347
        ]
      },
      {
        "beat": "orbit",
        "position": [
          -8.99050883230761,
          52.593132715728785,
          14.17946540163106
        ],
        "rotation": [
          -0.05397670120840356,
          4.389791999998092,
          -0.021565244577148597
        ]
      },
      {
        "beat": "orbit",
        "position": [
          -9.813499294610985,
          47.160767630198436,
          10.68281609150427
        ],
        "rotation": [
          -0.003144181521649041,
          6.089791999998092,
          -0.023023231825382823
        ]
      },
      {
        "beat": "orbit",
        "position": [
          1.0623388473715476,
          47.06898137094241,
          -14.457362173539734
        ],
        "rotation": [
          0.02519582807912757,
          7.7897919999980925,
          -0.02815619094446776
        ]
      }
    ],
    "scribbleSeconds": 0.2,
    "visible": true
  }
}

✓ Screenshot saved to screenshots/growth/pencil-independent-local-moving.png

null

✓ Screenshot saved to screenshots/growth/pencil-independent-local-high.png

✓ Done

✓ Screenshot saved to screenshots/growth/pencil-independent-local-tablet.png

