true

✓ Done

✓ Done

true

✓ Done

true

✓ Done

true

{
  "count": 5,
  "poses": [
    {
      "beat": "scribble",
      "position": [
        -14.419910430908203,
        31.862500190734856,
        12.154999732971191
      ],
      "rotation": [
        0.012093080590063771,
        0.5824000000000001,
        0.011684741446845852
      ]
    },
    {
      "beat": "orbit",
      "position": [
        -11.840759002710785,
        32.01934091493405,
        -9.470614782905908
      ],
      "rotation": [
        0.031600087873260255,
        2.2824,
        0.049689417103684734
      ]
    },
    {
      "beat": "scribble",
      "position": [
        9.33839988708496,
        28.81358588385497,
        -15.2716703414917
      ],
      "rotation": [
        0.054839140615974995,
        3.9824,
        0.0899644616517074
      ]
    },
    {
      "beat": "scribble",
      "position": [
        15.628610053519248,
        31.774999618530273,
        4.656189918518066
      ],
      "rotation": [
        -0.0018139679149942107,
        5.6823999999999995,
        0.003128926809521034
      ]
    },
    {
      "beat": "scribble",
      "position": [
        -9.96244525909434,
        28.950000762939453,
        14.826430320739746
      ],
      "rotation": [
        -0.04248594744320296,
        7.3824,
        -0.06393300520410972
      ]
    }
  ],
  "scribbleSeconds": 0.2,
  "visible": true
}

✓ Screenshot saved to screenshots/growth/pencil-independent-native-low.png

{
  "first": {
    "count": 5,
    "poses": [
      {
        "beat": "scribble",
        "position": [
          -14.419910430908203,
          31.862500190734856,
          12.154999732971191
        ],
        "rotation": [
          0.012093080590063771,
          0.5824000000000001,
          0.011684741446845852
        ]
      },
      {
        "beat": "orbit",
        "position": [
          -11.840759002710785,
          32.01934091493405,
          -9.470614782905908
        ],
        "rotation": [
          0.031600087873260255,
          2.2824,
          0.049689417103684734
        ]
      },
      {
        "beat": "scribble",
        "position": [
          9.33839988708496,
          28.81358588385497,
          -15.2716703414917
        ],
        "rotation": [
          0.054839140615974995,
          3.9824,
          0.0899644616517074
        ]
      },
      {
        "beat": "scribble",
        "position": [
          15.628610053519248,
          31.774999618530273,
          4.656189918518066
        ],
        "rotation": [
          -0.0018139679149942107,
          5.6823999999999995,
          0.003128926809521034
        ]
      },
      {
        "beat": "scribble",
        "position": [
          -9.96244525909434,
          28.950000762939453,
          14.826430320739746
        ],
        "rotation": [
          -0.04248594744320296,
          7.3824,
          -0.06393300520410972
        ]
      }
    ],
    "scribbleSeconds": 0.2,
    "visible": true
  },
  "frames": 79,
  "last": {
    "count": 5,
    "poses": [
      {
        "beat": "orbit",
        "position": [
          -2.594331430441177,
          51.41028660452806,
          -10.285247495026274
        ],
        "rotation": [
          0.00582409944270166,
          0.997759999999998,
          0.054417921897000766
        ]
      },
      {
        "beat": "orbit",
        "position": [
          15.92293624061934,
          47.27745880250526,
          3.2443119472596056
        ],
        "rotation": [
          -0.014158963960711712,
          2.697759999999998,
          0.02889092736512757
        ]
      },
      {
        "beat": "orbit",
        "position": [
          -9.660436335028807,
          52.77873272614764,
          14.754160261694995
        ],
        "rotation": [
          -0.02289328768220536,
          4.397759999999998,
          -0.036038048798508616
        ]
      },
      {
        "beat": "orbit",
        "position": [
          -9.26178081756686,
          47.81019835173276,
          9.86281403108258
        ],
        "rotation": [
          -0.015277039059341233,
          6.097759999999997,
          -0.07893241337088537
        ]
      },
      {
        "beat": "orbit",
        "position": [
          1.1451654440768335,
          47.26669727307124,
          -14.547691540403308
        ],
        "rotation": [
          0.007996544564479928,
          7.797759999999998,
          -0.03950366925035714
        ]
      }
    ],
    "scribbleSeconds": 0.2,
    "visible": true
  }
}

✓ Screenshot saved to screenshots/growth/pencil-independent-native-moving.png

null

✓ Screenshot saved to screenshots/growth/pencil-independent-native-high.png

✓ Screenshot saved to screenshots/growth/pencil-independent-native-tablet.png

