✓ Done

true

✓ Done

✓ Done

true

✓ Done

true

✓ Done

true

{
  "count": 5,
  "poses": [
    {
      "beat": "scribble",
      "position": [
        -14.419910430908203,
        31.862500190734856,
        12.154999732971191
      ],
      "rotation": [
        0.012093080590063771,
        0.5824000000000001,
        0.011684741446845852
      ]
    },
    {
      "beat": "orbit",
      "position": [
        -11.840759002710785,
        32.01934091493405,
        -9.470614782905908
      ],
      "rotation": [
        0.031600087873260255,
        2.2824,
        0.049689417103684734
      ]
    },
    {
      "beat": "scribble",
      "position": [
        9.33839988708496,
        28.81358588385497,
        -15.2716703414917
      ],
      "rotation": [
        0.054839140615974995,
        3.9824,
        0.0899644616517074
      ]
    },
    {
      "beat": "scribble",
      "position": [
        15.628610053519248,
        31.774999618530273,
        4.656189918518066
      ],
      "rotation": [
        -0.0018139679149942107,
        5.6823999999999995,
        0.003128926809521034
      ]
    },
    {
      "beat": "scribble",
      "position": [
        -9.96244525909434,
        28.950000762939453,
        14.826430320739746
      ],
      "rotation": [
        -0.04248594744320296,
        7.3824,
        -0.06393300520410972
      ]
    }
  ],
  "scribbleSeconds": 0.2,
  "visible": true
}

✓ Screenshot saved to screenshots/growth/pencil-independent-production-low.png

{
  "first": {
    "count": 5,
    "poses": [
      {
        "beat": "scribble",
        "position": [
          -14.419910430908203,
          31.862500190734856,
          12.154999732971191
        ],
        "rotation": [
          0.012093080590063771,
          0.5824000000000001,
          0.011684741446845852
        ]
      },
      {
        "beat": "orbit",
        "position": [
          -11.840759002710785,
          32.01934091493405,
          -9.470614782905908
        ],
        "rotation": [
          0.031600087873260255,
          2.2824,
          0.049689417103684734
        ]
      },
      {
        "beat": "scribble",
        "position": [
          9.33839988708496,
          28.81358588385497,
          -15.2716703414917
        ],
        "rotation": [
          0.054839140615974995,
          3.9824,
          0.0899644616517074
        ]
      },
      {
        "beat": "scribble",
        "position": [
          15.628610053519248,
          31.774999618530273,
          4.656189918518066
        ],
        "rotation": [
          -0.0018139679149942107,
          5.6823999999999995,
          0.003128926809521034
        ]
      },
      {
        "beat": "scribble",
        "position": [
          -9.96244525909434,
          28.950000762939453,
          14.826430320739746
        ],
        "rotation": [
          -0.04248594744320296,
          7.3824,
          -0.06393300520410972
        ]
      }
    ],
    "scribbleSeconds": 0.2,
    "visible": true
  },
  "frames": 76,
  "last": {
    "count": 5,
    "poses": [
      {
        "beat": "orbit",
        "position": [
          -5.276084358332643,
          50.4310908792047,
          -9.698749029966768
        ],
        "rotation": [
          0.014308364764295712,
          0.9864960000038144,
          0.055039227004344174
        ]
      },
      {
        "beat": "orbit",
        "position": [
          16.004273279289073,
          47.065197432070605,
          3.0776904182461062
        ],
        "rotation": [
          -0.020203898806296965,
          2.6864960000038143,
          0.02977786503539209
        ]
      },
      {
        "beat": "orbit",
        "position": [
          -8.727167224391339,
          52.41781625762506,
          14.288684517127647
        ],
        "rotation": [
          -0.07270298231882265,
          4.386496000003814,
          -0.05890128723676527
        ]
      },
      {
        "beat": "orbit",
        "position": [
          -9.810613670462732,
          46.75062689413475,
          10.840979399200354
        ],
        "rotation": [
          -0.048768834968502706,
          6.086496000003814,
          -0.06756456338446444
        ]
      },
      {
        "beat": "orbit",
        "position": [
          0.9853678525718234,
          46.98585882184005,
          -14.528792160451015
        ],
        "rotation": [
          0.015938032567876466,
          7.786496000003814,
          -0.034330517657487375
        ]
      }
    ],
    "scribbleSeconds": 0.2,
    "visible": true
  }
}

✓ Screenshot saved to screenshots/growth/pencil-independent-production-moving.png

null

✓ Screenshot saved to screenshots/growth/pencil-independent-production-high.png

✓ Done

✓ Screenshot saved to screenshots/growth/pencil-independent-production-tablet.png

