[100952:32280:0913/004457.973:WARNING:chrome\browser\extensions\activity_log\activity_log_policy.cc:71] Scheduling init
[100952:32280:0913/004457.973:WARNING:chrome\browser\extensions\activity_log\activity_log_policy.cc:71] Scheduling init
[100044:98460:0913/004458.016:ERROR:ui\gl\direct_composition_support.cc:254] GetGpuDriverOverlayInfo: Failed to retrieve video device
[100044:98460:0913/004458.016:VERBOSE1:components\viz\service\main\viz_main_impl.cc:87] VizNullHypothesis is disabled (not a warning)
[100044:14244:0913/004458.018:VERBOSE1:base\allocator\scheduler_loop_quarantine_config.cc:195] No entry found for gpu-process/viz-compositor.
[14548:30520:0913/004458.076:INFO:third_party\webrtc\rtc_base\cpu_info.cc:77] Available number of cores: 32
[97156:74084:0913/004458.098:INFO:third_party\webrtc\rtc_base\cpu_info.cc:77] Available number of cores: 32
[21648:13924:0913/004458.133:INFO:third_party\webrtc\rtc_base\cpu_info.cc:77] Available number of cores: 32
[100952:32280:0913/004458.140:WARNING:chrome\browser\extensions\external_registry_loader_win.cc:283] Error observing HKLM: 5
[46740:23204:0913/004458.151:INFO:third_party\webrtc\rtc_base\cpu_info.cc:77] Available number of cores: 32
[99712:63352:0913/004458.151:INFO:third_party\webrtc\rtc_base\cpu_info.cc:77] Available number of cores: 32
[70876:6772:0913/004458.153:INFO:third_party\webrtc\rtc_base\cpu_info.cc:77] Available number of cores: 32
[67440:78144:0913/004458.153:INFO:third_party\webrtc\rtc_base\cpu_info.cc:77] Available number of cores: 32
[77932:13372:0913/004458.153:INFO:third_party\webrtc\rtc_base\cpu_info.cc:77] Available number of cores: 32
[62444:30940:0913/004458.155:INFO:third_party\webrtc\rtc_base\cpu_info.cc:77] Available number of cores: 32
[100364:14568:0913/004458.180:INFO:third_party\webrtc\rtc_base\cpu_info.cc:77] Available number of cores: 32
[37692:100700:0913/004458.180:INFO:third_party\webrtc\rtc_base\cpu_info.cc:77] Available number of cores: 32
[26404:53012:0913/004458.224:INFO:third_party\webrtc\rtc_base\cpu_info.cc:77] Available number of cores: 32
[41312:97780:0913/004458.265:INFO:third_party\webrtc\rtc_base\cpu_info.cc:77] Available number of cores: 32
[100952:32280:0913/004458.303:INFO:CONSOLE:5518] "[ProtocolLaunch] handler constructed; wiring port events.", source: chrome-extension://ndcpkimcihhghdcddljkfmmjccdmcmof/background.rollup.js (5518)
[100952:32280:0913/004501.258:ERROR:components\device_event_log\device_event_log_impl.cc:257] [00:45:01.259] USB: usb_service_win.cc:108 SetupDiGetDeviceProperty({{A45C254E-DF1C-4EFD-8020-67D146A850E0}, 6}) failed: Element not found. (0x490)
[3340:98008:0913/004503.326:INFO:third_party\webrtc\rtc_base\cpu_info.cc:77] Available number of cores: 32
[35160:85852:0913/004503.326:INFO:third_party\webrtc\rtc_base\cpu_info.cc:77] Available number of cores: 32
[69584:97940:0913/004503.405:INFO:third_party\webrtc\rtc_base\cpu_info.cc:77] Available number of cores: 32
