http://127.0.0.1:8080/floor-lab

✓ Done

true

✓ Done

null

true

null

true

null

✓ Screenshot saved to screenshots/growth/one-floor-stage-1.png

✓ Done

null

true

null

true

null

✓ Done

null

true

null

true

null

✓ Screenshot saved to screenshots/growth/one-floor-stage-3.png

✓ Done

null

true

null

true

null

✓ Screenshot saved to screenshots/growth/one-floor-stage-4.png

✓ Done

null

true

null

true

null

✓ Done

null

true

null

true

null

✓ Done

null

true

null

true

null

✓ Screenshot saved to screenshots/growth/one-floor-stage-7.png

✓ Done

null

true

null

true

null

✓ Done

null

true

null

true

null

✓ Done

true

✓ Screenshot saved to screenshots/growth/one-floor-complete.png

416

✓ Done

true

null

✓ Screenshot saved to screenshots/growth/one-floor-services.png

✓ Done

"Captured backdrop baseline"

✓ Done

true

null

✓ Done

true

✓ Screenshot saved to screenshots/growth/one-floor-settings.png

✓ Done

true

✓ Done

✓ Done

✓ Screenshot saved to screenshots/growth/one-floor-plan.png

✓ Done

✓ Done

✓ Done

null

✓ Screenshot saved to screenshots/growth/one-floor-tablet.png

✓ Done

✓ Done

true

✓ Done

"0.26653400000000016"

null

