true

✓ Done

✓ Done

true

true

✓ Done

null

true

null

true

null

✓ Screenshot saved to screenshots/growth/one-floor-native-stage-1.png

✓ Done

null

true

null

true

null

✓ Done

null

true

null

true

null

✓ Screenshot saved to screenshots/growth/one-floor-native-stage-3.png

✓ Done

null

true

null

true

null

✓ Screenshot saved to screenshots/growth/one-floor-native-stage-4.png

✓ Done

null

true

null

true

null

✓ Done

null

true

null

true

null

✓ Done

null

true

null

true

null

✓ Screenshot saved to screenshots/growth/one-floor-native-stage-7.png

✓ Done

null

true

null

true

null

✓ Done

null

true

null

true

null

✓ Done

true

✓ Screenshot saved to screenshots/growth/one-floor-native-complete.png

416

✓ Done

true

null

✓ Screenshot saved to screenshots/growth/one-floor-native-services.png

✓ Done

"Captured backdrop baseline"

✓ Done

true

null

✓ Done

true

✓ Screenshot saved to screenshots/growth/one-floor-native-settings.png

✓ Done

true

✓ Done

✓ Done

✓ Screenshot saved to screenshots/growth/one-floor-native-plan.png

✓ Done

✓ Done

✓ Done

true

✓ Done

"0.24997799999999915"

null


✓ Done

true

"Native route return and build identity passed"

