http://127.0.0.1:8095/floor-lab

✓ Done

true

✓ Done

null

true

null

true

null

✓ Screenshot saved to screenshots/growth/one-floor-production-stage-1.png

✓ Done

null

true

null

true

null

✓ Done

null

true

null

true

null

✓ Screenshot saved to screenshots/growth/one-floor-production-stage-3.png

✓ Done

null

true

null

true

null

✓ Screenshot saved to screenshots/growth/one-floor-production-stage-4.png

✓ Done

null

true

null

true

null

✓ Done

null

true

null

true

null

✓ Done

null

true

null

true

null

✓ Screenshot saved to screenshots/growth/one-floor-production-stage-7.png

✓ Done

null

true

null

true

null

✓ Done

null

true

null

true

null

✓ Done

true

✓ Screenshot saved to screenshots/growth/one-floor-production-complete.png

416

✓ Done

true

null

✓ Screenshot saved to screenshots/growth/one-floor-production-services.png

✓ Done

"Captured backdrop baseline"

✓ Done

true

null

✓ Done

true

✓ Screenshot saved to screenshots/growth/one-floor-production-settings.png

✓ Done

true

✓ Done

✓ Done

✓ Screenshot saved to screenshots/growth/one-floor-production-plan.png

✓ Done

✓ Done

✓ Done

null

✓ Screenshot saved to screenshots/growth/one-floor-production-tablet.png

✓ Done

✓ Done

true

✓ Done

"0.250134"

null

