
> tauri:build
> tauri build --bundles nsis


> build:cad
> node scripts/build-cad.mjs

Built local DWG translator: ACadSharp 3.7.1; verified 5 dependency checksums.

> build:desktop
> node scripts/with-app-env.mjs vite build --config vite.config.spa.ts

[36mvite v8.2.2 [32mbuilding client environment for production...[36m[39m
transforming...
✓ 2434 modules transformed.
rendering chunks...
computing gzip size...
dist/index.html                                   0.60 kB │ gzip:   0.35 kB
dist/assets/priceWorkbook.worker-RQzoYbCf.js    468.83 kB
dist/assets/pdf.worker-DTrjDNvb.mjs           2,395.53 kB
dist/assets/index-C9f35fcP.css                  173.22 kB │ gzip:  32.10 kB
dist/assets/pdf.worker-Cumxr82H.js                0.08 kB │ gzip:   0.10 kB
dist/assets/core-CwxXejkd.js                      0.09 kB │ gzip:   0.10 kB
dist/assets/rolldown-runtime-C0FnF6B9.js          1.29 kB │ gzip:   0.71 kB
dist/assets/appTools-CIGr-baq.js                 11.30 kB │ gzip:   4.27 kB
dist/assets/src-SuYvKHvm.js                      17.24 kB │ gzip:   7.31 kB
dist/assets/pdf-DiYmMzqk.js                     487.96 kB │ gzip: 148.27 kB
dist/assets/index-gvk1RJXk.js                 2,643.58 kB │ gzip: 813.28 kB

[32m✓ built in 9.43s[39m
