
> build
> node scripts/with-app-env.mjs vite build && npm run db:migrate

[90m[[90mnitro:vercel[90m][39m [36mi[39m Using [36mnodejs24.x[39m runtime.
[90m[[90mnitro:vercel[90m][39m [36mi[39m Using [36mweb[39m entry format.
[36mvite v8.2.2 [32mbuilding client environment for production...[36m[39m
transforming...
✓ 2457 modules transformed.
rendering chunks...
computing gzip size...
.vercel/output/static/assets/priceWorkbook.worker-RQzoYbCf.js    468.83 kB
.vercel/output/static/assets/pdf.worker-DTrjDNvb.mjs           2,395.53 kB
.vercel/output/static/assets/styles-BOy5urV-.css                  78.94 kB │ gzip:  15.46 kB
.vercel/output/static/assets/routes-CmTn4yCB.css                  91.66 kB │ gzip:  16.92 kB
.vercel/output/static/assets/pdf.worker-C_P5zptD.js                0.06 kB │ gzip:   0.08 kB
.vercel/output/static/assets/store-5HcJL69o.js                     0.06 kB │ gzip:   0.07 kB
.vercel/output/static/assets/core-CwxXejkd.js                      0.09 kB │ gzip:   0.10 kB
.vercel/output/static/assets/rolldown-runtime-C0FnF6B9.js          1.29 kB │ gzip:   0.71 kB
.vercel/output/static/assets/appTools-CzVz8tjI.js                 11.37 kB │ gzip:   4.27 kB
.vercel/output/static/assets/src-SuYvKHvm.js                      17.24 kB │ gzip:   7.31 kB
.vercel/output/static/assets/index-DoJu4huL.js                   412.91 kB │ gzip: 128.12 kB
.vercel/output/static/assets/pdf-BeTsFcuS.js                     487.95 kB │ gzip: 148.26 kB
.vercel/output/static/assets/routes-D8UU4DZI.js                2,274.02 kB │ gzip: 699.44 kB

[32m✓ built in 1.48s[39m
[36mvite v8.2.2 [32mbuilding ssr environment for production...[36m[39m
transforming...
✓ 296 modules transformed.
rendering chunks...
computing gzip size...
node_modules/.nitro/vite/services/ssr/assets/priceWorkbook.worker-RQzoYbCf.js          468.83 kB
node_modules/.nitro/vite/services/ssr/assets/pdf.worker-DTrjDNvb.mjs                 2,395.53 kB
node_modules/.nitro/vite/services/ssr/assets/styles-BOy5urV-.css                        78.94 kB │ gzip:  15.46 kB
node_modules/.nitro/vite/services/ssr/assets/routes-CmTn4yCB.css                        91.66 kB │ gzip:  16.92 kB
node_modules/.nitro/vite/services/ssr/assets/store-C_Pw-YKz.js                           0.07 kB │ gzip:   0.08 kB
node_modules/.nitro/vite/services/ssr/assets/start-5Z2QO8AU.js                           0.14 kB │ gzip:   0.13 kB
node_modules/.nitro/vite/services/ssr/assets/pdf.worker-BjHbYlP1.js                      0.18 kB │ gzip:   0.15 kB
node_modules/.nitro/vite/services/ssr/assets/empty-plugin-adapters-D9UWiqvJ.js           0.22 kB │ gzip:   0.16 kB
node_modules/.nitro/vite/services/ssr/assets/_tanstack-start-manifest_v-CrVFEkl4.js      0.73 kB │ gzip:   0.41 kB
node_modules/.nitro/vite/services/ssr/assets/voice.server-BeF9QHCL.js                    1.85 kB │ gzip:   0.93 kB
node_modules/.nitro/vite/services/ssr/assets/architectAi.server-BcivndcQ.js              2.80 kB │ gzip:   1.37 kB
node_modules/.nitro/vite/services/ssr/assets/voiceCore-DmKU7amn.js                       3.70 kB │ gzip:   1.60 kB
node_modules/.nitro/vite/services/ssr/assets/materialAi.server-C15numTQ.js               4.70 kB │ gzip:   2.13 kB
node_modules/.nitro/vite/services/ssr/assets/contract-20VHVuNA.js                        5.57 kB │ gzip:   2.21 kB
node_modules/.nitro/vite/services/ssr/assets/assistantAi.server-DSAJwzUx.js              6.72 kB │ gzip:   2.50 kB
node_modules/.nitro/vite/services/ssr/assets/aiMaterials-z6TS8lt4.js                     8.21 kB │ gzip:   3.24 kB
node_modules/.nitro/vite/services/ssr/assets/appTools-MaThljjO.js                       16.19 kB │ gzip:   5.00 kB
node_modules/.nitro/vite/services/ssr/assets/router-BmYbbbZa.js                         18.24 kB │ gzip:   5.35 kB
node_modules/.nitro/vite/services/ssr/assets/layoutAi-X2xNYiVq.js                       39.00 kB │ gzip:  11.32 kB
node_modules/.nitro/vite/services/ssr/index.js                                          62.53 kB │ gzip:  15.91 kB
node_modules/.nitro/vite/services/ssr/assets/routes-CntpqTc4.js                      1,464.79 kB │ gzip: 354.09 kB

[32m✓ built in 663ms[39m

[90m[[90mnitro[90m][39m [35mo[39m Building [[35mNitro[39m] [2m(preset: [36mvercel[39m, compatibility: [36m2026-09-08[39m)[22m
[90m[[90mnitro[90m][39m [32m√[39m Generated public [36m.vercel/output/static[39m
[36mvite v8.2.2 [32mbuilding nitro environment for production...[36m[39m
transforming...
✓ 2296 modules transformed.
[36mi[39m Tracing dependencies:
- [36mtslib[39m (1.14.1)
[32m√[39m Traced 1 dependencies (4 files) in 45ms.
[36mi[39m Ensure your production environment matches the builder OS and architecture ([36mwin32-x64[39m) to avoid native module issues.
rendering chunks...
computing gzip size...
.vercel/output/functions/__server.func/_ssr/store-C_Pw-YKz.mjs                        0.07 kB │ gzip:   0.08 kB
.vercel/output/functions/__server.func/_ssr/start-5Z2QO8AU.mjs                        0.14 kB │ gzip:   0.13 kB
.vercel/output/functions/__server.func/_ssr/pdf.worker-BjHbYlP1.mjs                   0.19 kB │ gzip:   0.15 kB
.vercel/output/functions/__server.func/_ssr/empty-plugin-adapters-D9UWiqvJ.mjs        0.23 kB │ gzip:   0.16 kB
.vercel/output/functions/__server.func/_tanstack-start-manifest_v-CrVFEkl4.mjs        0.78 kB │ gzip:   0.44 kB
.vercel/output/functions/__server.func/_chunks/ssr-renderer.mjs                       0.96 kB │ gzip:   0.49 kB
.vercel/output/functions/__server.func/_libs/is-url.mjs                               1.02 kB │ gzip:   0.54 kB
.vercel/output/functions/__server.func/_libs/defu.mjs                                 1.39 kB │ gzip:   0.58 kB
.vercel/output/functions/__server.func/_ssr/voice.server-BeF9QHCL.mjs                 1.89 kB │ gzip:   0.96 kB
.vercel/output/functions/__server.func/_libs/zustand.mjs                              1.91 kB │ gzip:   0.72 kB
.vercel/output/functions/__server.func/_runtime.mjs                                   1.92 kB │ gzip:   0.87 kB
.vercel/output/functions/__server.func/_libs/tauri-apps__api.mjs                      2.41 kB │ gzip:   1.10 kB
.vercel/output/functions/__server.func/_ssr/architectAi.server-BcivndcQ.mjs           2.85 kB │ gzip:   1.41 kB
.vercel/output/functions/__server.func/_ssr/voiceCore-DmKU7amn.mjs                    3.70 kB │ gzip:   1.61 kB
.vercel/output/functions/__server.func/_ssr/materialAi.server-C15numTQ.mjs            4.75 kB │ gzip:   2.17 kB
.vercel/output/functions/__server.func/_libs/nanostores.mjs                           5.50 kB │ gzip:   1.81 kB
.vercel/output/functions/__server.func/_ssr/contract-20VHVuNA.mjs                     5.68 kB │ gzip:   2.30 kB
.vercel/output/functions/__server.func/_ssr/assistantAi.server-DSAJwzUx.mjs           6.77 kB │ gzip:   2.53 kB
.vercel/output/functions/__server.func/_libs/better-auth__core+better-call.mjs        6.98 kB │ gzip:   2.92 kB
.vercel/output/functions/__server.func/_ssr/aiMaterials-z6TS8lt4.mjs                  8.29 kB │ gzip:   3.34 kB
.vercel/output/functions/__server.func/_libs/h3-v2+rou3.mjs                           9.83 kB │ gzip:   3.05 kB
.vercel/output/functions/__server.func/_libs/tanstack__history.mjs                   12.05 kB │ gzip:   3.46 kB
.vercel/output/functions/__server.func/_libs/regenerator-runtime.mjs                 14.59 kB │ gzip:   3.76 kB
.vercel/output/functions/__server.func/_ssr/appTools-MaThljjO.mjs                    16.31 kB │ gzip:   5.07 kB
.vercel/output/functions/__server.func/_ssr/router-BmYbbbZa.mjs                      18.42 kB │ gzip:   5.45 kB
.vercel/output/functions/__server.func/_libs/better-fetch__fetch.mjs                 18.92 kB │ gzip:   5.11 kB
.vercel/output/functions/__server.func/_libs/tesseract.js.mjs                        20.89 kB │ gzip:   5.92 kB
.vercel/output/functions/__server.func/_libs/h3+rou3+srvx.mjs                        22.57 kB │ gzip:   6.12 kB
.vercel/output/functions/__server.func/index.mjs                                     31.72 kB │ gzip:   9.93 kB
.vercel/output/functions/__server.func/_libs/lucide-react.mjs                        36.63 kB │ gzip:   6.96 kB
.vercel/output/functions/__server.func/_ssr/layoutAi-X2xNYiVq.mjs                    38.81 kB │ gzip:  11.40 kB
.vercel/output/functions/__server.func/_libs/pdf-lib__upng.mjs                       45.33 kB │ gzip:  12.02 kB
.vercel/output/functions/__server.func/_libs/polygon-clipping+[...].mjs              51.86 kB │ gzip:  12.75 kB
.vercel/output/functions/__server.func/_libs/dxf-parser+loglevel.mjs                 53.63 kB │ gzip:  11.09 kB
.vercel/output/functions/__server.func/_ssr/ssr.mjs                                  60.83 kB │ gzip:  15.83 kB
.vercel/output/functions/__server.func/_libs/@tanstack/router-core+[...].mjs        122.94 kB │ gzip:  25.89 kB
.vercel/output/functions/__server.func/_libs/pako+pdf-lib__standard-fonts.mjs       241.85 kB │ gzip: 122.20 kB
.vercel/output/functions/__server.func/_libs/node-fetch.mjs                         366.13 kB │ gzip:  85.16 kB
.vercel/output/functions/__server.func/_libs/@modelcontextprotocol/sdk+[...].mjs    579.86 kB │ gzip: 122.66 kB
.vercel/output/functions/__server.func/_libs/pdf-lib.mjs                            606.27 kB │ gzip: 114.51 kB
.vercel/output/functions/__server.func/_libs/@tanstack/react-router+[...].mjs       676.09 kB │ gzip: 142.20 kB
.vercel/output/functions/__server.func/_libs/pdfjs-dist.mjs                         920.22 kB │ gzip: 201.67 kB
.vercel/output/functions/__server.func/_ssr/routes-CntpqTc4.mjs                   1,544.83 kB │ gzip: 356.02 kB
.vercel/output/functions/__server.func/_libs/three.mjs                            1,621.43 kB │ gzip: 329.70 kB

[32m✓ built in 757ms[39m
[36mi[39m Generated [36m.vercel/output/nitro.json[39m

[90m[[90mnitro[90m][39m [32m√[39m You can preview this build using [36mnpx vite preview[39m
[90m[[90mnitro[90m][39m [32m√[39m You can deploy this build using [36mnpx nitro deploy --prebuilt[39m

> db:migrate
> node scripts/migrate.mjs

[migrate] DATABASE_URL not set — skipping (the PGLite fallback migrates itself).
