[49460:25176:0913/003856.329:INFO:components\enterprise\browser\controller\chrome_browser_cloud_management_controller.cc:241] No machine level policy manager exists.
[35464:95008:0913/003856.388:ERROR:ui\gl\direct_composition_support.cc:254] GetGpuDriverOverlayInfo: Failed to retrieve video device
[35464:95008:0913/003856.388:VERBOSE1:components\viz\service\main\viz_main_impl.cc:87] VizNullHypothesis is disabled (not a warning)
[35464:98264:0913/003856.388:VERBOSE1:base\allocator\scheduler_loop_quarantine_config.cc:195] No entry found for gpu-process/viz-compositor.
[40292:45072:0913/003856.420:INFO:third_party\webrtc\rtc_base\cpu_info.cc:77] Available number of cores: 32
[69936:13980:0913/003856.446:INFO:third_party\webrtc\rtc_base\cpu_info.cc:77] Available number of cores: 32
[50908:74652:0913/003856.447:INFO:third_party\webrtc\rtc_base\cpu_info.cc:77] Available number of cores: 32
[49460:25176:0913/003856.466:WARNING:chrome\browser\extensions\external_registry_loader_win.cc:236] Error observing HKLM: Access is denied. (0x5)
[50216:30520:0913/003856.485:INFO:third_party\webrtc\rtc_base\cpu_info.cc:77] Available number of cores: 32
[99132:43564:0913/003856.487:INFO:third_party\webrtc\rtc_base\cpu_info.cc:77] Available number of cores: 32
[97924:98716:0913/003856.557:INFO:third_party\webrtc\rtc_base\cpu_info.cc:77] Available number of cores: 32
[49460:25176:0913/003858.479:ERROR:components\device_event_log\device_event_log_impl.cc:211] [00:38:58.480] USB: usb_service_win.cc:108 SetupDiGetDeviceProperty({{A45C254E-DF1C-4EFD-8020-67D146A850E0}, 6}) failed: Element not found. (0x490)
[32352:27092:0913/003900.892:INFO:third_party\webrtc\rtc_base\cpu_info.cc:77] Available number of cores: 32
[44468:63484:0913/003900.933:INFO:third_party\webrtc\rtc_base\cpu_info.cc:77] Available number of cores: 32
[16124:101372:0913/003901.455:INFO:third_party\webrtc\rtc_base\cpu_info.cc:77] Available number of cores: 32
[49460:98648:0913/003901.914:ERROR:google_apis\gcm\engine\registration_request.cc:291] Registration response error message: DEPRECATED_ENDPOINT
[96784:62952:0913/003901.969:INFO:third_party\webrtc\rtc_base\cpu_info.cc:77] Available number of cores: 32
[68348:53456:0913/003902.482:INFO:third_party\webrtc\rtc_base\cpu_info.cc:77] Available number of cores: 32
[75676:61080:0913/003902.564:INFO:third_party\webrtc\rtc_base\cpu_info.cc:77] Available number of cores: 32
[98172:98020:0913/003902.600:INFO:third_party\webrtc\rtc_base\cpu_info.cc:77] Available number of cores: 32
[46384:97788:0913/003902.733:INFO:third_party\webrtc\rtc_base\cpu_info.cc:77] Available number of cores: 32
[10448:92644:0913/003903.019:INFO:third_party\webrtc\rtc_base\cpu_info.cc:77] Available number of cores: 32
[55488:45004:0913/003903.172:INFO:third_party\webrtc\rtc_base\cpu_info.cc:77] Available number of cores: 32
[30820:66224:0913/003925.036:INFO:third_party\webrtc\rtc_base\cpu_info.cc:77] Available number of cores: 32
