[8064:19980:0914/022217.646:INFO:components\enterprise\browser\controller\chrome_browser_cloud_management_controller.cc:241] No machine level policy manager exists.
[9124:21544:0914/022217.702:ERROR:ui\gl\direct_composition_support.cc:255] GetGpuDriverOverlayInfo: Failed to retrieve video device
[9124:21544:0914/022217.703:VERBOSE1:components\viz\service\main\viz_main_impl.cc:87] VizNullHypothesis is disabled (not a warning)
[9124:19904:0914/022217.703:VERBOSE1:base\allocator\scheduler_loop_quarantine_config.cc:198] No entry found for gpu-process/viz-compositor.
[21644:16612:0914/022217.735:INFO:third_party\webrtc\rtc_base\cpu_info.cc:77] Available number of cores: 16
[22424:14140:0914/022217.765:INFO:third_party\webrtc\rtc_base\cpu_info.cc:77] Available number of cores: 16
[22000:20620:0914/022217.765:INFO:third_party\webrtc\rtc_base\cpu_info.cc:77] Available number of cores: 16
[3792:18332:0914/022217.817:INFO:third_party\webrtc\rtc_base\cpu_info.cc:77] Available number of cores: 16
[21084:21636:0914/022217.820:INFO:third_party\webrtc\rtc_base\cpu_info.cc:77] Available number of cores: 16
[16200:19872:0914/022218.147:INFO:third_party\webrtc\rtc_base\cpu_info.cc:77] Available number of cores: 16
[21804:16784:0914/022218.452:INFO:third_party\webrtc\rtc_base\cpu_info.cc:77] Available number of cores: 16
[1980:15620:0914/022218.477:INFO:third_party\webrtc\rtc_base\cpu_info.cc:77] Available number of cores: 16
[17156:19404:0914/022218.477:INFO:third_party\webrtc\rtc_base\cpu_info.cc:77] Available number of cores: 16
[3076:1348:0914/022218.537:INFO:third_party\webrtc\rtc_base\cpu_info.cc:77] Available number of cores: 16
[15632:10268:0914/022218.669:INFO:third_party\webrtc\rtc_base\cpu_info.cc:77] Available number of cores: 16
[19356:11060:0914/022218.691:INFO:third_party\webrtc\rtc_base\cpu_info.cc:77] Available number of cores: 16
[15636:17076:0914/022218.691:INFO:third_party\webrtc\rtc_base\cpu_info.cc:77] Available number of cores: 16
[8064:19980:0914/022219.451:INFO:CONSOLE:108] "THREE.WebGLShadowMap: PCFSoftShadowMap has been deprecated. Using PCFShadowMap instead.", source: http://127.0.0.1:8081/assets/routes-Cz3ZBpDE.js (108)
[19176:18796:0914/022220.308:INFO:third_party\webrtc\rtc_base\cpu_info.cc:77] Available number of cores: 16
[14592:20736:0914/022220.309:INFO:third_party\webrtc\rtc_base\cpu_info.cc:77] Available number of cores: 16
[15104:7180:0914/022220.429:INFO:third_party\webrtc\rtc_base\cpu_info.cc:77] Available number of cores: 16
[9268:6632:0914/022220.491:INFO:third_party\webrtc\rtc_base\cpu_info.cc:77] Available number of cores: 16
[18468:13364:0914/022220.550:INFO:third_party\webrtc\rtc_base\cpu_info.cc:77] Available number of cores: 16
[6332:10544:0914/022220.635:INFO:third_party\webrtc\rtc_base\cpu_info.cc:77] Available number of cores: 16
[11400:10952:0914/022220.689:INFO:third_party\webrtc\rtc_base\cpu_info.cc:77] Available number of cores: 16
[3012:11192:0914/022220.696:INFO:third_party\webrtc\rtc_base\cpu_info.cc:77] Available number of cores: 16
[17016:19080:0914/022220.729:INFO:third_party\webrtc\rtc_base\cpu_info.cc:77] Available number of cores: 16
[21052:11648:0914/022220.804:INFO:third_party\webrtc\rtc_base\cpu_info.cc:77] Available number of cores: 16
[3728:16552:0914/022220.807:INFO:third_party\webrtc\rtc_base\cpu_info.cc:77] Available number of cores: 16
[4724:3184:0914/022220.940:INFO:third_party\webrtc\rtc_base\cpu_info.cc:77] Available number of cores: 16
[8064:20712:0914/022221.152:ERROR:google_apis\gcm\engine\registration_request.cc:291] Registration response error message: DEPRECATED_ENDPOINT
