✓ X-Ray by Looplet
  http://tauri.localhost/

true

✓ Done

✓ Done

true

✓ Done

true

✓ Done

true

{
  "count": 5,
  "poses": [
    {
      "beat": "scribble",
      "position": [
        -18.654509544372463,
        31.950000762939453,
        7.658100128173828
      ],
      "rotation": [
        0.012093080590063771,
        0.5824000000000001,
        0.011684741446845852
      ]
    },
    {
      "beat": "scribble",
      "position": [
        -12.888059609818066,
        29.024999618530273,
        -8.887941327227288
      ],
      "rotation": [
        0.05395239981407596,
        2.2824,
        0.08220282256376239
      ]
    },
    {
      "beat": "scribble",
      "position": [
        9.33839988708496,
        28.858144777185963,
        -15.2716703414917
      ],
      "rotation": [
        0.02290005761665919,
        3.9824,
        0.03756790008258589
      ]
    },
    {
      "beat": "orbit",
      "position": [
        16.020627556447877,
        29.03804724532207,
        5.041671240200962
      ],
      "rotation": [
        -0.0011210938259681958,
        5.6823999999999995,
        0.0019337831165947563
      ]
    },
    {
      "beat": "orbit",
      "position": [
        -1.516683269532994,
        29.19016552438124,
        15.586959845854986
      ],
      "rotation": [
        -0.03004210154222444,
        7.3824,
        -0.04520746152146137
      ]
    }
  ],
  "scribbleSeconds": 0.2,
  "visible": true
}

✓ Screenshot saved to screenshots/growth/cinematic-pencils-native-low.png

{
  "first": {
    "count": 5,
    "poses": [
      {
        "beat": "scribble",
        "position": [
          -18.654509544372463,
          31.950000762939453,
          7.658100128173828
        ],
        "rotation": [
          0.012093080590063771,
          0.5824000000000001,
          0.011684741446845852
        ]
      },
      {
        "beat": "scribble",
        "position": [
          -12.888059609818066,
          29.024999618530273,
          -8.887941327227288
        ],
        "rotation": [
          0.05395239981407596,
          2.2824,
          0.08220282256376239
        ]
      },
      {
        "beat": "scribble",
        "position": [
          9.33839988708496,
          28.858144777185963,
          -15.2716703414917
        ],
        "rotation": [
          0.02290005761665919,
          3.9824,
          0.03756790008258589
        ]
      },
      {
        "beat": "orbit",
        "position": [
          16.020627556447877,
          29.03804724532207,
          5.041671240200962
        ],
        "rotation": [
          -0.0011210938259681958,
          5.6823999999999995,
          0.0019337831165947563
        ]
      },
      {
        "beat": "orbit",
        "position": [
          -1.516683269532994,
          29.19016552438124,
          15.586959845854986
        ],
        "rotation": [
          -0.03004210154222444,
          7.3824,
          -0.04520746152146137
        ]
      }
    ],
    "scribbleSeconds": 0.2,
    "visible": true
  },
  "frames": 77,
  "last": {
    "count": 5,
    "poses": [
      {
        "beat": "orbit",
        "position": [
          7.9031344017143486,
          51.40827993475427,
          -13.22837122861497
        ],
        "rotation": [
          0.00539115072790585,
          0.9982400000000002,
          0.05411735945283068
        ]
      },
      {
        "beat": "orbit",
        "position": [
          11.617236061412994,
          52.264659246883205,
          5.394684227739303
        ],
        "rotation": [
          -0.026187151118233665,
          2.69824,
          0.020981674620711138
        ]
      },
      {
        "beat": "orbit",
        "position": [
          -1.776005854588105,
          52.219017335839055,
          17.51044130813136
        ],
        "rotation": [
          -0.03368910699450401,
          4.39824,
          -0.03144446509574018
        ]
      },
      {
        "beat": "orbit",
        "position": [
          -14.035415921627074,
          53.08881238932694,
          6.485287557523756
        ],
        "rotation": [
          -0.010217453265304322,
          6.09824,
          -0.05496070861674844
        ]
      },
      {
        "beat": "orbit",
        "position": [
          -8.93451163053042,
          51.477237995407854,
          -12.397694993883372
        ],
        "rotation": [
          0.022648079875816254,
          7.79824,
          -0.027946330099812056
        ]
      }
    ],
    "scribbleSeconds": 0.2,
    "visible": true
  }
}

✓ Screenshot saved to screenshots/growth/cinematic-pencils-native-moving.png

null

✓ Screenshot saved to screenshots/growth/cinematic-pencils-native-high.png

