✓ Done

true

✓ Done

true

{
  "count": 5,
  "poses": [
    {
      "beat": "scribble",
      "position": [
        -18.654509544372463,
        31.950000762939453,
        7.658100128173828
      ],
      "rotation": [
        0.012093080590063771,
        0.5824000000000001,
        0.011684741446845852
      ]
    },
    {
      "beat": "scribble",
      "position": [
        -12.888059609818066,
        29.024999618530273,
        -8.887941327227288
      ],
      "rotation": [
        0.05395239981407596,
        2.2824,
        0.08220282256376239
      ]
    },
    {
      "beat": "scribble",
      "position": [
        9.33839988708496,
        28.858144777185963,
        -15.2716703414917
      ],
      "rotation": [
        0.02290005761665919,
        3.9824,
        0.03756790008258589
      ]
    },
    {
      "beat": "orbit",
      "position": [
        16.020627556447877,
        29.03804724532207,
        5.041671240200962
      ],
      "rotation": [
        -0.0011210938259681958,
        5.6823999999999995,
        0.0019337831165947563
      ]
    },
    {
      "beat": "orbit",
      "position": [
        -1.516683269532994,
        29.19016552438124,
        15.586959845854986
      ],
      "rotation": [
        -0.03004210154222444,
        7.3824,
        -0.04520746152146137
      ]
    }
  ],
  "scribbleSeconds": 0.2,
  "visible": true
}

✓ Screenshot saved to screenshots/growth/cinematic-pencils-production-low.png

{
  "first": {
    "count": 5,
    "poses": [
      {
        "beat": "scribble",
        "position": [
          -18.654509544372463,
          31.950000762939453,
          7.658100128173828
        ],
        "rotation": [
          0.012093080590063771,
          0.5824000000000001,
          0.011684741446845852
        ]
      },
      {
        "beat": "scribble",
        "position": [
          -12.888059609818066,
          29.024999618530273,
          -8.887941327227288
        ],
        "rotation": [
          0.05395239981407596,
          2.2824,
          0.08220282256376239
        ]
      },
      {
        "beat": "scribble",
        "position": [
          9.33839988708496,
          28.858144777185963,
          -15.2716703414917
        ],
        "rotation": [
          0.02290005761665919,
          3.9824,
          0.03756790008258589
        ]
      },
      {
        "beat": "orbit",
        "position": [
          16.020627556447877,
          29.03804724532207,
          5.041671240200962
        ],
        "rotation": [
          -0.0011210938259681958,
          5.6823999999999995,
          0.0019337831165947563
        ]
      },
      {
        "beat": "orbit",
        "position": [
          -1.516683269532994,
          29.19016552438124,
          15.586959845854986
        ],
        "rotation": [
          -0.03004210154222444,
          7.3824,
          -0.04520746152146137
        ]
      }
    ],
    "scribbleSeconds": 0.2,
    "visible": true
  },
  "frames": 76,
  "last": {
    "count": 5,
    "poses": [
      {
        "beat": "orbit",
        "position": [
          4.844736045082869,
          50.112880057056245,
          -14.265461113491185
        ],
        "rotation": [
          0.01603636308021731,
          0.9835519999980922,
          0.05472194726462522
        ]
      },
      {
        "beat": "orbit",
        "position": [
          12.429695804398005,
          51.07920285577021,
          2.18385030289245
        ],
        "rotation": [
          -0.017513718407401707,
          2.683551999998092,
          0.03421421626012579
        ]
      },
      {
        "beat": "orbit",
        "position": [
          1.6298535857055134,
          50.85346485627111,
          17.845673006935634
        ],
        "rotation": [
          -0.03496176795990616,
          4.383551999998092,
          -0.01774990738699089
        ]
      },
      {
        "beat": "orbit",
        "position": [
          -12.897802477158749,
          51.910532820847614,
          8.06905018805777
        ],
        "rotation": [
          -0.020266129284526584,
          6.083551999998091,
          -0.0533948480404
        ]
      },
      {
        "beat": "orbit",
        "position": [
          -10.46202559480698,
          50.7086488669545,
          -10.696144062940862
        ],
        "rotation": [
          0.013062095193003066,
          7.783551999998092,
          -0.03994881164842319
        ]
      }
    ],
    "scribbleSeconds": 0.2,
    "visible": true
  }
}

✓ Screenshot saved to screenshots/growth/cinematic-pencils-production-moving.png

null

✓ Screenshot saved to screenshots/growth/cinematic-pencils-production-high.png

✓ Done

✓ Screenshot saved to screenshots/growth/cinematic-pencils-production-tablet.png

