    Finished `test` profile [unoptimized + debuginfo] target(s) in 0.43s
     Running unittests src\lib.rs (src-tauri\target\debug\deps\xray_by_looplet_lib-ee7898a57140c83d.exe)

running 24 tests
test tests::transport_br_020_bom_ipc_errors_are_typed_redacted_and_schema_safe ... ok
test tests::source_format_detector_accepts_bounded_complete_signatures ... ok
test tests::transport_br_019_bom_ipc_cancel_all_covers_window_close_and_app_shutdown_hook ... ok
test tests::transport_br_021_bom_status_is_truthful_without_probing_production ... ok
System.Management.Automation.RemoteException
thread 'tokio-rt-worker' (97008) panicked at src\lib.rs:781:13:
deliberate hermetic runner panic
test tests::bom_ipc_enforces_frozen_request_and_source_bounds_before_runner ... ok
note: run with `RUST_BACKTRACE=1` environment variable to display a backtrace
test tests::bom_ipc_success_has_the_exact_outer_transport_envelope ... ok
test tests::transport_br_019_panicked_worker_is_typed_and_removed_from_active_registry ... ok
test tests::transport_br_024_032_kernel_domain_response_remains_distinct_from_transport_error ... ok
test tests::rejects_directory_even_when_its_name_has_a_plan_extension ... ok
test tests::bom_ipc_rejects_untrusted_registry_keys_without_calling_runner ... ok
test tests::rejects_unsupported_extension ... ok
test tests::bom_ipc_rejects_malformed_or_empty_source_bytes_before_runner ... ok
test tests::transport_br_023_bom_ipc_rehashes_source_bytes_and_rejects_mismatch_before_runner ... ok
test tests::transport_br_023_import_then_changed_file_is_rejected_before_bom_runner ... ok
test tests::transport_br_007_bom_ipc_preserves_exact_request_bytes_and_source_binding ... ok
test tests::bom_ipc_rejects_content_kind_and_filename_kind_mismatch_before_runner ... ok
test tests::transport_br_005_011_015_typed_host_failures_survive_ipc_without_domain_collapse ... ok
test tests::transport_br_022_bom_ipc_rejects_bad_pdf_dxf_and_svg_content_before_runner ... ok
test tests::rejects_empty_file ... ok
test tests::reads_supported_plan_and_builds_payload ... ok
test tests::transport_br_024_import_and_bom_are_separate_commands_and_null_fails_closed ... ok
test tests::transport_br_014_async_command_keeps_runtime_heartbeat_live_while_runner_is_pending ... ok
test tests::transport_br_012_031_bom_ipc_cancellation_is_keyed_and_concurrent_requests_are_isolated ... ok
test tests::rejects_file_over_limit_without_reading_it ... ok

test result: ok. 24 passed; 0 failed; 0 ignored; 0 measured; 0 filtered out; finished in 0.01s

     Running unittests src\main.rs (src-tauri\target\debug\deps\xray_by_looplet-37b810f1d627944d.exe)

running 0 tests

test result: ok. 0 passed; 0 failed; 0 ignored; 0 measured; 0 filtered out; finished in 0.00s

   Doc-tests xray_by_looplet_lib

running 0 tests

test result: ok. 0 passed; 0 failed; 0 ignored; 0 measured; 0 filtered out; finished in 0.00s
