cargo.exe :     Finished `test` profile [unoptimized + debuginfo] target(s) in 0.08s
At line:2 char:15
+ ... ullOutput = & 'C:\Users\danie\.rustup\toolchains\stable-x86_64-pc-win ...
+                 ~~~~~~~~~~~~~~~~~~~~~~~~~~~~~~~~~~~~~~~~~~~~~~~~~~~~~~~~~
    + CategoryInfo          : NotSpecified: (    Finished `t...get(s) in 0.08s:String) [], RemoteException
    + FullyQualifiedErrorId : NativeCommandError

     Running unittests src\lib.rs (engine\host\target\debug\deps\xray_engine_host-af5e9228b5d9ed4a.exe)

running 35 tests
test tests::transport_br_034_035_paths_and_python_fallback_disabled ... ok
test tests::transport_fixture_process ... ignored
test tests::transport_br_015_errors_are_closed_safe_objects ... ok
test tests::transport_br_021_status_truthful_without_config_no_path ... ok
test tests::transport_br_020_diagnostics_bounded_and_controls_removed ... ok
test tests::transport_br_023_source_bytes_are_rehashed_before_runner_selection ... ok
test tests::transport_limits_are_frozen_and_printed ... ok
test tests::transport_br_008_009_010_bounded_stream_boundaries ... ok
test tests::transport_br_005_006_007_identity_and_source_binding_exact ... ok
test tests::transport_br_004_input_digest_verified_before_spawn ... ok
test tests::transport_br_032_valid_domain_error_remains_a_bom_response ... ok
test tests::transport_br_001_request_version_is_exact_and_br_002_unknown_fields_are_rejected ... ok
test tests::transport_br_003_response_rejects_unknown_fields_and_br_033_forbidden_fields ... ok
test tests::transport_br_017_result_link_is_rejected_where_platform_supports_links ... ok
test tests::transport_br_034_child_arguments_expose_only_owned_transport_handles ... ok
test windows_security_tests::transport_br_018_windows_scratch_has_current_owner_and_private_protected_dacl ... ok
test tests::transport_br_017_only_exact_regular_result_identity ... ok
test tests::transport_br_018_019_scratch_permissions_identity_and_guard_cleanup ... ok
test tests::transport_br_001_contract_rejects_malformed_or_impossible_date_times ... ok
test tests::transport_br_021_status_probe_is_bounded_and_actually_launches ... ok
test tests::transport_br_004_and_008_invalid_or_oversize_request_never_spawns ... ok
test tests::transport_br_009_exact_response_boundary_preserves_valid_response ... ok
test tests::transport_br_012_cancellation_is_distinct_and_cleans_scratch ... ok
test tests::transport_br_010_stderr_at_exact_limit_preserves_valid_result ... ok
test tests::transport_br_019_spawn_failure_removes_scratch_without_masking_primary_error ... ok
test windows_security_tests::transport_br_017_windows_junction_result_traversal_is_rejected ... ok
test tests::transport_br_019_030_031_success_is_exact_repeatable_and_isolated ... ok
test tests::transport_br_009_010_process_output_overflow_is_typed_and_cleaned ... ok
test tests::transport_br_009_exact_streamed_stdout_boundary_is_direct ... ok
test tests::transport_br_016_017_019_result_failures_are_closed_and_cleaned ... ok
test tests::transport_br_008_slow_stdin_honours_cancellation_and_cleans_scratch ... ok
test tests::transport_br_008_slow_stdin_honours_deadline_and_cleans_scratch ... ok
test tests::transport_br_015_019_terminal_path_error_and_cleanup_table ... ok
test tests::transport_br_011_timeout_terminates_process_and_cleans_scratch ... ok
test tests::transport_br_013_timeout_cancel_and_overflow_terminate_descendants ... ok

test result: ok. 34 passed; 0 failed; 1 ignored; 0 measured; 0 filtered out; finished in 1.20s

     Running unittests src\main.rs (engine\host\target\debug\deps\xray_engine-638a8498610b66d3.exe)

running 0 tests

test result: ok. 0 passed; 0 failed; 0 ignored; 0 measured; 0 filtered out; finished in 0.00s

   Doc-tests xray_engine_host

running 0 tests

test result: ok. 0 passed; 0 failed; 0 ignored; 0 measured; 0 filtered out; finished in 0.00s
