▶ SC-07H BOM panel states
  ✔ distinguishes no recipe from a confirmed recipe that is ready to compile (6.0015ms)
  ✔ keeps browser-only generation explicitly unavailable (0.5729ms)
  ✔ requires explicit confirmation for every unresolved recipe assumption (0.4404ms)
  ✔ renders compiling state with a cancellable pending build (0.4281ms)
  ✔ separates transport failure from domain issues and offers the correct recovery (0.7223ms)
  ✔ renders a current result with quantity, calculation, confidence and complete lineage (6.4326ms)
  ✔ retains a stale snapshot but warns that it is not current (7.5268ms)
  ✔ keeps stale regeneration unavailable in a browser-only host (10.0767ms)
  ✔ does not make commercial, pricing, tax or handoff claims (8.3657ms)
✔ SC-07H BOM panel states (41.4141ms)
▶ SC-07F BOM persistence adapter
  ✔ saves, reloads and clears exact validated bytes under a versioned job key (25.6187ms)
  ✔ uses collision-safe job-specific keys (0.3705ms)
  ✔ never falls back to fabricated state for corrupt, unknown or cross-job bytes (4.6806ms)
  ✔ validates before touching storage (3.8839ms)
  ✔ restores the exact previous bytes when setItem mutates and then throws (2.7168ms)
  ✔ removes a partially-created key when the first write fails (2.6906ms)
  ✔ restores cleared bytes when removeItem mutates and then throws (2.7324ms)
  ✔ reports when even rollback cannot preserve previous bytes (1.6745ms)
  ✔ fails closed when storage is unavailable or throws on read (2.5495ms)
✔ SC-07F BOM persistence adapter (48.3678ms)
▶ SC-07F durable BOM state
  ✔ commits a successful response with every immutable binding atomically (23.99ms)
  ✔ rejects stale request identities and expected job revisions without changing state (2.3854ms)
  ✔ rejects every mismatched success binding without a partial commit (3.6579ms)
  ✔ records source, recipe, ruleset and job invalidation reasons deterministically (1.2327ms)
  ✔ cancels an obsolete pending build so out-of-order completion cannot win (1.4127ms)
  ✔ lets the newest request identity win regardless of callback completion order (1.2962ms)
  ✔ retains and marks the last snapshot stale when a bound source changes (2.2074ms)
  ✔ marks an existing snapshot stale atomically when a changed request begins (2.1688ms)
  ✔ preserves the previous snapshot across domain, transport and contract failures (5.1342ms)
  ✔ rejects null or wrong domain-failure digests against an active bound request (2.9571ms)
  ✔ round-trips the full validated envelope and fails closed on migrations or unknown fields (2.9121ms)
✔ SC-07F durable BOM state (50.6961ms)
▶ studio durable BOM integration
  ✔ begins and atomically commits only the response bound to the active job revision (25.3123ms)
  ✔ marks the retained snapshot stale as soon as the job revision changes (5.1897ms)
  ✔ retains but invalidates the snapshot when recipe decisions change (2.2414ms)
  ✔ rejects a late completion after the active job changes (1.7324ms)
  ✔ refuses to start a request compiled from a stale job or source (1.9447ms)
✔ studio durable BOM integration (37.4644ms)
▶ Tauri BOM adapter
  ✔ passes the exact inspected source bytes beside the request JSON (0.9612ms)
  ✔ uses the exact status command and fails before invoking when already aborted (0.4309ms)
  ✔ sends targeted cancellation while the matching invocation is pending (1.7028ms)
  ✔ BR-012 BR-031 keeps concurrent cancellation keyed to only the matching request (1.9822ms)
  ✔ rejects an invalid request id without calling Tauri (0.2578ms)
  ✔ BR-024 keeps BOM invocation on its own command and rejects null or absent results (25.0748ms)
✔ Tauri BOM adapter (31.4401ms)
✔ BR-001 BR-002 BR-004 rejects wrong schema, unknown fields, and changed input before invoking the adapter (28.3555ms)
✔ BR-005 BR-006 BR-007 validates exact request, digest, document, job, recipe, and ruleset identity (14.7294ms)
✔ BR-005 response_request_id_must_match rejects both outer and inner correlation mismatches (2.632ms)
✔ BR-007 source_bindings_round_trip rejects every changed immutable binding field (7.6631ms)
✔ BR-003 BR-015 BR-016 BR-020 validates a closed, strict, sanitised transport envelope (6.539ms)
✔ BR-015 typed_error_parser_is_exhaustive and preserves each valid IPC error distinctly (9.2495ms)
✔ BR-020 error_ui_does_not_render_sensitive_detail rejects every unsafe IPC detail class (4.1703ms)
✔ BR-008 accepts exact request-byte boundary and rejects boundary-minus-one before invocation (1.6496ms)
✔ BR-009 accepts exact response-byte boundary and rejects boundary-plus-one (2.1152ms)
✔ BR-011 timeout aborts the adapter and returns a typed timeout (24.1874ms)
✔ BR-012 cancellation is distinct from timeout and aborts the adapter (1.3635ms)
✔ BR-012 BR-028 cancellation wins over a late success while current-binding validation is pending (1.9748ms)
✔ BR-011 timeout wins promptly while current-binding validation is pending (11.8074ms)
✔ BR-014 pending invocation does not block the event-loop heartbeat (15.3878ms)
✔ BR-021 BR-025 BR-026 runtime status and web behavior are truthful (1.8677ms)
✔ BR-023 BR-028 BR-031 stale source hook rejects a valid old completion (1.4913ms)
✔ BR-024 BR-032 preserves a valid kernel-domain failure inside a successful transport (1.8467ms)
✔ BR-030 retry changes request identity but keeps canonical digest and source binding (1.4397ms)
✔ BR-033 BR-034 rejects commercial and path fields before the fake adapter runs (1.4917ms)
✔ BR-033 transport_payload_rejects_forbidden_commercial_fields at nested request and response boundaries (4.4823ms)
✔ BR-035 transport tests use only an injected in-memory adapter (1.2533ms)
▶ truthful workbench host detection
  ✔ reports only an active Tauri bridge as desktop-capable (0.4545ms)
  ✔ BR-025 does not advertise the dormant legacy Electron runTakeoff bridge (0.0824ms)
✔ truthful workbench host detection (1.1472ms)
ℹ tests 63
ℹ suites 6
ℹ pass 63
ℹ fail 0
ℹ cancelled 0
ℹ skipped 0
ℹ todo 0
ℹ duration_ms 398.7916
