{
  "generated": "dashboard-refresh.scenario.json",
  "operations": 105,
  "screenshots": 11,
  "expectedCounts": {
    "slices": 20,
    "sliceCounts": {
      "done": 10,
      "partial": 1,
      "blocked": 0,
      "pending": 9
    },
    "requirements": 375,
    "azCounts": {
      "verified": 6,
      "partial": 110,
      "dependency-blocked": 19,
      "gap": 239,
      "failed": 1
    },
    "proofs": 60,
    "machineGate": {
      "passing": 1951,
      "total": 1951,
      "suites": "unknown",
      "tsc": "exit-0"
    }
  },
  "sourceHashes": {
    "XRAY-PRODUCTION-CLOSEOUT-LEDGER.md": "ca9a38ab571f566337efa9026afd668861e0c686aaad160edd069d797a7eab67",
    "PROFESSIONAL-A-Z-CHECKLIST.md": "5730e34e5c1cd1d8ec44137eb1ecbd54a392c06645473deb3aea24c14a3dc9bc",
    "dashboard-curated-images.json": "170ea23bdd08c481b85761a4f3e2751738e00d64aa12f1bc024087b897c30589",
    "scripts/build-full-dashboard.mjs": "817c2ca76f6f5ffd3a194b91b8ba1b89f8cf0bf1e8be8e76ef7b771e561e73d9"
  }
}
