null

✓ Done

true

✓ Done

✓ Done

true

true

{
  "settledAtFrame": 1042
}

true

{
  "actualCamera": {
    "capture": "drag",
    "mode": "walk",
    "pitch": 0,
    "position": [
      4.499999999999998,
      1.65,
      2.990164118705035
    ],
    "speed": 0,
    "yaw": 0
  },
  "mode": "walk",
  "ready": true,
  "selector": "canvas[aria-label=\"Live architectural 3D model\"]"
}

{
  "previous": {
    "capture": "drag",
    "mode": "walk",
    "pitch": 0,
    "position": [
      4.499999999999998,
      1.65,
      2.990164118705035
    ],
    "speed": 0,
    "yaw": 0
  },
  "requestedYawChange": 0.45
}

true

✓ Screenshot saved to screenshots/growth/nav-architect-production-denied-walk-before.png

{
  "before": {
    "capture": "drag",
    "mode": "walk",
    "pitch": 0,
    "position": [
      4.499999999999998,
      1.65,
      2.990164118705035
    ],
    "speed": 0,
    "yaw": 0.45
  },
  "code": "KeyW"
}

true

{
  "observed": {
    "capture": "drag",
    "mode": "walk",
    "pitch": 0,
    "position": [
      4.429731288456881,
      1.65,
      2.844696828234897
    ],
    "speed": 1.1905591217070373,
    "yaw": 0.45
  },
  "released": "KeyW"
}

true

{
  "after": {
    "capture": "drag",
    "mode": "walk",
    "pitch": 0,
    "position": [
      4.3306841174748,
      1.65,
      2.6396535981102813
    ],
    "speed": 0.00320809828155778,
    "yaw": 0.45
  },
  "before": {
    "capture": "drag",
    "mode": "walk",
    "pitch": 0,
    "position": [
      4.499999999999998,
      1.65,
      2.990164118705035
    ],
    "speed": 0,
    "yaw": 0.45
  },
  "code": "KeyW",
  "delta": [
    -0.1693158825251979,
    0,
    -0.35051052059475385
  ],
  "distance": 0.3892627558897614,
  "horizontalForwardDot": 0.3892627558897614,
  "rightDot": 1.7763568394002505e-15,
  "signedCameraDot": 0.3892627558897614
}

{
  "before": {
    "capture": "drag",
    "mode": "walk",
    "pitch": 0,
    "position": [
      4.3306841174748,
      1.65,
      2.6396535981102813
    ],
    "speed": 0.00320809828155778,
    "yaw": 0.45
  },
  "code": "KeyS"
}

true

{
  "observed": {
    "capture": "drag",
    "mode": "walk",
    "pitch": 0,
    "position": [
      4.400829791620995,
      1.65,
      2.7848661818074616
    ],
    "speed": 1.1897781165799504,
    "yaw": 0.45
  },
  "released": "KeyS"
}

true

{
  "after": {
    "capture": "drag",
    "mode": "walk",
    "pitch": 0,
    "position": [
      4.499812564608517,
      1.65,
      2.98977609794959
    ],
    "speed": 0.003204391177380862,
    "yaw": 0.45
  },
  "before": {
    "capture": "drag",
    "mode": "walk",
    "pitch": 0,
    "position": [
      4.3306841174748,
      1.65,
      2.6396535981102813
    ],
    "speed": 0.00320809828155778,
    "yaw": 0.45
  },
  "code": "KeyS",
  "delta": [
    0.16912844713371644,
    0,
    0.3501224998393093
  ],
  "distance": 0.3888318357897017,
  "horizontalForwardDot": -0.3888318357897016,
  "rightDot": -1.4432899320127037e-15,
  "signedCameraDot": 0.3888318357897016
}

{
  "before": {
    "capture": "drag",
    "mode": "walk",
    "pitch": 0,
    "position": [
      4.499812564608517,
      1.65,
      2.98977609794959
    ],
    "speed": 0.003204391177380862,
    "yaw": 0.45
  },
  "code": "KeyA"
}

true

{
  "observed": {
    "capture": "drag",
    "mode": "walk",
    "pitch": 0,
    "position": [
      4.35452508583619,
      1.65,
      3.060409373885637
    ],
    "speed": 1.1905596160497702,
    "yaw": 0.45
  },
  "released": "KeyA"
}

true

{
  "after": {
    "capture": "drag",
    "mode": "walk",
    "pitch": 0,
    "position": [
      4.149621129122816,
      1.65,
      3.159619666186255
    ],
    "speed": 0.003487477659206199,
    "yaw": 0.45
  },
  "before": {
    "capture": "drag",
    "mode": "walk",
    "pitch": 0,
    "position": [
      4.499812564608517,
      1.65,
      2.98977609794959
    ],
    "speed": 0.003204391177380862,
    "yaw": 0.45
  },
  "code": "KeyA",
  "delta": [
    -0.35019143548570053,
    0,
    0.16984356823666413
  ],
  "distance": 0.3892054459522605,
  "horizontalForwardDot": -0.0006139440947272035,
  "rightDot": -0.3892049617252412,
  "signedCameraDot": 0.3892049617252412
}

{
  "before": {
    "capture": "drag",
    "mode": "walk",
    "pitch": 0,
    "position": [
      4.149621129122816,
      1.65,
      3.159619666186255
    ],
    "speed": 0.003487477659206199,
    "yaw": 0.45
  },
  "code": "KeyD"
}

true

{
  "observed": {
    "capture": "drag",
    "mode": "walk",
    "pitch": 0,
    "position": [
      4.294805602619323,
      1.65,
      3.0894880186266884
    ],
    "speed": 1.1896835725807513,
    "yaw": 0.45
  },
  "released": "KeyD"
}

true

{
  "after": {
    "capture": "drag",
    "mode": "walk",
    "pitch": 0,
    "position": [
      4.499411710466987,
      1.65,
      2.9906522299021283
    ],
    "speed": 0.00485953447050893,
    "yaw": 0.45
  },
  "before": {
    "capture": "drag",
    "mode": "walk",
    "pitch": 0,
    "position": [
      4.149621129122816,
      1.65,
      3.159619666186255
    ],
    "speed": 0.003487477659206199,
    "yaw": 0.45
  },
  "code": "KeyD",
  "delta": [
    0.3497905813441706,
    0,
    -0.16896743628412647
  ],
  "distance": 0.3884629265728239,
  "horizontalForwardDot": -6.086474426680866e-7,
  "rightDot": 0.3884629265723471,
  "signedCameraDot": 0.3884629265723471
}

✓ Screenshot saved to screenshots/growth/nav-architect-production-denied-walk-moved.png

{
  "keysReleased": true,
  "movements": [
    {
      "after": {
        "capture": "drag",
        "mode": "walk",
        "pitch": 0,
        "position": [
          4.3306841174748,
          1.65,
          2.6396535981102813
        ],
        "speed": 0.00320809828155778,
        "yaw": 0.45
      },
      "before": {
        "capture": "drag",
        "mode": "walk",
        "pitch": 0,
        "position": [
          4.499999999999998,
          1.65,
          2.990164118705035
        ],
        "speed": 0,
        "yaw": 0.45
      },
      "code": "KeyW",
      "delta": [
        -0.1693158825251979,
        0,
        -0.35051052059475385
      ],
      "distance": 0.3892627558897614,
      "horizontalForwardDot": 0.3892627558897614,
      "rightDot": 1.7763568394002505e-15,
      "signedCameraDot": 0.3892627558897614
    },
    {
      "after": {
        "capture": "drag",
        "mode": "walk",
        "pitch": 0,
        "position": [
          4.499812564608517,
          1.65,
          2.98977609794959
        ],
        "speed": 0.003204391177380862,
        "yaw": 0.45
      },
      "before": {
        "capture": "drag",
        "mode": "walk",
        "pitch": 0,
        "position": [
          4.3306841174748,
          1.65,
          2.6396535981102813
        ],
        "speed": 0.00320809828155778,
        "yaw": 0.45
      },
      "code": "KeyS",
      "delta": [
        0.16912844713371644,
        0,
        0.3501224998393093
      ],
      "distance": 0.3888318357897017,
      "horizontalForwardDot": -0.3888318357897016,
      "rightDot": -1.4432899320127037e-15,
      "signedCameraDot": 0.3888318357897016
    },
    {
      "after": {
        "capture": "drag",
        "mode": "walk",
        "pitch": 0,
        "position": [
          4.149621129122816,
          1.65,
          3.159619666186255
        ],
        "speed": 0.003487477659206199,
        "yaw": 0.45
      },
      "before": {
        "capture": "drag",
        "mode": "walk",
        "pitch": 0,
        "position": [
          4.499812564608517,
          1.65,
          2.98977609794959
        ],
        "speed": 0.003204391177380862,
        "yaw": 0.45
      },
      "code": "KeyA",
      "delta": [
        -0.35019143548570053,
        0,
        0.16984356823666413
      ],
      "distance": 0.3892054459522605,
      "horizontalForwardDot": -0.0006139440947272035,
      "rightDot": -0.3892049617252412,
      "signedCameraDot": 0.3892049617252412
    },
    {
      "after": {
        "capture": "drag",
        "mode": "walk",
        "pitch": 0,
        "position": [
          4.499411710466987,
          1.65,
          2.9906522299021283
        ],
        "speed": 0.00485953447050893,
        "yaw": 0.45
      },
      "before": {
        "capture": "drag",
        "mode": "walk",
        "pitch": 0,
        "position": [
          4.149621129122816,
          1.65,
          3.159619666186255
        ],
        "speed": 0.003487477659206199,
        "yaw": 0.45
      },
      "code": "KeyD",
      "delta": [
        0.3497905813441706,
        0,
        -0.16896743628412647
      ],
      "distance": 0.3884629265728239,
      "horizontalForwardDot": -6.086474426680866e-7,
      "rightDot": 0.3884629265723471,
      "signedCameraDot": 0.3884629265723471
    }
  ]
}

true

✓ Screenshot saved to screenshots/growth/nav-architect-production-denied-walk-escaped.png


null

✓ Done

true

null

✓ Done

true

✓ Screenshot saved to screenshots/growth/nav-architect-production-rapid-reentry.png

{
  "exit": "orbit",
  "rapidReentry": "locked"
}

