✓ Done

null

✓ Done

true

null

true

{
  "caption": "WASD move · drag to look · Capture mouse for free look · Shift faster · Esc or Orbit to exit · Space/Ctrl altitude",
  "fallback": "Capture mouse"
}

✓ Screenshot saved to screenshots/growth/nav-architect-production-capture-refused.png

✓ Done

true

true

{
  "settledAtFrame": 714
}

true

{
  "actualCamera": {
    "capture": "drag",
    "mode": "fly",
    "pitch": 0,
    "position": [
      12.636000043153762,
      1.8963203877210617,
      13.19550004899502
    ],
    "speed": 0,
    "yaw": 0.9735197002783952
  },
  "mode": "fly",
  "ready": true,
  "selector": "canvas[aria-label=\"Live architectural 3D model\"]"
}

{
  "capture": "drag",
  "mode": "fly",
  "pitch": 0,
  "position": [
    12.636000043153762,
    1.8963203877210617,
    13.19550004899502
  ],
  "speed": 0,
  "yaw": 0.9735197002783952
}

true

✓ Screenshot saved to screenshots/growth/nav-architect-production-denied-before.png

{
  "before": {
    "capture": "drag",
    "mode": "fly",
    "pitch": 0,
    "position": [
      12.636000043153762,
      1.8963203877210617,
      13.19550004899502
    ],
    "speed": 0,
    "yaw": 0.9735197002783952
  },
  "code": "KeyW"
}

true

{
  "observed": {
    "capture": "drag",
    "mode": "fly",
    "pitch": 0,
    "position": [
      12.326788712091288,
      1.8963203877210617,
      12.98519113601262
    ],
    "speed": 4.820903919016249,
    "yaw": 0.9735197002783952
  },
  "released": "KeyW"
}

true

{
  "after": {
    "capture": "drag",
    "mode": "fly",
    "pitch": 0,
    "position": [
      11.960642650969676,
      1.8963203877210617,
      12.736158282518272
    ],
    "speed": 0.00225627838695984,
    "yaw": 0.9735197002783952
  },
  "before": {
    "capture": "drag",
    "mode": "fly",
    "pitch": 0,
    "position": [
      12.636000043153762,
      1.8963203877210617,
      13.19550004899502
    ],
    "speed": 0,
    "yaw": 0.9735197002783952
  },
  "code": "KeyW",
  "delta": [
    -0.6753573921840879,
    0,
    -0.4593417664767472
  ],
  "distance": 0.8167634085876219,
  "horizontalForwardDot": 0.8167634085876218,
  "rightDot": -1.7208456881689926e-15,
  "signedCameraDot": 0.8167634085876218
}

{
  "before": {
    "capture": "drag",
    "mode": "fly",
    "pitch": 0,
    "position": [
      11.960642650969676,
      1.8963203877210617,
      12.736158282518272
    ],
    "speed": 0.00225627838695984,
    "yaw": 0.9735197002783952
  },
  "code": "KeyS"
}

true

{
  "observed": {
    "capture": "drag",
    "mode": "fly",
    "pitch": 0,
    "position": [
      12.203119357378815,
      1.8963203877210617,
      12.90107789388321
    ],
    "speed": 4.424013873367782,
    "yaw": 0.9735197002783952
  },
  "released": "KeyS"
}

true

{
  "after": {
    "capture": "drag",
    "mode": "fly",
    "pitch": 0,
    "position": [
      12.539111446254028,
      1.8963203877210617,
      13.129601637625818
    ],
    "speed": 0.0020684565045373396,
    "yaw": 0.9735197002783952
  },
  "before": {
    "capture": "drag",
    "mode": "fly",
    "pitch": 0,
    "position": [
      11.960642650969676,
      1.8963203877210617,
      12.736158282518272
    ],
    "speed": 0.00225627838695984,
    "yaw": 0.9735197002783952
  },
  "code": "KeyS",
  "delta": [
    0.578468795284353,
    0,
    0.39344335510754647
  ],
  "distance": 0.6995883223696732,
  "horizontalForwardDot": -0.699588322369673,
  "rightDot": 1.4432899320127037e-15,
  "signedCameraDot": 0.699588322369673
}

{
  "before": {
    "capture": "drag",
    "mode": "fly",
    "pitch": 0,
    "position": [
      12.539111446254028,
      1.8963203877210617,
      13.129601637625818
    ],
    "speed": 0.0020684565045373396,
    "yaw": 0.9735197002783952
  },
  "code": "KeyA"
}

true

{
  "observed": {
    "capture": "drag",
    "mode": "fly",
    "pitch": 0,
    "position": [
      12.374228965530692,
      1.8963203877210617,
      13.372237411274456
    ],
    "speed": 4.424843977229746,
    "yaw": 0.9735197002783952
  },
  "released": "KeyA"
}

true

{
  "after": {
    "capture": "drag",
    "mode": "fly",
    "pitch": 0,
    "position": [
      12.1456910082669,
      1.8963203877210617,
      13.708374689783758
    ],
    "speed": 0.0020729864508515026,
    "yaw": 0.9735197002783952
  },
  "before": {
    "capture": "drag",
    "mode": "fly",
    "pitch": 0,
    "position": [
      12.539111446254028,
      1.8963203877210617,
      13.129601637625818
    ],
    "speed": 0.0020684565045373396,
    "yaw": 0.9735197002783952
  },
  "code": "KeyA",
  "delta": [
    -0.3934204379871282,
    0,
    0.5787730521579402
  ],
  "distance": 0.6998270407252076,
  "horizontalForwardDot": -0.00019006132599386216,
  "rightDot": -0.6998270149164677,
  "signedCameraDot": 0.6998270149164677
}

{
  "before": {
    "capture": "drag",
    "mode": "fly",
    "pitch": 0,
    "position": [
      12.1456910082669,
      1.8963203877210617,
      13.708374689783758
    ],
    "speed": 0.0020729864508515026,
    "yaw": 0.9735197002783952
  },
  "code": "KeyD"
}

true

{
  "observed": {
    "capture": "drag",
    "mode": "fly",
    "pitch": 0,
    "position": [
      12.35587944467417,
      1.8963203877210617,
      13.39934053218919
    ],
    "speed": 4.820258599504224,
    "yaw": 0.9735197002783952
  },
  "released": "KeyD"
}

true

{
  "after": {
    "capture": "drag",
    "mode": "fly",
    "pitch": 0,
    "position": [
      12.604868541531363,
      1.8963203877210617,
      13.033258823355398
    ],
    "speed": 0.002663345014285951,
    "yaw": 0.9735197002783952
  },
  "before": {
    "capture": "drag",
    "mode": "fly",
    "pitch": 0,
    "position": [
      12.1456910082669,
      1.8963203877210617,
      13.708374689783758
    ],
    "speed": 0.0020729864508515026,
    "yaw": 0.9735197002783952
  },
  "code": "KeyD",
  "delta": [
    0.4591775332644641,
    0,
    -0.6751158664283601
  ],
  "distance": 0.8164713345599792,
  "horizontalForwardDot": -3.275529536495014e-8,
  "rightDot": 0.8164713345599786,
  "signedCameraDot": 0.8164713345599786
}

✓ Screenshot saved to screenshots/growth/nav-architect-production-denied-moved.png

{
  "keysReleased": true,
  "movements": [
    {
      "after": {
        "capture": "drag",
        "mode": "fly",
        "pitch": 0,
        "position": [
          11.960642650969676,
          1.8963203877210617,
          12.736158282518272
        ],
        "speed": 0.00225627838695984,
        "yaw": 0.9735197002783952
      },
      "before": {
        "capture": "drag",
        "mode": "fly",
        "pitch": 0,
        "position": [
          12.636000043153762,
          1.8963203877210617,
          13.19550004899502
        ],
        "speed": 0,
        "yaw": 0.9735197002783952
      },
      "code": "KeyW",
      "delta": [
        -0.6753573921840879,
        0,
        -0.4593417664767472
      ],
      "distance": 0.8167634085876219,
      "horizontalForwardDot": 0.8167634085876218,
      "rightDot": -1.7208456881689926e-15,
      "signedCameraDot": 0.8167634085876218
    },
    {
      "after": {
        "capture": "drag",
        "mode": "fly",
        "pitch": 0,
        "position": [
          12.539111446254028,
          1.8963203877210617,
          13.129601637625818
        ],
        "speed": 0.0020684565045373396,
        "yaw": 0.9735197002783952
      },
      "before": {
        "capture": "drag",
        "mode": "fly",
        "pitch": 0,
        "position": [
          11.960642650969676,
          1.8963203877210617,
          12.736158282518272
        ],
        "speed": 0.00225627838695984,
        "yaw": 0.9735197002783952
      },
      "code": "KeyS",
      "delta": [
        0.578468795284353,
        0,
        0.39344335510754647
      ],
      "distance": 0.6995883223696732,
      "horizontalForwardDot": -0.699588322369673,
      "rightDot": 1.4432899320127037e-15,
      "signedCameraDot": 0.699588322369673
    },
    {
      "after": {
        "capture": "drag",
        "mode": "fly",
        "pitch": 0,
        "position": [
          12.1456910082669,
          1.8963203877210617,
          13.708374689783758
        ],
        "speed": 0.0020729864508515026,
        "yaw": 0.9735197002783952
      },
      "before": {
        "capture": "drag",
        "mode": "fly",
        "pitch": 0,
        "position": [
          12.539111446254028,
          1.8963203877210617,
          13.129601637625818
        ],
        "speed": 0.0020684565045373396,
        "yaw": 0.9735197002783952
      },
      "code": "KeyA",
      "delta": [
        -0.3934204379871282,
        0,
        0.5787730521579402
      ],
      "distance": 0.6998270407252076,
      "horizontalForwardDot": -0.00019006132599386216,
      "rightDot": -0.6998270149164677,
      "signedCameraDot": 0.6998270149164677
    },
    {
      "after": {
        "capture": "drag",
        "mode": "fly",
        "pitch": 0,
        "position": [
          12.604868541531363,
          1.8963203877210617,
          13.033258823355398
        ],
        "speed": 0.002663345014285951,
        "yaw": 0.9735197002783952
      },
      "before": {
        "capture": "drag",
        "mode": "fly",
        "pitch": 0,
        "position": [
          12.1456910082669,
          1.8963203877210617,
          13.708374689783758
        ],
        "speed": 0.0020729864508515026,
        "yaw": 0.9735197002783952
      },
      "code": "KeyD",
      "delta": [
        0.4591775332644641,
        0,
        -0.6751158664283601
      ],
      "distance": 0.8164713345599792,
      "horizontalForwardDot": -3.275529536495014e-8,
      "rightDot": 0.8164713345599786,
      "signedCameraDot": 0.8164713345599786
    }
  ]
}

true

✓ Screenshot saved to screenshots/growth/nav-architect-production-denied-escaped.png


"Real pointer lock restored"
