✓ Done

true

✓ Done

✓ Screenshot saved to screenshots/growth/nav-architect-production-walk-placement.png

✓ Done

true

{
  "settledAtFrame": 343
}

true

{
  "actualCamera": {
    "capture": "locked",
    "mode": "walk",
    "pitch": 0,
    "position": [
      4.499999999999998,
      1.65,
      2.990164118705035
    ],
    "speed": 0,
    "yaw": 0
  },
  "mode": "walk",
  "ready": true,
  "selector": "canvas[aria-label=\"Live architectural 3D model\"]"
}

{
  "previous": {
    "capture": "locked",
    "mode": "walk",
    "pitch": 0,
    "position": [
      4.499999999999998,
      1.65,
      2.990164118705035
    ],
    "speed": 0,
    "yaw": 0
  },
  "requestedYawChange": 0.45
}

true

✓ Screenshot saved to screenshots/growth/nav-architect-production-walk-before.png

{
  "before": {
    "capture": "locked",
    "mode": "walk",
    "pitch": 0,
    "position": [
      4.499999999999998,
      1.65,
      2.990164118705035
    ],
    "speed": 0,
    "yaw": 0.45
  },
  "code": "KeyW"
}

true

{
  "observed": {
    "capture": "locked",
    "mode": "walk",
    "pitch": 0,
    "position": [
      4.427546104863323,
      1.65,
      2.8401731543329007
    ],
    "speed": 1.203522247631102,
    "yaw": 0.45
  },
  "released": "KeyW"
}

true

{
  "after": {
    "capture": "locked",
    "mode": "walk",
    "pitch": 0,
    "position": [
      4.327420453940371,
      1.65,
      2.632897301019675
    ],
    "speed": 0.003243028913092468,
    "yaw": 0.45
  },
  "before": {
    "capture": "locked",
    "mode": "walk",
    "pitch": 0,
    "position": [
      4.499999999999998,
      1.65,
      2.990164118705035
    ],
    "speed": 0,
    "yaw": 0.45
  },
  "code": "KeyW",
  "delta": [
    -0.17257954605962755,
    0,
    -0.3572668176853604
  ],
  "distance": 0.3967660251800444,
  "horizontalForwardDot": 0.3967660251800445,
  "rightDot": 3.3306690738754696e-16,
  "signedCameraDot": 0.3967660251800445
}

{
  "before": {
    "capture": "locked",
    "mode": "walk",
    "pitch": 0,
    "position": [
      4.327420453940371,
      1.65,
      2.632897301019675
    ],
    "speed": 0.003243028913092468,
    "yaw": 0.45
  },
  "code": "KeyS"
}

true

{
  "observed": {
    "capture": "locked",
    "mode": "walk",
    "pitch": 0,
    "position": [
      4.3975113294730805,
      1.65,
      2.7779964429637594
    ],
    "speed": 1.189461102601968,
    "yaw": 0.45
  },
  "released": "KeyS"
}

true

{
  "after": {
    "capture": "locked",
    "mode": "walk",
    "pitch": 0,
    "position": [
      4.4964650860730035,
      1.65,
      2.9828462906175095
    ],
    "speed": 0.003200335437691676,
    "yaw": 0.45
  },
  "before": {
    "capture": "locked",
    "mode": "walk",
    "pitch": 0,
    "position": [
      4.327420453940371,
      1.65,
      2.632897301019675
    ],
    "speed": 0.003243028913092468,
    "yaw": 0.45
  },
  "code": "KeyS",
  "delta": [
    0.16904463213263288,
    0,
    0.3499489895978347
  ],
  "distance": 0.3886391423588244,
  "horizontalForwardDot": -0.3886391423588244,
  "rightDot": -4.0523140398818206e-15,
  "signedCameraDot": 0.3886391423588244
}

{
  "before": {
    "capture": "locked",
    "mode": "walk",
    "pitch": 0,
    "position": [
      4.496486353355124,
      1.65,
      2.982890317238145
    ],
    "speed": 0.0029454323915468084,
    "yaw": 0.45
  },
  "code": "KeyA"
}

true

{
  "observed": {
    "capture": "locked",
    "mode": "walk",
    "pitch": 0,
    "position": [
      4.351181620702639,
      1.65,
      3.053495440566356
    ],
    "speed": 1.190559539367559,
    "yaw": 0.45
  },
  "released": "KeyA"
}

true

{
  "after": {
    "capture": "locked",
    "mode": "walk",
    "pitch": 0,
    "position": [
      4.146226291629362,
      1.65,
      3.1527119747786623
    ],
    "speed": 0.003208099406992022,
    "yaw": 0.45
  },
  "before": {
    "capture": "locked",
    "mode": "walk",
    "pitch": 0,
    "position": [
      4.496486353355124,
      1.65,
      2.982890317238145
    ],
    "speed": 0.0029454323915468084,
    "yaw": 0.45
  },
  "code": "KeyA",
  "delta": [
    -0.35026006172576185,
    0,
    0.16982165754051737
  ],
  "distance": 0.3892576347484314,
  "horizontalForwardDot": -0.0005643646227090071,
  "rightDot": -0.3892572256265976,
  "signedCameraDot": 0.3892572256265976
}

{
  "before": {
    "capture": "locked",
    "mode": "walk",
    "pitch": 0,
    "position": [
      4.146226291629362,
      1.65,
      3.1527119747786623
    ],
    "speed": 0.003208099406992022,
    "yaw": 0.45
  },
  "code": "KeyD"
}

true

{
  "observed": {
    "capture": "locked",
    "mode": "walk",
    "pitch": 0,
    "position": [
      4.29144423494488,
      1.65,
      3.0825640902866094
    ],
    "speed": 1.1897781165803083,
    "yaw": 0.45
  },
  "released": "KeyD"
}

true

{
  "after": {
    "capture": "locked",
    "mode": "walk",
    "pitch": 0,
    "position": [
      4.496066437451969,
      1.65,
      2.983720491721162
    ],
    "speed": 0.004859920656993912,
    "yaw": 0.45
  },
  "before": {
    "capture": "locked",
    "mode": "walk",
    "pitch": 0,
    "position": [
      4.146226291629362,
      1.65,
      3.1527119747786623
    ],
    "speed": 0.003208099406992022,
    "yaw": 0.45
  },
  "code": "KeyD",
  "delta": [
    0.3498401458226068,
    0,
    -0.16899148305750034
  ],
  "distance": 0.38851801628129967,
  "horizontalForwardDot": -5.14639873161471e-7,
  "rightDot": 0.3885180162809588,
  "signedCameraDot": 0.3885180162809588
}

✓ Screenshot saved to screenshots/growth/nav-architect-production-walk-moved.png

{
  "keysReleased": true,
  "movements": [
    {
      "after": {
        "capture": "locked",
        "mode": "walk",
        "pitch": 0,
        "position": [
          4.327420453940371,
          1.65,
          2.632897301019675
        ],
        "speed": 0.003243028913092468,
        "yaw": 0.45
      },
      "before": {
        "capture": "locked",
        "mode": "walk",
        "pitch": 0,
        "position": [
          4.499999999999998,
          1.65,
          2.990164118705035
        ],
        "speed": 0,
        "yaw": 0.45
      },
      "code": "KeyW",
      "delta": [
        -0.17257954605962755,
        0,
        -0.3572668176853604
      ],
      "distance": 0.3967660251800444,
      "horizontalForwardDot": 0.3967660251800445,
      "rightDot": 3.3306690738754696e-16,
      "signedCameraDot": 0.3967660251800445
    },
    {
      "after": {
        "capture": "locked",
        "mode": "walk",
        "pitch": 0,
        "position": [
          4.4964650860730035,
          1.65,
          2.9828462906175095
        ],
        "speed": 0.003200335437691676,
        "yaw": 0.45
      },
      "before": {
        "capture": "locked",
        "mode": "walk",
        "pitch": 0,
        "position": [
          4.327420453940371,
          1.65,
          2.632897301019675
        ],
        "speed": 0.003243028913092468,
        "yaw": 0.45
      },
      "code": "KeyS",
      "delta": [
        0.16904463213263288,
        0,
        0.3499489895978347
      ],
      "distance": 0.3886391423588244,
      "horizontalForwardDot": -0.3886391423588244,
      "rightDot": -4.0523140398818206e-15,
      "signedCameraDot": 0.3886391423588244
    },
    {
      "after": {
        "capture": "locked",
        "mode": "walk",
        "pitch": 0,
        "position": [
          4.146226291629362,
          1.65,
          3.1527119747786623
        ],
        "speed": 0.003208099406992022,
        "yaw": 0.45
      },
      "before": {
        "capture": "locked",
        "mode": "walk",
        "pitch": 0,
        "position": [
          4.496486353355124,
          1.65,
          2.982890317238145
        ],
        "speed": 0.0029454323915468084,
        "yaw": 0.45
      },
      "code": "KeyA",
      "delta": [
        -0.35026006172576185,
        0,
        0.16982165754051737
      ],
      "distance": 0.3892576347484314,
      "horizontalForwardDot": -0.0005643646227090071,
      "rightDot": -0.3892572256265976,
      "signedCameraDot": 0.3892572256265976
    },
    {
      "after": {
        "capture": "locked",
        "mode": "walk",
        "pitch": 0,
        "position": [
          4.496066437451969,
          1.65,
          2.983720491721162
        ],
        "speed": 0.004859920656993912,
        "yaw": 0.45
      },
      "before": {
        "capture": "locked",
        "mode": "walk",
        "pitch": 0,
        "position": [
          4.146226291629362,
          1.65,
          3.1527119747786623
        ],
        "speed": 0.003208099406992022,
        "yaw": 0.45
      },
      "code": "KeyD",
      "delta": [
        0.3498401458226068,
        0,
        -0.16899148305750034
      ],
      "distance": 0.38851801628129967,
      "horizontalForwardDot": -5.14639873161471e-7,
      "rightDot": 0.3885180162809588,
      "signedCameraDot": 0.3885180162809588
    }
  ]
}

true

✓ Screenshot saved to screenshots/growth/nav-architect-production-walk-escaped.png

