[agent-browser] launched browser
✓ X-Ray by Looplet
  http://127.0.0.1:8091/

✓ Done

true

"clicked Design"

✓ Done

"clicked Architectural workspace"

true

"clicked Drawing sheets"

true

"opened issue set"

"clicked Select all sheets"

"purpose set to For tender"

"clicked Review issue"

true

"clicked Export issue PDF"

true

"arranged view for Rev A"

"{\"count\":1,\"firstCardText\":\"Rev A · For tender 2026-09-12 · 1 sheet CURRENT View register Inspect layout\"}"

✓ Screenshot saved to screenshots/growth/2026-09-12-d09-revisions/01-issue-rev-a-current.png

"revision B committed: B"

true

"purpose set to For construction"

"clicked Review issue"

true

"clicked Export issue PDF"

true

"[\"Rev A · For tender 2026-09-12 · 1 sheet SUPERSEDED  Superseded by Rev B on 2026-09-12.  View register Inspect layout\",\"Rev B · For construction 2026-09-12 · 1 sheet CURRENT View register Inspect layout\"]"

✓ Screenshot saved to screenshots/growth/2026-09-12-d09-revisions/02-rev-a-superseded-by-rev-b.png

"clicked Inspect layout on Rev A"

true

"{\"bannerText\":\"SUPERSEDED REVISION Rev A (\\\"For tender\\\") was superseded by Rev B on 2026-09-12. Return to live design\",\"hasWatermark\":true}"

✓ Screenshot saved to screenshots/growth/2026-09-12-d09-revisions/03-inspecting-superseded-revision.png

"clicked Return to live design"

true
