▶ callTool failure memo
  ✔ replays an identical failure within the memo window without refetching (2.898ms)
  ✔ keys by token identity so a reminted token shares the memo entry (0.6243ms)
  ✔ sweeps expired entries on write so unique keys do not accumulate (0.9848ms)
  ✔ never memoizes login-required 401s (0.6248ms)
✔ callTool failure memo (5.8682ms)
▶ callTool
  ✔ resolves ok:false for non-serializable args instead of rejecting (0.3796ms)
✔ callTool (0.4751ms)
▶ isLoginRequired
  ✔ is true only for login-required failures (0.1327ms)
✔ isLoginRequired (0.2153ms)
▶ redirectToLoginIfRequired
  ✔ no-ops when login is not required (0.2339ms)
  ✔ navigates to the server-built loginUrl in the browser (0.1229ms)
  ✔ opens a new tab instead of navigating when framed (0.0975ms)
  ✔ falls back to navigation when framed and the popup is blocked (0.1137ms)
  ✔ returns false when the result has no loginUrl (0.0962ms)
  ✔ returns false on the server (no window) (0.053ms)
✔ redirectToLoginIfRequired (0.9089ms)
▶ classifyCallToolError
  ✔ returns null for successful results (0.0997ms)
  ✔ classifies login-required before message matching (0.0432ms)
  ✔ classifies not_connected and failed_precondition (0.0517ms)
  ✔ classifies scope_denied without claiming a missing grant (0.0483ms)
  ✔ classifies access_denied (0.0273ms)
  ✔ falls back to a generic error with the raw message (0.0368ms)
✔ classifyCallToolError (0.397ms)
✔ layout provider emits the live-verified JSON MIME enum and bounded request; validates source binding (16.5107ms)
✔ layout provider rejects disabled, oversized, failed and incomplete responses (0.9969ms)
▶ verifyGateIdentityToken
  ✔ returns the identity for a valid token (7.1258ms)
  ✔ omits optional claims as nulls (1.9399ms)
  ✔ rejects a wrong audience (1.0484ms)
  ✔ rejects a wrong issuer (0.7713ms)
  ✔ rejects an expired token (0.9371ms)
  ✔ rejects a token without exp (0.5944ms)
  ✔ rejects a token signed by a different key with the same kid (0.6393ms)
  ✔ refetches the JWKS when the kid rotates (1.1467ms)
✔ verifyGateIdentityToken (15.2422ms)
▶ gateIdentityFromHeaders
  ✔ verifies the header token end to end and fails closed without it (15.2102ms)
  ✔ activates on a deployed-shaped request without GROK_GATE_ORIGIN (1.1596ms)
  ✔ verifies a preview-audience token with no gate env vars via the loopback default (2.3043ms)
  ✔ rejects a wrong-issuer token in the loopback default mode (1.2824ms)
  ✔ verifies a preview-audience token when only GROK_GATE_ORIGIN is set (0.7844ms)
  ✔ rejects a preview-audience token when GROK_PROJECT_ID is set (0.6492ms)
  ✔ rejects an app-audience token in preview mode (0.717ms)
✔ gateIdentityFromHeaders (22.5526ms)
▶ gateIdentityEnabled
  ✔ is enabled by default with no gate env vars (0.0933ms)
  ✔ is disabled when VITE_AUTH_ENABLED is false (0.0608ms)
✔ gateIdentityEnabled (0.2055ms)
▶ gateTokenAudience
  ✔ pins app:<id> when GROK_PROJECT_ID is set, even alongside GROK_GATE_ORIGIN (0.0692ms)
  ✔ pins preview when GROK_PROJECT_ID is unset (0.0517ms)
✔ gateTokenAudience (0.1616ms)
▶ gateIdentityUserInfo
  ✔ falls back to a synthetic email and name for sub-only claims (0.0801ms)
  ✔ keeps real claims, lowercasing the email and marking it verified (0.0444ms)
✔ gateIdentityUserInfo (0.1639ms)
▶ sessionBoundToGateIdentity
  ✔ keeps the session when it is bound to the same gate sub (0.0759ms)
  ✔ rotates when the session belongs to a different gate sub (0.0269ms)
  ✔ rotates when the session user has no gate-bound account (0.0259ms)
✔ sessionBoundToGateIdentity (0.176ms)
▶ resolveSignInGateState
  ✔ is pending while the session check is in flight, user or not (0.505ms)
  ✔ is signed_in once a user is present (0.1099ms)
  ✔ is signed_out only after the check resolved with no user (0.0726ms)
✔ resolveSignInGateState (1.4328ms)
✔ BOOT-01 emitted inline script is byte-identical under different server/client compilation targets (42.0878ms)
✔ BOOT-02 writable global leaves existing server content untouched (1.107ms)
✔ BOOT-03 configurable read-only global is repaired before dependent code assigns to it (0.6109ms)
✔ BOOT-04 frozen global replaces the root startup host with an actionable failure (0.6944ms)
✔ BOOT-04 frozen global replaces the marked startup host with an actionable failure (0.4749ms)
✔ BOOT-04 frozen global replaces the body startup host with an actionable failure (0.4979ms)
✔ BOOT-05 missing and non-function descriptor values paint the named failure (0.7488ms)
✔ BOOT-06 descriptor inspection failure retains its diagnostic detail (0.4084ms)
✔ BOOT-07 missing document hosts do not create a second uncaught error (0.4789ms)
✔ provider status exposes no credential and requires explicit web enable (0.7506ms)
✔ real adapter builds fixed-host image request and binds validated fixture result to source (21.5309ms)
✔ absent credentials and altered image bytes fail before any network request (0.643ms)
✔ provider rejection, truncation and invalid numeric proposals never produce a run (2.6188ms)
✔ single-flight prevents duplicate provider requests and releases after cancellation (1.2164ms)
✔ cross-site browser requests are rejected (0.9674ms)
✔ voice validation bounds audio and text and rejects URLs and unsupported audio (1.1038ms)
✔ voice status never includes private credentials and defaults to disabled web use (0.2499ms)
✔ Deepgram responses are sanitized and binary data is bounded (16.5865ms)
▶ SC-07H BOM panel states
  ✔ distinguishes no recipe from a confirmed recipe that is ready to compile (7.094ms)
  ✔ keeps browser-only generation explicitly unavailable (0.6919ms)
  ✔ requires explicit confirmation for every unresolved recipe assumption (0.4576ms)
  ✔ renders compiling state with a cancellable pending build (0.3638ms)
  ✔ separates transport failure from domain issues and offers the correct recovery (0.8202ms)
  ✔ renders a current result with quantity, calculation, confidence and complete lineage (6.3172ms)
  ✔ retains a stale snapshot but warns that it is not current (10.0042ms)
  ✔ keeps stale regeneration unavailable in a browser-only host (8.8462ms)
  ✔ keeps reopened assumptions actionable alongside retained results and preflight issues (30.7186ms)
  ✔ does not make commercial, pricing, tax or handoff claims (11.5767ms)
✔ SC-07H BOM panel states (77.7393ms)
✔ reach rig follows camera/body and real animation time, then hides on cancellation (4.6258ms)
✔ reduced motion hides the body reach without changing door state; late asset is disposed (0.7633ms)
✔ denied and missing capture enter functional walk with chosen heading and original orbit FOV (3.4212ms)
✔ fresh capture upgrades drag controls; browser unlock and rapid reentry remain functional (0.7089ms)
✔ stale start rejection does not overwrite a newer walk or its camera (0.7389ms)
✔ late granted request after stop or dispose releases lock and cannot revive navigation (0.5308ms)
✔ legacy event-only capture handles errors, delayed success and disposal (0.6056ms)
✔ drag look only responds to its active pointer, follows camera signs, and ends on cancel (0.5995ms)
✔ W with A/D moves forward and to the viewer's left/right at both headings; fly vertical keys work (0.7868ms)
✔ editable focus halts held movement, blur clears keys, and invalid setup restores camera (1.4879ms)
✔ walk arrival finishes at requested position and yaw despite pointer-lock refusal (0.6394ms)
✔ old rejection cannot drop cleanup for a newer event-only request (0.4884ms)
✔ collision stops attempted walk motion and reports actual feet without residual velocity (0.5321ms)
✔ collision keeps permitted wall-slide movement instead of discarding the whole velocity (0.3817ms)
✔ stair feet change immediately while camera height eases up and down then settles at eye height (0.7036ms)
✔ free Fly never consults walking collision or waits for walking interactions (0.3628ms)
✔ invalid or unavailable physical landing restores prior camera and rejects before capture (0.3247ms)
✔ E fires once per press; busy interaction pauses walking but permits look and Escape (0.4737ms)
✔ cinematic 1600 ms arrival remains an arc and never collides until walking begins (0.4081ms)
✔ a missing or invalid world result freezes an active walk instead of bypassing collision (0.9062ms)
✔ closing drafting restores clipping, transparency and camera without changing model geometry (57.0174ms)
✔ MagicPencilDraftsman initializes, sorts storeys and drives procedural drawing phases (253.6358ms)
✔ MagicPencilDraftsman runs on Caroline model with two floors (69.4558ms)
✔ MagicPencilDraftsman supports section cuts and dimensions, and refuses headless image export (306.85ms)
✔ door prompt requires near, facing and vertically matching approach; other solids block it (5.4793ms)
✔ swing animates the actual leaf about its edge, away from viewer, without changing geometry (3.1653ms)
✔ closed doorway and open swing area refuse closing without moving the leaf (1.636ms)
✔ explicit hinge swing refuses opening through a nearby body, but works about one metre away (2.008ms)
✔ slide and lift change the same collider-visible meshes; open garage control remains reachable (2.4634ms)
✔ camera entering the sweep during animation stops motion at its current pose (0.6767ms)
✔ reset/exit/dispose restore original local transforms under a rotated parent (0.6478ms)
✔ duplicate leaf ownership is rejected before ambiguous interaction (0.602ms)
✔ actual Redburn bifold retains close access near the original portal and reports open state when looking away (39.6583ms)
✔ empty space in merged leaf geometry does not become a solid swept box (1.6535ms)
✔ hosted opening removes exact material volume; deletion heals wall; unrelated IDs survive (12.4043ms)
✔ invalid or overlapping hosted openings and duplicate physical identity rejected (4.47ms)
✔ layer and geometry changes increment entity revision; no-op keeps revision (0.631ms)
✔ joined rectangular room has exact internal net area and no double-counted corner volume (7.9852ms)
✔ T intersection volume is union, not sum (1.0563ms)
✔ roof planes cover footprint exactly and bear at the wall elevation (1.4069ms)
✔ quantity and cost use net geometry, explicit density, rate revision and waste (0.8707ms)
✔ future schema restore cannot be bypassed by ordinary edits; explicit recovery preserves original (2.2768ms)
✔ failed writes preserve prior design and concurrent updates block stale overwrites (1.1067ms)
✔ precision exact length, mirror, offset, trim, extend and tangential fillet (0.8182ms)
✔ snap candidates resolve endpoint, midpoint, intersection, perpendicular, extension, centre and tangent (2.0671ms)
✔ plan, elevations, sections and associative dimensions regenerate after editing (1.7899ms)
✔ DXF parametric round trip preserves stable IDs and manual properties (15.4734ms)
✔ edited DXF never restores stale embedded design and undeclared units rejected (5.4033ms)
✔ IFC exports semantic void/fill and spatial containment; CSV prevents formula execution (4.9224ms)
✔ design material sync is idempotent, preserves physical rows, invalidates changed review and retires deletions (7.9424ms)
✔ AI proposal requires review-time revision binding and validates bounds, room closure and hosted doors (4.3376ms)
✔ fascia and gutter profiles share real mitered geometry with finite volume; disabled gutters disappear (14.2196ms)
✔ design sync preserves user stock names and supplied unit weights when no design density is specified (1.2631ms)
✔ overlapping return walls and a short closing segment do not create cyclic clipping rings (8.2625ms)
✔ near-aligned layered walls remain closed and subtract hosted openings without clipping crashes (81.8199ms)
✔ legacy design read and validation preserve the old record and implicit layout (11.6249ms)
✔ duplicate materializes the implicit viewport with fresh identity and independent layout (1.9448ms)
✔ save/reopen preserves selected sheet, names, ordering and per-viewport scales (0.9377ms)
✔ archive and recover after reopening retain identity, original slot and complete layout (2.0556ms)
✔ archive rejects stale review even when a caller changes the design without incrementing revision (1.1695ms)
✔ failed archive and recovery saves leave last saved layout and archive state intact; retry succeeds (1.3214ms)
✔ stale session cannot archive over another window's renamed drawing sheet (0.672ms)
✔ invalid active projection, identities and archived viewport references block restore without overwriting bytes (3.7798ms)
✔ keep one active sheet, refuse invalid names and skip archived positions when ordering (1.8374ms)
✔ paper resizing fits frames exactly, retains identities and scales and survives reopening (0.7029ms)
✔ parametric DXF preserves all sheets and active PDF exports the selected layout (50.5513ms)
✔ binary CAD transport preserves bytes, including NUL and non-UTF8 data (3.6894ms)
✔ CAD transport rejects empty, malformed and oversized payloads (0.2501ms)
✔ web conversion fails before any remote request (0.3231ms)
✔ ArchitecturalDimensioning computes dimensions, tags storeys and manages visibility (10.9562ms)
✔ new coverage and wrap tools bind calculations without saving project data (11.4348ms)
✔ draft industry tools bind to the current project and preserve draft arithmetic without saving (3.1923ms)
✔ SDK-free tools expose strict schemas; project context reports real recovery and save state (0.5452ms)
✔ navigation selects only known panes and refuses changed or recovering projects (0.5761ms)
✔ pending architectural gesture prevents navigation away (0.4903ms)
✔ pending source trace or calibration is preserved instead of navigating (0.306ms)
✔ save tool checks main revision and reports only confirmed readback success (0.6813ms)
✔ project switch during pending navigation inspection prevents any pane mutation (0.4749ms)
✔ drawing and undo validation block malformed arguments before reaching the UI controller (1.5378ms)
✔ capture does not return an image if the project changes while waiting for a rendered frame (0.4641ms)
✔ append batch creates real hosted geometry and retains existing authored sheet layouts (7.4582ms)
✔ invalid hosted opening rejects the whole append batch without modifying the project (1.2596ms)
✔ wall template copies reviewed layer properties with independent layer identities (3.303ms)
✔ active controller registration is lifecycle-safe and unmounted tools fail honestly (0.3387ms)
✔ canvas capture exports real source draw pixels and refuses absent or transparent renders (0.392ms)
✔ draftsman controls require current ready project and mounted Model without navigation (1.9835ms)
✔ draftsman status validates inputs and exit is explicit animation cancellation (0.4439ms)
✔ draftsman async result is not credited to a switched project (0.2257ms)
✔ Model mode mounts the design as an inferred designed scene, selects Model and can be hidden again (45.4666ms)
✔ Model display wireframe is reported only after the viewer confirms it (30.2323ms)
✔ Model display solid is reported only after the viewer confirms it (24.2973ms)
✔ Model mode refuses stale revisions, pending work, empty designs, changed projects and sessions without a viewer (8.0145ms)
✔ Model mode opens the Architectural workspace through the existing UI when its controller is not mounted (8.1449ms)
✔ designed scenes built for Model mode are the same pure geometry the scene builder produces (6.7913ms)
✔ below the trigger the same array reference comes back untouched (1.2887ms)
✔ images are replaced part-wise before any entry is cut, and no entry is left empty (0.8936ms)
✔ images alone are dropped when no legal cut point sits inside the budget (0.1978ms)
✔ a cut never separates a tool call from its receipt (0.2081ms)
✔ nothing at or after the last checkpoint receipt is dropped (0.1494ms)
✔ carriedCallIds holds exactly the receipt ids from the dropped entries (0.1253ms)
✔ a postcondition failure returns the original array with compacted false (0.1248ms)
✔ the result always ends with a user entry (0.5923ms)
✔ keepUserMessages and maxEntries combine with min, never max (0.374ms)
✔ compaction always hands back a new array so the caller re-measures (0.2011ms)
✔ a tool receipt is never a legal cut point, even after rule 3 substitutes a text part (0.0969ms)
✔ a checkpoint before the retained tail still allows compaction of the entries ahead of it (0.1676ms)
✔ a turn with tool receipts records measured evidence and the tool names in order (3.6073ms)
✔ a failed tool is still a receipt and its failure is counted in the summary (0.3207ms)
✔ a failed tool returning JSON never leaks the body into the digest summary (0.1801ms)
✔ a failed tool returning a JSON ARRAY leaks nothing either (0.1765ms)
✔ a failed tool with a plain-text message keeps its sentence in the summary (0.1557ms)
✔ a genuine result that opens with the word Running is not discarded as a placeholder (0.1822ms)
✔ captured tool names stay inside the bounds contextLogStore entrySchema accepts (0.5079ms)
✔ a placeholder for a tool that is still running is not read as a result (0.1504ms)
✔ a turn with only user text records stated evidence (0.1549ms)
✔ a storage failure is swallowed so a failed log write can never fail a send (0.2133ms)
✔ a synchronously throwing append is swallowed too (0.1058ms)
✔ an empty turn records nothing and never reaches storage (0.0701ms)
✔ every entry carries a unique id and the injected instant (0.1948ms)
✔ an explicit first-person statement proposes a profile slot (0.9336ms)
✔ anything that is not an explicit statement about the user proposes nothing (0.4266ms)
✔ a turn with tool receipts is measured evidence and reads from the receipt (1.8683ms)
✔ further receipts are counted and failures are stated in the summary (0.2105ms)
✔ a turn without receipts is stated evidence built from the user's own words (0.0985ms)
✔ stated turns name the tools that ran in readable words (0.1521ms)
✔ a turn with neither words nor receipts is inferred (0.1262ms)
✔ summarisation is deterministic and never depends on a model (0.1107ms)
✔ topic stays within 60 characters and summary within 160, cut on a word boundary (0.1748ms)
✔ politeness at either end of a request is dropped from the topic but kept in a stated summary (0.0979ms)
✔ only the first sentence of a long message is kept, and whitespace is collapsed (0.0772ms)
✔ tool names are deduplicated and keep first-appearance order (0.1179ms)
✔ digest lists newest first, labels inferred lines and states each row's evidence (6.4773ms)
✔ only inferred lines are labelled, so a measured number is never marked recalled (0.2114ms)
✔ digest honours its limit and reports how many turns are held back (0.8725ms)
✔ an empty digest says so rather than rendering an empty table (0.0816ms)
✔ a pipe in an entry cannot break the digest table (0.1477ms)
✔ search matches topic, summary and tool names without embeddings (0.5154ms)
✔ search requires every term and returns matches newest first (0.1036ms)
✔ a blank or single-character query returns nothing rather than everything (0.0842ms)
✔ search and digest leave the caller's array untouched (0.0833ms)
✔ tool receipt outranks stated, and stated outranks inferred (0.076ms)
✔ the database name and stores match the declared contract (0.7422ms)
✔ an appended entry reads back for its own project and no other (4.1209ms)
✔ entries read back newest first regardless of the order they were written (6.3862ms)
✔ the jobId used for the index is not leaked into the entry a caller reads back (0.3318ms)
✔ the store keeps at most 500 entries per project, dropping oldest first (133.7769ms)
✔ the cap counts each project separately (0.6151ms)
✔ a duplicate id is refused and the stored entry is left as it was (0.7009ms)
✔ an invalid entry is refused before any transaction opens (0.8105ms)
✔ a failed write preserves every existing byte and surfaces the error (0.4617ms)
✔ a failed profile write leaves the previous profile in place (0.7297ms)
✔ an unavailable database rejects rather than reporting an empty log (0.2455ms)
✔ an unreadable stored row fails loudly and preserves the stored bytes (0.5234ms)
✔ an unreadable profile fails loudly rather than reading as absent (0.3622ms)
✔ the profile round-trips and is keyed by project (0.2184ms)
✔ clearing one project's log leaves the other project and both profiles alone (0.3638ms)
✔ every opened database is closed again (0.1495ms)
✔ draftsmanControlSchema strictly validates actions and required parameters (3.0457ms)
✔ requestDraftsmanTool fails honestly when controller is unmounted (0.305ms)
✔ registerDraftsmanController safely routes commands and returns status snapshot (0.4133ms)
✔ compact default sits at bottom right and survives dragging/resizing at viewport edges (0.612ms)
✔ persisted layout cannot strand controls after a smaller tablet viewport or malformed storage (0.5791ms)
✔ reference intent accompanies actual images and unsupported/oversized files fail before reading (0.4124ms)
✔ the composed manual is the safety rules followed by the authored context brief (1.623ms)
✔ the native brief includes the same five sections in the same order (0.3566ms)
✔ the native composition appends the brief to the safety manual with one space (0.4181ms)
✔ web and native providers hold identical safety rules (0.2324ms)
✔ effectful non-edits are classified apart from reads and from project edits (0.1926ms)
✔ the brief carries the shipped execution defaults and not the superseded pair (0.1612ms)
✔ drawing edits and save require explicit permission; new or destructive tools fail closed (0.1031ms)
✔ skills expose usable editable workflows and retain evidence limits (0.1119ms)
▶ read-only backup restore impact
  ✔ validates originals, inventories exact addresses and leaves every byte/record untouched (24.5218ms)
  ✔ preserves global reference rates by default and identifies explicitly requested global removal (6.1202ms)
  ✔ shows target collisions and null-record removal without changing unrelated current-project modules (5.3925ms)
  ✔ marks legacy omitted sheet/pricing records unsupported instead of assuming deletion (2.8532ms)
  ✔ rejects corrupt backup originals and modules before reading any destination (3.6034ms)
  ✔ blocks a plan ID reused for different valid bytes, even with a truthful new stored hash (4.5264ms)
  ✔ checks photo metadata as well as actual bytes; a claimed hash does not conceal corruption (3.2749ms)
  ✔ reports absent destination originals as additions without inserting them (1.8104ms)
  ✔ blocks missing originals referenced by the current job even when the incoming backup contains them (1.8871ms)
  ✔ checks current-job original expectations separately from incoming expectations (2.4096ms)
  ✔ blocks corrupt and wrong-owner destination modules while preserving their exact contents (2.5765ms)
  ✔ detects destination changes during asynchronous review (3.0878ms)
  ✔ rejects an earlier fingerprint after a target value changes, and accepts an unchanged repeated review (5.9576ms)
  ✔ blocks a saved main job newer than the open workspace and storage-read failures (3.5137ms)
✔ read-only backup restore impact (73.1832ms)
✔ includes industry drafts in impact fingerprints and preserves uncaptured older records (8.5433ms)
✔ valid evidenced triangles project from actual coordinates; no generated core, walls or grids (6.7397ms)
✔ rejects malformed triangles and missing source evidence before canvas rendering (2.9576ms)
✔ all views are NTS with honest projection names; no upper storey is fabricated (0.7328ms)
✔ rejects invalid and nonascending level schedules (0.5351ms)
✔ headless generation fails explicitly instead of returning mock PNG bytes (0.4387ms)
✔ drawing instructions mark every sheet as illustrative and preserve all 52 level labels (10.4714ms)
✔ missing 2D context is an explicit generation error (0.5978ms)
✔ PDF is parseable A4 landscape with real embedded PNG streams and honest metadata (16.0948ms)
✔ PDF rejects empty pages, fake bytes, wrong media, and invalid dates (0.9543ms)
✔ createBlueprintSheet procedurally draws blueprint borders, title block and exports PNG data (1.7002ms)
▶ job-to-BOM compiler
  ✔ rejects general runs even when retained fence attributes match a valid recipe (31.6382ms)
  ✔ rejects preserved imported legacy calibration even when locked and approved (0.8855ms)
  ✔ compiles an approved, verified job into sorted integer-millimetre input (1.9925ms)
  ✔ fails closed for runtime originals and stale lengths (1.1319ms)
  ✔ rejects structurally invalid approval attribution before compilation (1.2239ms)
  ✔ blocks unresolved recipe assumptions instead of applying a default (0.9916ms)
  ✔ treats the approved bay width as input and the recipe maximum as a hard capability (0.905ms)
  ✔ copies exact typed gate hardware facts from one supported recipe model (4.4087ms)
  ✔ shares exact same-sheet endpoints and T-junction vertices independent of run order (2.8059ms)
✔ job-to-BOM compiler (47.1903ms)
▶ SC-07 BOM contract
  ✔ strictly rejects unknown fields and non-canonical decimals (25.4184ms)
  ✔ accepts every frozen request, response and blocker fixture (13.016ms)
  ✔ excludes requestId and inputDigest from the canonical digest (2.5283ms)
  ✔ rejects overlapping gate openings at the contract boundary (1.2776ms)
  ✔ requires a calibration on every used run sheet (0.9469ms)
  ✔ freezes the audited A-I worked quantities rather than old global formulas (1.0615ms)
  ✔ requires typed gate hardware counts and explicit material capabilities (0.9493ms)
  ✔ rejects ambiguous, zero-increment and unit-mismatched allowances (1.2446ms)
  ✔ never admits pricing or Looplet fields on BOM lines (1.6855ms)
  ✔ retains an import-safe compiler API (0.2009ms)
✔ SC-07 BOM contract (49.4879ms)
▶ SC-07F BOM persistence adapter
  ✔ saves, reloads and clears exact validated bytes under a versioned job key (23.6439ms)
  ✔ uses collision-safe job-specific keys (0.3226ms)
  ✔ never falls back to fabricated state for corrupt, unknown or cross-job bytes (3.6133ms)
  ✔ validates before touching storage (3.351ms)
  ✔ restores the exact previous bytes when setItem mutates and then throws (1.7861ms)
  ✔ removes a partially-created key when the first write fails (1.3404ms)
  ✔ restores cleared bytes when removeItem mutates and then throws (1.2277ms)
  ✔ reports when even rollback cannot preserve previous bytes (1.3318ms)
  ✔ fails closed when storage is unavailable or throws on read (2.3338ms)
✔ SC-07F BOM persistence adapter (40.3373ms)
✔ SC-07B emits the frozen colorbond golden response (30.1481ms)
✔ SC-07B emits the frozen timber-paling golden response (3.5626ms)
✔ SC-07B emits the frozen chain-wire golden response (2.231ms)
✔ SC-07B emits the frozen concrete-allowance golden response (2.8863ms)
✔ SC-07B distributes A, D and E spans deterministically before cover rounding (3.1152ms)
✔ SC-07B preserves exact H rational stages before display and increment rounding (1.4418ms)
✔ SC-07B merges exact B/C topology nodes while keeping separate sheet identities (3.469ms)
✔ SC-07B fails closed on a changed digest, overlap and unknown fields (3.0336ms)
✔ SC-07B marks gate boundaries at segment starts, ends and across a full segment (3.0502ms)
✔ SC-07B counts only residual-span incidences whose winning chain-wire role is strainer (1.3633ms)
✔ SC-07B applies decimal factors and a single typed allowance exactly to non-concrete components (2.55ms)
✔ SC-07B independently rejects unresolved referenced assumptions and allowances (7.2134ms)
✔ unused unresolved recipes do not block selected work or bypass library integrity (4.8963ms)
✔ SC-07B calculation prose reconciles aggregate multi-run and multi-gate facts (3.1372ms)
▶ SC-07F durable BOM state
  ✔ commits a successful response with every immutable binding atomically (24.4889ms)
  ✔ rejects stale request identities and expected job revisions without changing state (3.2707ms)
  ✔ rejects every mismatched success binding without a partial commit (3.8518ms)
  ✔ records source, recipe, ruleset and job invalidation reasons deterministically (1.6107ms)
  ✔ cancels an obsolete pending build so out-of-order completion cannot win (1.5634ms)
  ✔ lets the newest request identity win regardless of callback completion order (1.338ms)
  ✔ retains and marks the last snapshot stale when a bound source changes (2.1839ms)
  ✔ marks an existing snapshot stale atomically when a changed request begins (2.2858ms)
  ✔ preserves the previous snapshot across domain, transport and contract failures (5.2713ms)
  ✔ rejects null or wrong domain-failure digests against an active bound request (2.7886ms)
  ✔ round-trips the full validated envelope and fails closed on migrations or unknown fields (4.8213ms)
✔ SC-07F durable BOM state (55.1189ms)
▶ studio durable BOM integration
  ✔ begins and atomically commits only the response bound to the active job revision (23.8557ms)
  ✔ marks the retained snapshot stale as soon as the job revision changes (3.8416ms)
  ✔ retains but invalidates the snapshot when recipe decisions change (3.7533ms)
  ✔ rejects a late completion after the active job changes (2.2597ms)
  ✔ retains historical engine snapshot but cancels and rejects pending output after a source switch (3.4101ms)
  ✔ refuses to start a request compiled from a stale job or source (1.6064ms)
✔ studio durable BOM integration (39.9119ms)
▶ Tauri BOM adapter
  ✔ passes the exact inspected source bytes beside the request JSON (1.0388ms)
  ✔ uses the exact status command and fails before invoking when already aborted (0.4801ms)
  ✔ sends targeted cancellation while the matching invocation is pending (1.7346ms)
  ✔ BR-012 BR-031 keeps concurrent cancellation keyed to only the matching request (1.8039ms)
  ✔ rejects an invalid request id without calling Tauri (0.2439ms)
  ✔ BR-024 keeps BOM invocation on its own command and rejects null or absent results (24.2803ms)
✔ Tauri BOM adapter (30.5896ms)
✔ BR-001 BR-002 BR-004 rejects wrong schema, unknown fields, and changed input before invoking the adapter (26.0513ms)
✔ BR-005 BR-006 BR-007 validates exact request, digest, document, job, recipe, and ruleset identity (12.4295ms)
✔ BR-005 response_request_id_must_match rejects both outer and inner correlation mismatches (2.805ms)
✔ BR-007 source_bindings_round_trip rejects every changed immutable binding field (9.9051ms)
✔ BR-003 BR-015 BR-016 BR-020 validates a closed, strict, sanitised transport envelope (5.3989ms)
✔ BR-015 typed_error_parser_is_exhaustive and preserves each valid IPC error distinctly (9.9527ms)
✔ BR-020 error_ui_does_not_render_sensitive_detail rejects every unsafe IPC detail class (4.7566ms)
✔ BR-008 accepts exact request-byte boundary and rejects boundary-minus-one before invocation (2.2027ms)
✔ BR-009 accepts exact response-byte boundary and rejects boundary-plus-one (1.7191ms)
✔ BR-011 timeout aborts the adapter and returns a typed timeout (21.1742ms)
✔ BR-012 cancellation is distinct from timeout and aborts the adapter (2.2441ms)
✔ BR-012 BR-028 cancellation wins over a late success while current-binding validation is pending (2.0722ms)
✔ BR-011 timeout wins promptly while current-binding validation is pending (12.1273ms)
✔ BR-014 pending invocation does not block the event-loop heartbeat (15.6184ms)
✔ BR-021 BR-025 BR-026 runtime status and web behavior are truthful (1.9467ms)
✔ BR-023 BR-028 BR-031 stale source hook rejects a valid old completion (1.7827ms)
✔ BR-024 BR-032 preserves a valid kernel-domain failure inside a successful transport (2.3966ms)
✔ BR-030 retry changes request identity but keeps canonical digest and source binding (2.2435ms)
✔ BR-033 BR-034 rejects commercial and path fields before the fake adapter runs (2.5513ms)
✔ BR-033 transport_payload_rejects_forbidden_commercial_fields at nested request and response boundaries (4.1452ms)
✔ BR-035 transport tests use only an injected in-memory adapter (1.3191ms)
✔ twelve presets include required palettes and cycle exactly once (0.919ms)
✔ rejects malformed persisted colours and out-of-range/nonfinite controls (0.4216ms)
✔ preferences roundtrip, storage corruption falls back, save failure stays explicit (1.329ms)
▶ calibration units and geometry
  ✔ converts every supported input unit to metres (0.7076ms)
  ✔ round-trips points through an explicit rotated, scaled and translated transform (0.5366ms)
  ✔ derives a two-point scale from canvas points and explicit input units (4.0363ms)
  ✔ rejects zero-length points, singular transforms and inconsistent converted distances (0.5543ms)
✔ calibration units and geometry (6.5012ms)
▶ calibration candidate trust and locking
  ✔ creates declared and inferred scale candidates with auditable provenance (0.3351ms)
  ✔ selects deterministically when candidates agree within tolerance (0.285ms)
  ✔ detects conflicts independent of input order and requires explicit resolution (0.6784ms)
  ✔ treats the exact relative tolerance boundary as agreement (6.5915ms)
  ✔ enforces candidate, selection, conflict and lock invariants (0.3947ms)
✔ calibration candidate trust and locking (8.5466ms)
▶ page-specific job calibration contract
  ✔ retrieves calibration only for its page and rejects duplicate page records (4.8431ms)
  ✔ migrates unlocked and valid locked version-1 calibration records (0.6437ms)
✔ page-specific job calibration contract (5.5896ms)
▶ PlanCanvas calibration coordinates
  ✔ round-trips plan document coordinates through zoomed and panned canvas space (0.505ms)
  ✔ preserves the elevation canvas's inverted vertical document axis (0.0983ms)
✔ PlanCanvas calibration coordinates (1.1976ms)
▶ PlanCanvas calibration interaction precedence
  ✔ captures calibration before pan or trace gestures (0.1311ms)
  ✔ keeps the existing pan and trace behavior when capture is inactive (0.0669ms)
✔ PlanCanvas calibration interaction precedence (0.3009ms)
▶ calibration panel trust states
  ✔ derives only locked calibrations as trusted (0.5235ms)
  ✔ renders candidate comparison and explicit conflict guidance without implying trust (14.9992ms)
  ✔ exposes capture progress and replaces lock controls after a trusted lock (1.3367ms)
✔ calibration panel trust states (17.6149ms)
▶ studio calibration store
  ✔ preserves imported legacy evidence and rejects lock, retrace and recalibration authority (5.2918ms)
  ✔ isolates locked scales per page and loads only the current page scale (4.1763ms)
  ✔ requires explicit resolution before conflicting candidates can be locked (2.2373ms)
  ✔ captures exactly two points and creates or updates a manual candidate (2.1926ms)
  ✔ fails closed for metric markups until the current page calibration is locked (1.1127ms)
  ✔ uses the locked calibration itself for length and area measurements (2.4288ms)
  ✔ round-trips the page calibration through the durable job schema (1.2669ms)
✔ studio calibration store (19.6428ms)
✔ transfer flutter pulses at lift and arrival and settles before scribbling (0.7254ms)
✔ each beat scribbles for 0.2 seconds then eases through its orbital transfer (0.1342ms)
✔ pencils retain distinct cadences instead of rejoining one synchronized beat (0.1633ms)
✔ five upright pencils follow real transformed edges with deterministic seek and clean disposal (21.6731ms)
✔ wall sections preserve a real doorway void while its overhead lintel remains excluded (2.1672ms)
✔ clean plans retain true Redburn floor/start coordinates and stairs while omitting decorative triangles (805.3587ms)
✔ missing floors and invalid triangle coordinates do not create artificial plan geometry (0.9047ms)
▶ ComponentsPane & Evidence-Backed Component Inspector
  ✔ initializes with demonstration dataset of 12 connections and 48 bolts (total 60) (4.3731ms)
  ✔ selects components and exposes multi-view evidence bindings (3.6835ms)
  ✔ filters inventory by discipline, category, and search query (4.2311ms)
  ✔ supports ad-hoc trade additions and removals without corrupting component hierarchy (5.4099ms)
  ✔ resets demonstration inventory cleanly on user command (7.7466ms)
  ✔ persists inventory mutations and reloads them via store persistence actions (4.7483ms)
  ✔ failed restores set inventoryPersistenceError and preserve unreadable data in storage (2.4529ms)
  ✔ hierarchical category filtering allows fastener filter to show all 48 bolts under their parent connections (3.6256ms)
  ✔ verifies evidence drawing document before sheet navigation and flags unimported plans (2.2595ms)
  ✔ dynamically flags unresolved engineering properties and updates RFI metric (4.3469ms)
✔ ComponentsPane & Evidence-Backed Component Inspector (44.1313ms)
✔ AI append persists proposals without counting stock or approving coverage (3.643ms)
✔ AI rejects response against a stale inventory revision, wrong source or nonexistent page (2.0393ms)
✔ AI backup retains run, regions, source, decisions and material provenance (5.6974ms)
✔ old backups without AI field load as an empty queue (0.2253ms)
✔ AI material draft preserves null dimensions and unsupported storage (0.3587ms)
✔ linking another AI observation never doubles a physical quantity (0.9502ms)
✔ duplicate tagged physical scopes cannot be added under different record IDs (0.7925ms)
✔ AI exclusions require reason and pending proposals block sheet signoff (0.382ms)
✔ AI decisions must reference existing materials with matching source evidence (0.3902ms)
✔ malformed AI properties, unsupported mass, fractional each and off-page regions rejected (0.5938ms)
✔ desktop structured-output schema stays identical to validated web schema (0.4262ms)
✔ benchmark penalizes misses, duplicates, wrong quantities and unquantified detections (0.2511ms)
✔ benchmark never adds metres to kilograms; empty denominators remain unmeasured (0.1814ms)
✔ source floor ranges yield 252/209 entrance allowances and unknown windows/structure (5.3247ms)
✔ pack count rounds up while specified weight uses actual items, with incomplete coverage (0.772ms)
✔ weight can be known independently of dimensions; unknown is distinct from explicit zero (0.4124ms)
✔ changed quantities/specifications invalidate review and advance revisions (0.4602ms)
✔ invalid counts, duplicate groups and undocumented stock inputs fail validation (1.7821ms)
✔ save and restore preserve edits and isolate projects (0.6765ms)
✔ unreadable/future/foreign snapshots remain byte-identical under ordinary save (2.0505ms)
✔ concurrent edits block stale overwrites; failed writes preserve original and can retry (0.5863ms)
✔ bundled real PDF matches the frozen source identity (3.9886ms)
✔ bounded physical count reconciles to eight independently traced beam pairs (0.8898ms)
✔ lesser nominal depth and schedule boundaries control the count (0.3237ms)
✔ different record IDs cannot duplicate a physical beam end (0.3091ms)
✔ additional drawing evidence never creates another bolt (0.1817ms)
✔ unreadable, newer and wrong-source snapshots are preserved and block ordinary saves (4.1894ms)
✔ save/reload retains review, note and revision; duplicate reviews fail (0.6516ms)
✔ blank approval, denied write and concurrent update cannot erase previous work (0.8048ms)
✔ export includes physical IDs, evidence, issue, exclusions and unknown material quantities (0.6657ms)
▶ Evidence-Backed Component Inventory Schema (xray.component-inventory/v1)
  ✔ proves multi-view deduplication: 1 physical bolt appearing on plan, section, and detail (7.5644ms)
  ✔ solves the 12 connections * 4 bolts = 48 bolts problem deterministically (10.6318ms)
  ✔ isolates display marks: renaming B1 does not mutate stable IDs or break evidence links (0.7514ms)
  ✔ propagates assembly rule updates deterministically: changing 4 bolts to 6 bolts yields 72 bolts (4.9678ms)
  ✔ captures unresolved properties explicitly without hallucinating missing values (0.4552ms)
  ✔ rejects duplicate physical components sharing the same stableIdentifier even with different instance IDs (1.0557ms)
  ✔ preserves surviving components in place (retains custom display mark, section evidence, review, and revision 3) when assembly rule updates from 4 to 6 bolts (0.8632ms)
  ✔ updates rule-derived properties (e.g. M20 to M24, and unresolved embedment requirement) across all surviving components while preserving custom marks and evidence (6.3787ms)
✔ Evidence-Backed Component Inventory Schema (xray.component-inventory/v1) (33.695ms)
▶ assembly rule reconciliation
  ✔ clears resolved rule requirements while retaining component-specific flags and evidence (5.8607ms)
  ✔ advances materially changed components and marks their previous review stale without losing annotations (4.5115ms)
  ✔ requires re-review when missing requirements or rule-derived positions change (10.8364ms)
✔ assembly rule reconciliation (21.5245ms)
▶ Component Inventory Persistence (xray:component-inventory:v1)
  ✔ round-trips exact validated inventory via storage (20.7666ms)
  ✔ returns not-found when storage has no entry for the job (0.1286ms)
  ✔ fails closed and rejects corrupted JSON without crashing (0.126ms)
  ✔ fails closed on schema version mismatch or invalid schema structure (0.1001ms)
  ✔ preserves previous valid snapshot if a subsequent write fails (5.0295ms)
  ✔ clears component inventory cleanly (5.2365ms)
✔ Component Inventory Persistence (xray:component-inventory:v1) (32.2239ms)
▶ inventory restore protection through real store actions and autosave
  ✔ preserves unsupported-version bytes through hydration, edits, autosave, explicit save and retry (13.2632ms)
  ✔ preserves invalid-json bytes through hydration, edits, autosave, explicit save and retry (6.9427ms)
  ✔ preserves invalid-schema bytes through hydration, edits, autosave, explicit save and retry (8.3125ms)
  ✔ unblocks only after a successful restore and persists the next edit across reload (11.9801ms)
  ✔ keeps recovery blocked if explicit demo replacement fails, then permits a successful replacement (13.0694ms)
  ✔ reports ordinary write failures and retries without treating them as failed restores (5.9971ms)
✔ inventory restore protection through real store actions and autosave (60.6084ms)
✔ stock packages round up; unit weight differs from full-package weight (2.705ms)
✔ decimal bulk units avoid spurious extra packs while partial packs still round up (0.2117ms)
✔ empty and unknown material list cannot report a complete zero total (0.3232ms)
✔ weight can be specified without packing dimensions; package weights need capacity (0.1572ms)
✔ a stock quantity specified in kg is already a weight; no density is inferred (0.483ms)
✔ duplicate stock codes/IDs, invalid quantities and missing sources are rejected (0.7295ms)
✔ edits advance revision and reject a stale material editor (0.4065ms)
✔ CSV preserves quantities, escaping, unknown blanks and source identity without formulas (0.6192ms)
✔ validated v1 upgrade preserves existing rows/reviews/stock and does not write on restore (3.5399ms)
✔ malformed v1 and invalid v2 material collections fail closed (0.8684ms)
✔ all supplied pages tracked; identical source bytes do not double source coverage (5.3453ms)
✔ another source revision has independent sheet coverage (0.6602ms)
✔ material quantities, solid volume, packaged storage and mass are separate (4.3728ms)
✔ unknown mass/packaging remains null; m3 quantity already represents material volume (0.6786ms)
✔ physical scope deduplication ignores record IDs and letter case (2.5352ms)
✔ material changes invalidate review and increment revision without dropping evidence (2.6763ms)
✔ negative quantities, unsupported evidence and unproven approvals fail (1.9417ms)
✔ repeated text matches only increment mentions, never physical quantities (2.7254ms)
✔ zero-text page explicitly needs visual review; pending mentions block sheet signoff (0.4711ms)
✔ linking repeated evidence does not inflate stock; exclusion needs reason; rescans preserve dispositions (0.778ms)
✔ unreadable future or wrong-project snapshots cannot be overwritten by ordinary saves (0.8312ms)
✔ persistent restore, rejected writes, and concurrent changes preserve previous bytes (1.8883ms)
✔ backup roundtrip validates project, schema, all evidence and physical identity (0.7936ms)
Warning: TT: undefined function: 5
✔ real structural PDF text discovers multiple material families across all 23 sheets (1208.3603ms)
✔ physical dimensions require evidence and never imply solid or shipping volume (0.8518ms)
✔ text rescans cannot erase locally recognized image evidence (0.6079ms)
✔ linking another view invalidates review of every affected evidence sheet without changing quantity (0.5326ms)
✔ real prepared schedule: 40 door marks, 37 swinging leaves, five overhead assemblies and 35 frames (35.4281ms)
✔ unique RTU tag appears in three views but counts once; scheduled mass stays separate from shipping (26.8367ms)
✔ prepared import is idempotent and preserves edits to an existing physical item (24.9862ms)
✔ flat materials export retains dimensions, actual drawing hashes, unresolved detail and formula protection (23.4323ms)
▶ general construction run quantities
  ✔ starts source projects with general runs and follows existing fencing jobs (15.9937ms)
  ✔ requires general dimensions and references without fence requirements; legacy stays strict (2.2498ms)
  ✔ calculates all three bases from calibrated geometry, ignoring stale stored length (0.8218ms)
  ✔ withholds quantities for missing originals, unlocked or foreign calibration, and incomplete dimensions (2.2585ms)
  ✔ persists general fields and revisions; edits invalidate review and reject stale updates (2.7794ms)
✔ general construction run quantities (25.2588ms)
✔ CSV parser handles BOM, CRLF, embedded commas/newlines and doubled quotes (1.247ms)
✔ new exported CSV round-trips formula escapes and literal apostrophes losslessly (6.0976ms)
✔ template, unknowns and all supported units import without inferring numbers (0.5827ms)
✔ CSV rejects duplicate codes/headers, unknown columns and other drawing identity (1.1577ms)
✔ invalid CSV fails the entire import with record-specific errors (6.2101ms)
✔ CSV additions preserve counts; explicit updates retain IDs and advance changed revisions (2.3024ms)
✔ a changed local session or stored snapshot cannot be overwritten by an old CSV preview (0.7905ms)
✔ backup roundtrip and legacy exports retain notes, counts, references and IDs (6.678ms)
✔ unsupported, foreign, extra or corrupt backup data is rejected (1.0359ms)
✔ restore preview remaps same-drawing project, resets review and shows removals (0.4825ms)
✔ explicit backup restore archives unreadable saved bytes before releasing recovery lock (1.3934ms)
✔ archive write failure prevents restore, and primary write failure preserves saved bytes (1.1578ms)
✔ restore refuses changed saved bytes and existing recovery archive IDs (0.4622ms)
✔ quantity draft contains observations but no invented rates or totals (1.2623ms)
✔ external handoff always fails closed and does not write browser state (0.1906ms)
✔ Crown Wharf model binds the original 36-page PDF and documented elevation range (35.3651ms)
✔ every storey can be isolated without losing its parts or leaking another floor (1.8298ms)
✔ invalid storey identity, order and membership fail before rendering (313.926ms)
✔ legacy two-floor scenes retain their ground and upper filters (28.2779ms)
▶ DXF document preview geometry
  ✔ converts LINE and closed LWPOLYLINE entities into bounded SVG paths (0.956ms)
  ✔ reads classic POLYLINE and VERTEX sequences from Uint8Array bytes (0.1954ms)
  ✔ fails closed for malformed or unsupported ASCII DXF content (0.0949ms)
✔ DXF document preview geometry (1.8972ms)
▶ inspectPlanBytes
  ✔ inspects a PDF, hashes the real bytes, and counts page-tree leaves (4.4448ms)
  ✔ accepts minimal ASCII DXF and assigns one logical page (0.7543ms)
  ✔ accepts minimal SVG and preserves a supplied takeoff (0.5893ms)
Warning: Indexing all PDF objects
  ✔ gives every import a unique document id (0.6313ms)
  ✔ rejects empty and unsupported files (0.4804ms)
  ✔ rejects extension/content mismatches and bad magic (0.3321ms)
  ✔ rejects bytes beyond the 100 MB boundary before hashing (0.3827ms)
  ✔ fails conservatively when a PDF page tree cannot be counted (108.7311ms)
  ✔ rejects a PDF whose declared count contradicts its page tree (0.2772ms)
  ✔ counts the repository's compressed and uncompressed PDF fixtures (34.577ms)
✔ inspectPlanBytes (152.3886ms)
▶ fencing job domain
  ✔ round-trips the versioned default job (7.1918ms)
  ✔ fails closed for unknown schema versions (2.4292ms)
  ✔ requires v2 entity revisions and a resolvable active document (2.0947ms)
  ✔ requires review attribution and exact gate placement (1.4041ms)
  ✔ rejects malformed geometry and negative quantities (0.4117ms)
  ✔ rejects duplicate calibrations for the same sheet (0.1819ms)
  ✔ rejects duplicate trace IDs, broken gate associations and inconsistent enriched lengths (0.3721ms)
  ✔ reports explicit quote-readiness blockers (1.9043ms)
  ✔ migrates version 1 records into the complete evidence contract (1.2851ms)
  ✔ validates corner, post, photo-link and revision topology (1.3387ms)
  ✔ reports complete gate and legacy-photo evidence blockers (0.2013ms)
✔ fencing job domain (19.7572ms)
▶ Elevation Stack Engine
  ✔ generates 1 floor when floors=1 in standing mode (0.7197ms)
  ✔ stacks 3 floors vertically with correct Z offsets and slab bands (0.8926ms)
  ✔ applies explode vertical separation between storeys (0.1964ms)
  ✔ dims non-active floors when activeFloor is specified (0.1658ms)
  ✔ generates datum elevation level lines (0.1027ms)
✔ Elevation Stack Engine (3.0533ms)
▶ truthful workbench host detection
  ✔ reports only an active Tauri bridge as desktop-capable (0.4951ms)
  ✔ BR-025 does not advertise the dormant legacy Electron runTakeoff bridge (0.1096ms)
✔ truthful workbench host detection (1.3036ms)
▶ photo evidence import
  ✔ hashes real bytes and produces matching v2 metadata/content (7.0079ms)
  ✔ generates a unique ID for each import (0.9297ms)
  ✔ accepts declared WebP content with a matching RIFF/WEBP signature (0.4911ms)
  ✔ accepts the exact 25 MiB boundary and rejects one byte beyond it before reading (53.7428ms)
  ✔ fails closed for empty, unsupported, malformed, and type-mismatched files (0.5338ms)
  ✔ rejects invalid ordering and timestamps (0.2321ms)
✔ photo evidence import (64.1128ms)
▶ photo content stores
  ✔ rehashes retrieved bytes instead of trusting stored hash metadata (3.3087ms)
  ✔ supports isolated memory CRUD and listing (0.617ms)
  ✔ fails clearly when browser IndexedDB is unavailable (0.3199ms)
  ✔ creates a revocable object URL for verified content (0.4805ms)
✔ photo content stores (5.0033ms)
▶ revision-safe evidence commands
  ✔ approves/rejects atomically and rejects stale decisions (13.2356ms)
  ✔ invalidates approvals when specifications or linked evidence changes (2.7892ms)
  ✔ updates run and gate specifications atomically with deterministic revision events (3.1059ms)
  ✔ adds and updates bidirectional links while incrementing every mutated entity (1.1093ms)
  ✔ keeps photo order contiguous through reorder and remove (1.332ms)
  ✔ rejects missing links and invalid patches without mutating the source (0.8497ms)
  ✔ caps revision history at 1000 events without reusing sequences (5.1246ms)
✔ revision-safe evidence commands (28.4369ms)
▶ studio specification and evidence commands
  ✔ updates run and gate specifications with caller-provided revisions (9.3082ms)
  ✔ adds, links, updates, reorders and removes metadata with contiguous order (4.3524ms)
  ✔ rejects a stale remove before touching binary storage (0.8888ms)
  ✔ fails an unavailable browser photo import atomically (5.0724ms)
  ✔ records exactly one global revision event for site, name, calibration and trace commands (2.8584ms)
  ✔ exposes atomic store approval commands and invalidates approval on geometry changes (2.0333ms)
  ✔ hydrates as one idempotent flight and revokes stale preview URLs (6.6911ms)
  ✔ rehashes retrieved plan bytes against canonical document metadata (3.1883ms)
✔ studio specification and evidence commands (35.5117ms)
▶ Solid Shaded Faces Engine
  ✔ should return an empty list of faces if showSurfaces is disabled (1.0251ms)
  ✔ should return an empty list of faces if showSrc is disabled (0.1021ms)
  ✔ should return only roof faces when showBld is false but showRoof is true (0.1383ms)
  ✔ should return only building faces when showRoof is false but showBld is true (0.122ms)
  ✔ should scale building floors correctly with storeys property (0.8126ms)
  ✔ should use the correct skin colors (0.1341ms)
  ✔ should calculate correct vertical coordinates for 3D walls (0.1299ms)
✔ Solid Shaded Faces Engine (3.3336ms)
▶ job-scoped fencing recipe persistence
  ✔ round-trips exact validated recipe decisions only for the owning job (22.7553ms)
  ✔ rejects corrupt, cross-job and digest-tampered bytes (2.7559ms)
  ✔ fails closed when storage cannot retain exact bytes (2.8145ms)
✔ job-scoped fencing recipe persistence (29.1516ms)
▶ SC-07H fencing recipe preparation
  ✔ creates a deterministic contract-valid candidate set and real digest (26.4123ms)
  ✔ starts every candidate real-world assumption unresolved and unattributed (2.1273ms)
  ✔ selects only an exact supported system/profile and fails closed otherwise (11.4358ms)
  ✔ accepts and reopens one assumption immutably with actor/time audit events (5.8693ms)
  ✔ rejects stale revisions and invalid or redundant transitions (5.9711ms)
✔ SC-07H fencing recipe preparation (52.9472ms)
✔ services precede reinforcement and pour; insulation precedes plasterboard (46.7436ms)
✔ one floor contains each requested trade and finite, uniquely named real components (17.8258ms)
✔ 0.1 second bursts have independent timing and stop exactly at finite queue end (0.4312ms)
✔ persistent ink endpoint equals the actual pencil nib and replay removes future strokes (4.2097ms)
✔ fifty coloured nibs use the same material colour as deposited surface hatching (29.429ms)
✔ room triangulates its actual outer ring minus a hole without fake boundary walls (2.7202ms)
✔ concave room faces preserve void rather than filling the outer bounding rectangle (0.4633ms)
✔ outer vertices and hole edits rebuild the actual face without stale triangle operands (0.4475ms)
✔ explicit roof pitch and azimuth produce scale-consistent slope rising clockwise from page up (0.4726ms)
✔ azimuth and pitch edits change every roof vertex using the declared operands (0.3935ms)
✔ absent, nonfinite or unsupported roof operands remain visibly projected-only unknown (0.4686ms)
✔ closed ring is accepted and unsupported or degenerate inputs are refused (0.3082ms)
✔ Nearby inspection follows a curved image-plane path with no forward travel at any sample (0.8743ms)
✔ Exactly 20 metres uses lateral motion, including a centred target (0.1143ms)
✔ Far inspection retains a quarter approach with a rounded path (0.0955ms)
✔ An approach starting just beyond 20 metres stays outside that boundary (0.4342ms)
✔ Glide has a gradual start/stop and exact endpoints (0.1358ms)
✔ Nearby restriction follows the camera orientation rather than world Z (0.1066ms)
✔ high-rise floor identity survives camera recording and malformed IDs are rejected (1.6022ms)
✔ records actual structured camera only for the matching document and SHA (0.7731ms)
✔ published arrays are copied and immutable; recorded view stays separate from later orbit (0.1668ms)
✔ source replacement clears both views while same-source tab changes preserve them (0.1619ms)
✔ malformed projection, source or nonfinite camera cannot enter the session (0.1849ms)
✔ identical view does not republish while scene and options remain immutable (0.1545ms)
▶ project persistence
  ✔ persists a new project identity before separate libraries are saved and reuses it after reopen (8.5964ms)
  ✔ never initializes over corrupt work and reports unavailable project storage (1.1312ms)
  ✔ saves and loads a validated job (0.9716ms)
  ✔ refuses a stale write when storage holds bytes the writer never saw and leaves them untouched (0.3182ms)
  ✔ accepts a write whose expectedRaw matches the stored bytes and returns the bytes it wrote (0.3702ms)
  ✔ treats an empty slot as the expected state for a first write, and a filled slot as stale for it (0.2146ms)
  ✔ still fails on a readback mismatch when the compare-and-swap check passed (0.2095ms)
  ✔ reports a read failure during the compare-and-swap check instead of writing blind (0.2691ms)
  ✔ fails closed when stored JSON is corrupt (0.126ms)
  ✔ fails closed for an unknown schema version (0.2157ms)
  ✔ loads and migrates the legacy storage key without stranding saved work (0.3858ms)
  ✔ does not overwrite storage with an invalid job (0.5495ms)
  ✔ clears the saved job (0.1548ms)
  ✔ does not report success when storage silently drops or replaces a write (0.1879ms)
  ✔ reports a failed readback and permits an explicit retry without mutating the open job (0.2341ms)
✔ project persistence (14.97ms)
▶ SC-15 portable archive manifest
  ✔ A1 rejects two entries claiming the same path (8.7123ms)
  ✔ A2 rejects two entries claiming the same file identity (0.8553ms)
  ✔ A3 rejects a recordsPath that names no entry (0.6485ms)
  ✔ A4 rejects an entryCount that disagrees with the entries (0.6193ms)
  ✔ A5 rejects a totalBytes that disagrees with the sum of entry sizes (0.4351ms)
  ✔ A6 rejects a traversing entry path (0.8674ms)
  ✔ A7 rejects an absolute entry path (0.5272ms)
  ✔ A8 rejects an unknown key on the manifest (0.5528ms)
  ✔ A9 verifies the seal, then every entry, before anything is written (1.0212ms)
  ✔ A10 canonicalJson is order-independent and pinned to an exact byte sequence (1.8977ms)
✔ SC-15 portable archive manifest (17.3764ms)
▶ SC-15 portable ZIP container
  ✔ stores original drawing bytes without base64 and round-trips all captured records (27.0524ms)
  ✔ preserves a project with no original drawing instead of inventing an asset (3.7267ms)
  ✔ preserves legal project-name whitespace and normalizes client input before sealing (5.4848ms)
  ✔ rejects independently tampered manifest and drawing bytes (11.4396ms)
  ✔ does not accept a resealed manifest that contradicts the workspace identity (4.0967ms)
  ✔ rejects missing, unlisted and traversing files before returning a restore candidate (6.3482ms)
  ✔ rejects a resealed asset path/identity substitution (3.0085ms)
  ✔ accepts deflated entries but refuses overlapping ZIP metadata and oversized declarations (4.9759ms)
  ✔ rejects noncanonical duplicate-key JSON even when its outer seal is recomputed (2.6583ms)
✔ SC-15 portable ZIP container (70.3258ms)
▶ photo evidence panel
  ✔ renders real previews, revision/hash provenance, captions, links, ordering and removal (7.265ms)
  ✔ renders empty and explicit error states (0.8311ms)
  ✔ passes expected revisions through every persisted mutation (0.1493ms)
✔ photo evidence panel (8.901ms)
✔ CSV handles BOM, quoted commas, escaped quotes and physical multiline provenance (2.9962ms)
✔ separator is explicit; malformed CSV and ambiguous mapping are blocked (0.8222ms)
✔ invalid prices, missing units, duplicate SKU and irregular row lengths fail without partial save (0.7039ms)
✔ provenance metadata and source mapping are validated, including leap dates (2.7415ms)
✔ revisions preserve original rates and applied worksheet references (3.8627ms)
✔ money calculation uses exact decimal arithmetic and explicit half-up rounding (0.277ms)
✔ storage is job-scoped, preserves legacy rates and rejects stale writes (0.9435ms)
✔ corrupt and quota-failed storage is preserved; no phantom saved revision (0.5271ms)
✔ export records provenance and escapes spreadsheet formulas (0.4147ms)
✔ worksheet totals sum rounded lines and keep currencies and tax bases separate (2.4946ms)
✔ real XLSX selects the requested worksheet and header row with physical row provenance (23.9859ms)
✔ formula, shared/array formula, cached-result and spreadsheet errors never become mapped rates (12.9756ms)
✔ formula in an unmapped note column is never used, while mapped constants can be reviewed (4.9927ms)
✔ numeric SKU display padding is retained while price uses raw unrounded numeric value (7.5788ms)
✔ merged mapped cells, date-formatted rates and header formulas block with cell-level explanation (19.8029ms)
✔ truncated, non-workbook, CRC-corrupted and macro archives fail before price parsing (15.2914ms)
✔ ZIP expansion limit rejects oversized content and worksheets exceeding supported dimensions (156.3618ms)
✔ CSV header-row selection remains explicit and old CSV snapshots still validate unchanged (5.1129ms)
▶ portable main workspace backups
  ✔ keeps v1 packages readable and version-binds new sheet and pricing records (26.9577ms)
  ✔ round-trips source-bound sheet organisation and job-bound pricing without accepting mismatched records (8.6116ms)
  ✔ round-trips two source documents, inactive-plan photo evidence and the full architectural design (4.8112ms)
  ✔ preserves every authored sheet layout, active selection, managed order and archived sheet through capture and parsing (8.6696ms)
  ✔ refuses a missing inactive-plan photo instead of producing an incomplete backup (4.6859ms)
  ✔ rejects missing plans, duplicate assets and unreferenced assets (2.7333ms)
  ✔ rejects modified source bytes, mismatched MIME types and page counts (3.2277ms)
  ✔ rejects invalid encoding, future formats and unexpected top-level data (4.594ms)
  ✔ rejects another project's design and corrupt saved modules (3.9459ms)
  ✔ rejects changes to the job or another saved module during capture (3.4941ms)
  ✔ rejects a job change that completes during the final asynchronous module read (3.0903ms)
  ✔ refuses a removed or silently changed original even when job and module records stay unchanged (4.331ms)
  ✔ rechecks inactive-document photo bytes before returning the package (3.8138ms)
  ✔ does not conceal a stored original's wrong identity, kind or byte length (3.1691ms)
  ✔ accepts an empty job with clear zero-original coverage and trims its backup label (0.6542ms)
✔ portable main workspace backups (88.3963ms)
✔ captures industry drafts, validates project identity and retains omitted legacy records (5.0046ms)
✔ failed hydration preserves the original through edits, error clearing and explicit save: {unreadable (3.9889ms)
✔ failed hydration preserves the original through edits, error clearing and explicit save: {"schemaVersion":9 (0.559ms)
✔ read failure remains blocked, then retry restores the original identity before allowing saves (7.3994ms)
✔ quota and silent-write failures retain the in-memory edit, explicit retry persists it across reopen (5.397ms)
✔ a stale window's autosave is refused, the newer stored revision survives and reload adopts it (5.0669ms)
✔ a storage event from another window marks the project stale, blocks autosave and reload clears it (5.203ms)
✔ a failed reload after a stale event shows the load-failure notice, not the newer-revision heading (5.6377ms)
✔ storage events before hydration or after our own write are ignored (3.9632ms)
▶ runtime quote readiness
  ✔ fails closed while hydration is incomplete (4.5908ms)
  ✔ adds missing/corrupt original blockers beside pure domain blockers (0.2569ms)
✔ runtime quote readiness (5.4825ms)
✔ Carport enclosure has no open jambs or panel seams and the specified door clears its roof (4.3286ms)
✔ Decorative gables have roof slopes meeting the facade and no duplicate host roof underneath (0.5497ms)
✔ Redburn is bound to the supplied original, and modified source bytes are rejected (20.6968ms)
✔ Source window centres are physical apertures in walls and cladding, with separate selectable glass (3.3543ms)
✔ Floor isolation and camera metadata cannot admit invalid camera bases (244.747ms)
▶ source page saved views
  ✔ round trips source centre and zoom when viewport changes aspect and size (4.864ms)
  ✔ refuses unloaded/nonfinite source geometry, unsupported zoom and invalid saved data (1.0964ms)
✔ source page saved views (6.6091ms)
▶ source sheet organisation
  ✔ persists custom disciplines and stable grouped order in backup and ordered export without source renumbering (14.7819ms)
  ✔ keeps old metadata byte-shape compatible and persists/removes source-page bookmarks without discarding grouping (1.6162ms)
  ✔ archive review counts only the selected page's evidence, deduplicates linked photos and refuses changed sources (0.4562ms)
  ✔ D-04: archive review counts the saved views stored on the reviewed page only and refuses a lifecycle from another source (0.5892ms)
  ✔ D-02: rename changes only the page label and discipline; page-keyed evidence and saved views are untouched (0.7989ms)
  ✔ D-05: a recovered middle page keeps its managed slot, metadata, saved views and page-keyed evidence (scale, annotations, traces, items) after neighbours moved, and the export reflects the same order (1.2303ms)
  ✔ accepts valid source timestamps with a timezone offset (0.2176ms)
  ✔ renames and reorders without renumbering source pages or changing their source (0.2583ms)
  ✔ archives and recovers every page without deleting a page; ordering skips archived slots (0.3773ms)
  ✔ refuses stale edits and preserves the latest saved names (0.3196ms)
  ✔ keeps organisation separate when source bytes, revision, page count or project change (0.4145ms)
  ✔ refuses malformed stored metadata and does not overwrite it (0.5696ms)
  ✔ surfaces storage failures without presenting an unsaved edit as successful (0.2965ms)
  ✔ captures inactive documents and validates portable metadata against every exact source identity (0.6009ms)
✔ source sheet organisation (23.6006ms)
▶ Keyboard Shortcuts Engine
  ▶ shouldIgnoreShortcuts
    ✔ returns false for null activeElement (0.5137ms)
    ✔ returns true for INPUT, TEXTAREA, and SELECT elements (0.0924ms)
    ✔ returns true for contenteditable elements (0.0728ms)
    ✔ returns false for standard elements (0.2064ms)
  ✔ shouldIgnoreShortcuts (1.5001ms)
  ▶ handleStudioKeyDown
    ✔ handles L for Length tool (1.7248ms)
    ✔ handles uppercase keys (A for Area) (0.311ms)
    ✔ handles C for Count tool (0.2057ms)
    ✔ handles M as the visible Move tool without routing to the removed Sketch pane (0.0893ms)
    ✔ handles Escape to cancel / clear pending (0.1412ms)
    ✔ handles Enter to commit pending if there are pending points (0.2359ms)
    ✔ does not handle Enter if pendingLength is 0 (0.1034ms)
    ✔ handles numeric keys (1-9) to switch panes (0.0925ms)
    ✔ ignores keys that are not registered (0.05ms)
  ✔ handleStudioKeyDown (3.2795ms)
✔ Keyboard Shortcuts Engine (5.0725ms)
▶ Vector Snapping Engine
  ✔ should return the original cursor point if snapping is disabled (1.0865ms)
  ✔ should return the original cursor point if no vertices are within the snap radius (0.1274ms)
  ✔ should snap to the nearest PLAN vertex if within the snap radius (0.2415ms)
  ✔ should snap to manual markups if they are closer than other candidate points (0.1193ms)
  ✔ should snap to pending points when active (0.1266ms)
  ✔ should snap to elevation vertices correctly when sheetKind is elev and floors is 1 (0.2102ms)
  ✔ should snap to stacked elevation vertices correctly when sheetKind is elev and floors is 3 (0.2401ms)
✔ Vector Snapping Engine (3.9352ms)
✔ source area classification is explicit, revisioned, immutable, and geometry-derived (12.3603ms)
✔ source area vertex edit changes only its entity and leaves invalid geometry visibly unverified (1.8485ms)
✔ source area changes refuse stale gestures, foreign source, unlocked scale and invalid vertices (1.022ms)
✔ roof basis remains unknown without explicit slope and source; later pitch changes are revisioned (1.2888ms)
✔ area pointer release commits only a changed point against its original exact entity (1.0241ms)
✔ area pointer cancellation and source/revision/point changes never commit a stale drag (0.3394ms)
✔ source area schema preserves unclassified legacy annotations and rejects undeclared metadata (9.7039ms)
✔ roof metadata schema rejects invalid slope, azimuth, source references and unexpected keys (0.97ms)
✔ room measurement derives net calibrated polygon area and deducts every hole once, ignoring all cached values (2.112ms)
✔ room area accepts concave simple boundaries, either winding and an explicit closing point (0.5362ms)
✔ source area applies the calibrated inverse affine page transform rather than viewport area (0.552ms)
✔ source area retains sub-display precision without rounding and is stable under large page offsets (0.4331ms)
✔ source area rejects self-crossing bow tie (0.3111ms)
✔ source area rejects nonzero-area crossing (0.2527ms)
✔ source area rejects zero-length edge (0.2694ms)
✔ source area rejects collinear degenerate ring (0.2475ms)
✔ source area rejects adjacent backtracking edge (0.1822ms)
✔ source area rejects non-finite coordinate (0.2015ms)
✔ source area refuses a deduction for outside hole (0.2185ms)
✔ source area refuses a deduction for hole crossing the boundary (0.6681ms)
✔ source area refuses a deduction for hole touching the boundary (0.3398ms)
✔ source area refuses a deduction for overlapping holes (0.3309ms)
✔ source area refuses a deduction for duplicate holes (0.4533ms)
✔ source area refuses a deduction for nested holes (0.308ms)
✔ source area refuses a deduction for touching holes (0.1636ms)
✔ source area refuses a deduction for self-crossing hole (0.1076ms)
✔ source area withholds authority for sample source (0.1593ms)
✔ source area withholds authority for missing source hash (0.1336ms)
✔ source area withholds authority for foreign annotation document (0.1479ms)
✔ source area withholds authority for stale annotation source hash (0.1638ms)
✔ source area withholds authority for legacy annotation coordinates (0.2415ms)
✔ source area withholds authority for wrong page (0.2275ms)
✔ source area withholds authority for no page calibration (0.2421ms)
✔ source area withholds authority for unlocked calibration (0.182ms)
✔ source area withholds authority for legacy calibration coordinates (0.1428ms)
✔ source area withholds authority for foreign candidate (0.1295ms)
✔ source area withholds authority for inferred candidate (0.1264ms)
✔ source area withholds authority for changed scale (0.1773ms)
✔ source area withholds authority for changed calibration points (0.1637ms)
✔ source area withholds authority for changed affine transform (0.2425ms)
✔ source area withholds authority for duplicate calibration (0.4286ms)
✔ source area withholds authority for duplicate entity identity (0.2827ms)
✔ source area withholds authority for unclassified legacy area (0.343ms)
✔ source area withholds authority for sketch promoted as area (0.3809ms)
✔ source area requires verified original-byte readiness and never simplifies oversized boundaries (1.5203ms)
✔ roof quantity distinguishes net projected area from true sloped area and accepts explicit zero pitch (0.3366ms)
✔ roof exposes projected area but withholds true area for missing slope (0.1962ms)
✔ roof exposes projected area but withholds true area for foreign slope document (0.2026ms)
✔ roof exposes projected area but withholds true area for stale slope revision hash (0.1374ms)
✔ roof exposes projected area but withholds true area for different slope sheet (1.3957ms)
✔ roof rejects invalid runtime slope metadata without falling back to the typed area value (0.3162ms)
✔ source-area store selection does not edit evidence and polygon release is revisioned (7.8373ms)
✔ source-area store refuses persistenceRecoveryBlocked (0.7943ms)
✔ source-area store refuses projectWriteStale (0.4789ms)
✔ source-area store refuses unavailable bytes and stale gestures without altering records (0.6394ms)
✔ real source geometry validates and original PDF bytes match, not caller-supplied flags (38.7249ms)
✔ rejects invalid source geometry before any GPU allocation (69.7973ms)
✔ source stream size gate applies to declared length and actual streamed bytes (17.5754ms)
✔ Redburn leaves retain glazing and moving mullions while door jambs remain fixed (25.9791ms)
▶ run specification panel
  ✔ renders construction inputs and quantity evidence without fence controls (8.3051ms)
  ✔ renders every frozen estimator group and revision (6.6235ms)
  ✔ binds all updates to the selected run ID and expected revision (0.229ms)
✔ run specification panel (16.213ms)
▶ trace editor panel
  ✔ allows split only at internal vertices and removal only when geometry remains valid (0.5181ms)
  ✔ renders revisioned length accounting and makes merge an explicit endpoint action (6.7928ms)
  ✔ renders controlled gate type, width and run association fields (4.4352ms)
  ✔ renders a clear empty state with disabled history actions (0.4546ms)
✔ trace editor panel (13.004ms)
▶ trace measurement and migration
  ✔ measures every polyline segment against the locked page calibration (4.8573ms)
  ✔ migrates existing v1 two-point runs and gates without changing IDs (0.9748ms)
  ✔ unions overlapping gate openings and caps deductions to gross length (0.9458ms)
  ✔ projects gate points deterministically onto a run (0.2402ms)
✔ trace measurement and migration (7.7181ms)
▶ pure editable trace commands
  ✔ moves, inserts and removes vertices with stable IDs and monotonic revisions (1.3341ms)
  ✔ rejects edits that produce zero-length geometry (0.3073ms)
  ✔ repairs corner and post vertex annotations across topology edits (0.6367ms)
  ✔ splits only at an internal vertex and deterministically reassigns gates (0.9007ms)
  ✔ merges compatible runs using explicit endpoint orientation (0.5751ms)
  ✔ places and removes a gate while recomputing net length and preserving undo state (0.8713ms)
✔ pure editable trace commands (4.9302ms)
▶ trace topology and serialized domain invariants
  ✔ reports duplicate IDs, stale lengths and invalid gate topology (0.7091ms)
  ✔ migrates legacy serialized run/gate fields and validates domain relationships (11.6427ms)
✔ trace topology and serialized domain invariants (12.4586ms)
▶ PlanCanvas run and vertex hit-testing
  ✔ selects the closest segment of a multi-segment run in screen pixels (0.5937ms)
  ✔ does not select paths beyond the screen-space tolerance (0.2316ms)
  ✔ finds the nearest visible handle and keeps drag coordinates stable (1.4226ms)
✔ PlanCanvas run and vertex hit-testing (3.0755ms)
▶ PlanCanvas editing interaction precedence
  ✔ keeps calibration ahead of every editing action (0.3907ms)
  ✔ reserves explicit middle/right/shift gestures for pan (0.1489ms)
  ✔ places a gate on a hit run or vertex without stealing calibration or pan gestures (0.0803ms)
  ✔ keeps drawing ahead of existing geometry and moves only in explicit Move mode (0.1189ms)
  ✔ starts an area on a selected run vertex without mutating that run; explicit Move still edits and undo restores it (13.3283ms)
  ✔ cancels release for Escape/pointercancel, source/page changes, changed run revision, invalid or unchanged points (0.42ms)
✔ PlanCanvas editing interaction precedence (14.9946ms)
▶ studio editable tracing store
  ✔ preserves legacy target-page geometry during cross-page move (8.8425ms)
  ✔ preserves legacy target-page geometry during cross-page remove (2.4247ms)
  ✔ preserves legacy target-page geometry during cross-page undo (2.6131ms)
  ✔ preserves legacy target-page geometry during cross-page redo (3.3541ms)
  ✔ permits a current-source target while preserving unrelated legacy page evidence (2.7207ms)
  ✔ commits a multi-segment run only on explicit completion (1.3353ms)
  ✔ moves, inserts and removes selected vertices through revision-safe commands (1.8471ms)
  ✔ projects gate edits, deducts width, and restores them with undo and redo (7.6127ms)
  ✔ splits and merges explicit endpoints while repairing selection (3.1826ms)
  ✔ removes a run and its gates atomically, then restores both (1.5362ms)
  ✔ bounds command history, clears redo on a branch, and blocks stale calibration (28.2522ms)
✔ studio editable tracing store (65.2576ms)
✔ thin walls stop large movement; tangential movement slides and corners stay solid (37.5669ms)
✔ real opening width and transformed swinging door determine passage; transparent windows remain solid (11.5883ms)
✔ head clearance, thick solid interiors and unsupported edges reject walking (3.1416ms)
✔ stair treads ascend and descend with floor following (6.0838ms)
✔ maximum .3m steps work while .31m ledges block in both directions (2.2051ms)
✔ floor-backed narrow thresholds, grout and seams remain traversable in separate frames (31.2464ms)
✔ a low solid strip cannot become an invented floor across an unsupported gap (3.0421ms)
✔ malformed mesh fails closed repeatedly; changed attributes rebuild cached geometry (3.3437ms)
✔ actual Redburn selected starts remain walkable despite fine floor seams (93.0489ms)
✔ full Redburn stair surroundings retain physical blockers rather than inventing missing support (94.6566ms)
✔ actual Redburn 18-tread mesh supports ascent and descent without modifying original geometry (26.1483ms)
✔ Redburn recommends real clear room starts on both floors with canonical camera heading (1160.0415ms)
✔ manual placement refuses walls, low fixtures, thick solids, edges and invalid coordinates (1.5584ms)
✔ floor support follows triangle footprints, not a rectangular bounding box (0.2318ms)
✔ unsupported levels, missing elevation and invalid geometry fail without invented ground (0.3062ms)
✔ actual supporting stepdown elevation is retained and cramped spaces refuse a blank-wall start (0.9318ms)
✔ first-person strafing follows camera right and forward follows mouse heading (1.1608ms)
✔ diagonal movement is normalized; opposite keys cancel and walkthrough holds altitude (0.1566ms)
✔ menu widths reject malformed preferences and retain usable central space (0.5876ms)
✔ location annotations are bounded by their actual floor and require a room name (2.1373ms)
✔ saved location identity separates source revisions and components (0.1745ms)
✔ part map keeps the component visible even when a linked room is elsewhere on its floor (0.3201ms)
✔ legacy appearance preferences migrate and weather/model settings validate (0.3722ms)
✔ durable restore orders recovery plan, originals, module writes, active project and commit (9.1949ms)
✔ write failure 1 rolls back exact before-images including absent records (1.2514ms)
✔ write failure 2 rolls back exact before-images including absent records (0.622ms)
✔ write failure 3 rolls back exact before-images including absent records (0.6411ms)
✔ write failure 4 rolls back exact before-images including absent records (0.8694ms)
✔ prepared startup rolls back even when saved progress missed a write (0.4293ms)
✔ writing startup rolls back even when saved progress missed a write (0.3015ms)
✔ recovery-required startup rolls back even when saved progress missed a write (0.2987ms)
✔ recovery refuses unexpected third-party bytes and remains blocked (0.3697ms)
✔ preparation and first journal failures do not write active records (0.9491ms)
✔ committed restart verifies without replaying or rolling back module writes (0.7025ms)
✔ lost final acknowledgement leaves a durable commit that startup can verify (3.1636ms)
✔ original-file failure restores previous records and never deletes originals (0.252ms)
✔ lost acknowledgement after durable writing is recovered from saved phase (0.2315ms)
✔ lost acknowledgement after durable committed is recovered from saved phase (0.2783ms)
✔ planner shelves the previous project, restores absent records and validates its address allowlist (7.7429ms)
✔ industry restore distinguishes missing snapshots from explicit absence and exact saved inputs (1.6111ms)
✔ restore generation invalidates delayed saves and survives journal verification (3.0427ms)
✔ draft restore CAS runs inside the same key lock as queued autosaves (1.4957ms)
ℹ tests 867
ℹ suites 65
ℹ pass 867
ℹ fail 0
ℹ cancelled 0
ℹ skipped 0
ℹ todo 0
ℹ duration_ms 13901.7186
