[build-resources] Dedicated Dans1 build: inherited priority; Rayon workers=16.
(node:14100) [DEP0190] DeprecationWarning: Passing args to a child process with shell option true can lead to security vulnerabilities, as the arguments are not escaped, only concatenated.
(Use `node --trace-deprecation ...` to show where the warning was created)
[33m[33m[INEFFECTIVE_DYNAMIC_IMPORT] [0m../../9abf4c807030/source/node_modules/three/examples/jsm/loaders/GLTFLoader.js is dynamically imported by src/studio/SiteImport.tsx but also statically imported by src/studio/FirstPersonArm.ts, dynamic import will not move module into another chunk.
[39m
[33m[plugin builtin:vite-reporter] 
(!) Some chunks are larger than 500 kB after minification. Consider:
- Using dynamic import() to code-split the application
- Use build.rolldownOptions.output.codeSplitting to improve chunking: https://rolldown.rs/reference/OutputOptions.codeSplitting
- Adjust chunk size limit for this warning via build.chunkSizeWarningLimit.[39m
[33m[33m[PLUGIN_TIMINGS] [0mPlugin hooks ran for 5.7s of this 6.0s build (95%).
The slowest hooks, timed inside each callback (the wait before a callback starts is excluded, the time it awaits is included):
  - @tailwindcss/vite:generate:build transform (88%, 5.2s, 42 calls)
Additional hook time came from the hooks below and from hooks under 1s.
1 hook is listed without a time. Its calls overlapped, so the time inside one call includes work from other calls. To find its cost, profile the build with `node --cpu-prof`:
  - tanstack-start-core:import-protection resolveId (7952 calls)
See https://rolldown.rs/reference/InputOptions.checks#plugintimings for more details.
[39m
[33m[33m[PLUGIN_TIMINGS] [0mPlugin hooks ran for 5.2s of this 5.4s build (97%).
The slowest hooks, timed inside each callback (the wait before a callback starts is excluded, the time it awaits is included):
  - @tailwindcss/vite:generate:build transform (93%, 5.0s, 42 calls)
Additional hook time came from the hooks below and from hooks under 1s.
2 hooks are listed without a time. Their calls overlapped, so the time inside one call includes work from other calls. To find their cost, profile the build with `node --cpu-prof`:
  - tanstack-start-core:import-protection resolveId (1582 calls)
  - tanstack-start-core::server-fn:ssr transform (10 calls)
See https://rolldown.rs/reference/InputOptions.checks#plugintimings for more details.
[39m
