
> build
> node scripts/with-app-env.mjs vite build && npm run db:migrate

[90m[[90mnitro:vercel[90m][39m [36mi[39m Using [36mnodejs24.x[39m runtime.
[90m[[90mnitro:vercel[90m][39m [36mi[39m Using [36mweb[39m entry format.
[36mvite v8.2.2 [32mbuilding client environment for production...[36m[39m
transforming...
✓ 2666 modules transformed.
rendering chunks...
computing gzip size...
.vercel/output/static/assets/priceWorkbook.worker-RQzoYbCf.js    468.83 kB
.vercel/output/static/assets/pdf.worker-DTrjDNvb.mjs           2,395.53 kB
.vercel/output/static/assets/floor-lab-DvQ9Oq10.css                5.90 kB │ gzip:   1.71 kB
.vercel/output/static/assets/index-B9B94adg.css                  141.82 kB │ gzip:  26.31 kB
.vercel/output/static/assets/routes-3ed3_3c6.css                 196.77 kB │ gzip:  33.40 kB
.vercel/output/static/assets/pdf.worker-C_P5zptD.js                0.06 kB │ gzip:   0.08 kB
.vercel/output/static/assets/GLTFLoader-CFd7TOGs.js                0.06 kB │ gzip:   0.08 kB
.vercel/output/static/assets/useSheetLifecycle-DQ0593ZI.js         0.08 kB │ gzip:   0.09 kB
.vercel/output/static/assets/core-CwxXejkd.js                      0.09 kB │ gzip:   0.10 kB
.vercel/output/static/assets/projectBackupStorage-CGGcge2w.js      0.22 kB │ gzip:   0.16 kB
.vercel/output/static/assets/store-DdlCWJGZ.js                     0.22 kB │ gzip:   0.18 kB
.vercel/output/static/assets/rolldown-runtime-C0FnF6B9.js          1.29 kB │ gzip:   0.71 kB
.vercel/output/static/assets/evidence-CGRt0kQH.js                  6.56 kB │ gzip:   2.74 kB
.vercel/output/static/assets/documents-McSAQczp.js                 7.37 kB │ gzip:   3.21 kB
.vercel/output/static/assets/sheetLifecycle-CHE0UoY1.js            8.07 kB │ gzip:   3.26 kB
.vercel/output/static/assets/tracing-BPSB1y-Y.js                  11.36 kB │ gzip:   3.90 kB
.vercel/output/static/assets/priceBooks-LfQOsWnG.js               13.64 kB │ gzip:   5.00 kB
.vercel/output/static/assets/src-SuYvKHvm.js                      17.24 kB │ gzip:   7.31 kB
.vercel/output/static/assets/floor-lab-BJaLhTrT.js                23.71 kB │ gzip:   9.56 kB
.vercel/output/static/assets/domain-Bu-fXmcd.js                   29.37 kB │ gzip:   8.34 kB
.vercel/output/static/assets/inventory-QU53czjW.js                34.06 kB │ gzip:   9.71 kB
.vercel/output/static/assets/projectBackup-Bc5HUI9y.js            57.13 kB │ gzip:  17.51 kB
.vercel/output/static/assets/appTools-DG-SMBUX.js                 89.92 kB │ gzip:  29.09 kB
.vercel/output/static/assets/index-Cbexx1kz.js                   416.46 kB │ gzip: 129.56 kB
.vercel/output/static/assets/pdf-D-lNgR95.js                     487.95 kB │ gzip: 148.26 kB
.vercel/output/static/assets/geometry-BtBpxV7O.js                570.09 kB │ gzip: 224.51 kB
.vercel/output/static/assets/OrbitControls-DadyN1el.js           744.84 kB │ gzip: 189.13 kB
.vercel/output/static/assets/routes-DZf0kgj9.js                1,777.55 kB │ gzip: 524.03 kB

[32m✓ built in 6.00s[39m
[36mvite v8.2.2 [32mbuilding ssr environment for production...[36m[39m
transforming...
✓ 509 modules transformed.
rendering chunks...
computing gzip size...
node_modules/.nitro/vite/services/ssr/assets/priceWorkbook.worker-RQzoYbCf.js          468.83 kB
node_modules/.nitro/vite/services/ssr/assets/pdf.worker-DTrjDNvb.mjs                 2,395.53 kB
node_modules/.nitro/vite/services/ssr/assets/floor-lab-DvQ9Oq10.css                      5.90 kB │ gzip:   1.71 kB
node_modules/.nitro/vite/services/ssr/assets/router-BRNbTYdU.css                       141.91 kB │ gzip:  26.32 kB
node_modules/.nitro/vite/services/ssr/assets/routes-3ed3_3c6.css                       196.77 kB │ gzip:  33.40 kB
node_modules/.nitro/vite/services/ssr/assets/useSheetLifecycle-BqKxH-zr.js               0.11 kB │ gzip:   0.10 kB
node_modules/.nitro/vite/services/ssr/assets/start-DQPrRaQQ.js                           0.17 kB │ gzip:   0.15 kB
node_modules/.nitro/vite/services/ssr/assets/pdf.worker-Do6Laokh.js                      0.20 kB │ gzip:   0.17 kB
node_modules/.nitro/vite/services/ssr/assets/empty-plugin-adapters-C06MrDTF.js           0.25 kB │ gzip:   0.18 kB
node_modules/.nitro/vite/services/ssr/assets/projectBackupStorage-DIr8WQVi.js            0.31 kB │ gzip:   0.17 kB
node_modules/.nitro/vite/services/ssr/assets/store-DxTi334Z.js                           0.32 kB │ gzip:   0.19 kB
node_modules/.nitro/vite/services/ssr/assets/rolldown-runtime-D7D4PA-g.js                0.36 kB │ gzip:   0.25 kB
node_modules/.nitro/vite/services/ssr/assets/_tanstack-start-manifest_v-lO2AZTcO.js      1.61 kB │ gzip:   0.69 kB
node_modules/.nitro/vite/services/ssr/assets/voice.server-CfiArmc2.js                    1.85 kB │ gzip:   0.93 kB
node_modules/.nitro/vite/services/ssr/assets/architectAi.server-C9M1ocV_.js              2.80 kB │ gzip:   1.38 kB
node_modules/.nitro/vite/services/ssr/assets/voiceCore-CK_9q9Lu.js                       3.42 kB │ gzip:   1.48 kB
node_modules/.nitro/vite/services/ssr/assets/materialAi.server-DfTx-d2q.js               4.97 kB │ gzip:   2.22 kB
node_modules/.nitro/vite/services/ssr/assets/loopletSiteRender.server-BHDDrqpc.js        6.45 kB │ gzip:   2.46 kB
node_modules/.nitro/vite/services/ssr/assets/renderAi.server-C-0dnpY1.js                 6.65 kB │ gzip:   2.54 kB
node_modules/.nitro/vite/services/ssr/assets/pricingResearch-CGV8CE5y.js                 7.18 kB │ gzip:   2.66 kB
node_modules/.nitro/vite/services/ssr/assets/aiMaterials-z6TS8lt4.js                     8.21 kB │ gzip:   3.24 kB
node_modules/.nitro/vite/services/ssr/assets/assistantAi.server-C_1d8r6g.js              8.62 kB │ gzip:   3.15 kB
node_modules/.nitro/vite/services/ssr/assets/pricingResearch.server-Cr0GEyCY.js         11.06 kB │ gzip:   3.78 kB
node_modules/.nitro/vite/services/ssr/assets/minimaxAi.server-Dmiw4dWm.js               11.23 kB │ gzip:   4.25 kB
node_modules/.nitro/vite/services/ssr/assets/documents-DzKa5HXg.js                      11.53 kB │ gzip:   3.97 kB
node_modules/.nitro/vite/services/ssr/assets/evidence-fmwnYQWq.js                       11.68 kB │ gzip:   3.62 kB
node_modules/.nitro/vite/services/ssr/assets/sheetLifecycle-Vp-tPwfF.js                 14.72 kB │ gzip:   4.73 kB
node_modules/.nitro/vite/services/ssr/assets/renderTool-Daa6Jr1b.js                     19.92 kB │ gzip:   6.67 kB
node_modules/.nitro/vite/services/ssr/assets/priceBooks-BrMXMjNR.js                     20.87 kB │ gzip:   6.22 kB
node_modules/.nitro/vite/services/ssr/assets/router-CNDv844l.js                         30.04 kB │ gzip:   8.31 kB
node_modules/.nitro/vite/services/ssr/assets/contract-CqPg4Ou5.js                       31.87 kB │ gzip:  11.61 kB
node_modules/.nitro/vite/services/ssr/assets/floor-lab-oxVK2uCz.js                      38.70 kB │ gzip:  12.03 kB
node_modules/.nitro/vite/services/ssr/assets/domain-BqBcwtdu.js                         49.75 kB │ gzip:  11.35 kB
node_modules/.nitro/vite/services/ssr/assets/inventory-D4YQYn76.js                      57.10 kB │ gzip:  12.94 kB
node_modules/.nitro/vite/services/ssr/index.js                                          63.10 kB │ gzip:  15.94 kB
node_modules/.nitro/vite/services/ssr/assets/projectBackup-DAxLHHhj.js                  80.16 kB │ gzip:  20.83 kB
node_modules/.nitro/vite/services/ssr/assets/appTools-BFfKiHhB.js                      132.47 kB │ gzip:  36.67 kB
node_modules/.nitro/vite/services/ssr/assets/layoutAi-DBABBrD2.js                      204.48 kB │ gzip:  58.64 kB
node_modules/.nitro/vite/services/ssr/assets/routes-DwjLT2TF.js                      2,444.16 kB │ gzip: 587.20 kB

[32m✓ built in 5.42s[39m

[90m[[90mnitro[90m][39m [35mo[39m Building [[35mNitro[39m] [2m(preset: [36mvercel[39m, compatibility: [36m2026-09-20[39m)[22m
[90m[[90mnitro[90m][39m [32m√[39m Generated public [36m.vercel/output/static[39m
[36mvite v8.2.2 [32mbuilding nitro environment for production...[36m[39m
transforming...
✓ 2320 modules transformed.
[36mi[39m Tracing dependencies:
- [36mtslib[39m (1.14.1)
[32m√[39m Traced 1 dependencies (4 files) in 27ms.
[36mi[39m Ensure your production environment matches the builder OS and architecture ([36mwin32-x64[39m) to avoid native module issues.
rendering chunks...
computing gzip size...
.vercel/output/functions/__server.func/_libs/_2.mjs                                    0.10 kB │ gzip:   0.10 kB
.vercel/output/functions/__server.func/_libs/_.mjs                                     0.10 kB │ gzip:   0.10 kB
.vercel/output/functions/__server.func/_libs/_3.mjs                                    0.11 kB │ gzip:   0.10 kB
.vercel/output/functions/__server.func/_ssr/useSheetLifecycle-BqKxH-zr.mjs             0.11 kB │ gzip:   0.10 kB
.vercel/output/functions/__server.func/_ssr/start-DQPrRaQQ.mjs                         0.14 kB │ gzip:   0.13 kB
.vercel/output/functions/__server.func/_ssr/pdf.worker-Do6Laokh.mjs                    0.19 kB │ gzip:   0.15 kB
.vercel/output/functions/__server.func/_ssr/empty-plugin-adapters-C06MrDTF.mjs         0.23 kB │ gzip:   0.16 kB
.vercel/output/functions/__server.func/_ssr/projectBackupStorage-DIr8WQVi.mjs          0.31 kB │ gzip:   0.17 kB
.vercel/output/functions/__server.func/_ssr/store-DxTi334Z.mjs                         0.32 kB │ gzip:   0.19 kB
.vercel/output/functions/__server.func/_ssr/rolldown-runtime-D7D4PA-g.mjs              0.41 kB │ gzip:   0.29 kB
.vercel/output/functions/__server.func/_chunks/ssr-renderer.mjs                        1.01 kB │ gzip:   0.51 kB
.vercel/output/functions/__server.func/_libs/is-url.mjs                                1.05 kB │ gzip:   0.57 kB
.vercel/output/functions/__server.func/_libs/defu.mjs                                  1.42 kB │ gzip:   0.60 kB
.vercel/output/functions/__server.func/_tanstack-start-manifest_v-lO2AZTcO.mjs         1.66 kB │ gzip:   0.73 kB
.vercel/output/functions/__server.func/_ssr/voice.server-CfiArmc2.mjs                  1.89 kB │ gzip:   0.96 kB
.vercel/output/functions/__server.func/_runtime.mjs                                    1.92 kB │ gzip:   0.87 kB
.vercel/output/functions/__server.func/_libs/zustand.mjs                               1.96 kB │ gzip:   0.75 kB
.vercel/output/functions/__server.func/_libs/tauri-apps__api.mjs                       2.44 kB │ gzip:   1.12 kB
.vercel/output/functions/__server.func/_ssr/architectAi.server-C9M1ocV_.mjs            2.85 kB │ gzip:   1.41 kB
.vercel/output/functions/__server.func/_ssr/voiceCore-CK_9q9Lu.mjs                     3.47 kB │ gzip:   1.52 kB
.vercel/output/functions/__server.func/_ssr/materialAi.server-DfTx-d2q.mjs             5.22 kB │ gzip:   2.29 kB
.vercel/output/functions/__server.func/_libs/nanostores.mjs                            5.61 kB │ gzip:   1.84 kB
.vercel/output/functions/__server.func/_ssr/loopletSiteRender.server-BHDDrqpc.mjs      6.58 kB │ gzip:   2.53 kB
.vercel/output/functions/__server.func/_ssr/renderAi.server-C-0dnpY1.mjs               6.74 kB │ gzip:   2.59 kB
.vercel/output/functions/__server.func/_libs/better-auth__core+better-call.mjs         7.13 kB │ gzip:   2.95 kB
.vercel/output/functions/__server.func/_ssr/pricingResearch-CGV8CE5y.mjs               7.27 kB │ gzip:   2.75 kB
.vercel/output/functions/__server.func/_ssr/aiMaterials-z6TS8lt4.mjs                   8.29 kB │ gzip:   3.34 kB
.vercel/output/functions/__server.func/_ssr/assistantAi.server-C_1d8r6g.mjs            8.62 kB │ gzip:   3.18 kB
.vercel/output/functions/__server.func/_libs/h3-v2+rou3.mjs                            9.88 kB │ gzip:   3.08 kB
.vercel/output/functions/__server.func/_ssr/pricingResearch.server-Cr0GEyCY.mjs       11.19 kB │ gzip:   3.86 kB
.vercel/output/functions/__server.func/_ssr/minimaxAi.server-Dmiw4dWm.mjs             11.27 kB │ gzip:   4.28 kB
.vercel/output/functions/__server.func/_libs/tanstack__history.mjs                    12.07 kB │ gzip:   3.49 kB
.vercel/output/functions/__server.func/_libs/regenerator-runtime.mjs                  14.61 kB │ gzip:   3.79 kB
.vercel/output/functions/__server.func/_libs/noble__hashes.mjs                        16.99 kB │ gzip:   6.21 kB
.vercel/output/functions/__server.func/_libs/better-fetch__fetch.mjs                  18.95 kB │ gzip:   5.13 kB
.vercel/output/functions/__server.func/_ssr/renderTool-Daa6Jr1b.mjs                   19.95 kB │ gzip:   6.76 kB
.vercel/output/functions/__server.func/_libs/tesseract.js.mjs                         21.41 kB │ gzip:   5.95 kB
.vercel/output/functions/__server.func/_libs/h3+rou3+srvx.mjs                         22.67 kB │ gzip:   6.14 kB
.vercel/output/functions/__server.func/_ssr/router-CNDv844l.mjs                       29.92 kB │ gzip:   8.37 kB
.vercel/output/functions/__server.func/_libs/fflate.mjs                               29.94 kB │ gzip:  10.28 kB
.vercel/output/functions/__server.func/_ssr/contract-CqPg4Ou5.mjs                     31.81 kB │ gzip:  11.68 kB
.vercel/output/functions/__server.func/index.mjs                                      31.85 kB │ gzip:   9.95 kB
.vercel/output/functions/__server.func/_ssr/floor-lab-oxVK2uCz.mjs                    40.29 kB │ gzip:  12.23 kB
.vercel/output/functions/__server.func/_libs/pdf-lib__upng.mjs                        45.35 kB │ gzip:  12.04 kB
.vercel/output/functions/__server.func/_libs/polygon-clipping+[...].mjs               51.96 kB │ gzip:  12.78 kB
.vercel/output/functions/__server.func/_libs/lucide-react.mjs                         52.08 kB │ gzip:   9.25 kB
.vercel/output/functions/__server.func/_libs/dxf-parser+loglevel.mjs                  54.17 kB │ gzip:  11.11 kB
.vercel/output/functions/__server.func/_ssr/ssr.mjs                                   60.83 kB │ gzip:  15.83 kB
.vercel/output/functions/__server.func/_libs/@tanstack/router-core+[...].mjs         123.23 kB │ gzip:  25.94 kB
.vercel/output/functions/__server.func/_ssr/appTools-BFfKiHhB.mjs                    131.56 kB │ gzip:  36.61 kB
.vercel/output/functions/__server.func/_ssr/layoutAi-DBABBrD2.mjs                    206.54 kB │ gzip:  59.68 kB
.vercel/output/functions/__server.func/_libs/pako+pdf-lib__standard-fonts.mjs        242.35 kB │ gzip: 122.25 kB
.vercel/output/functions/__server.func/_libs/node-fetch.mjs                          366.36 kB │ gzip:  85.21 kB
.vercel/output/functions/__server.func/_libs/@modelcontextprotocol/sdk+[...].mjs     583.11 kB │ gzip: 122.96 kB
.vercel/output/functions/__server.func/_libs/pdf-lib.mjs                             609.53 kB │ gzip: 114.62 kB
.vercel/output/functions/__server.func/_libs/@tanstack/react-router+[...].mjs        677.92 kB │ gzip: 142.60 kB
.vercel/output/functions/__server.func/_libs/pdfjs-dist.mjs                          920.25 kB │ gzip: 201.69 kB
.vercel/output/functions/__server.func/_libs/three.mjs                             2,028.19 kB │ gzip: 402.01 kB
.vercel/output/functions/__server.func/_ssr/routes-DwjLT2TF.mjs                    2,831.19 kB │ gzip: 647.42 kB

[32m✓ built in 609ms[39m
[36mi[39m Generated [36m.vercel/output/nitro.json[39m

[90m[[90mnitro[90m][39m [32m√[39m You can preview this build using [36mnpx vite preview[39m
[90m[[90mnitro[90m][39m [32m√[39m You can deploy this build using [36mnpx nitro deploy --prebuilt[39m

> db:migrate
> node scripts/migrate.mjs

[migrate] DATABASE_URL not set — skipping (the PGLite fallback migrates itself).
