✔ SC12-M01 reviewed explicit mm and kg/m3 produce declared kg/m2, never verified (4.6933ms)
✔ SC12-M02 mm/m are equivalent and material/gauge labels do not infer any numeric value (0.7326ms)
✔ SC12-M03 missing inputs remain unknown with specific reasons and no mass operand (1.4329ms)
✔ SC12-M04 a complete unreviewed row does not become a usable material basis (0.1675ms)
✔ SC12-M05 sample/inferred provenance cannot yield mass even with forged matching review metadata (0.5755ms)
✔ SC12-M06 malformed provenance, unit substitutions and extra verified flags fail closed (0.8909ms)
✔ SC12-M07 only finite positive numeric operands are accepted without coercion (2.1121ms)
✔ SC12-M08 conversion underflow and derived overflow are unknown rather than zero/infinite mass (0.321ms)
✔ SC12-M09 changing any reviewed material, gauge, value or provenance invalidates the review (0.6798ms)
✔ SC12-M10 a known live source must match id, revision and hash; unavailable remains unknown (0.7501ms)
✔ SC12-M11 explicit review and evaluation are deterministic detached operations (0.3728ms)
✔ SC12-M12 existing straight metal and wrap accept the declared operand without changing geometry (2.0088ms)
✔ SC12-M13 unknown basis leaves legacy mass unknown while metal/wrap geometry remains available (0.4761ms)
✔ SC12-M14 review metadata and exact source operands roundtrip without dropping provenance (0.3294ms)
✔ SC11-UI01 empty real panel permits inspection but not preparation or automatic restore (6.5288ms)
✔ SC11-UI02 disabled panel keeps both export and file-selection controls unavailable (12.6795ms)
✔ SC11-UI03 package input selects exact latest and immediate predecessor, preserving complete form (13.2731ms)
✔ SC11-UI04 missing saved state, foreign project and unchosen delivery state fail explicitly (4.7259ms)
✔ SC11-UI05 changed quantities and missing explicit transmittal/basis inputs cannot export stale revision (12.7112ms)
✔ SC11-UI06 import preview reconciles actual archive membership and every displayed SHA including manifest (70.37ms)
✔ SC11-UI07 corrupted file cannot produce preview, and failure handling retains exact imported bytes (24.6427ms)
✔ SC11-UI08 restore requires explicit confirmation and the same project before calling host (37.2173ms)
✔ SC11-UI09 host refusal propagates without altering package, worksheet or retained bytes (31.8206ms)
✔ SC11-UI10 project A-to-B-to-A while hashing cancels the pending restore before host mutation (31.814ms)
✔ SC11-UI11 form, metadata, disabled state and unmount invalidate in-flight work (3.1834ms)
✔ SC11-UI12 a newer action supersedes an older promise without being cancelled itself (0.4831ms)
✔ SC11-UI13 actual manifest markup names every file and escapes source-authored text (37.7535ms)
✔ SC11-UI14 file-size guard rejects oversized/invalid files before reading their bytes (0.2979ms)
ℹ tests 28
ℹ suites 0
ℹ pass 28
ℹ fail 0
ℹ cancelled 0
ℹ skipped 0
ℹ todo 0
ℹ duration_ms 1035.8017
