{
  "generated": "dashboard-refresh.scenario.json",
  "operations": 105,
  "screenshots": 11,
  "expectedCounts": {
    "slices": 20,
    "sliceCounts": {
      "done": 9,
      "partial": 1,
      "blocked": 0,
      "pending": 10
    },
    "requirements": 375,
    "azCounts": {
      "verified": 6,
      "partial": 110,
      "dependency-blocked": 19,
      "gap": 239,
      "failed": 1
    },
    "proofs": 58,
    "machineGate": {
      "passing": 1951,
      "total": 1951,
      "suites": "unknown",
      "tsc": "exit-0"
    }
  },
  "sourceHashes": {
    "XRAY-PRODUCTION-CLOSEOUT-LEDGER.md": "d8225b0bad7e657de50469cdc90f20398a1b5002f46382ee6aaad2ff4be63faf",
    "PROFESSIONAL-A-Z-CHECKLIST.md": "d7a9e7c8f8ac872caa944d309a899ee7473c0e3eedc82b70974ee1a1dffc9a90",
    "dashboard-curated-images.json": "6b6462e058398957c80c11116cd724e462a1561cdf10585f14514f990aa7e457",
    "scripts/build-full-dashboard.mjs": "817c2ca76f6f5ffd3a194b91b8ba1b89f8cf0bf1e8be8e76ef7b771e561e73d9"
  }
}
