[agent-browser] launched browser
✓ X-Ray by Looplet
  http://127.0.0.1:8080/

✓ Done

true

✓ Done

- combobox "Current plan" [expanded=false, disabled, ref=e6]: Open a plan to begin
  - option "Open a plan to begin" [disabled, ref=e24]
- navigation "Panes" [ref=e1]
  - button "Overview" [ref=e7]
  - button "Sheets" [ref=e8]
  - button "Measure" [ref=e9]
  - button "Sketch" [ref=e10]
  - button "Components" [ref=e11]
  - button "Model" [ref=e12]
  - button "Render" [ref=e13]
  - button "Review" [ref=e14]
  - button "Cost" [ref=e15]
  - button "Proof" [ref=e16]
- button "Backups" [ref=e2]
- button "Settings" [ref=e3]
- button "Log in" [ref=e4]
- heading "MODELS" [level=2, ref=e17]
- button "Source building" [ref=e18]
- heading "PROJECT SHEETS 1" [level=2, ref=e19]
- button "Open plan" [ref=e20]
- button "Fit sheet" [ref=e21]
- button "Open source page 1" [ref=e22]
- heading "EVIDENCE LAYERS LIVE" [level=2, ref=e23]
- separator "Resize bottom panel" [ref=e25] focusable [tabindex]: 22
- tab "Logs 0" [ref=e27]
- tab "Console 0" [ref=e28]
- tab "Errors 0" [ref=e29]
- tab "Status" [selected, ref=e30]
- button "Expand workspace diagnostics" [expanded=false, ref=e26]
- button "Live assistant Drawing tools" [expanded=false, ref=e5]
