"Runtime event monitor installed"

✓ Console log cleared

null

✓ Done

true

null

✓ Done

true

null

true

null

true

✓ Screenshot saved to screenshots/growth/production-197ab-architect-attempt2-door-prompt.png

null

true

{
  "blocked": "true",
  "blockedFrames": 12,
  "done": true,
  "end": [
    5.711217082599579,
    1.6500000059604645,
    2.9901641187050356
  ],
  "feetEnd": [
    5.711217082599579,
    5.9604645663569045e-9,
    2.9901641187050356
  ],
  "feetStart": "4.676258992805751,5.9604645663569045e-9,2.9901641187050356",
  "frames": 62,
  "passed": true,
  "start": [
    4.676258992805751,
    1.6500000059604645,
    2.9901641187050356
  ]
}

true

✓ Screenshot saved to screenshots/growth/production-197ab-architect-attempt2-door-closed-block.png

null

true

✓ Screenshot saved to screenshots/growth/production-197ab-architect-attempt2-door-reach.png

true

{
  "cameraPosition": "5.711217082599579,1.6500000059604645,2.9901641187050356",
  "engine": "three.js r185",
  "frameCount": "1243",
  "meshCount": "115",
  "navigation": "walk",
  "navigationBlocked": "false",
  "navigationCapture": "drag",
  "navigationDirection": "1,0,-2.220446049250313e-16",
  "navigationPitch": "0",
  "navigationSpeed": "0",
  "navigationTransition": "idle",
  "navigationTransitionProgress": "1",
  "navigationYaw": "-1.5707963267948963",
  "projectRevision": "2",
  "selected": "",
  "walkDoor": "3e7e867b-24d6-4927-84e6-1c04cd5730af",
  "walkDoorBusy": "false",
  "walkDoorOpen": "true",
  "walkDoorProgress": "1",
  "walkDoors": "[{\"id\":\"409b94fd-6c9d-4ace-9feb-5bd1449e7f1e\",\"open\":false,\"progress\":0},{\"id\":\"3e7e867b-24d6-4927-84e6-1c04cd5730af\",\"open\":true,\"progress\":1}]",
  "walkFeet": "5.711217082599579,5.9604645663569045e-9,2.9901641187050356"
}

✓ Screenshot saved to screenshots/growth/production-197ab-architect-attempt2-door-open.png

null

true

{
  "blocked": "false",
  "blockedFrames": 0,
  "done": true,
  "end": [
    6.5208731788354495,
    1.6500000059604645,
    2.9901641187050356
  ],
  "feetEnd": [
    6.5208731788354495,
    5.9604645663569045e-9,
    2.9901641187050356
  ],
  "feetStart": "5.711217082599579,5.9604645663569045e-9,2.9901641187050356",
  "frames": 38,
  "passed": true,
  "start": [
    5.711217082599579,
    1.6500000059604645,
    2.9901641187050356
  ]
}

true

✓ Screenshot saved to screenshots/growth/production-197ab-architect-attempt2-door-through.png

null

true

null

✓ Done

true

null

✓ Done

true

null

true

null

true

✓ Done

true

✓ Screenshot saved to screenshots/growth/production-197ab-architect-attempt2-door-button-reach.png

true

null

true

{
  "blocked": "false",
  "blockedFrames": 0,
  "done": true,
  "end": [
    6.522082743816918,
    1.6500000059604645,
    2.9901641187050356
  ],
  "feetEnd": [
    6.522082743816918,
    5.9604645663569045e-9,
    2.9901641187050356
  ],
  "feetStart": "4.676258992805751,5.9604645663569045e-9,2.9901641187050356",
  "frames": 73,
  "passed": true,
  "start": [
    4.676258992805751,
    1.6500000059604645,
    2.9901641187050356
  ]
}

true

✓ Screenshot saved to screenshots/growth/production-197ab-architect-attempt2-door-button-through.png

null

null

✓ Done

true

null

✓ Done

true

null

true

null

null

true

{
  "blocked": "true",
  "blockedFrames": 12,
  "done": true,
  "end": [
    2.9892086330935217,
    1.6500000059604645,
    0.4002189747599273
  ],
  "feetEnd": [
    2.9892086330935217,
    5.9604645663569045e-9,
    0.4002189747599273
  ],
  "feetStart": "2.9892086330935217,5.9604645663569045e-9,1.0764950539568345",
  "frames": 50,
  "passed": true,
  "start": [
    2.9892086330935217,
    1.6500000059604645,
    1.0764950539568343
  ]
}

true

✓ Screenshot saved to screenshots/growth/production-197ab-architect-attempt2-window-block.png

null

✓ Done

true

null

✓ Done

true

null

true

null

null

true

{
  "blocked": "true",
  "blockedFrames": 12,
  "done": true,
  "end": [
    0.39832064123637995,
    1.6499999999999997,
    2.9901641187050356
  ],
  "feetEnd": [
    0.39832064123637995,
    -1.8309474428068563e-16,
    2.9901641187050356
  ],
  "feetStart": "0.9999999999999982,5.9604645663569045e-9,2.9901641187050356",
  "frames": 50,
  "passed": true,
  "start": [
    0.9999999999999982,
    1.6500000059604645,
    2.9901641187050356
  ]
}

true

✓ Screenshot saved to screenshots/growth/production-197ab-architect-attempt2-wall-block.png

null

2011

true

null

✓ Done

true

null

✓ Done

true

{
  "after": [
    0.3968403223335746,
    1.7442322772343848,
    2.990164118705035
  ],
  "before": [
    0.3968403223335746,
    1.7442322772343848,
    2.990164118705035
  ],
  "distance": 0,
  "text": "This walking start has no clear, supported landing. Choose another start."
}

✓ Screenshot saved to screenshots/growth/production-197ab-architect-attempt2-invalid-start.png

null

✓ Done

true

[
  0.3968403223335746,
  1.7442322772343848,
  2.990164118705035
]

2015

true

null

true

{
  "blocked": "false",
  "blockedFrames": 0,
  "done": true,
  "end": [
    1.2415458808768227,
    1.8963203877210617,
    -1.0832803639281172
  ],
  "feetEnd": [
    0
  ],
  "frames": 162,
  "passed": true,
  "start": [
    12.636000043153762,
    1.8963203877210617,
    13.19550004899502
  ]
}

true

✓ Screenshot saved to screenshots/growth/production-197ab-architect-attempt2-fly-through-building.png

{
  "cameraPosition": "0.8399071274112571,1.8963203877210617,-1.5865876294083088",
  "engine": "three.js r185",
  "frameCount": "2239",
  "meshCount": "115",
  "navigation": "fly",
  "navigationBlocked": "false",
  "navigationCapture": "drag",
  "navigationDirection": "-0.6237409522027134,0,-0.7816311307421505",
  "navigationPitch": "0",
  "navigationSpeed": "0.0007420530280772674",
  "navigationTransition": "idle",
  "navigationTransitionProgress": "1",
  "navigationYaw": "0.673519700278395",
  "projectRevision": "2",
  "selected": "",
  "walkDoor": "",
  "walkDoorBusy": "false",
  "walkDoorOpen": "false",
  "walkDoorProgress": "",
  "walkDoors": "[{\"id\":\"409b94fd-6c9d-4ace-9feb-5bd1449e7f1e\",\"open\":false,\"progress\":0},{\"id\":\"3e7e867b-24d6-4927-84e6-1c04cd5730af\",\"open\":false,\"progress\":0}]"
}

null

true

{
  "door-button-through": {
    "blocked": "false",
    "blockedFrames": 0,
    "done": true,
    "end": [
      6.522082743816918,
      1.6500000059604645,
      2.9901641187050356
    ],
    "feetEnd": [
      6.522082743816918,
      5.9604645663569045e-9,
      2.9901641187050356
    ],
    "feetStart": "4.676258992805751,5.9604645663569045e-9,2.9901641187050356",
    "frames": 73,
    "passed": true,
    "start": [
      4.676258992805751,
      1.6500000059604645,
      2.9901641187050356
    ]
  },
  "door-closed": {
    "blocked": "true",
    "blockedFrames": 12,
    "done": true,
    "end": [
      5.711217082599579,
      1.6500000059604645,
      2.9901641187050356
    ],
    "feetEnd": [
      5.711217082599579,
      5.9604645663569045e-9,
      2.9901641187050356
    ],
    "feetStart": "4.676258992805751,5.9604645663569045e-9,2.9901641187050356",
    "frames": 62,
    "passed": true,
    "start": [
      4.676258992805751,
      1.6500000059604645,
      2.9901641187050356
    ]
  },
  "door-through": {
    "blocked": "false",
    "blockedFrames": 0,
    "done": true,
    "end": [
      6.5208731788354495,
      1.6500000059604645,
      2.9901641187050356
    ],
    "feetEnd": [
      6.5208731788354495,
      5.9604645663569045e-9,
      2.9901641187050356
    ],
    "feetStart": "5.711217082599579,5.9604645663569045e-9,2.9901641187050356",
    "frames": 38,
    "passed": true,
    "start": [
      5.711217082599579,
      1.6500000059604645,
      2.9901641187050356
    ]
  },
  "fly-through-building": {
    "blocked": "false",
    "blockedFrames": 0,
    "done": true,
    "end": [
      1.2415458808768227,
      1.8963203877210617,
      -1.0832803639281172
    ],
    "feetEnd": [
      0
    ],
    "frames": 162,
    "passed": true,
    "start": [
      12.636000043153762,
      1.8963203877210617,
      13.19550004899502
    ]
  },
  "wall-block": {
    "blocked": "true",
    "blockedFrames": 12,
    "done": true,
    "end": [
      0.39832064123637995,
      1.6499999999999997,
      2.9901641187050356
    ],
    "feetEnd": [
      0.39832064123637995,
      -1.8309474428068563e-16,
      2.9901641187050356
    ],
    "feetStart": "0.9999999999999982,5.9604645663569045e-9,2.9901641187050356",
    "frames": 50,
    "passed": true,
    "start": [
      0.9999999999999982,
      1.6500000059604645,
      2.9901641187050356
    ]
  },
  "window-block": {
    "blocked": "true",
    "blockedFrames": 12,
    "done": true,
    "end": [
      2.9892086330935217,
      1.6500000059604645,
      0.4002189747599273
    ],
    "feetEnd": [
      2.9892086330935217,
      5.9604645663569045e-9,
      0.4002189747599273
    ],
    "feetStart": "2.9892086330935217,5.9604645663569045e-9,1.0764950539568345",
    "frames": 50,
    "passed": true,
    "start": [
      2.9892086330935217,
      1.6500000059604645,
      1.0764950539568343
    ]
  }
}

✓ Screenshot saved to screenshots/growth/production-197ab-architect-attempt2-fly-escape.png

"{\"runtimeErrors\":[],\"runs\":{\"door-closed\":{\"start\":[4.676258992805751,1.6500000059604645,2.9901641187050356],\"feetStart\":\"4.676258992805751,5.9604645663569045e-9,2.9901641187050356\",\"frames\":62,\"done\":true,\"passed\":true,\"end\":[5.711217082599579,1.6500000059604645,2.9901641187050356],\"feetEnd\":[5.711217082599579,5.9604645663569045e-9,2.9901641187050356],\"blocked\":\"true\",\"blockedFrames\":12},\"door-through\":{\"start\":[5.711217082599579,1.6500000059604645,2.9901641187050356],\"feetStart\":\"5.711217082599579,5.9604645663569045e-9,2.9901641187050356\",\"frames\":38,\"done\":true,\"passed\":true,\"end\":[6.5208731788354495,1.6500000059604645,2.9901641187050356],\"feetEnd\":[6.5208731788354495,5.9604645663569045e-9,2.9901641187050356],\"blocked\":\"false\",\"blockedFrames\":0},\"door-button-through\":{\"start\":[4.676258992805751,1.6500000059604645,2.9901641187050356],\"feetStart\":\"4.676258992805751,5.9604645663569045e-9,2.9901641187050356\",\"frames\":73,\"done\":true,\"passed\":true,\"end\":[6.522082743816918,1.6500000059604645,2.9901641187050356],\"feetEnd\":[6.522082743816918,5.9604645663569045e-9,2.9901641187050356],\"blocked\":\"false\",\"blockedFrames\":0},\"window-block\":{\"start\":[2.9892086330935217,1.6500000059604645,1.0764950539568345],\"feetStart\":\"2.9892086330935217,5.9604645663569045e-9,1.0764950539568345\",\"frames\":50,\"done\":true,\"passed\":true,\"end\":[2.9892086330935217,1.6500000059604645,0.4002189747599273],\"feetEnd\":[2.9892086330935217,5.9604645663569045e-9,0.4002189747599273],\"blocked\":\"true\",\"blockedFrames\":12},\"wall-block\":{\"start\":[0.9999999999999982,1.6500000059604645,2.9901641187050356],\"feetStart\":\"0.9999999999999982,5.9604645663569045e-9,2.9901641187050356\",\"frames\":50,\"done\":true,\"passed\":true,\"end\":[0.39832064123637995,1.6499999999999997,2.9901641187050356],\"feetEnd\":[0.39832064123637995,-1.8309474428068563e-16,2.9901641187050356],\"blocked\":\"true\",\"blockedFrames\":12},\"fly-through-building\":{\"start\":[12.636000043153762,1.8963203877210617,13.195500048995019],\"frames\":162,\"done\":true,\"passed\":true,\"end\":[1.2415458808768227,1.8963203877210617,-1.0832803639281172],\"feetEnd\":[0],\"blocked\":\"false\",\"blockedFrames\":0}},\"dataset\":{\"engine\":\"three.js r185\",\"navigationCapture\":\"none\",\"navigationBlocked\":\"false\",\"navigationTransition\":\"idle\",\"navigation\":\"orbit\",\"projectRevision\":\"2\",\"meshCount\":\"115\",\"selected\":\"\",\"cameraPosition\":\"0.8389837918892573,1.9905526649554468,-1.5877446927461674\",\"frameCount\":\"2240\",\"walkDoor\":\"\",\"walkDoorProgress\":\"\",\"walkDoorBusy\":\"false\",\"walkDoorOpen\":\"false\",\"walkDoors\":\"[{\\\"id\\\":\\\"409b94fd-6c9d-4ace-9feb-5bd1449e7f1e\\\",\\\"open\\\":false,\\\"progress\\\":0},{\\\"id\\\":\\\"3e7e867b-24d6-4927-84e6-1c04cd5730af\\\",\\\"open\\\":false,\\\"progress\\\":0}]\",\"navigationTransitionProgress\":\"1\",\"navigationYaw\":\"0.673519700278395\",\"navigationPitch\":\"0\",\"navigationSpeed\":\"0.0007420530280772674\",\"navigationDirection\":\"-0.6237409522027134,0,-0.7816311307421505\"}}"

