[agent-browser] launched browser
✓ Done

✓ X-Ray by Looplet
  http://127.0.0.1:8085/

true

"reloading-with-minimax"

true

"checking"

true

"{\"provider\":\"MiniMax\",\"model\":\"MiniMax-M3\",\"stored\":\"minimax\"}"

"seeding"

true

"{\"ok\":true,\"jobId\":\"job-8de1cf52-014f-474a-bc6b-0c89edf15a7c\",\"documents\":2,\"activeDocumentId\":\"doc-ground-floor\",\"calibrations\":3}"

"opened"

true

"binding"

true

"menu opened"

true

"clicked New chat"

"awaiting empty conversation"

true

"{\"conversationEmptyBeforeTurn\":true,\"activeId\":\"ec308e30-9384-4518-8292-e24b28b84f8b\"}"

"{\"script\":\"20-d3-no-tool-answer-delivered\",\"jobId\":\"job-8de1cf52-014f-474a-bc6b-0c89edf15a7c\"}"

"composed 42 chars"

true

"baseline"

true

✓ Screenshot saved to proof/growth/2026-09-16-live-assistant-rig/screenshots/20-d3-no-tool-answer-composed.png

"sent"

"polling"

true

✓ Screenshot saved to proof/growth/2026-09-16-live-assistant-rig/screenshots/20-d3-no-tool-answer-replied.png

"{\"state\":\"done\",\"baseline\":0,\"newEntryCount\":2,\"newEntries\":[{\"kind\":\"user\",\"tool\":null,\"failed\":null,\"origin\":null,\"projectName\":null,\"projectRevision\":null,\"text\":\"No tools. Reply with exactly: LIVE TURN OK\"},{\"kind\":\"assistant\",\"tool\":null,\"failed\":null,\"origin\":null,\"projectName\":null,\"projectRevision\":null,\"text\":\"LIVE TURN OK\\n\\n**Developer review**\\n- Outcome: Returned the exact phrase requested and made no tool calls.\\n- Friction: None apparent; the reply matched the constrained format.\\n- Improvement: No specific problem to correct in this response.\"}],\"projectId\":\"job-8de1cf52-014f-474a-bc6b-0c89edf15a7c\",\"activeId\":\"ec308e30-9384-4518-8292-e24b28b84f8b\",\"threads\":2,\"busy\":false,\"error\":null,\"workPacket\":{\"state\":\"review-required\",\"objective\":\"No tools. Reply with exactly: LIVE TURN OK\",\"nextAction\":\"Tool use was prohibited for this message, so no tool step was required. The answer rests on the conversation and any receipts already recorded.\",\"pendingAction\":null,\"routingFailure\":null},\"entries\":[{\"kind\":\"user\",\"tool\":null,\"failed\":null,\"origin\":null,\"projectName\":null,\"projectRevision\":null,\"text\":\"No tools. Reply with exactly: LIVE TURN OK\"},{\"kind\":\"assistant\",\"tool\":null,\"failed\":null,\"origin\":null,\"projectName\":null,\"projectRevision\":null,\"text\":\"LIVE TURN OK\\n\\n**Developer review**\\n- Outcome: Returned the exact phrase requested and made no tool calls.\\n- Friction: None apparent; the reply matched the constrained format.\\n- Improvement: No specific problem to correct in this response.\"}]}"

"{\"state\":\"done\",\"error\":null,\"tools\":[],\"replyLength\":238}"

"{\"answerDelivered\":true,\"workflowIncompleteError\":false,\"toolsRun\":0,\"replyLength\":238}"

"LIVE TURN OK\n\n**Developer review**\n- Outcome: Returned the exact phrase requested and made no tool calls.\n- Friction: None apparent; the reply matched the constrained format.\n- Improvement: No specific problem to correct in this response."

"{\"rows\":2,\"lastEntry\":\"AssistantLIVE TURN OKDeveloper reviewOutcome: Returned the exact phrase requested and made no tool calls.Friction: None apparent; the reply matched the constrained format.Improvement: No specific problem to correct in this response.03:49 PM\"}"

