✓ X-Ray by Looplet
  http://tauri.localhost/

http://tauri.localhost/

true

✓ Done

true

"Full reload retained names, discipline order and page-linked saved view"

✓ Done

true

✓ Done

✓ Done

true

true

"Reload retained exact source page and viewport centre"

✓ Screenshot saved to screenshots/growth/2026-09-07-sheets/native-reload-pass-1.png

http://tauri.localhost/

true

✓ Done

true

"Full reload retained names, discipline order and page-linked saved view"

✓ Done

true

✓ Done

✓ Done

true

true

"Reload retained exact source page and viewport centre"

✓ Screenshot saved to screenshots/growth/2026-09-07-sheets/native-reload-pass-2.png

http://tauri.localhost/

true

✓ Done

true

"Full reload retained names, discipline order and page-linked saved view"

✓ Done

true

✓ Done

✓ Done

true

true

"Reload retained exact source page and viewport centre"

✓ Screenshot saved to screenshots/growth/2026-09-07-sheets/native-reload-pass-3.png

✓ Done

true

