✓ Done

true

✓ Done

true

✓ Done

true

true

"panel"

✓ Done

✓ Done

true

"edits allowed"

✓ Done

✓ Done

true

{
  "paused": false,
  "tools": [
    "read_project_contextRunning read_project_context…Running read_project_context…",
    "read_project_contextTool result{\"projectId\":\"job-f1b3d650-aadb-4c38-9d57-7e5ff9d09b09\",\"projectName\":\"New project\",\"projectRevision\":2,\"pane\":\"measure\",\"sourceP",
    "calibrate_source_sheetRunning calibrate_source_sheet…Running calibrate_source_sheet…",
    "calibrate_source_sheetTool result{\"projectId\":\"job-f1b3d650-aadb-4c38-9d57-7e5ff9d09b09\",\"sheet\":1,\"originalPage\":2,\"sourceKind\":\"web\",\"documentId\":\"document-64",
    "trace_takeoff_runRunning trace_takeoff_run…Running trace_takeoff_run…",
    "trace_takeoff_runTool result{\"projectId\":\"job-f1b3d650-aadb-4c38-9d57-7e5ff9d09b09\",\"sheet\":1,\"originalPage\":2,\"sourceKind\":\"web\",\"documentId\":\"document-64b59ee",
    "read_takeoff_evidenceRunning read_takeoff_evidence…Running read_takeoff_evidence…",
    "read_takeoff_evidenceTool result{\"projectId\":\"job-f1b3d650-aadb-4c38-9d57-7e5ff9d09b09\",\"projectRevision\":5,\"activeDocument\":{\"id\":\"document-64b59ee9-2ab1-475d-",
    "review_takeoff_itemRunning review_takeoff_item…Running review_takeoff_item…",
    "review_takeoff_itemTool result{\"projectId\":\"job-f1b3d650-aadb-4c38-9d57-7e5ff9d09b09\",\"sheet\":1,\"originalPage\":2,\"sourceKind\":\"web\",\"documentId\":\"document-64b59"
  ]
}

"edits allowed"

1

✓ Done

✓ Done

true

{
  "errors": [],
  "replies": [
    "AssistantThe requested operations have been completed on **Sheet Index 1** (original page 2) of active document `21-08-26_Redburn_BR250157_Prelim_Council (1).pdf`:\n\n1. **Calibration**:\n   - **Points**: `(100, 100)` to `(600, 100)` (page units)\n   - **Known Distance**: 5.00 m (scale: 0.01 m/unit)\n   - **Method**: Scale bar (locked)\n   - **Status**: Locked and verified\n\n2. **Takeoff Run**:\n   - **Run ID**: `run-58016c3a-04b1-4afe-8d25-e4cf341080e3` (`Run 01`)\n   - **Vertices**: `(100, 300)` to `(600, 300)`\n   - **Gross & Net Length**: **5.00 m**\n\n3. **Approval**:\n   - **Reviewer**: Daniel Sivyer\n   - **Decision**: Approved\n   - **Status**: **Approved** (revision 2)\n   - **Remaining Blocker**: Missing specification (`trade / work package`, `quantity source reference`)",
    "AssistantDONE"
  ],
  "tools": [
    "read_project_contextRunning read_project_context…Running read_project_context…",
    "read_project_contextTool result{\"projectId\":\"job-f1b3d650-aadb-4c38-9d57-7e5ff9d09b09\",\"projectName\":\"New project\",\"projectRevision\":2,\"pane\":\"measure\",\"sourcePage\":1,\"documents\":[{\"id\":\"doc-sample\",\"",
    "calibrate_source_sheetRunning calibrate_source_sheet…Running calibrate_source_sheet…",
    "calibrate_source_sheetTool result{\"projectId\":\"job-f1b3d650-aadb-4c38-9d57-7e5ff9d09b09\",\"sheet\":1,\"originalPage\":2,\"sourceKind\":\"web\",\"documentId\":\"document-64b59ee9-2ab1-475d-ab49-17e2eca216f2\",\"sou",
    "trace_takeoff_runRunning trace_takeoff_run…Running trace_takeoff_run…",
    "trace_takeoff_runTool result{\"projectId\":\"job-f1b3d650-aadb-4c38-9d57-7e5ff9d09b09\",\"sheet\":1,\"originalPage\":2,\"sourceKind\":\"web\",\"documentId\":\"document-64b59ee9-2ab1-475d-ab49-17e2eca216f2\",\"sourceSh",
    "read_takeoff_evidenceRunning read_takeoff_evidence…Running read_takeoff_evidence…",
    "read_takeoff_evidenceTool result{\"projectId\":\"job-f1b3d650-aadb-4c38-9d57-7e5ff9d09b09\",\"projectRevision\":5,\"activeDocument\":{\"id\":\"document-64b59ee9-2ab1-475d-ab49-17e2eca216f2\",\"name\":\"21-08-26_Redb",
    "review_takeoff_itemRunning review_takeoff_item…Running review_takeoff_item…",
    "review_takeoff_itemTool result{\"projectId\":\"job-f1b3d650-aadb-4c38-9d57-7e5ff9d09b09\",\"sheet\":1,\"originalPage\":2,\"sourceKind\":\"web\",\"documentId\":\"document-64b59ee9-2ab1-475d-ab49-17e2eca216f2\",\"source"
  ]
}

{
  "evidence": "according to the scale bar on that sheet",
  "jobRevision": 6,
  "lengthM": 5,
  "method": "Live assistant · scale bar",
  "metresPerUnit": 0.01,
  "review": {
    "decidedAt": "2026-09-09T03:07:30.443Z",
    "decidedBy": "Daniel Sivyer",
    "note": "Recorded through the Live assistant for Daniel Sivyer.",
    "status": "approved"
  },
  "runId": "run-58016c3a-04b1-4afe-8d25-e4cf341080e3"
}

✓ Screenshot saved to screenshots/growth/2026-09-09-az5-release/prod-unlock-b-takeoff-desktop.png

