[agent-browser] launched browser
✓ Done

✓ X-Ray by Looplet
  http://127.0.0.1:8080/

true

true

http://127.0.0.1:8080/

true

true

true

true

true

true

true

true

true

true

true

true

✓ Screenshot saved to proof/growth/cdp-demo/17-issue-modal.png

true

true

true

true

true

✓ Screenshot saved to proof/growth/cdp-demo/18-issued-history.png

true

http://127.0.0.1:8080/

true

true

true

true

true

true

true

true

true

true

✓ Screenshot saved to proof/growth/cdp-demo/19-revision-comparison.png

true

