[agent-browser] launched browser
✓ X-Ray by Looplet
  http://127.0.0.1:8091/

✓ Done

true

✓ Done

true

"opened"

true

"confirm auto-accepted"

✓ Done

true

✓ Screenshot saved to screenshots/growth/2026-09-09-assistant-surface/desktop-01-before.png

✓ Done

true

{
  "composerVisible": true,
  "launcherHidden": true,
  "panel": {
    "h": 333,
    "l": 960,
    "t": 467,
    "w": 320
  },
  "pressed": "true",
  "rail": {
    "h": 550,
    "l": 1012,
    "t": 467,
    "w": 255
  },
  "railClass": "arch-inspector",
  "railHidden": true,
  "visible": {
    "h": 333,
    "t": 467
  }
}

✓ Screenshot saved to screenshots/growth/2026-09-09-assistant-surface/desktop-02-rail-mode.png

"d01c4698-aee6-4cfd-a865-9201464c04cf"

true

{
  "focused": "canvas-context-item",
  "items": [
    "reference:Reference in chat",
    "explain:Explain this",
    "improve:Suggest improvements",
    "modify:Modify with AI…",
    "draw:Draw something like this here",
    "render:Real-life view of this",
    "pick:Select a shape to reference…"
  ],
  "target": "architect-plan"
}

✓ Screenshot saved to screenshots/growth/2026-09-09-assistant-surface/desktop-03-context-menu.png

✓ Done

true

{
  "draft": "[Reference · wall id d01c4698-aee6-4cfd-a865-9201464c04cf on level \"Ground\" (739729b6-729b-4fb6-8ed4-9e17335447d1) · Wall 1, from (0, 0) to (9000, 0) mm, length 9000 mm, height 2700 mm, 4 layers]",
  "focusOnPrompt": false,
  "menuClosed": true,
  "panelOpen": true
}

✓ Screenshot saved to screenshots/growth/2026-09-09-assistant-surface/desktop-04-reference-in-draft.png

"edits allowed"

"[Reference · wall id d01c4698-aee6-4cfd-a865-9201464c04cf on level \"Ground\" (739729b6-729b-4fb6-8ed4-9e17335447d1) · Wall 1, from (0, 0) to (9000, 0) mm, length 9000 mm, height 2700 mm, 4 layers]\nMake this wall 400 mm longer by moving its end point b further along its own direction. Change nothing else. Then tell me the wall's new length in mm."

0

✓ Done

true

{
  "errors": [],
  "newLength": 9400,
  "refId": "d01c4698-aee6-4cfd-a865-9201464c04cf",
  "reply": "AssistantWall 1 (`d01c4698-aee6-4cfd-a865-9201464c04cf`) has been updated:\n\n* **Previous end point $b$**: `(9000, 0)` mm\n* **New end point $b$**: `(9400, 0)` mm\n* **Start point $a$**: `(0, 0)` mm (unchanged)\n* **New wall length**: **9400 mm**",
  "revision": 3
}

✓ Screenshot saved to screenshots/growth/2026-09-09-assistant-surface/desktop-05-after-referenced-edit.png

158

1

✓ Done

true

true

{
  "meter": "Context 2%",
  "meterTitle": "≈5,195 of 300,000 tokens",
  "pills": [
    "Hipped Roof (Current: 22.5° pitch, 450 mm eaves): A four-sided hip roof…",
    "Dual-Pitch Gable Roof (22.5° pitch, 450 mm eaves): Two opposing roof pl…",
    "Mono-Pitch / Skillion Roof (8°–12° pitch, 450 mm eaves): A single conti…",
    "Other…"
  ],
  "suggestions": [
    "Select a shape to reference",
    "Show all levels in 3D",
    "Export as DXF",
    "Undo that"
  ]
}

✓ Screenshot saved to screenshots/growth/2026-09-09-assistant-surface/desktop-06-option-pills.png

"other opened"

true

✓ Screenshot saved to screenshots/growth/2026-09-09-assistant-surface/desktop-07-inline-input.png

"escape sent"

true

"Hipped Roof (Current: 22.5° pitch, 450 mm eaves): A four-sided hip roof sloping down to all exterior walls, providing uniform overhangs, balanced stormwater she"

true

true

{
  "reply": "AssistantOption 1 (**Hipped Roof**) is confirmed.\n\nThe current roof element (`d5769354-89f6-4340-8fa9-4709332024d2`, \"Main roof\") is currently configured with these parameters:\n\n* **Roof style**: 4-sided hip roof (`gable: false` on all 4 perimeter edges)\n* **Pitch**: 22.5° on all edges\n* **Eaves ove",
  "sentAsUser": "YouHipped Roof (Current: 22.5° pitch, 450 mm eaves): A four-sided hip roof sloping down to all exterior walls, providing uniform overhangs, balanced stormwater she",
  "stalePills": 3
}

✓ Screenshot saved to screenshots/growth/2026-09-09-assistant-surface/desktop-08-after-pill.png

"floor set"

31

3

✓ Done

true

true

{
  "banner": "This chat is full (≈300,000 tokens). Continue in a new chat to carry your work over.Continue this in a new chat",
  "meter": "Context 100%",
  "promptDisabled": true,
  "sendDisabled": true
}

✓ Screenshot saved to screenshots/growth/2026-09-09-assistant-surface/desktop-09-context-full.png

"floor removed"

✓ Done

true

{
  "entries": 1,
  "handover": "AssistantContinued from the previous chat.\nHandover from the previous chat\nProject: job-7d5594f7-5c4f-4207-9d0e-f499bef2bb9b\nRequests (oldest first):\n1. [Reference · wall id d01c4698-aee6-4cfd-a865-9201464c04cf on level \"Ground\" (739729b6-729b-4fb6-8ed4-9e17335447d1) · Wall 1, from (0, 0) to (9000, 0) mm, length 9000 mm, height 2700 mm, 4 layers] Make this wall 400 mm longer by moving its end point b further along its own direction. Change nothing…\n2. Give me exactly three numbered roof options for this design, formatted as 1. 2. 3. each on its own line, then ask me which one I want. Do not change anything.\n3. Hipped Roof (Current: 22.5° pitch, 450 mm eaves): A four-sided hip roof sloping down to all exterior walls, providing uniform overhangs, balanced stormwater she\n4. Reply with exactly the word OK.\nChanges made (tool receipts):\n- edit_architect_elements: {\"projectId\":\"job-7d5594f7-5c",
  "meter": "Context 0%"
}

✓ Screenshot saved to screenshots/growth/2026-09-09-assistant-surface/desktop-10-continued-new-chat.png

✓ Done

true

{
  "launcherVisible": true,
  "railBack": "visible",
  "stored": "0"
}

✓ Done

true

http://127.0.0.1:8091/

true

true

{
  "l": 880,
  "restored": true,
  "w": 400
}

✓ Screenshot saved to screenshots/growth/2026-09-09-assistant-surface/desktop-11-rail-restored-after-reload.png

✓ Done

