http://tauri.localhost/

true

✓ Done

true

{
  "bytes": 6884,
  "name": "Quota retry name",
  "revision": 7
}

✓ Screenshot saved to screenshots/growth/2026-09-09-az3-release/native-saves-v2-s1-01-before.png

✓ Done

true

✓ Done

{
  "bytes": 6889,
  "foreignRevision": 8
}

✓ Done

true

{
  "renameGuard": "refused-before-store-write",
  "storedEqualsForeign": true,
  "visibleName": "Quota retry name"
}

✓ Screenshot saved to screenshots/growth/2026-09-09-az3-release/native-saves-v2-s1-02-rename-guard.png

✓ Done

✓ Done

✗ Wait timed out after 25000ms
