[agent-browser] launched browser
✓ X-Ray by Looplet
  http://127.0.0.1:8080/

✓ Done

true

✓ Done

true

✓ Done

true

✓ Done

true

true

✓ Done

true

true

"{\"label\":\"BEFORE desktop 1280x800\",\"viewport\":[1280,800],\"dock\":{\"left\":280,\"top\":369,\"width\":580,\"height\":335,\"bottom\":704},\"rows\":{\"header\":154,\"adjusters\":44,\"timeline\":40,\"phases\":41},\"controls\":23,\"under44\":[{\"name\":\"Floor level selector\",\"w\":123,\"h\":32},{\"name\":\"Pencil Test\",\"w\":100,\"h\":32},{\"name\":\"Tour\",\"w\":68,\"h\":32},{\"name\":\"Blueprint\",\"w\":93,\"h\":32},{\"name\":\"Model sheets PDF\",\"w\":136,\"h\":32},{\"name\":\"Solid Finish\",\"w\":104,\"h\":32},{\"name\":\"Toggle dock position between bottom-left and center\",\"w\":107,\"h\":32},{\"name\":\"Close Draftsman mode\",\"w\":28,\"h\":32},{\"name\":\"Decrease pencil size\",\"w\":22,\"h\":32},{\"name\":\"Increase pencil size\",\"w\":22,\"h\":32},{\"name\":\"Decrease drafting speed\",\"w\":22,\"h\":32},{\"name\":\"Increase drafting speed\",\"w\":22,\"h\":32},{\"name\":\"Pause drawing\",\"w\":32,\"h\":32},{\"name\":\"Replay drafting sequence\",\"w\":32,\"h\":32},{\"name\":\"Drafting progress\",\"w\":254,\"h\":20},{\"name\":\"0.5x\",\"w\":36,\"h\":32},{\"name\":\"1x\",\"w\":27,\"h\":32},{\"name\":\"2x\",\"w\":27,\"h\":32},{\"name\":\"5x\",\"w\":27,\"h\":32},{\"name\":\"1. Datum Grid\",\"w\":131,\"h\":32},{\"name\":\"2. Wireframe Ascend\",\"w\":131,\"h\":32},{\"name\":\"3. Technical Ink\",\"w\":131,\"h\":32},{\"name\":\"4. Material Wash\",\"w\":131,\"h\":32}],\"docScrollWidth\":1280,\"position\":\"bottom-left\",\"padding\":\"12px 16px\"}"

✓ Screenshot saved to screenshots/growth/2026-09-09-draftsman-dock/before-desktop-1280x800.png

✓ Done

true

"{\"label\":\"BEFORE tablet 1024x768\",\"viewport\":[1024,768],\"dock\":{\"left\":20,\"top\":361,\"width\":780,\"height\":261,\"bottom\":622},\"controls\":23,\"under44Count\":23,\"docScrollWidth\":1024}"

✓ Screenshot saved to screenshots/growth/2026-09-09-draftsman-dock/before-tablet-1024x768.png

