null

✓ Done

true

✓ Done

✓ Done

true

true

{
  "settledAtFrame": 897
}

true

{
  "actualCamera": {
    "capture": "drag",
    "mode": "walk",
    "pitch": 0,
    "position": [
      4.499999999999998,
      1.65,
      2.9901641187050356
    ],
    "speed": 0,
    "yaw": 0
  },
  "mode": "walk",
  "ready": true,
  "selector": "canvas[aria-label=\"Live architectural 3D model\"]"
}

{
  "previous": {
    "capture": "drag",
    "mode": "walk",
    "pitch": 0,
    "position": [
      4.499999999999998,
      1.65,
      2.9901641187050356
    ],
    "speed": 0,
    "yaw": 0
  },
  "requestedYawChange": 0.45
}

true

✓ Screenshot saved to screenshots/growth/2026-09-08-architect-denied-walk-before.png

{
  "before": {
    "capture": "drag",
    "mode": "walk",
    "pitch": 0,
    "position": [
      4.499999999999998,
      1.65,
      2.9901641187050356
    ],
    "speed": 0,
    "yaw": 0.45
  },
  "code": "KeyW"
}

true

{
  "observed": {
    "capture": "drag",
    "mode": "walk",
    "pitch": 0,
    "position": [
      4.420727009921803,
      1.65,
      2.826056554742302
    ],
    "speed": 1.239380768192683,
    "yaw": 0.45
  },
  "released": "KeyW"
}

true

{
  "after": {
    "capture": "drag",
    "mode": "walk",
    "pitch": 0,
    "position": [
      4.317619162463182,
      1.65,
      2.6126070853179133
    ],
    "speed": 0.0033379844053227745,
    "yaw": 0.45
  },
  "before": {
    "capture": "drag",
    "mode": "walk",
    "pitch": 0,
    "position": [
      4.499999999999998,
      1.65,
      2.9901641187050356
    ],
    "speed": 0,
    "yaw": 0.45
  },
  "code": "KeyW",
  "delta": [
    -0.1823808375368161,
    0,
    -0.3775570333871223
  ],
  "distance": 0.4192995150971619,
  "horizontalForwardDot": 0.4192995150971619,
  "rightDot": 8.604228440844963e-16,
  "signedCameraDot": 0.4192995150971619
}

{
  "before": {
    "capture": "drag",
    "mode": "walk",
    "pitch": 0,
    "position": [
      4.317619162463182,
      1.65,
      2.6126070853179133
    ],
    "speed": 0.0033379844053227745,
    "yaw": 0.45
  },
  "code": "KeyS"
}

true

{
  "observed": {
    "capture": "drag",
    "mode": "walk",
    "pitch": 0,
    "position": [
      4.387704502602172,
      1.65,
      2.7576947681259414
    ],
    "speed": 1.1894289527247155,
    "yaw": 0.45
  },
  "released": "KeyS"
}

true

{
  "after": {
    "capture": "drag",
    "mode": "walk",
    "pitch": 0,
    "position": [
      4.486678079634208,
      1.65,
      2.962585647193129
    ],
    "speed": 0.002945352779565471,
    "yaw": 0.45
  },
  "before": {
    "capture": "drag",
    "mode": "walk",
    "pitch": 0,
    "position": [
      4.317619162463182,
      1.65,
      2.6126070853179133
    ],
    "speed": 0.0033379844053227745,
    "yaw": 0.45
  },
  "code": "KeyS",
  "delta": [
    0.16905891717102595,
    0,
    0.3499785618752158
  ],
  "distance": 0.38867198412965664,
  "horizontalForwardDot": -0.38867198412965664,
  "rightDot": -1.942890293094024e-15,
  "signedCameraDot": 0.38867198412965664
}

{
  "before": {
    "capture": "drag",
    "mode": "walk",
    "pitch": 0,
    "position": [
      4.486678079634208,
      1.65,
      2.962585647193129
    ],
    "speed": 0.002945352779565471,
    "yaw": 0.45
  },
  "code": "KeyA"
}

true

{
  "observed": {
    "capture": "drag",
    "mode": "walk",
    "pitch": 0,
    "position": [
      4.3412657339614755,
      1.65,
      3.0332428521648747
    ],
    "speed": 1.1908641830970814,
    "yaw": 0.45
  },
  "released": "KeyA"
}

true

{
  "after": {
    "capture": "drag",
    "mode": "walk",
    "pitch": 0,
    "position": [
      4.136246573223375,
      1.65,
      3.132490120670378
    ],
    "speed": 0.0032121308298550862,
    "yaw": 0.45
  },
  "before": {
    "capture": "drag",
    "mode": "walk",
    "pitch": 0,
    "position": [
      4.486678079634208,
      1.65,
      2.962585647193129
    ],
    "speed": 0.002945352779565471,
    "yaw": 0.45
  },
  "code": "KeyA",
  "delta": [
    -0.35043150641083276,
    0,
    0.1699044734772488
  ],
  "distance": 0.3894480334947741,
  "horizontalForwardDot": -0.0005643634639550532,
  "rightDot": -0.3894476245746367,
  "signedCameraDot": 0.3894476245746367
}

{
  "before": {
    "capture": "drag",
    "mode": "walk",
    "pitch": 0,
    "position": [
      4.136201914716474,
      1.65,
      3.1325117393074335
    ],
    "speed": 0.002953333483624535,
    "yaw": 0.45
  },
  "code": "KeyD"
}

true

{
  "observed": {
    "capture": "drag",
    "mode": "walk",
    "pitch": 0,
    "position": [
      4.263657324245787,
      1.65,
      3.070944090985946
    ],
    "speed": 1.13706208744305,
    "yaw": 0.45
  },
  "released": "KeyD"
}

true

{
  "after": {
    "capture": "drag",
    "mode": "walk",
    "pitch": 0,
    "position": [
      4.459536090394829,
      1.65,
      2.976324053860798
    ],
    "speed": 0.002819904724208009,
    "yaw": 0.45
  },
  "before": {
    "capture": "drag",
    "mode": "walk",
    "pitch": 0,
    "position": [
      4.136201914716474,
      1.65,
      3.1325117393074335
    ],
    "speed": 0.002953333483624535,
    "yaw": 0.45
  },
  "code": "KeyD",
  "delta": [
    0.32333417567835543,
    0,
    -0.15618768544663553
  ],
  "distance": 0.35908158160337156,
  "horizontalForwardDot": -4.736367558710875e-7,
  "rightDot": 0.35908158160305914,
  "signedCameraDot": 0.35908158160305914
}

✓ Screenshot saved to screenshots/growth/2026-09-08-architect-denied-walk-moved.png

{
  "keysReleased": true,
  "movements": [
    {
      "after": {
        "capture": "drag",
        "mode": "walk",
        "pitch": 0,
        "position": [
          4.317619162463182,
          1.65,
          2.6126070853179133
        ],
        "speed": 0.0033379844053227745,
        "yaw": 0.45
      },
      "before": {
        "capture": "drag",
        "mode": "walk",
        "pitch": 0,
        "position": [
          4.499999999999998,
          1.65,
          2.9901641187050356
        ],
        "speed": 0,
        "yaw": 0.45
      },
      "code": "KeyW",
      "delta": [
        -0.1823808375368161,
        0,
        -0.3775570333871223
      ],
      "distance": 0.4192995150971619,
      "horizontalForwardDot": 0.4192995150971619,
      "rightDot": 8.604228440844963e-16,
      "signedCameraDot": 0.4192995150971619
    },
    {
      "after": {
        "capture": "drag",
        "mode": "walk",
        "pitch": 0,
        "position": [
          4.486678079634208,
          1.65,
          2.962585647193129
        ],
        "speed": 0.002945352779565471,
        "yaw": 0.45
      },
      "before": {
        "capture": "drag",
        "mode": "walk",
        "pitch": 0,
        "position": [
          4.317619162463182,
          1.65,
          2.6126070853179133
        ],
        "speed": 0.0033379844053227745,
        "yaw": 0.45
      },
      "code": "KeyS",
      "delta": [
        0.16905891717102595,
        0,
        0.3499785618752158
      ],
      "distance": 0.38867198412965664,
      "horizontalForwardDot": -0.38867198412965664,
      "rightDot": -1.942890293094024e-15,
      "signedCameraDot": 0.38867198412965664
    },
    {
      "after": {
        "capture": "drag",
        "mode": "walk",
        "pitch": 0,
        "position": [
          4.136246573223375,
          1.65,
          3.132490120670378
        ],
        "speed": 0.0032121308298550862,
        "yaw": 0.45
      },
      "before": {
        "capture": "drag",
        "mode": "walk",
        "pitch": 0,
        "position": [
          4.486678079634208,
          1.65,
          2.962585647193129
        ],
        "speed": 0.002945352779565471,
        "yaw": 0.45
      },
      "code": "KeyA",
      "delta": [
        -0.35043150641083276,
        0,
        0.1699044734772488
      ],
      "distance": 0.3894480334947741,
      "horizontalForwardDot": -0.0005643634639550532,
      "rightDot": -0.3894476245746367,
      "signedCameraDot": 0.3894476245746367
    },
    {
      "after": {
        "capture": "drag",
        "mode": "walk",
        "pitch": 0,
        "position": [
          4.459536090394829,
          1.65,
          2.976324053860798
        ],
        "speed": 0.002819904724208009,
        "yaw": 0.45
      },
      "before": {
        "capture": "drag",
        "mode": "walk",
        "pitch": 0,
        "position": [
          4.136201914716474,
          1.65,
          3.1325117393074335
        ],
        "speed": 0.002953333483624535,
        "yaw": 0.45
      },
      "code": "KeyD",
      "delta": [
        0.32333417567835543,
        0,
        -0.15618768544663553
      ],
      "distance": 0.35908158160337156,
      "horizontalForwardDot": -4.736367558710875e-7,
      "rightDot": 0.35908158160305914,
      "signedCameraDot": 0.35908158160305914
    }
  ]
}

true

✓ Screenshot saved to screenshots/growth/2026-09-08-architect-denied-walk-escaped.png


null

✓ Done

true

null

✓ Done

true

✓ Screenshot saved to screenshots/growth/2026-09-08-architect-rapid-reentry.png

{
  "exit": "orbit",
  "rapidReentry": "locked"
}

