✓ Done

true

null

null

null

true

true

null

✓ Screenshot saved to screenshots/growth/local-app-tools-drawn-model.png

null

null

null

null

true

null

✓ Done

true

null

✓ Screenshot saved to screenshots/growth/local-app-tools-redo-saved.png


[debug] [vite] connecting...
[debug] [vite] connected.
[info] %cDownload the React DevTools for a better development experience: https://react.dev/link/react-devtools font-weight:bold
[debug] [vite] connecting...
[debug] [vite] connected.
[info] %cDownload the React DevTools for a better development experience: https://react.dev/link/react-devtools font-weight:bold
[warning] THREE.WebGLShadowMap: PCFSoftShadowMap has been deprecated. Using PCFShadowMap instead.
