✓ X-Ray by Looplet
  http://127.0.0.1:8096/floor-lab

✓ Done

true

{
  "expected": "plumbing,electrical,reinforcement,structure,framing,wall-services,insulation,gyprock,painting,flooring,fixtures,appliances",
  "ids": "plumbing,electrical,reinforcement,structure,framing,wall-services,insulation,gyprock,painting,flooring,fixtures,appliances",
  "match": true
}

"seek reinforcement end"

true

✓ Screenshot saved to screenshots/growth/2026-09-09-az3-release/production-floor-diag-reinforcement.png

"seek insulation end"

true

✓ Screenshot saved to screenshots/growth/2026-09-09-az3-release/production-floor-diag-insulation.png

✓ Done

✓ Done

true

✓ Screenshot saved to screenshots/growth/2026-09-09-az3-release/production-floor-diag-services.png

✓ Done

true

✓ Screenshot saved to screenshots/growth/2026-09-09-az3-release/production-floor-diag-tablet.png

