[agent-browser] launched browser
✓ Done

✓ X-Ray by Looplet
  http://127.0.0.1:8085/

true

"reloading-with-minimax"

true

"checking"

true

"{\"provider\":\"MiniMax\",\"model\":\"MiniMax-M3\",\"stored\":\"minimax\"}"

"seeding"

true

"{\"ok\":true,\"jobId\":\"job-df086725-2fc7-4b14-92a3-8230de777adb\",\"documents\":2,\"activeDocumentId\":\"doc-ground-floor\",\"calibrations\":3}"

"opened"

true

"binding"

true

"menu opened"

true

"clicked New chat"

"awaiting empty conversation"

true

"{\"conversationEmptyBeforeTurn\":true,\"activeId\":\"3007ea4f-6150-43fe-a0ae-8660041b96ac\"}"

"{\"script\":\"08-no-tool-nondiscussion\",\"jobId\":\"job-df086725-2fc7-4b14-92a3-8230de777adb\"}"

"composed 42 chars"

true

"baseline"

true

✓ Screenshot saved to proof/growth/2026-09-16-live-assistant-rig/screenshots/08-no-tool-nondiscussion-composed.png

"sent"

"polling"

true

✓ Screenshot saved to proof/growth/2026-09-16-live-assistant-rig/screenshots/08-no-tool-nondiscussion-replied.png

"{\"state\":\"error\",\"baseline\":0,\"newEntryCount\":1,\"newEntries\":[{\"kind\":\"user\",\"tool\":null,\"failed\":null,\"origin\":null,\"projectName\":null,\"projectRevision\":null,\"text\":\"No tools. Reply with exactly: LIVE TURN OK\"}],\"projectId\":\"job-df086725-2fc7-4b14-92a3-8230de777adb\",\"activeId\":\"3007ea4f-6150-43fe-a0ae-8660041b96ac\",\"threads\":2,\"busy\":false,\"error\":\"Workflow incomplete after two correction attempts. Completed actions and the next required step are saved.\",\"workPacket\":{\"state\":\"blocked\",\"objective\":\"No tools. Reply with exactly: LIVE TURN OK\",\"nextAction\":\"Workflow incomplete after two correction attempts. Completed actions and the next required step are saved.\",\"pendingAction\":null,\"routingFailure\":null},\"entries\":[{\"kind\":\"user\",\"tool\":null,\"failed\":null,\"origin\":null,\"projectName\":null,\"projectRevision\":null,\"text\":\"No tools. Reply with exactly: LIVE TURN OK\"}]}"

"{\"bannerVisible\":true,\"bannerText\":\"Workflow incomplete after two correction attempts. Completed actions and the next required step are saved.\"}"

✓ Screenshot saved to proof/growth/2026-09-16-live-assistant-rig/screenshots/08-no-tool-nondiscussion-panel.png

