[agent-browser] launched browser
✓ X-Ray by Looplet
  http://127.0.0.1:8091/

✓ Done

true

✓ Done

true

"opened"

true

"confirm auto-accepted"

✓ Done

true

✓ Screenshot saved to screenshots/growth/2026-09-09-assistant-surface/desktop-01-before.png

✓ Done

true

{
  "composerVisible": true,
  "launcherHidden": true,
  "panel": {
    "h": 333,
    "l": 960,
    "t": 467,
    "w": 320
  },
  "pressed": "true",
  "rail": {
    "h": 550,
    "l": 1012,
    "t": 467,
    "w": 255
  },
  "railClass": "arch-inspector",
  "railHidden": true,
  "visible": {
    "h": 333,
    "t": 467
  }
}

✓ Screenshot saved to screenshots/growth/2026-09-09-assistant-surface/desktop-02-rail-mode.png

"2d094904-b46f-4016-99d9-20594159c905"

true

{
  "focused": "canvas-context-item",
  "items": [
    "reference:Reference in chat",
    "explain:Explain this",
    "improve:Suggest improvements",
    "modify:Modify with AI…",
    "draw:Draw something like this here",
    "render:Real-life view of this",
    "pick:Select a shape to reference…"
  ],
  "target": "architect-plan"
}

✓ Screenshot saved to screenshots/growth/2026-09-09-assistant-surface/desktop-03-context-menu.png

✓ Done

true

{
  "draft": "[Reference · wall id 2d094904-b46f-4016-99d9-20594159c905 on level \"Ground\" (f9732ba1-7f78-4fed-a5da-6474edbdb03b) · Wall 1, from (0, 0) to (9000, 0) mm, length 9000 mm, height 2700 mm, 4 layers]",
  "focusOnPrompt": false,
  "menuClosed": true,
  "panelOpen": true
}

✓ Screenshot saved to screenshots/growth/2026-09-09-assistant-surface/desktop-04-reference-in-draft.png

"edits allowed"

"[Reference · wall id 2d094904-b46f-4016-99d9-20594159c905 on level \"Ground\" (f9732ba1-7f78-4fed-a5da-6474edbdb03b) · Wall 1, from (0, 0) to (9000, 0) mm, length 9000 mm, height 2700 mm, 4 layers]\nMake this wall 400 mm longer by moving its end point b further along its own direction. Change nothing else. Then tell me the wall's new length in mm."

0

✓ Done

true

{
  "errors": [],
  "newLength": 9400,
  "refId": "2d094904-b46f-4016-99d9-20594159c905",
  "reply": "AssistantWall 1 (ID: `2d094904-b46f-4016-99d9-20594159c905`) has been updated: its end point **b** has been moved from `(9000, 0)` mm to `(9400, 0)` mm (design revision 3).\n\nThe wall's new length is **9400 mm**.",
  "revision": 3
}

✓ Screenshot saved to screenshots/growth/2026-09-09-assistant-surface/desktop-05-after-referenced-edit.png

158

1

✓ Done

true

true

{
  "meter": "Context 1%",
  "meterTitle": "≈2,909 of 300,000 tokens",
  "pills": [
    "Hipped Roof (Current): A standard four-sided pitched roof (22.5° pitch…",
    "Gable Roof: A dual-pitched roof (22.5°) with vertical gable ends on the…",
    "Skillip / Mono-Pitch Roof: A single-slope pitched roof angled from fron…",
    "Other…"
  ],
  "suggestions": [
    "Select a shape to reference",
    "Show all levels in 3D",
    "Export as DXF",
    "Undo that"
  ]
}

✓ Screenshot saved to screenshots/growth/2026-09-09-assistant-surface/desktop-06-option-pills.png

"other opened"

true

✓ Screenshot saved to screenshots/growth/2026-09-09-assistant-surface/desktop-07-inline-input.png

"escape sent"

true

"Hipped Roof (Current): A standard four-sided pitched roof (22.5° pitch on all edges) with uniform 450 mm eaves."

true

true

{
  "reply": "AssistantThe design retains **Option 1: Hipped Roof**.\n\nThe existing roof (`Main roof`, ID: `93c51a2c-1277-43c1-85f1-325df6ddef92`) is currently configured with these exact parameters:\n- **Geometry**: 4-sided pitched roof\n- **Pitch**: 22.5° across all four edges (all `gable: false`)\n- **Eaves overha",
  "sentAsUser": "YouHipped Roof (Current): A standard four-sided pitched roof (22.5° pitch on all edges) with uniform 450 mm eaves.",
  "stalePills": 3
}

✓ Screenshot saved to screenshots/growth/2026-09-09-assistant-surface/desktop-08-after-pill.png

"floor set"

31

3

✓ Done

true

true

{
  "banner": "This chat is full (≈300,000 tokens). Continue in a new chat to carry your work over.Continue this in a new chat",
  "meter": "Context 100%",
  "promptDisabled": true,
  "sendDisabled": true
}

✓ Screenshot saved to screenshots/growth/2026-09-09-assistant-surface/desktop-09-context-full.png

"floor removed"

✓ Done

true

{
  "entries": 1,
  "handover": "AssistantContinued from the previous chat.\nHandover from the previous chat\nProject: job-26f41abd-fbe1-4c71-81f4-7724cfe8e4cc\nRequests (oldest first):\n1. [Reference · wall id 2d094904-b46f-4016-99d9-20594159c905 on level \"Ground\" (f9732ba1-7f78-4fed-a5da-6474edbdb03b) · Wall 1, from (0, 0) to (9000, 0) mm, length 9000 mm, height 2700 mm, 4 layers] Make this wall 400 mm longer by moving its end point b further along its own direction. Change nothing…\n2. Give me exactly three numbered roof options for this design, formatted as 1. 2. 3. each on its own line, then ask me which one I want. Do not change anything.\n3. Hipped Roof (Current): A standard four-sided pitched roof (22.5° pitch on all edges) with uniform 450 mm eaves.\n4. Reply with exactly the word OK.\nChanges made (tool receipts):\n- edit_architect_elements: {\"projectId\":\"job-26f41abd-fbe1-4c71-81f4-7724cfe8e4cc\",\"designRevision\":3,\"sa",
  "meter": "Context 0%"
}

✓ Screenshot saved to screenshots/growth/2026-09-09-assistant-surface/desktop-10-continued-new-chat.png

✓ Done

true

{
  "launcherVisible": true,
  "railBack": "visible",
  "stored": "0"
}

✗ Element '@e10' is covered by <label.assistant-permission inside section#live-assistant-panel> at its click point, so the input would land on that element instead. Dismiss or interact with the covering element first (it is often a dialog, banner, or sticky header).
