[agent-browser] launched browser
✓ X-Ray by Looplet
  http://127.0.0.1:8080/

✓ Done

true

"Legacy position seeded in isolated test session"

http://127.0.0.1:8080/

true

✓ Done

true

{
  "header": "linear-gradient(145deg, rgb(255, 255, 255), rgb(226, 230, 235))",
  "right": 1424,
  "top": 432
}

✓ Screenshot saved to screenshots/growth/assistant-hardened-desktop.png

✓ Done

✓ Done

✓ Done

✓ Done

http://127.0.0.1:8080/

true

"Saved v2 position retained"

✓ Done

true

✓ Screenshot saved to screenshots/growth/assistant-hardened-guardrails.png

✓ Done

✓ Done

✓ Done

✗ Evaluation error: Error: Missing runtime skills
    at <anonymous>:1:112
    at <anonymous>:1:256
