"Runtime event monitor installed"

✓ Console log cleared

null

✓ Done

true

null

✓ Done

true

null

true

null

true

✓ Screenshot saved to screenshots/growth/production-197ab-architect-attempt1-door-prompt.png

null

true

{
  "blocked": "true",
  "blockedFrames": 12,
  "done": true,
  "end": [
    5.711097543203025,
    1.6500000059604645,
    2.9901641187050356
  ],
  "feetEnd": [
    5.711097543203025,
    5.9604645663569045e-9,
    2.9901641187050356
  ],
  "feetStart": "4.676258992805751,5.9604645663569045e-9,2.9901641187050356",
  "frames": 62,
  "passed": true,
  "start": [
    4.676258992805751,
    1.6500000059604645,
    2.9901641187050356
  ]
}

true

✓ Screenshot saved to screenshots/growth/production-197ab-architect-attempt1-door-closed-block.png

null

true

✓ Screenshot saved to screenshots/growth/production-197ab-architect-attempt1-door-reach.png

true

{
  "cameraPosition": "5.711097543203025,1.6500000059604645,2.9901641187050356",
  "engine": "three.js r185",
  "frameCount": "236",
  "meshCount": "115",
  "navigation": "walk",
  "navigationBlocked": "false",
  "navigationCapture": "drag",
  "navigationDirection": "1,0,-2.220446049250313e-16",
  "navigationPitch": "0",
  "navigationSpeed": "0",
  "navigationTransition": "idle",
  "navigationTransitionProgress": "1",
  "navigationYaw": "-1.5707963267948963",
  "projectRevision": "2",
  "selected": "",
  "walkDoor": "3e7e867b-24d6-4927-84e6-1c04cd5730af",
  "walkDoorBusy": "false",
  "walkDoorOpen": "true",
  "walkDoorProgress": "1",
  "walkDoors": "[{\"id\":\"409b94fd-6c9d-4ace-9feb-5bd1449e7f1e\",\"open\":false,\"progress\":0},{\"id\":\"3e7e867b-24d6-4927-84e6-1c04cd5730af\",\"open\":true,\"progress\":1}]",
  "walkFeet": "5.711097543203025,5.9604645663569045e-9,2.9901641187050356"
}

✓ Screenshot saved to screenshots/growth/production-197ab-architect-attempt1-door-open.png

null

true

{
  "blocked": "false",
  "blockedFrames": 0,
  "done": true,
  "end": [
    6.520221604575219,
    1.6500000059604645,
    2.9901641187050356
  ],
  "feetEnd": [
    6.520221604575219,
    5.9604645663569045e-9,
    2.9901641187050356
  ],
  "feetStart": "5.711097543203025,5.9604645663569045e-9,2.9901641187050356",
  "frames": 38,
  "passed": true,
  "start": [
    5.711097543203025,
    1.6500000059604645,
    2.9901641187050356
  ]
}

true

✓ Screenshot saved to screenshots/growth/production-197ab-architect-attempt1-door-through.png

null

true

null

✓ Done

true

null

✓ Done

true

null

true

null

true

✓ Done

true

✓ Screenshot saved to screenshots/growth/production-197ab-architect-attempt1-door-button-reach.png

true

null

true

{
  "blocked": "false",
  "blockedFrames": 0,
  "done": true,
  "end": [
    6.522087940422158,
    1.6500000059604645,
    2.9901641187050356
  ],
  "feetEnd": [
    6.522087940422158,
    5.9604645663569045e-9,
    2.9901641187050356
  ],
  "feetStart": "4.676258992805751,5.9604645663569045e-9,2.9901641187050356",
  "frames": 73,
  "passed": true,
  "start": [
    4.676258992805751,
    1.6500000059604645,
    2.9901641187050356
  ]
}

true

✓ Screenshot saved to screenshots/growth/production-197ab-architect-attempt1-door-button-through.png

null

null

✓ Done

true

null

✓ Done

true

null

true

null

null

true

{
  "blocked": "true",
  "blockedFrames": 12,
  "done": true,
  "end": [
    2.9892086330935217,
    1.6500000059604645,
    0.40008825598368447
  ],
  "feetEnd": [
    2.9892086330935217,
    5.9604645663569045e-9,
    0.40008825598368447
  ],
  "feetStart": "2.9892086330935217,5.9604645663569045e-9,1.0764950539568345",
  "frames": 50,
  "passed": true,
  "start": [
    2.9892086330935217,
    1.6500000059604645,
    1.0764950539568343
  ]
}

true

✓ Screenshot saved to screenshots/growth/production-197ab-architect-attempt1-window-block.png

null

✓ Done

true

null

✓ Done

true

null

true

null

null

true

{
  "blocked": "true",
  "blockedFrames": 12,
  "done": true,
  "end": [
    0.3983282476321073,
    1.6499999999999997,
    2.9901641187050356
  ],
  "feetEnd": [
    0.3983282476321073,
    -1.8309474428068563e-16,
    2.9901641187050356
  ],
  "feetStart": "0.9999999999999982,5.9604645663569045e-9,2.9901641187050356",
  "frames": 50,
  "passed": true,
  "start": [
    0.9999999999999982,
    1.6500000059604645,
    2.9901641187050356
  ]
}

true

✓ Screenshot saved to screenshots/growth/production-197ab-architect-attempt1-wall-block.png

null

null

✓ Done

true

null

✓ Done

true

✗ Evaluation error: Error: Invalid landing did not safely restore orbit: {"text":"This walking start has no clear, supported landing. Choose another start.","before":[0.3983282476321073,1.6499999999999997,2.9901641187050356],"after":[0.39684792872930164,1.7442322772343848,2.990164118705035],"distance":0.09424390387092428}
    at <anonymous>:1:484
    at <anonymous>:1:623
