[agent-browser] launched browser
✓ Done

✓ X-Ray by Looplet
  http://127.0.0.1:8080/

true

"seeded Roof Architectural Plan Rev D.pdf"

true

"roofing worksheet opened"

true

"switched to flashings and fixings tab"

true

"Flashings, fasteners and cryptographic seal verified"

"seal verified, digest fd50d48780671285…"

"download control present: Download Sealed Deliverable (.json)"

"framed top [data-testid=\"flashing-fixings-panel\"]"

✓ Screenshot saved to proof/growth/2026-09-19-sc07-flashing-schedules/captures/sc07-flashing-kpi-controls-desktop-1600x1000.png

✓ Screenshot saved to screenshots/growth/sc07/sc07-flashing-kpi-controls-desktop-1600x1000.png

"framed [data-testid=\"flashing-table-wrap\"]"

✓ Screenshot saved to proof/growth/2026-09-19-sc07-flashing-schedules/captures/sc07-flashing-schedule-table-desktop-1600x1000.png

✓ Screenshot saved to screenshots/growth/sc07/sc07-flashing-schedule-table-desktop-1600x1000.png

"framed [data-testid=\"delivery-seal-card\"]"

✓ Screenshot saved to proof/growth/2026-09-19-sc07-flashing-schedules/captures/sc07-fastener-and-seal-desktop-1600x1000.png

✓ Screenshot saved to screenshots/growth/sc07/sc07-fastener-and-seal-desktop-1600x1000.png

"updated wind to N4 and substrate to steel-battens"

true

"Wind N4 and AutoTek screw profile verified"

"framed [data-testid=\"delivery-seal-card\"]"

✓ Screenshot saved to proof/growth/2026-09-19-sc07-flashing-schedules/captures/sc07-wind-n4-fastener-update-desktop-1600x1000.png

✓ Screenshot saved to screenshots/growth/sc07/sc07-wind-n4-fastener-update-desktop-1600x1000.png

"tamper simulated"

true

"tampered seal rejected: Status: REJECTED (digest mismatch)"

"framed [data-testid=\"delivery-seal-card\"]"

✓ Screenshot saved to proof/growth/2026-09-19-sc07-flashing-schedules/captures/sc07-seal-tamper-rejected-desktop-1600x1000.png

✓ Screenshot saved to screenshots/growth/sc07/sc07-seal-tamper-rejected-desktop-1600x1000.png

✗ Evaluation error: Error: Seal did not restore
    at <anonymous>:35:67
    at <anonymous>:37:3
