[agent-browser] launched browser
✓ X-Ray by Looplet
  http://127.0.0.1:8091/

✓ Done

true

✓ Done

true

"opened"

true

"confirm auto-accepted"

✓ Done

true

{
  "levels": 1,
  "name": "Courtyard studio / demonstration",
  "openings": 3,
  "roofs": 1,
  "walls": 5
}

"opened panel"

true

"edit freely"

133

{
  "errors": 0,
  "replies": 0
}

✓ Done

true

{
  "receipt": "show_design_in_modelPut the design into the 3D model viewerdesign revision 2 · pane modelTool result{\"mounted\":true,\"pane\":\"model\",\"building\":\"designed\",\"objects\":23,\"walls\":5,\"openings\":3,\"roofFaces\":4,\"storeys\":1,\"evidence\":\"inferred\",\"origin\":\"designed\",\"designRevision\":2,\"sceneSha256\":\"f695ff226",
  "rows": [
    "Put the design into the 3D model viewer · Working…",
    "Put the design into the 3D model viewer · design revision 2 · pane model",
    "Read the source building · Working…",
    "Read the source building · 23 parts · 23 of 23 matched"
  ]
}

true

{
  "heading": "Your design, in three dimensions",
  "meshCount": 23,
  "sourceSha256": "f695ff226f8b",
  "status": "designed"
}

✓ Screenshot saved to screenshots/growth/2026-09-09-assistant-surface/model-01-designed-in-viewer.png

95

{
  "errors": 0,
  "replies": 1
}

✓ Done
