[agent-browser] launched browser
✓ X-Ray by Looplet
  http://127.0.0.1:8080/

✓ Done

true

✓ Done

true

✓ Done

true

✓ Done

true

true

✓ Done

true

true

null

true

✓ Screenshot saved to proof/draftsman/phase1-datum-grid.png

null

true

✓ Screenshot saved to proof/draftsman/phase2-ascending-wireframe.png

null

true

✓ Screenshot saved to proof/draftsman/phase3-technical-ink.png

null

true

✓ Screenshot saved to proof/draftsman/phase4-material-wash.png

null

true

✓ Screenshot saved to proof/draftsman/phase5-complete-solid.png

{
  "dock": {},
  "status": {
    "activeCategory": "Architectural Surface Wash",
    "activeElevation": 108.69000000000004,
    "activeStoreyLabel": "Fully Rendered",
    "cinematicOrbit": false,
    "durationSeconds": 14,
    "mode": "complete",
    "phase": "complete",
    "progress": 1,
    "speed": 1,
    "storeys": [
      {
        "elevation": 5.325,
        "label": "Ground",
        "progress": 0.15144696860078136
      },
      {
        "elevation": 10.725,
        "label": "Level 01",
        "progress": 0.1774924034148459
      },
      {
        "elevation": 14.025,
        "label": "Level 02",
        "progress": 0.19340905802344088
      },
      {
        "elevation": 17.025,
        "label": "Level 03",
        "progress": 0.2078787440312545
      },
      {
        "elevation": 20.025,
        "label": "Level 04",
        "progress": 0.22234843003906812
      },
      {
        "elevation": 23.025,
        "label": "Level 05",
        "progress": 0.2368181160468818
      },
      {
        "elevation": 26.025,
        "label": "Level 06",
        "progress": 0.2512878020546954
      },
      {
        "elevation": 29.025,
        "label": "Level 07",
        "progress": 0.26575748806250904
      },
      {
        "elevation": 32.025,
        "label": "Level 08",
        "progress": 0.2802271740703227
      },
      {
        "elevation": 35.025,
        "label": "Level 09",
        "progress": 0.29469686007813634
      },
      {
        "elevation": 38.025,
        "label": "Level 10",
        "progress": 0.30916654608594996
      },
      {
        "elevation": 41.025,
        "label": "Level 11",
        "progress": 0.3236362320937636
      },
      {
        "elevation": 44.025,
        "label": "Level 12",
        "progress": 0.3381059181015772
      },
      {
        "elevation": 47.025,
        "label": "Level 13",
        "progress": 0.3525756041093908
      },
      {
        "elevation": 50.025,
        "label": "Level 14",
        "progress": 0.3670452901172045
      },
      {
        "elevation": 53.025,
        "label": "Level 15",
        "progress": 0.3815149761250181
      },
      {
        "elevation": 56.025,
        "label": "Level 16",
        "progress": 0.39598466213283173
      },
      {
        "elevation": 59.025,
        "label": "Level 17",
        "progress": 0.4104543481406454
      },
      {
        "elevation": 62.025,
        "label": "Level 18",
        "progress": 0.42492403414845903
      },
      {
        "elevation": 65.025,
        "label": "Level 19",
        "progress": 0.43939372015627265
      },
      {
        "elevation": 68.025,
        "label": "Level 20",
        "progress": 0.4538634061640862
      },
      {
        "elevation": 71.025,
        "label": "Level 21",
        "progress": 0.4683330921718999
      },
      {
        "elevation": 74.025,
        "label": "Level 22",
        "progress": 0.4828027781797135
      },
      {
        "elevation": 77.025,
        "label": "Level 23",
        "progress": 0.49727246418752713
      },
      {
        "elevation": 80.025,
        "label": "Level 24",
        "progress": 0.5117421501953408
      },
      {
        "elevation": 83.025,
        "label": "Level 25",
        "progress": 0.5262118362031544
      },
      {
        "elevation": 86.025,
        "label": "Level 26",
        "progress": 0.5406815222109681
      },
      {
        "elevation": 89.025,
        "label": "Level 27",
        "progress": 0.5551512082187817
      },
      {
        "elevation": 92.025,
        "label": "Level 28",
        "progress": 0.5696208942265953
      },
      {
        "elevation": 95.025,
        "label": "Level 29",
        "progress": 0.584090580234409
      },
      {
        "elevation": 98.025,
        "label": "Level 30",
        "progress": 0.5985602662422226
      },
      {
        "elevation": 101.225,
        "label": "Level 31",
        "progress": 0.6139945979838904
      },
      {
        "elevation": 104.6,
        "label": "Roof and lift overruns",
        "progress": 0.6302729947426807
      }
    ],
    "totalMeshCount": 2180,
    "visibleMeshCount": 2180
  }
}

