✓ Done

✓ Done

✓ Done

- combobox "Current plan" [expanded=false, ref=e51]: Open a plan to begin
  - option "Open a plan to begin" [selected, ref=e93]
  - option "📂 Open plan file (PDF, CAD, Image)…" [ref=e94]
  - option "📄 Load sample plan (Redburn BR250157 PDF)…" [ref=e95]
- button "Open" [ref=e52]
- button "Backups" [ref=e17]
- button "Settings" [ref=e18]
- button "Log in" [ref=e19]
- button "Collapse header" [expanded=true, ref=e3]
- separator "Resize header" [ref=e4] focusable [tabindex]: 54
- navigation "Panes" [ref=e12]
  - button "Overview" [ref=e20]
  - button "Sheets" [ref=e21]
  - button "Measure" [ref=e22]
  - button "Sketch" [ref=e23]
  - button "Components" [ref=e24]
  - button "Model" [ref=e25]
  - button "Render" [ref=e26]
  - button "Review" [ref=e27]
  - button "Cost" [ref=e28]
  - button "Proof" [ref=e29]
- button "Collapse navigation" [expanded=true, ref=e5]
- separator "Resize navigation" [ref=e6] focusable [tabindex]: 44
- button "Collapse workspace info" [expanded=true, ref=e7]
- separator "Resize workspace info" [ref=e8] focusable [tabindex]: 28
- navigation "Sketch workspaces" [ref=e13]
  - button "Architectural workspace" [ref=e30]
  - button "Source annotations" [ref=e31]
- button "Select" [ref=e53]
- button "Wall" [ref=e54]
- button "Door" [ref=e55]
- button "Window" [ref=e56]
- button "Slab" [ref=e57]
- button "Roof" [ref=e58]
- button "Line" [ref=e59]
- button "Circle" [ref=e60]
- button "Dimension" [ref=e61]
- button "Room tag" [ref=e62]
- button "Section" [ref=e63]
- button "Grid" [ref=e64]
- button "Undo design edit" [disabled, ref=e65]
- button "Redo design edit" [disabled, ref=e66]
- button "Fit" [ref=e67]
- combobox "Tracking" [expanded=false, ref=e68]: Ortho 90°
  - option "Free angle" [ref=e96]
  - option "Ortho 90°" [selected, ref=e97]
  - option "Polar" [ref=e98]
- spinbutton "Exact drawing length mm" [ref=e69]
- combobox "Drawing projection" [expanded=false, ref=e32]: plan
  - option "plan" [selected, ref=e80]
  - option "north" [ref=e81]
  - option "south" [ref=e82]
  - option "east" [ref=e83]
  - option "west" [ref=e84]
  - option "section" [ref=e85]
- checkbox "Live 3D" [checked=true, ref=e33]
- checkbox "Roof" [checked=true, ref=e34]
- checkbox "All levels in 3D" [checked=false, ref=e35]
- image "Editable architectural plan" [ref=e36] focusable [tabindex]
  - generic "A" [ref=e70] clickable [onclick]
  - generic "A" [ref=e71] clickable [onclick]
- image "Live architectural 3D model" [ref=e72] focusable [tabindex]
- button "Orbit" [ref=e86]
- button "Fly" [ref=e87]
- button "Walk-through" [ref=e88]
- button "Export DXF" [ref=e73]
- button "Export DWG" [disabled, ref=e74]
- LabelText "Import DXF" [ref=e75] clickable [cursor:pointer]
- button "Export IFC" [ref=e76]
- generic "Logs12Console1Errors0StatusDevelopment" [ref=e37] clickable [onclick]
  - separator "Resize bottom panel" [ref=e77] focusable [tabindex]: 22
  - tab "Logs 12" [ref=e89]
  - tab "Console 1" [ref=e90]
  - tab "Errors 0" [ref=e91]
  - tab "Status" [selected, ref=e92]
  - button "Expand workspace diagnostics" [expanded=false, ref=e78]
- heading "MODEL READINESS" [level=2, ref=e14]
- button "Collapse" [ref=e15]
- button "Exit canvas" [ref=e1]
- separator "Resize right menu" [ref=e9] focusable [tabindex]: 400
- button "Collapse right menu" [expanded=true, ref=e10]
- button "Assistant mode" [ref=e2]
- region "Drawing assistant panel" [ref=e11]
  - button "Move live assistant" [ref=e38]
  - button "Assistant settings" [expanded=false, ref=e39]
  - button "Dock into the right menu" [ref=e40]
  - button "Collapse live assistant" [ref=e41]
  - button "Open canvas" [ref=e16]
  - button "Select a shape to reference" [ref=e42]
  - button "Draw a room 6 m × 4 m" [ref=e43]
  - button "Add a level above" [ref=e44]
  - button "Show all levels in 3D" [ref=e45]
  - radio "Ask before edits" [checked=false, ref=e46]
  - radio "Edit freely" [checked=true, ref=e47]
  - radio "Read only" [checked=false, ref=e48]
  - textbox "Message live assistant" [ref=e49]: This is an empty visual test project. Create an illustrative two-storey pavilion, 8 m by 6 m, using real editable architecture geometry. Use at most six operations in one small batch: a two-storey rectangular shell, horizontal floor slabs, and a roof if supported. Keep tool arguments short. Then mount this same design with show_design_in_model and start Magic Pencil using draftsman_control play so I can watch the multiple pencils draw it in the 3D view. Do not substitute a stock model or an image. Preserve any existing objects. Briefly report only confirmed results.
  - button "Add to assistant" [expanded=false, ref=e79]
  - button "Send assistant message" [ref=e50]
