"open"

true

"ok"

"Quote from=Affordable Fencing Gold Coast"

"Quote customer=QA test customer (training)"

"Quote reference=Q-QA-HANDOVER-1"

"Quote validity days=30"

"Quote site address=74-78 Annie Street, Auchenflower QLD 4066 (Redburn sample survey)"

[
  "Download draft quote PDF",
  "Download handover package (ZIP)",
  "Save handover to a folder…",
  "Share PDF…",
  "Write email (disabled)"
]

✓ Screenshot saved to proof/growth/2026-09-23-quote-handover/shots/h1-handover-options.png

✓ Done

true

"dialog stub: returns the chosen folder"

✓ Done

✗ Wait timed out after 20000ms
