[agent-browser] launched browser
✓ X-Ray by Looplet
  http://127.0.0.1:8091/

✓ Done

true

{
  "documents": [
    "No source plan"
  ],
  "project": "New project"
}

✓ Done

true

"opened"

true

{
  "doors": 0,
  "extentMm": [
    0,
    0,
    0,
    0
  ],
  "levels": [],
  "name": "(default design, not saved yet)",
  "revision": 1,
  "roofs": [],
  "rooms": [],
  "slabs": 0,
  "walls": 0,
  "windows": 0
}

true

"panel"

true

{
  "bytes": 138262,
  "type": "image/png"
}

true

✓ Screenshot saved to screenshots/growth/2026-09-09-assistant-surface/showcase-01-sketch-attached.png

"edits allowed"

1189

{
  "errors": 0,
  "replies": 0
}

✓ Done

true

{
  "design": {
    "doors": 0,
    "extentMm": [
      null,
      null,
      null,
      null
    ],
    "levels": [
      "Ground@0",
      "Level 1@3600",
      "Level 2@7200",
      "Plant Level@10800"
    ],
    "name": "Riverside Lab & Workshop",
    "revision": 3,
    "roofs": [],
    "rooms": [],
    "slabs": 0,
    "walls": 0,
    "windows": 0
  },
  "done": false,
  "errors": [
    "Assistant response was blocked or incomplete. No action has been confirmed."
  ],
  "last": "",
  "lastTools": [
    "read_project_contextTool result{\"projectId\":\"job-dcc660ea-97ae-4b45-b087-e806a7d5b8bd\",\"pr",
    "read_architect_designTool result{\"project\":{\"schema\":\"xray.architect/v1\",\"id\":\"job-dcc660e",
    "read_workbench_structureTool result{\"units\":{\"architecturalDesign\":\"mm\",\"sourceBuilding\":\"",
    "edit_architect_elementsTool result{\"projectId\":\"job-dcc660ea-97ae-4b45-b087-e806a7d5b8bd\",",
    "read_source_buildingTool result{\"building\":\"ruffles\",\"title\":\"Ruffles sample\",\"sample\":tru",
    "draw_architect_elementsTool result{\"projectId\":\"job-dcc660ea-97ae-4b45-b087-e806a7d5b8bd\","
  ],
  "paused": false,
  "receipts": 6
}

✓ Screenshot saved to screenshots/growth/2026-09-09-assistant-surface/showcase-02-first-reply.png

