✓ X-Ray by Looplet
  http://tauri.localhost/

{
  "height": 1000,
  "native": true,
  "width": 1440
}

true

✓ Done

true

null

✓ Screenshot saved to screenshots/growth/2026-09-07-sheets/native-final2-before.png

✓ Done

✓ Done

✓ Done

✓ Done

true

✓ Done

✓ Done

✓ Done

✓ Done

true

✓ Done

true

"Two named discipline groups sorted; original page indices retained"

✓ Screenshot saved to screenshots/growth/2026-09-07-sheets/native-final2-groups.png

✓ Done

✓ Done

true

✓ Done

✓ Done

true

✓ Done

null

✓ Done

✓ Done

✓ Done

null

✓ Done

✓ Done

✓ Done

✓ Done

✓ Done

✓ Done

true

{
  "bookmark": {
    "aspect": 1.4141349887274548,
    "center": {
      "x": 0.44558234650223866,
      "y": 0.4615230460921843
    },
    "createdAt": "2026-09-07T13:22:15.108Z",
    "id": "e781f582-4100-46f9-87d2-41197eb65f07",
    "name": "Release drainage detail",
    "zoom": 1.5625
  },
  "identity": {
    "documentId": "document-3a0534b7-d0f3-44dd-81d5-6cfb0e3d866e",
    "importedAt": "2026-09-07T13:18:25.641Z",
    "jobId": "job-b5401e30-1f95-4e50-ae11-6ff6b20b1bd9",
    "pageCount": 13,
    "sha256": "b57956f76b5dc893ac2b28a021f3f92e345807e326d6b1f8313e373f9145ad38"
  }
}

✓ Done

true

✓ Done

✓ Done

✓ Done

true

true

"Correct original page and source centre restored after switching pages"

✓ Screenshot saved to screenshots/growth/2026-09-07-sheets/native-final2-bookmark-desktop.png

http://tauri.localhost/

true

✓ Done

true

"Full reload retained names, discipline order and page-linked saved view"

✓ Done

true

✓ Done

✓ Done

true

true

"Reload retained exact source page and viewport centre"

✓ Screenshot saved to screenshots/growth/2026-09-07-sheets/native-final2-bookmark-reloaded.png

✓ Done

true

