{
  "calls": [
    "read_project_contextRunning read_project_context…Running read_project_context…",
    "read_project_contextTool result{\"projectId\":\"job-de45ee68-abd6-4898-bead-321e700874c5\",\"projectName\":\"New project\",\"projectRevision\":2,\"pane",
    "read_source_sheetsRunning read_source_sheets…Running read_source_sheets…",
    "read_source_sheetsTool result{\"available\":true,\"documentId\":\"document-67ccddd0-08bc-4e88-a022-f420991c90ea\",\"sourceName\":\"21-08-26_Redburn_B",
    "manage_source_sheetRunning manage_source_sheet…Running manage_source_sheet…",
    "manage_source_sheetTool result{\"documentId\":\"document-67ccddd0-08bc-4e88-a022-f420991c90ea\",\"action\":\"rename\",\"pageIndex\":2,\"originalPage\":3",
    "manage_source_sheetRunning manage_source_sheet…Running manage_source_sheet…",
    "manage_source_sheetTool result{\"documentId\":\"document-67ccddd0-08bc-4e88-a022-f420991c90ea\",\"action\":\"archive\",\"pageIndex\":11,\"originalPage\"",
    "read_takeoff_evidenceRunning read_takeoff_evidence…Running read_takeoff_evidence…",
    "read_takeoff_evidenceTool result{\"projectId\":\"job-de45ee68-abd6-4898-bead-321e700874c5\",\"projectRevision\":2,\"activeDocument\":{\"id\":\"document",
    "read_price_booksRunning read_price_books…Running read_price_books…",
    "read_price_booksTool result{\"jobId\":\"job-de45ee68-abd6-4898-bead-321e700874c5\",\"libraryRevision\":0,\"blocked\":false,\"error\":null,\"books\":[],\"",
    "read_project_contextRunning read_project_context…Running read_project_context…",
    "read_project_contextTool result{\"projectId\":\"job-de45ee68-abd6-4898-bead-321e700874c5\",\"projectName\":\"New project\",\"projectRevision\":2,\"pane",
    "capture_project_backupRunning capture_project_backup…Running capture_project_backup…",
    "capture_project_backupTool result{\"saved\":true,\"verified\":true,\"backupId\":\"ab538c75-1c8a-42de-a836-c1607af5d49b\",\"name\":\"Assistant checkpoin"
  ],
  "error": "Paused after eight assistant steps. Completed actions are retained; send another message to continue."
}

"edits allowed for the continuation"

✓ Done

✓ Done

true

{
  "errors": [],
  "reply": "AssistantAll requested actions have been completed:\n\n### 1. Sheet Organisation\n- **Original Page 3 (Index 2):** Renamed to **\"Ground floor plan\"** with discipline set to **Architecture** (verified).\n- **Original Page 12 (Index 11):** **Archived** (verified; original drawing bytes and calibrations remain intact).\n\n---\n\n### 2. Takeoff Readiness Blockers\nCurrently, takeoff cannot proceed due to the following active blockers:\n1. **Calibration:** Confirm and lock the drawing scale for Sheet 1 (all sheets currently have unverified calibrations with confidence 0).\n2. **Runs:** Trace at least one takeoff run (no measured traces or located items are currently placed).\n\n---\n\n### 3. Price Books\n- **Status:** No price books currently exist in this project (`books: []`, 0 priced worksheet lines, library revision 0).\n\n---\n\n### 4. Workspace Backup\n- **Name:** `Assistant checkpoint`\n- **Backup ID:** `ab538c75-1c8a-42de-a836-c1607af5d49b`\n- **SHA-256:** `f0bb15be444a07fa36b29ea340a617500dcd2c4e56f05ae4e645de677d657e37`\n- **Size:** 9,341,194 bytes (1 plan, 0 photos, verified and stored locally in browser backup database).",
  "tools": [
    "read_project_contextRunning read_project_context…Running read_project_context…",
    "read_project_contextTool result{\"projectId\":\"job-de45ee68-abd6-4898-bead-321e700874c5\",\"projectName\":\"New project\",\"projectRevision\":2,\"pane\":\"sheets\",\"sourcePa",
    "read_source_sheetsRunning read_source_sheets…Running read_source_sheets…",
    "read_source_sheetsTool result{\"available\":true,\"documentId\":\"document-67ccddd0-08bc-4e88-a022-f420991c90ea\",\"sourceName\":\"21-08-26_Redburn_BR250157_Prelim_Counc",
    "manage_source_sheetRunning manage_source_sheet…Running manage_source_sheet…",
    "manage_source_sheetTool result{\"documentId\":\"document-67ccddd0-08bc-4e88-a022-f420991c90ea\",\"action\":\"rename\",\"pageIndex\":2,\"originalPage\":3,\"before\":{\"name\":\"S",
    "manage_source_sheetRunning manage_source_sheet…Running manage_source_sheet…",
    "manage_source_sheetTool result{\"documentId\":\"document-67ccddd0-08bc-4e88-a022-f420991c90ea\",\"action\":\"archive\",\"pageIndex\":11,\"originalPage\":12,\"before\":{\"name\"",
    "read_takeoff_evidenceRunning read_takeoff_evidence…Running read_takeoff_evidence…",
    "read_takeoff_evidenceTool result{\"projectId\":\"job-de45ee68-abd6-4898-bead-321e700874c5\",\"projectRevision\":2,\"activeDocument\":{\"id\":\"document-67ccddd0-08bc-4e88-",
    "read_price_booksRunning read_price_books…Running read_price_books…",
    "read_price_booksTool result{\"jobId\":\"job-de45ee68-abd6-4898-bead-321e700874c5\",\"libraryRevision\":0,\"blocked\":false,\"error\":null,\"books\":[],\"worksheetLines\":0,\"s",
    "read_project_contextRunning read_project_context…Running read_project_context…",
    "read_project_contextTool result{\"projectId\":\"job-de45ee68-abd6-4898-bead-321e700874c5\",\"projectName\":\"New project\",\"projectRevision\":2,\"pane\":\"sheets\",\"sourcePa",
    "capture_project_backupRunning capture_project_backup…Running capture_project_backup…",
    "capture_project_backupTool result{\"saved\":true,\"verified\":true,\"backupId\":\"ab538c75-1c8a-42de-a836-c1607af5d49b\",\"name\":\"Assistant checkpoint\",\"storedAt\":\"2026-"
  ]
}

{
  "lifecycleRevision": 2,
  "manageCalls": 2,
  "page12": {
    "archived": true,
    "name": "Sheet 12",
    "pageIndex": 11
  },
  "page3": {
    "archived": false,
    "discipline": "Architecture",
    "name": "Ground floor plan",
    "pageIndex": 2
  }
}

true

✓ Screenshot saved to screenshots/growth/2026-09-09-az5-release/prod-workbench-desktop-02-after-assistant.png

{
  "backups": 1,
  "found": {
    "jobId": "job-de45ee68-abd6-4898-bead-321e700874c5",
    "jobRevision": 2,
    "name": "Assistant checkpoint",
    "plans": 1,
    "sha256": "f0bb15be444a07fa36b29ea340a617500dcd2c4e56f05ae4e645de677d657e37",
    "sizeBytes": 9341194
  }
}

✓ Done

true

✓ Screenshot saved to screenshots/growth/2026-09-09-az5-release/prod-workbench-desktop-03-backups.png

