[agent-browser] launched browser
✓ Done

✓ Assistant Surface Review
  file:///C:/Users/danie/repo/xray-by-looplet/proof/growth/2026-09-17-assistant-sweep-review/index.html

true

"{\"fonts\":[{\"family\":\"IBM Plex Sans\",\"loaded\":true},{\"family\":\"IBM Plex Sans Condensed\",\"loaded\":true},{\"family\":\"IBM Plex Mono\",\"loaded\":true}],\"h1Font\":\"\\\"IBM Plex Sans Condensed\\\", \\\"IBM Plex Sans\\\", sans-serif\",\"h1Size\":\"49.6px\",\"bodyBg\":\"rgb(242, 245, 247)\",\"tables\":9,\"mapTables\":4,\"sections\":6,\"docHeight\":26487,\"scrollW\":1600,\"clientW\":1600}"

✓ Screenshot saved to C:/Users/danie/repo/xray-by-looplet/screenshots/growth/review-desktop-top.png

"scrolled to defects"

✓ Screenshot saved to C:/Users/danie/repo/xray-by-looplet/screenshots/growth/review-desktop-defects.png

"scrolled to campaign"

✓ Screenshot saved to C:/Users/danie/repo/xray-by-looplet/screenshots/growth/review-desktop-campaign.png

"scrolled to map corrections"

✓ Screenshot saved to C:/Users/danie/repo/xray-by-looplet/screenshots/growth/review-desktop-map-corrections.png

"scrolled to falsification note"

✓ Screenshot saved to C:/Users/danie/repo/xray-by-looplet/screenshots/growth/review-desktop-falsification.png

✓ Done

"top"

true

✓ Screenshot saved to C:/Users/danie/repo/xray-by-looplet/screenshots/growth/review-tablet-top.png

"{\"fonts\":[{\"family\":\"IBM Plex Sans\",\"loaded\":true},{\"family\":\"IBM Plex Sans Condensed\",\"loaded\":true},{\"family\":\"IBM Plex Mono\",\"loaded\":true}],\"h1Font\":\"\\\"IBM Plex Sans Condensed\\\", \\\"IBM Plex Sans\\\", sans-serif\",\"h1Size\":\"42.64px\",\"bodyBg\":\"rgb(242, 245, 247)\",\"tables\":9,\"mapTables\":4,\"sections\":6,\"docHeight\":31715,\"scrollW\":820,\"clientW\":820}"

