{
  "active": "BUTTON",
  "cls": "live-assistant is-open ",
  "dpr": 1.5,
  "handle": true,
  "inner": [
    2560,
    1370
  ],
  "panel": {
    "h": 400,
    "w": 360
  },
  "rect": {
    "bottom": 1354,
    "h": 452,
    "left": 2184,
    "right": 2544,
    "top": 902,
    "w": 360
  },
  "storedV1": null,
  "storedV2": "{\"width\":360,\"height\":400,\"x\":2184,\"y\":902}",
  "styleBottom": "",
  "styleLeft": "2184px",
  "styleRight": "",
  "styleTop": "902px",
  "transform": ""
}

✓ Screenshot saved to screenshots/growth/2026-09-09-az3-release/native-assistant-diag-after-home.png
