✓ Done

✓ X-Ray by Looplet
  http://127.0.0.1:8080/

true

✓ Done

true

"Tablet 1024x768: no horizontal overflow; 69 sheet-manager buttons all >= 44x44"

✓ Done

true

"Tablet review: [\"Calibrations retained=1\",\"Measured traces retained=0\",\"Located items retained=0\",\"Annotations retained=0\",\"Linked photos retained=0\",\"Saved views retained=1\"]; buttons [{\"label\":\"Confirm archive\",\"w\":109,\"h\":44,\"visible\":true},{\"label\":\"Cancel\",\"w\":61,\"h\":44,\"visible\":true}]; scrollWidth 1024 innerWidth 1024"

✓ Screenshot saved to screenshots/growth/2026-09-08-az3-sheets/C1-archive-review-tablet.png

✓ Done

true

✓ Done

true

"Tablet archived list: Recover button 89x44"

✓ Screenshot saved to screenshots/growth/2026-09-08-az3-sheets/C2-archived-list-tablet.png

✓ Done

true

✓ Done

true

"Tablet recover: page 2 back in slot 1 with metadata; order [0,1,2,3,4,5,6,7,8,9,10,11,12]"

✓ Screenshot saved to screenshots/growth/2026-09-08-az3-sheets/C3-after-recover-tablet.png

