✓ X-Ray by Looplet
  http://127.0.0.1:8091/

✓ Done

true

✓ Done

✓ Done

✓ Done

true

✓ Done

true

{
  "count": 5,
  "poses": [
    {
      "beat": "scribble",
      "position": [
        -14.419910430908203,
        31.862500190734856,
        12.154999732971191
      ],
      "rotation": [
        0.012093080590063771,
        0.5824000000000001,
        0.011684741446845852
      ]
    },
    {
      "beat": "orbit",
      "position": [
        -11.840759002710785,
        32.01934091493405,
        -9.470614782905908
      ],
      "rotation": [
        0.031600087873260255,
        2.2824,
        0.049689417103684734
      ]
    },
    {
      "beat": "scribble",
      "position": [
        9.33839988708496,
        28.81358588385497,
        -15.2716703414917
      ],
      "rotation": [
        0.054839140615974995,
        3.9824,
        0.0899644616517074
      ]
    },
    {
      "beat": "scribble",
      "position": [
        15.628610053519248,
        31.774999618530273,
        4.656189918518066
      ],
      "rotation": [
        -0.0018139679149942107,
        5.6823999999999995,
        0.003128926809521034
      ]
    },
    {
      "beat": "scribble",
      "position": [
        -9.96244525909434,
        28.950000762939453,
        14.826430320739746
      ],
      "rotation": [
        -0.04248594744320296,
        7.3824,
        -0.06393300520410972
      ]
    }
  ],
  "scribbleSeconds": 0.2,
  "visible": true
}

✓ Screenshot saved to screenshots/growth/2026-09-09-pencil-check/8091-low.png

{
  "first": {
    "count": 5,
    "poses": [
      {
        "beat": "scribble",
        "position": [
          -14.419910430908203,
          31.862500190734856,
          12.154999732971191
        ],
        "rotation": [
          0.012093080590063771,
          0.5824000000000001,
          0.011684741446845852
        ]
      },
      {
        "beat": "orbit",
        "position": [
          -11.840759002710785,
          32.01934091493405,
          -9.470614782905908
        ],
        "rotation": [
          0.031600087873260255,
          2.2824,
          0.049689417103684734
        ]
      },
      {
        "beat": "scribble",
        "position": [
          9.33839988708496,
          28.81358588385497,
          -15.2716703414917
        ],
        "rotation": [
          0.054839140615974995,
          3.9824,
          0.0899644616517074
        ]
      },
      {
        "beat": "scribble",
        "position": [
          15.628610053519248,
          31.774999618530273,
          4.656189918518066
        ],
        "rotation": [
          -0.0018139679149942107,
          5.6823999999999995,
          0.003128926809521034
        ]
      },
      {
        "beat": "scribble",
        "position": [
          -9.96244525909434,
          28.950000762939453,
          14.826430320739746
        ],
        "rotation": [
          -0.04248594744320296,
          7.3824,
          -0.06393300520410972
        ]
      }
    ],
    "scribbleSeconds": 0.2,
    "visible": true
  },
  "frames": 79,
  "last": {
    "count": 5,
    "poses": [
      {
        "beat": "orbit",
        "position": [
          -3.0383847628466656,
          51.243342584793986,
          -10.192432053711055
        ],
        "rotation": [
          0.007170332202922823,
          0.99577599999994,
          0.054632667753677415
        ]
      },
      {
        "beat": "orbit",
        "position": [
          15.9933404947073,
          47.247645421540895,
          3.1519354875983647
        ],
        "rotation": [
          -0.019293959604269124,
          2.69577599999994,
          0.03330730993775953
        ]
      },
      {
        "beat": "orbit",
        "position": [
          -9.661594299123475,
          52.756431060594544,
          14.680482810887412
        ],
        "rotation": [
          -0.0150286862224215,
          4.39577599999994,
          -0.01993944495678411
        ]
      },
      {
        "beat": "orbit",
        "position": [
          -9.402242180682933,
          47.61375367465817,
          10.226054866486006
        ],
        "rotation": [
          0.002231413890840958,
          6.0957759999999395,
          -0.06789638353988019
        ]
      },
      {
        "beat": "orbit",
        "position": [
          1.1633740252327427,
          47.18358691628049,
          -14.53883616275236
        ],
        "rotation": [
          0.015296122139212118,
          7.79577599999994,
          -0.04348739013285658
        ]
      }
    ],
    "scribbleSeconds": 0.2,
    "visible": true
  }
}

✓ Screenshot saved to screenshots/growth/2026-09-09-pencil-check/8091-moving.png

null

✓ Screenshot saved to screenshots/growth/2026-09-09-pencil-check/8091-high.png

✓ Done

✓ Screenshot saved to screenshots/growth/2026-09-09-pencil-check/8091-tablet.png

