✓ Done

✓ X-Ray by Looplet
  http://127.0.0.1:8080/

true

✓ Done

true

"Heading scrolled into view: Ground floor plan"

✓ Screenshot saved to screenshots/growth/2026-09-08-az3-sheets/B0-renamed-heading-desktop.png

"Before archive: order [0,1,2,3,4,5,6,7,8,9,10,11,12] slot 1 page {\"pageIndex\":1,\"name\":\"Ground floor plan\",\"archived\":false,\"discipline\":\"Architecture\",\"bookmarks\":[{\"id\":\"3cd5373f-8d3e-4f42-a2e0-2bfe66ef6d84\",\"name\":\"Entry detail\",\"createdAt\":\"2026-09-08T12:46:07.224Z\",\"zoom\":1,\"aspect\":1.414111328125,\"center\":{\"x\":0.5,\"y\":0.5}}]}"

✓ Done

true

"Archive review rows: [\"Calibrations retained=1\",\"Measured traces retained=0\",\"Located items retained=0\",\"Annotations retained=0\",\"Linked photos retained=0\",\"Saved views retained=1\"]; still Active (13); storage unchanged"

✓ Screenshot saved to screenshots/growth/2026-09-08-az3-sheets/B1-archive-review-desktop.png

✓ Done

true

"Archived: Active (12); page 2 absent from Active list and navigation; storage archived=true; order unchanged [0,1,2,3,4,5,6,7,8,9,10,11,12]; status: Sheet archived. Its source and measurements are preserved."

✓ Done

true

http://127.0.0.1:8080/

true

✓ Done

true

"After reload: still archived; navigation hides page 2; sidebar shows Sheet register · 1 archived"

✓ Done

true

✓ Screenshot saved to screenshots/growth/2026-09-08-az3-sheets/B2-archived-list-after-reload-desktop.png

✓ Done

true

✓ Done

true

"Recovered: order [0,1,2,3,4,5,6,7,8,9,10,11,12] equals before; slot 1; page metadata identical (name, discipline, 1 saved view); Active list rows [\"1\",\"2\",\"3\",\"4\",\"5\",\"6\",\"7\",\"8\",\"9\",\"10\",\"11\",\"12\",\"13\"]"

http://127.0.0.1:8080/

true

✓ Done

true

"After reload: recovered page 2 active in slot 1 with name/discipline/1 saved view; revision 6"

✓ Screenshot saved to screenshots/growth/2026-09-08-az3-sheets/B3-after-recover-reload-desktop.png

