http://tauri.localhost/

true

✓ Done

true

{
  "bytes": 827,
  "name": "Other window revision",
  "revision": 2
}

✓ Screenshot saved to screenshots/growth/2026-09-09-az3-release/native-saves-v2-s3-01-before.png

✓ Done

true

✓ Done

"quota-injected"

✓ Done

true

{
  "alert": "Could not save the project: Injected quota failure",
  "buttons": [
    {
      "height": 44,
      "text": "Retry saving project",
      "width": 130
    }
  ],
  "storedEqualsBefore": true,
  "viewport": [
    2560,
    1370
  ],
  "visibleName": "Quota retry name"
}

✓ Screenshot saved to screenshots/growth/2026-09-09-az3-release/native-saves-v2-s3-02-quota-unsaved.png

"quota-restored"

✓ Done

true

✓ Done

{
  "previousRevision": 2,
  "status": "Project record saved on this device · revision 3",
  "storedName": "Quota retry name",
  "storedRevision": 3
}

✓ Screenshot saved to screenshots/growth/2026-09-09-az3-release/native-saves-v2-s3-03-quota-recovered.png

