✓ Done

✓ X-Ray by Looplet
  http://127.0.0.1:8085/

true

"reloading-with-minimax"

true

"checking"

true

"{\"provider\":\"MiniMax\",\"model\":\"MiniMax-M3\",\"stored\":\"minimax\"}"

"seeding"

true

"{\"ok\":true,\"jobId\":\"job-b9ac9b63-9213-4e65-9e27-17ff018e92e4\",\"documents\":2,\"activeDocumentId\":\"doc-ground-floor\",\"calibrations\":3}"

"already-open"

true

"binding"

true

"menu opened"

true

"clicked New chat"

"awaiting empty conversation"

true

"{\"conversationEmptyBeforeTurn\":true,\"activeId\":\"04887950-253c-405e-97f1-cab4a5a38ccd\"}"

"{\"script\":\"10-ask-mode-deny\",\"jobId\":\"job-b9ac9b63-9213-4e65-9e27-17ff018e92e4\"}"

"mode -> ask"

"reading-mode"

true

"permission mode confirmed: ask"

"reading revision"

true

"{\"id\":\"job-b9ac9b63-9213-4e65-9e27-17ff018e92e4\",\"revision\":1,\"name\":\"New project\"}"

"composed 49 chars"

true

"baseline"

true

"sent"

"polling-permission"

true

✓ Screenshot saved to proof/growth/2026-09-16-live-assistant-rig/screenshots/10-ask-mode-prompt.png

"{\"outcome\":\"prompt\",\"toolName\":\"save_project\",\"title\":\"Save the project\",\"summary\":\"on design revision 1\",\"mode\":\"ask\"}"

"denied"

"reading revision"

true

"{\"label\":\"deny\",\"projectId\":\"job-b9ac9b63-9213-4e65-9e27-17ff018e92e4\",\"revision\":1,\"unchanged\":true}"

"awaiting final reply"

"polling-permission"

true

✓ Screenshot saved to proof/growth/2026-09-16-live-assistant-rig/screenshots/10-ask-mode-denied.png

"reading revision"

true

"{\"label\":\"after deny\",\"projectId\":\"job-b9ac9b63-9213-4e65-9e27-17ff018e92e4\",\"revision\":1,\"unchanged\":true}"

✗ Evaluation error: Error: No archive after the denied turn
    at <anonymous>:1:39
    at <anonymous>:7:115
