"recording keys"

✓ Done

✓ Done

✓ Done

{
  "bottom": 1354,
  "keysSeen": [
    {
      "code": "Home",
      "key": "Home",
      "target": "Move live assistant",
      "type": "keydown"
    },
    {
      "code": "Home",
      "key": "Home",
      "target": "Move live assistant",
      "type": "keyup"
    },
    {
      "code": "ArrowLeft",
      "key": "ArrowLeft",
      "target": "Move live assistant",
      "type": "keydown"
    },
    {
      "code": "ArrowLeft",
      "key": "ArrowLeft",
      "target": "Move live assistant",
      "type": "keyup"
    }
  ],
  "left": 2172
}

{
  "afterSyntheticHome": {
    "bottom": 1354,
    "left": 2184
  },
  "keysSeen": 5
}
