null

✓ Done

true

✓ Done

✓ Done

true

true

{
  "actualCamera": {
    "capture": "drag",
    "mode": "walk",
    "pitch": 0,
    "position": [
      4.499999999999998,
      1.65,
      2.990164118705035
    ],
    "speed": 0.0009793092494463352,
    "yaw": 0.9735197002783952
  },
  "mode": "walk",
  "ready": true,
  "selector": "canvas[aria-label=\"Live architectural 3D model\"]"
}

{
  "capture": "drag",
  "mode": "walk",
  "pitch": 0,
  "position": [
    4.499999999999998,
    1.65,
    2.990164118705035
  ],
  "speed": 0.0009793092494463352,
  "yaw": 0.9735197002783952
}

true

✓ Screenshot saved to screenshots/growth/2026-09-08-architect-denied-walk-before.png

✗ Evaluation error: Error: Movement test requires nonzero yaw
    at fail (<anonymous>:22:75)
    at state.begin (<anonymous>:47:55)
    at <anonymous>:1:63
