✓ X-Ray by Looplet
  http://127.0.0.1:8091/

✓ Done

true

✓ Done

true

"opened"

true

{
  "before": {
    "levels": 3,
    "revision": 2,
    "walls": 12
  },
  "viewport": [
    1024,
    768
  ]
}

true

✓ Screenshot saved to screenshots/growth/2026-09-09-assistant-wireframe/tablet-01-wireframe-3d.png

true

"panel"

✓ Done

✓ Done

true

"edits allowed"

✓ Done

✓ Done

true

{
  "reply": "Assistant### Actions Completed\n\n1. **Read Project Context & Design**:\n   - Initial project revision: `2` (levels: *Ground*, *Level 2*, *Level 3* — 3 levels total).\n2. **Added Storey**:\n   - Added `Level 4` at elevation 9,600 mm (height 3,200 mm) with the matching 20 m × 12 m footprint (`[0,0]` to `[20000,12000]`) without a roof (design revision advanced to `3`).\n3. **Undone**:\n   - Executed `undo_architect_change` against revision `3`, reverting the added level and walls (design revision updated to `4`).\n\n### Final Level Count\n\nThe building has **3 levels**:\n- **Ground** (Elevation: 0 mm, Height: 2,700 mm)\n- **Level 2** (Elevation: 3,200 mm, Height: 3,200 mm)\n- **Level 3** (Elevation: 6,400 mm, Height: 3,200 mm)",
  "tools": [
    "read_project_contextRunning read_project_context…Running read_project_context…",
    "read_project_contextTool result{\"projectId\":\"job-dc8b49a9-fff0-48ea-af61-79461bf795b3\",\"projectName\":\"New project\",\"proj",
    "read_architect_designRunning read_architect_design…Running read_architect_design…",
    "read_architect_designTool result{\"project\":{\"schema\":\"xray.architect/v1\",\"id\":\"job-dc8b49a9-fff0-48ea-af61-79461bf795b3\"",
    "read_workbench_structureRunning read_workbench_structure…Running read_workbench_structure…",
    "read_workbench_structureTool result{\"units\":{\"architecturalDesign\":\"mm\",\"sourceBuilding\":\"m\",\"sourceSheets\":\"PDF page pi",
    "draw_architect_elementsRunning draw_architect_elements…Running draw_architect_elements…",
    "draw_architect_elementsTool result{\"projectId\":\"job-dc8b49a9-fff0-48ea-af61-79461bf795b3\",\"designRevision\":3,\"saved\":tru",
    "undo_architect_changeRunning undo_architect_change…Running undo_architect_change…",
    "undo_architect_changeTool result{\"projectId\":\"job-dc8b49a9-fff0-48ea-af61-79461bf795b3\",\"designRevision\":4,\"undone\":true",
    "read_architect_designRunning read_architect_design…Running read_architect_design…",
    "read_architect_designTool result{\"project\":{\"schema\":\"xray.architect/v1\",\"id\":\"job-dc8b49a9-fff0-48ea-af61-79461bf795b3\""
  ]
}

{
  "after": {
    "levels": 3,
    "revision": 4,
    "walls": 12
  },
  "drew": true,
  "uiRevision": "4",
  "undid": true
}

✓ Screenshot saved to screenshots/growth/2026-09-09-assistant-wireframe/tablet-02-after-add-and-undo.png

