[
  {
    "dangerType": 0,
    "fileName": "33559a28-fb40-4115-979b-5dd67ab683e3",
    "filePath": "\\\\?\\C:\\Users\\danie\\repo\\xray-by-looplet\\proof\\growth\\2026-09-08-daily-recovery\\33559a28-fb40-4115-979b-5dd67ab683e3",
    "lastReasonText": "Failed - Download error",
    "state": 5,
    "text": "\nToday\n\n\n  \n    \n      \n      \n      \n    \n\n    \n      33559a28-fb40-4115-979b-5dd67ab683e333559a28-fb40-4115-979b-5dd67ab683e3\n        Failed - Download error\n      \n\n      \n        \n          From http://127.0.0.1:8080\n        \n      \n\n      \n        \n      \n\n      \n        Scanning for malware…\n      \n\n      \n\n      \n        \n          \n            \n          \n        \n      \n      \n    \n    \n      \n      \n        \n        \n        \n        \n        \n        \n        \n        \n      \n      \n        \n          Show in folder\n        \n        \n          \n        \n        \n          Delete from history\n        \n        \n          Delete from history\n        \n        \n          Retry\n        \n        \n          Scan for malware\n        \n        \n          \n        \n        \n          Cancel\n        \n        \n          Open anyway\n        \n        \n          Discard\n        \n        \n          Review\n        \n        \n          \n        \n      \n      \n      \n    \n  \n  \n    \n  \n\n"
  },
  {
    "dangerType": 0,
    "fileName": "6c675c56-cdb0-4759-896e-aa0f5a083473",
    "filePath": "\\\\?\\C:\\Users\\danie\\repo\\xray-by-looplet\\proof\\growth\\2026-09-08-daily-recovery\\6c675c56-cdb0-4759-896e-aa0f5a083473",
    "lastReasonText": "Failed - Download error",
    "state": 5,
    "text": "\n\n\n\n  \n    \n      \n      \n      \n    \n\n    \n      6c675c56-cdb0-4759-896e-aa0f5a0834736c675c56-cdb0-4759-896e-aa0f5a083473\n        Failed - Download error\n      \n\n      \n        \n          From http://127.0.0.1:8080\n        \n      \n\n      \n        \n      \n\n      \n        Scanning for malware…\n      \n\n      \n\n      \n        \n          \n            \n          \n        \n      \n      \n    \n    \n      \n      \n        \n        \n        \n        \n        \n        \n        \n        \n      \n      \n        \n          Show in folder\n        \n        \n          \n        \n        \n          Delete from history\n        \n        \n          Delete from history\n        \n        \n          Retry\n        \n        \n          Scan for malware\n        \n        \n          \n        \n        \n          Cancel\n        \n        \n          Open anyway\n        \n        \n          Discard\n        \n        \n          Review\n        \n        \n          \n        \n      \n      \n      \n    \n  \n  \n    \n  \n\n"
  },
  {
    "dangerType": 0,
    "fileName": "34fc6b36-8cac-4278-a4b2-4e82ed37d39f",
    "filePath": "\\\\?\\C:\\Users\\danie\\repo\\xray-by-looplet\\proof\\growth\\2026-09-08-daily-recovery\\34fc6b36-8cac-4278-a4b2-4e82ed37d39f",
    "lastReasonText": "Failed - Download error",
    "state": 5,
    "text": "\n\n\n\n  \n    \n      \n      \n      \n    \n\n    \n      34fc6b36-8cac-4278-a4b2-4e82ed37d39f34fc6b36-8cac-4278-a4b2-4e82ed37d39f\n        Failed - Download error\n      \n\n      \n        \n          From http://127.0.0.1:8080\n        \n      \n\n      \n        \n      \n\n      \n        Scanning for malware…\n      \n\n      \n\n      \n        \n          \n            \n          \n        \n      \n      \n    \n    \n      \n      \n        \n        \n        \n        \n        \n        \n        \n        \n      \n      \n        \n          Show in folder\n        \n        \n          \n        \n        \n          Delete from history\n        \n        \n          Delete from history\n        \n        \n          Retry\n        \n        \n          Scan for malware\n        \n        \n          \n        \n        \n          Cancel\n        \n        \n          Open anyway\n        \n        \n          Discard\n        \n        \n          Review\n        \n        \n          \n        \n      \n      \n      \n    \n  \n  \n    \n  \n\n"
  },
  {
    "dangerType": 0,
    "fileName": "67e9162c-b8ef-46ab-83e5-364107419fef",
    "filePath": "\\\\?\\C:\\Users\\danie\\repo\\xray-by-looplet\\proof\\growth\\2026-09-08-daily-recovery\\67e9162c-b8ef-46ab-83e5-364107419fef",
    "lastReasonText": "Failed - Download error",
    "state": 5,
    "text": "\n\n\n\n  \n    \n      \n      \n      \n    \n\n    \n      67e9162c-b8ef-46ab-83e5-364107419fef67e9162c-b8ef-46ab-83e5-364107419fef\n        Failed - Download error\n      \n\n      \n        \n          From http://127.0.0.1:8080\n        \n      \n\n      \n        \n      \n\n      \n        Scanning for malware…\n      \n\n      \n\n      \n        \n          \n            \n          \n        \n      \n      \n    \n    \n      \n      \n        \n        \n        \n        \n        \n        \n        \n        \n      \n      \n        \n          Show in folder\n        \n        \n          \n        \n        \n          Delete from history\n        \n        \n          Delete from history\n        \n        \n          Retry\n        \n        \n          Scan for malware\n        \n        \n          \n        \n        \n          Cancel\n        \n        \n          Open anyway\n        \n        \n          Discard\n        \n        \n          Review\n        \n        \n          \n        \n      \n      \n      \n    \n  \n  \n    \n  \n\n"
  },
  {
    "dangerType": 0,
    "fileName": "870ddac5-9e7b-46a3-9de2-7bea8e00b792",
    "filePath": "\\\\?\\C:\\Users\\danie\\repo\\xray-by-looplet\\proof\\growth\\2026-09-08-daily-recovery\\870ddac5-9e7b-46a3-9de2-7bea8e00b792",
    "lastReasonText": "Failed - Download error",
    "state": 5,
    "text": "\n\n\n\n  \n    \n      \n      \n      \n    \n\n    \n      870ddac5-9e7b-46a3-9de2-7bea8e00b792870ddac5-9e7b-46a3-9de2-7bea8e00b792\n        Failed - Download error\n      \n\n      \n        \n          From http://127.0.0.1:8080\n        \n      \n\n      \n        \n      \n\n      \n        Scanning for malware…\n      \n\n      \n\n      \n        \n          \n            \n          \n        \n      \n      \n    \n    \n      \n      \n        \n        \n        \n        \n        \n        \n        \n        \n      \n      \n        \n          Show in folder\n        \n        \n          \n        \n        \n          Delete from history\n        \n        \n          Delete from history\n        \n        \n          Retry\n        \n        \n          Scan for malware\n        \n        \n          \n        \n        \n          Cancel\n        \n        \n          Open anyway\n        \n        \n          Discard\n        \n        \n          Review\n        \n        \n          \n        \n      \n      \n      \n    \n  \n  \n    \n  \n\n"
  }
]
