✓ X-Ray by Looplet
  http://127.0.0.1:8096/

✓ Done

true

✓ Done

true

{
  "t1Name": "Other window revision",
  "t1Revision": 2
}

✓ Screenshot saved to screenshots/growth/2026-09-09-az3-release/prod-saves-v2-s2-01-t1-before-desktop.png

http://127.0.0.1:8096/

✓ Done

true

✓ Done

true

✓ Done

true

✓ Done

✓ Done

true

{
  "status": "Project record saved on this device · revision 3",
  "t2Revision": 3,
  "t2StoredName": "Second window name"
}

✓ Screenshot saved to screenshots/growth/2026-09-09-az3-release/prod-saves-v2-s2-02-t2-renamed-desktop.png

✓ X-Ray by Looplet
  http://127.0.0.1:8096/

true

{
  "alert": "Another window saved a newer revision of this project. Saving from this window is paused so the newer revision is not overwritten. Reload the latest revision to continue, or download this window's unsaved revision first.",
  "buttons": [
    {
      "height": 44,
      "text": "Reload latest revision",
      "width": 140
    },
    {
      "height": 44,
      "text": "Download unsaved revision from this window",
      "width": 267
    },
    {
      "height": 44,
      "text": "Download saved project record",
      "width": 191
    }
  ],
  "storedName": "Second window name",
  "storedRevision": 3
}

✓ Screenshot saved to screenshots/growth/2026-09-09-az3-release/prod-saves-v2-s2-03-t1-stale-desktop.png

✓ Done

true

{
  "status": "Project record saved on this device · revision 3",
  "t1VisibleName": "Second window name"
}

✓ Screenshot saved to screenshots/growth/2026-09-09-az3-release/prod-saves-v2-s2-04-t1-reloaded-desktop.png

