{
  "status": "ready",
  "text": "XR\nX-RAY BY LOOPLET\nNo plans open\nOpen a plan to begin\nOverview\nSheets\nMeasure\nSketch\nComponents\nModel\nRender\nReview\nCost\nProof\nMore workbench modes are available by scrolling horizontally.\nMORE\n›\nBackups\nSettings\nLog in\nSHEETS · no verified plan\nCURRENT PROJECT\nNew project\n\nJob revision 1 · local workspace\n\nRename project\nOriginal drawing names stay intact. Save a project backup to keep a portable copy of committed work and original files.\nSheet register\n\nName, arrange and archive pages for this project. Original page numbers stay fixed for evidence links.\n\nReload list\n\nImport a drawing with verified source pages to organise its sheets.\n\nSOURCE DRAWINGS\nYour drawing starts here\nOpen a drawing\n\nChoose a plan to view its sheets, set the scale and start measuring.\n\nChoose a file\nPDF, DXF or SVG · Up to 100 MB\nOpen your plan\nKeep the original intact\nCheck the sheets\nFind the detail you need\nSet scale & measure\nWork from known dimensions\nLogs\n9\nConsole\n0\nErrors\n0\nStatus\nLive assistant\nDrawing tools"
}


[debug] [vite] connecting...
[debug] [vite] connected.
[info] %cDownload the React DevTools for a better development experience: https://react.dev/link/react-devtools font-weight:bold
[debug] [vite] connecting...
[debug] [vite] connected.
[info] %cDownload the React DevTools for a better development experience: https://react.dev/link/react-devtools font-weight:bold
[debug] [vite] hot updated: /src/studio/pricing/priceBooks.css
[debug] [vite] css hot updated: /src/styles.css
[debug] [vite] css hot updated: /src/styles.css
[debug] [vite] hot updated: /src/studio/SourceBuildingViewer.tsx
[debug] [vite] hot updated: /src/studio/sourceBuilding.css
[debug] [vite] css hot updated: /src/styles.css
[debug] [vite] connecting...
[debug] [vite] connected.
[info] %cDownload the React DevTools for a better development experience: https://react.dev/link/react-devtools font-weight:bold
[debug] [vite] connecting...
[debug] [vite] connected.
[info] %cDownload the React DevTools for a better development experience: https://react.dev/link/react-devtools font-weight:bold
[debug] [vite] connecting...
[debug] [vite] connected.
[info] %cDownload the React DevTools for a better development experience: https://react.dev/link/react-devtools font-weight:bold
[debug] [vite] css hot updated: /src/styles.css
[debug] [vite] connecting...
[debug] [vite] connected.
[info] %cDownload the React DevTools for a better development experience: https://react.dev/link/react-devtools font-weight:bold
[debug] [vite] connecting...
[debug] [vite] connected.
[info] %cDownload the React DevTools for a better development experience: https://react.dev/link/react-devtools font-weight:bold
[debug] [vite] connecting...
[debug] [vite] connected.
[info] %cDownload the React DevTools for a better development experience: https://react.dev/link/react-devtools font-weight:bold
[debug] [vite] connecting...
[debug] [vite] connected.
[info] %cDownload the React DevTools for a better development experience: https://react.dev/link/react-devtools font-weight:bold
[debug] [vite] connecting...
[debug] [vite] connected.
[info] %cDownload the React DevTools for a better development experience: https://react.dev/link/react-devtools font-weight:bold
[debug] [vite] css hot updated: /src/styles.css
[debug] [vite] hot updated: /src/studio/ProjectBackups.tsx
[debug] [vite] hot updated: /src/studio/ProjectBackups.tsx
[debug] [vite] css hot updated: /src/styles.css
[debug] [vite] css hot updated: /src/styles.css
[debug] [vite] hot updated: /src/studio/ProjectBackups.tsx
[debug] [vite] hot updated: /src/studio/SheetManager.tsx
[debug] [vite] hot updated: /src/studio/Studio.tsx
[debug] [vite] css hot updated: /src/styles.css
[debug] [vite] hot updated: /src/studio/SheetManager.tsx
[debug] [vite] hot updated: /src/studio/sheetManager.css
[debug] [vite] css hot updated: /src/styles.css
[debug] [vite] css hot updated: /src/styles.css
[debug] [vite] hot updated: /src/studio/ProjectBackups.tsx
[debug] [vite] hot updated: /src/studio/BackupRestoreReview.tsx
[debug] [vite] hot updated: /src/studio/pricing/PriceBookPanel.tsx
[debug] [vite] css hot updated: /src/styles.css
[debug] [vite] hot updated: /src/studio/ProjectBackups.tsx
[debug] [vite] connecting...
[debug] [vite] connected.
[info] %cDownload the React DevTools for a better development experience: https://react.dev/link/react-devtools font-weight:bold
[debug] [vite] css hot updated: /src/styles.css
[debug] [vite] css hot updated: /src/styles.css
[debug] [vite] css hot updated: /src/styles.css
[debug] [vite] hot updated: /src/studio/ProjectBackups.tsx
[debug] [vite] hot updated: /src/studio/BackupRestoreReview.tsx
[debug] [vite] hot updated: /src/studio/pricing/PriceBookPanel.tsx
[debug] [vite] css hot updated: /src/styles.css
[debug] [vite] css hot updated: /src/styles.css
[error] [vite] {stack: "SyntaxError: The requested module '/src/studio/She…does not provide an export named 'SheetBookmarks'", message: "The requested module '/src/studio/SheetBookmarks.t…does not provide an export named 'SheetBookmarks'"}
[error] [vite] Failed to reload /src/studio/Studio.tsx. This could be due to syntax errors or importing non-existent modules. (see errors above)
[debug] [vite] hot updated: /src/studio/Studio.tsx
[debug] [vite] css hot updated: /src/styles.css
[debug] [vite] hot updated: /src/studio/Studio.tsx
[debug] [vite] hot updated: /src/studio/SheetManager.tsx
[debug] [vite] css hot updated: /src/styles.css
[debug] [vite] hot updated: /src/studio/pricing/PriceBookPanel.tsx
[debug] [vite] css hot updated: /src/styles.css
[debug] [vite] css hot updated: /src/styles.css
[debug] [vite] css hot updated: /src/styles.css
[debug] [vite] hot updated: /src/studio/SheetManager.tsx
[debug] [vite] css hot updated: /src/styles.css
[debug] [vite] css hot updated: /src/styles.css
[debug] [vite] hot updated: /src/studio/pricing/PriceBookPanel.tsx
[debug] [vite] css hot updated: /src/styles.css
[debug] [vite] hot updated: /src/studio/BackupRestoreReview.tsx
[debug] [vite] css hot updated: /src/styles.css
[debug] [vite] css hot updated: /src/styles.css
[debug] [vite] hot updated: /src/studio/ProjectBackups.tsx
[debug] [vite] hot updated: /src/studio/BackupRestoreReview.tsx
[debug] [vite] hot updated: /src/studio/pricing/PriceBookPanel.tsx
[debug] [vite] css hot updated: /src/styles.css
[debug] [vite] css hot updated: /src/styles.css
[debug] [vite] hot updated: /src/studio/BackupRestoreReview.tsx
[debug] [vite] css hot updated: /src/styles.css
[debug] [vite] css hot updated: /src/styles.css
[debug] [vite] hot updated: /src/studio/ProjectBackups.tsx
[debug] [vite] hot updated: /src/studio/BackupRestoreReview.tsx
[debug] [vite] hot updated: /src/studio/pricing/PriceBookPanel.tsx
[debug] [vite] connecting...
[debug] [vite] connected.
[info] %cDownload the React DevTools for a better development experience: https://react.dev/link/react-devtools font-weight:bold
[debug] [vite] connecting...
[debug] [vite] connected.
[info] %cDownload the React DevTools for a better development experience: https://react.dev/link/react-devtools font-weight:bold
[debug] [vite] connecting...
[debug] [vite] connected.
[info] %cDownload the React DevTools for a better development experience: https://react.dev/link/react-devtools font-weight:bold
[debug] [vite] css hot updated: /src/styles.css
[debug] [vite] hot updated: /src/studio/SourceSheetBookmarks.tsx
[debug] [vite] css hot updated: /src/styles.css
[debug] [vite] hot updated: /src/studio/BackupRestoreReview.tsx
[debug] [vite] css hot updated: /src/styles.css
[debug] [vite] hot updated: /src/studio/pricing/PriceBookPanel.tsx
[debug] [vite] connecting...
[debug] [vite] connected.
[info] %cDownload the React DevTools for a better development experience: https://react.dev/link/react-devtools font-weight:bold
[debug] [vite] connecting...
[debug] [vite] connected.
[info] %cDownload the React DevTools for a better development experience: https://react.dev/link/react-devtools font-weight:bold
[debug] [vite] connecting...
[debug] [vite] connected.
[info] %cDownload the React DevTools for a better development experience: https://react.dev/link/react-devtools font-weight:bold
[debug] [vite] css hot updated: /src/styles.css
[debug] [vite] hot updated: /src/studio/SourceSheetBookmarks.tsx
[debug] [vite] hot updated: /src/studio/ProjectBackups.tsx
[debug] [vite] hot updated: /src/studio/BackupRestoreReview.tsx
[debug] [vite] hot updated: /src/studio/SheetManager.tsx
[debug] [vite] hot updated: /src/studio/Studio.tsx
[debug] [vite] hot updated: /src/studio/SourceSheetBookmarks.tsx
[debug] [vite] css hot updated: /src/styles.css
[debug] [vite] hot updated: /src/studio/workspacePanels.css
[debug] [vite] css hot updated: /src/styles.css
[debug] [vite] connecting...
[debug] [vite] connected.
[info] %cDownload the React DevTools for a better development experience: https://react.dev/link/react-devtools font-weight:bold
[debug] [vite] css hot updated: /src/styles.css
[debug] [vite] css hot updated: /src/styles.css
[debug] [vite] hot updated: /src/studio/pricing/PriceBookPanel.tsx
[debug] [vite] hot updated: /src/studio/pricing/priceBooks.css
[debug] [vite] css hot updated: /src/styles.css
[debug] [vite] hot updated: /src/routes/__root.tsx
