✓ Done

true

true

"panel"

✓ Done

✓ Done

true

"edits allowed"

✓ Done

✓ Done

true

{
  "paused": false,
  "tools": [
    "read_project_contextRunning read_project_context…Running read_project_context…",
    "read_project_contextTool result{\"projectId\":\"job-3244d346-dc0b-448a-8450-d3003cbb28ba\",\"projectName\":\"Other window revision\",\"projectRevision\":7,\"pane\":\"model\",",
    "read_draftsman_statusRunning read_draftsman_status…Running read_draftsman_status…",
    "read_draftsman_statusTool result{\"model\":{\"id\":\"redburn\",\"title\":\"Redburn BR250157\",\"meshCount\":198},\"active\":false,\"status\":null}",
    "generate_render_visualisationRunning generate_render_visualisation…Running generate_render_visualisation…",
    "generate_render_visualisationAction failed — inspect detailsRendering is unavailable in this native build; use the web app.",
    "capture_workspace_imageRunning capture_workspace_image…Running capture_workspace_image…",
    "capture_workspace_imageTool result{\"target\":\"source-building\",\"width\":1536,\"height\":895,\"frame\":3,\"renderedDesignRevision\":null,\"sourceSha256\":\"b57956f76b5dc893"
  ]
}

"edits allowed"

1

✓ Done

✓ Done

true

{
  "errors": [],
  "replies": [
    "AssistantAI render visualisation is unavailable in this native build (it requires the web app). \n\nHowever, the direct visible 3D reconstruction of the plan (**Redburn BR250157**) from the Model viewer has been captured above. \n\n### Model Details\n* **Project / Model:** Redburn BR250157 (`redburn`, 198 meshes)\n* **Source Plan:** `21-08-26_Redburn_BR250157_Prelim_Council (1).pdf` (SHA-256: `b57956f7...`)\n* **View:** Perspective 3D canvas capture showing the multi-storey layout, gabled hip roof profiles, upper-level fenestration, lower veranda deck with balustrades, external stairs, and concrete subfloor structure.",
    "AssistantDONE"
  ],
  "tools": [
    "read_project_contextRunning read_project_context…Running read_project_context…",
    "read_project_contextTool result{\"projectId\":\"job-3244d346-dc0b-448a-8450-d3003cbb28ba\",\"projectName\":\"Other window revision\",\"projectRevision\":7,\"pane\":\"model\",\"sourcePage\":2,\"documents\":[{\"id\":\"doc-s",
    "read_draftsman_statusRunning read_draftsman_status…Running read_draftsman_status…",
    "read_draftsman_statusTool result{\"model\":{\"id\":\"redburn\",\"title\":\"Redburn BR250157\",\"meshCount\":198},\"active\":false,\"status\":null}",
    "generate_render_visualisationRunning generate_render_visualisation…Running generate_render_visualisation…",
    "generate_render_visualisationAction failed — inspect detailsRendering is unavailable in this native build; use the web app.",
    "capture_workspace_imageRunning capture_workspace_image…Running capture_workspace_image…",
    "capture_workspace_imageTool result{\"target\":\"source-building\",\"width\":1536,\"height\":895,\"frame\":3,\"renderedDesignRevision\":null,\"sourceSha256\":\"b57956f76b5dc893ac2b28a021f3f92e345807e326d6b1f8313e373f"
  ]
}

{
  "nativeRenderRefused": true,
  "receipt": "generate_render_visualisationRunning generate_render_visualisation…Running generate_render_visualisation…",
  "reply": "AssistantAI render visualisation is unavailable in this native build (it requires the web app). \n\nHowever, the direct visible 3D reconstruction of the plan (**Redburn BR250157**) from the Model viewer has been captured above. \n\n### Model Details\n* **Project / Model:** Redburn BR250157 (`redburn`, 198 meshes)\n* **Source Plan:** `21-08-26_Redburn_BR250157_Prelim_Council (1).pdf` (SHA-256: `b57956f7."
}

✓ Screenshot saved to screenshots/growth/2026-09-09-az5-release/native-unlock-e-render-refused.png

