true

{
  "corruptBytes": 66,
  "originalBytes": 817
}

http://127.0.0.1:8080/

true

{
  "preserved": true
}

✓ Done

{
  "interrupted": false
}

{
  "buttons": [
    {
      "height": 44,
      "text": "Retry loading saved project",
      "width": 170.1875,
      "x": 1037.9375,
      "y": 190.9375
    },
    {
      "height": 44,
      "text": "Download saved project record",
      "width": 190.875,
      "x": 1220.125,
      "y": 190.9375
    }
  ],
  "viewport": [
    1440,
    1000
  ]
}

✓ Screenshot saved to screenshots/growth/daily-recovery-dev-blocked-desktop.png

✓ Done

{
  "interrupted": false
}

{
  "buttons": [
    {
      "height": 44,
      "text": "Retry loading saved project",
      "width": 170.1875,
      "x": 621.9375,
      "y": 190.9375
    },
    {
      "height": 44,
      "text": "Download saved project record",
      "width": 190.875,
      "x": 804.125,
      "y": 190.9375
    }
  ],
  "viewport": [
    1024,
    768
  ]
}

✓ Screenshot saved to screenshots/growth/daily-recovery-dev-blocked-landscape.png

✓ Done

{
  "interrupted": false
}

{
  "buttons": [
    {
      "height": 44,
      "text": "Retry loading saved project",
      "width": 170.1875,
      "x": 365.9375,
      "y": 199.9375
    },
    {
      "height": 44,
      "text": "Download saved project record",
      "width": 190.875,
      "x": 548.125,
      "y": 199.9375
    }
  ],
  "viewport": [
    768,
    1024
  ]
}

✓ Screenshot saved to screenshots/growth/daily-recovery-dev-blocked-portrait.png

✗ Download was canceled
