✓ X-Ray by Looplet
  http://tauri.localhost/

true

{
  "bookmark": "Release drainage detail",
  "books": 2,
  "native": true,
  "retainedJob": "job-b5401e30-1f95-4e50-ae11-6ff6b20b1bd9",
  "sheets": 13
}

✓ Done

true

✓ Screenshot saved to screenshots/growth/nav-windows-final-retained-sheets.png

✓ Done

true

✓ Done

✓ Done

true

"Prior source page, zoom and centre restored in new executable"

✓ Screenshot saved to screenshots/growth/nav-windows-final-retained-view.png

✓ Done

true

✓ Done

true

✓ Done

true

✓ Done

true

"Prior backup verified against retained workspace and original bytes"

✓ Screenshot saved to screenshots/growth/nav-windows-final-retained-backup.png


✓ Done

✓ Done

true

"Capture refusal armed for this QA canvas"

✓ Done

true

"Await settled Fly telemetry"

true

"Drag-look check ready"

"Dragged 100px right"

true

✓ Screenshot saved to screenshots/growth/nav-windows-final-fly-drag.png

"Original capture API restored"

✓ Done

true

true

{
  "settledAtFrame": 28
}

true

{
  "actualCamera": {
    "capture": "locked",
    "mode": "fly",
    "pitch": 0,
    "position": [
      10.206,
      3.4200000000000004,
      15.5305
    ],
    "speed": 0,
    "yaw": 0.3517952083868698
  },
  "mode": "fly",
  "ready": true,
  "selector": ".building-canvas canvas"
}

{
  "capture": "locked",
  "mode": "fly",
  "pitch": 0,
  "position": [
    10.206,
    3.4200000000000004,
    15.5305
  ],
  "speed": 0,
  "yaw": 0.3517952083868698
}

true

✓ Screenshot saved to screenshots/growth/nav-windows-final-fly-before.png

{
  "before": {
    "capture": "locked",
    "mode": "fly",
    "pitch": 0,
    "position": [
      10.206,
      3.4200000000000004,
      15.5305
    ],
    "speed": 0,
    "yaw": 0.3517952083868698
  },
  "code": "KeyW"
}

true

{
  "observed": {
    "capture": "locked",
    "mode": "fly",
    "pitch": 0,
    "position": [
      10.077371391223512,
      3.4200000000000004,
      15.180074669601712
    ],
    "speed": 4.818723733072706,
    "yaw": 0.3517952083868698
  },
  "released": "KeyW"
}

true

{
  "after": {
    "capture": "locked",
    "mode": "fly",
    "pitch": 0,
    "position": [
      9.92482385753746,
      3.4200000000000004,
      14.764486563644128
    ],
    "speed": 0.001912219073623553,
    "yaw": 0.3517952083868698
  },
  "before": {
    "capture": "locked",
    "mode": "fly",
    "pitch": 0,
    "position": [
      10.206,
      3.4200000000000004,
      15.5305
    ],
    "speed": 0,
    "yaw": 0.3517952083868698
  },
  "code": "KeyW",
  "delta": [
    -0.28117614246253986,
    0,
    -0.7660134363558733
  ],
  "distance": 0.8159881174182918,
  "horizontalForwardDot": 0.8159881174182919,
  "rightDot": 0,
  "signedCameraDot": 0.8159881174182919
}

{
  "before": {
    "capture": "locked",
    "mode": "fly",
    "pitch": 0,
    "position": [
      9.92482385753746,
      3.4200000000000004,
      14.764486563644128
    ],
    "speed": 0.001912219073623553,
    "yaw": 0.3517952083868698
  },
  "code": "KeyS"
}

true

{
  "observed": {
    "capture": "locked",
    "mode": "fly",
    "pitch": 0,
    "position": [
      10.025876102573935,
      3.4200000000000004,
      15.03978508930827
    ],
    "speed": 4.424140445715701,
    "yaw": 0.3517952083868698
  },
  "released": "KeyS"
}

true

{
  "after": {
    "capture": "locked",
    "mode": "fly",
    "pitch": 0,
    "position": [
      10.165907735542245,
      3.4200000000000004,
      15.421275892294403
    ],
    "speed": 0.0020705852339309868,
    "yaw": 0.3517952083868698
  },
  "before": {
    "capture": "locked",
    "mode": "fly",
    "pitch": 0,
    "position": [
      9.92482385753746,
      3.4200000000000004,
      14.764486563644128
    ],
    "speed": 0.001912219073623553,
    "yaw": 0.3517952083868698
  },
  "code": "KeyS",
  "delta": [
    0.2410838780047833,
    0,
    0.6567893286502766
  ],
  "distance": 0.6996382339914723,
  "horizontalForwardDot": -0.6996382339914724,
  "rightDot": -2.3592239273284576e-15,
  "signedCameraDot": 0.6996382339914724
}

{
  "before": {
    "capture": "locked",
    "mode": "fly",
    "pitch": 0,
    "position": [
      10.165907735542245,
      3.4200000000000004,
      15.421275892294403
    ],
    "speed": 0.0020705852339309868,
    "yaw": 0.3517952083868698
  },
  "code": "KeyA"
}

true

{
  "observed": {
    "capture": "locked",
    "mode": "fly",
    "pitch": 0,
    "position": [
      9.814982544661984,
      3.4200000000000004,
      15.550227579586856
    ],
    "speed": 4.820903962107037,
    "yaw": 0.3517952083868698
  },
  "released": "KeyA"
}

true

{
  "after": {
    "capture": "locked",
    "mode": "fly",
    "pitch": 0,
    "position": [
      9.39926994591008,
      3.4200000000000004,
      15.70288388441641
    ],
    "speed": 0.0019092619111937368,
    "yaw": 0.3517952083868698
  },
  "before": {
    "capture": "locked",
    "mode": "fly",
    "pitch": 0,
    "position": [
      10.165907735542245,
      3.4200000000000004,
      15.421275892294403
    ],
    "speed": 0.0020705852339309868,
    "yaw": 0.3517952083868698
  },
  "code": "KeyA",
  "delta": [
    -0.7666377896321617,
    0,
    0.28160799212200693
  ],
  "distance": 0.8167230630507962,
  "horizontalForwardDot": -0.00019025938314892743,
  "rightDot": -0.8167230408898981,
  "signedCameraDot": 0.8167230408898981
}

{
  "before": {
    "capture": "locked",
    "mode": "fly",
    "pitch": 0,
    "position": [
      9.39926994591008,
      3.4200000000000004,
      15.70288388441641
    ],
    "speed": 0.0019092619111937368,
    "yaw": 0.3517952083868698
  },
  "code": "KeyD"
}

true

{
  "observed": {
    "capture": "locked",
    "mode": "fly",
    "pitch": 0,
    "position": [
      9.749146108996303,
      3.4200000000000004,
      15.574456872520532
    ],
    "speed": 4.81594582371894,
    "yaw": 0.3517952083868698
  },
  "released": "KeyD"
}

true

{
  "after": {
    "capture": "locked",
    "mode": "fly",
    "pitch": 0,
    "position": [
      10.16439396286836,
      3.4200000000000004,
      15.422034240999528
    ],
    "speed": 0.0022539579003782936,
    "yaw": 0.3517952083868698
  },
  "before": {
    "capture": "locked",
    "mode": "fly",
    "pitch": 0,
    "position": [
      9.39926994591008,
      3.4200000000000004,
      15.70288388441641
    ],
    "speed": 0.0019092619111937368,
    "yaw": 0.3517952083868698
  },
  "code": "KeyD",
  "delta": [
    0.7651240169582803,
    0,
    -0.28084964341688234
  ],
  "distance": 0.8150406637301998,
  "horizontalForwardDot": -2.345706273665371e-8,
  "rightDot": 0.8150406637301996,
  "signedCameraDot": 0.8150406637301996
}

✓ Screenshot saved to screenshots/growth/nav-windows-final-fly-moved.png

{
  "keysReleased": true,
  "movements": [
    {
      "after": {
        "capture": "locked",
        "mode": "fly",
        "pitch": 0,
        "position": [
          9.92482385753746,
          3.4200000000000004,
          14.764486563644128
        ],
        "speed": 0.001912219073623553,
        "yaw": 0.3517952083868698
      },
      "before": {
        "capture": "locked",
        "mode": "fly",
        "pitch": 0,
        "position": [
          10.206,
          3.4200000000000004,
          15.5305
        ],
        "speed": 0,
        "yaw": 0.3517952083868698
      },
      "code": "KeyW",
      "delta": [
        -0.28117614246253986,
        0,
        -0.7660134363558733
      ],
      "distance": 0.8159881174182918,
      "horizontalForwardDot": 0.8159881174182919,
      "rightDot": 0,
      "signedCameraDot": 0.8159881174182919
    },
    {
      "after": {
        "capture": "locked",
        "mode": "fly",
        "pitch": 0,
        "position": [
          10.165907735542245,
          3.4200000000000004,
          15.421275892294403
        ],
        "speed": 0.0020705852339309868,
        "yaw": 0.3517952083868698
      },
      "before": {
        "capture": "locked",
        "mode": "fly",
        "pitch": 0,
        "position": [
          9.92482385753746,
          3.4200000000000004,
          14.764486563644128
        ],
        "speed": 0.001912219073623553,
        "yaw": 0.3517952083868698
      },
      "code": "KeyS",
      "delta": [
        0.2410838780047833,
        0,
        0.6567893286502766
      ],
      "distance": 0.6996382339914723,
      "horizontalForwardDot": -0.6996382339914724,
      "rightDot": -2.3592239273284576e-15,
      "signedCameraDot": 0.6996382339914724
    },
    {
      "after": {
        "capture": "locked",
        "mode": "fly",
        "pitch": 0,
        "position": [
          9.39926994591008,
          3.4200000000000004,
          15.70288388441641
        ],
        "speed": 0.0019092619111937368,
        "yaw": 0.3517952083868698
      },
      "before": {
        "capture": "locked",
        "mode": "fly",
        "pitch": 0,
        "position": [
          10.165907735542245,
          3.4200000000000004,
          15.421275892294403
        ],
        "speed": 0.0020705852339309868,
        "yaw": 0.3517952083868698
      },
      "code": "KeyA",
      "delta": [
        -0.7666377896321617,
        0,
        0.28160799212200693
      ],
      "distance": 0.8167230630507962,
      "horizontalForwardDot": -0.00019025938314892743,
      "rightDot": -0.8167230408898981,
      "signedCameraDot": 0.8167230408898981
    },
    {
      "after": {
        "capture": "locked",
        "mode": "fly",
        "pitch": 0,
        "position": [
          10.16439396286836,
          3.4200000000000004,
          15.422034240999528
        ],
        "speed": 0.0022539579003782936,
        "yaw": 0.3517952083868698
      },
      "before": {
        "capture": "locked",
        "mode": "fly",
        "pitch": 0,
        "position": [
          9.39926994591008,
          3.4200000000000004,
          15.70288388441641
        ],
        "speed": 0.0019092619111937368,
        "yaw": 0.3517952083868698
      },
      "code": "KeyD",
      "delta": [
        0.7651240169582803,
        0,
        -0.28084964341688234
      ],
      "distance": 0.8150406637301998,
      "horizontalForwardDot": -2.345706273665371e-8,
      "rightDot": 0.8150406637301996,
      "signedCameraDot": 0.8150406637301996
    }
  ]
}

true

✓ Screenshot saved to screenshots/growth/nav-windows-final-fly-escaped.png


✓ Done

true

"Unsupported edge selected"

true

"Unsupported placement blocked without losing the previous recommendation"

✓ Screenshot saved to screenshots/growth/nav-windows-final-invalid-start.png

✓ Done

true

✓ Screenshot saved to screenshots/growth/nav-windows-final-ground-picker.png

✓ Done

true

{
  "settledAtFrame": 366
}

true

{
  "actualCamera": {
    "capture": "locked",
    "mode": "walk",
    "pitch": 0,
    "position": [
      -1.3925,
      1.6649999999999998,
      -1.370000000000001
    ],
    "speed": 0,
    "yaw": -1.9634954084936211
  },
  "mode": "walk",
  "ready": true,
  "selector": ".building-canvas canvas"
}

{
  "capture": "locked",
  "mode": "walk",
  "pitch": 0,
  "position": [
    -1.3925,
    1.6649999999999998,
    -1.370000000000001
  ],
  "speed": 0,
  "yaw": -1.9634954084936211
}

true

✓ Screenshot saved to screenshots/growth/nav-windows-final-ground-before.png

{
  "before": {
    "capture": "locked",
    "mode": "walk",
    "pitch": 0,
    "position": [
      -1.3925,
      1.6649999999999998,
      -1.370000000000001
    ],
    "speed": 0,
    "yaw": -1.9634954084936211
  },
  "code": "KeyW"
}

true

{
  "observed": {
    "capture": "locked",
    "mode": "walk",
    "pitch": 0,
    "position": [
      -1.2437196157635877,
      1.6649999999999998,
      -1.3083731470341984
    ],
    "speed": 1.189339020248876,
    "yaw": -1.9634954084936211
  },
  "released": "KeyW"
}

true

{
  "after": {
    "capture": "locked",
    "mode": "walk",
    "pitch": 0,
    "position": [
      -1.033854569454297,
      1.6649999999999998,
      -1.221444198584832
    ],
    "speed": 0.004858127067666785,
    "yaw": -1.9634954084936211
  },
  "before": {
    "capture": "locked",
    "mode": "walk",
    "pitch": 0,
    "position": [
      -1.3925,
      1.6649999999999998,
      -1.370000000000001
    ],
    "speed": 0,
    "yaw": -1.9634954084936211
  },
  "code": "KeyW",
  "delta": [
    0.35864543054570275,
    0,
    0.1485558014151691
  ],
  "distance": 0.3881950166931766,
  "horizontalForwardDot": 0.3881950166931766,
  "rightDot": 9.15933995315754e-16,
  "signedCameraDot": 0.3881950166931766
}

{
  "before": {
    "capture": "locked",
    "mode": "walk",
    "pitch": 0,
    "position": [
      -1.033854569454297,
      1.6649999999999998,
      -1.221444198584832
    ],
    "speed": 0.004858127067666785,
    "yaw": -1.9634954084936211
  },
  "code": "KeyS"
}

true

{
  "observed": {
    "capture": "locked",
    "mode": "walk",
    "pitch": 0,
    "position": [
      -1.164531993205889,
      1.6649999999999998,
      -1.2755725597987175
    ],
    "speed": 1.1366934391428534,
    "yaw": -1.9634954084936211
  },
  "released": "KeyS"
}

true

{
  "after": {
    "capture": "locked",
    "mode": "walk",
    "pitch": 0,
    "position": [
      -1.3651163302438845,
      1.6649999999999998,
      -1.35865731259947
    ],
    "speed": 0.004647729565239832,
    "yaw": -1.9634954084936211
  },
  "before": {
    "capture": "locked",
    "mode": "walk",
    "pitch": 0,
    "position": [
      -1.033854569454297,
      1.6649999999999998,
      -1.221444198584832
    ],
    "speed": 0.004858127067666785,
    "yaw": -1.9634954084936211
  },
  "code": "KeyS",
  "delta": [
    -0.33126176078958713,
    0,
    -0.1372131140146382
  ],
  "distance": 0.3585551461337736,
  "horizontalForwardDot": -0.3585551461337736,
  "rightDot": 8.049116928532385e-16,
  "signedCameraDot": 0.3585551461337736
}

{
  "before": {
    "capture": "locked",
    "mode": "walk",
    "pitch": 0,
    "position": [
      -1.3651163302438845,
      1.6649999999999998,
      -1.35865731259947
    ],
    "speed": 0.004647729565239832,
    "yaw": -1.9634954084936211
  },
  "code": "KeyA"
}

true

{
  "observed": {
    "capture": "locked",
    "mode": "walk",
    "pitch": 0,
    "position": [
      -1.3037438330820754,
      1.6649999999999998,
      -1.508364988922576
    ],
    "speed": 1.1911692953091737,
    "yaw": -1.9634954084936211
  },
  "released": "KeyA"
}

true

{
  "after": {
    "capture": "locked",
    "mode": "walk",
    "pitch": 0,
    "position": [
      -1.216852875890447,
      1.6649999999999998,
      -1.71892386602306
    ],
    "speed": 0.003491008645983162,
    "yaw": -1.9634954084936211
  },
  "before": {
    "capture": "locked",
    "mode": "walk",
    "pitch": 0,
    "position": [
      -1.3651163302438845,
      1.6649999999999998,
      -1.35865731259947
    ],
    "speed": 0.004647729565239832,
    "yaw": -1.9634954084936211
  },
  "code": "KeyA",
  "delta": [
    0.14826345435343713,
    0,
    -0.36026655342359004
  ],
  "distance": 0.3895818802415305,
  "horizontalForwardDot": -0.0008904703339185638,
  "rightDot": -0.389580862562717,
  "signedCameraDot": 0.389580862562717
}

{
  "before": {
    "capture": "locked",
    "mode": "walk",
    "pitch": 0,
    "position": [
      -1.216852875890447,
      1.6649999999999998,
      -1.71892386602306
    ],
    "speed": 0.003491008645983162,
    "yaw": -1.9634954084936211
  },
  "code": "KeyD"
}

true

{
  "observed": {
    "capture": "locked",
    "mode": "walk",
    "pitch": 0,
    "position": [
      -1.2785543899687022,
      1.6649999999999998,
      -1.569964761474708
    ],
    "speed": 1.1896823782023156,
    "yaw": -1.9634954084936211
  },
  "released": "KeyD"
}

true

{
  "after": {
    "capture": "locked",
    "mode": "walk",
    "pitch": 0,
    "position": [
      -1.3656515952290331,
      1.6649999999999998,
      -1.3596942867210915
    ],
    "speed": 0.0029489277845106006,
    "yaw": -1.9634954084936211
  },
  "before": {
    "capture": "locked",
    "mode": "walk",
    "pitch": 0,
    "position": [
      -1.216852875890447,
      1.6649999999999998,
      -1.71892386602306
    ],
    "speed": 0.003491008645983162,
    "yaw": -1.9634954084936211
  },
  "code": "KeyD",
  "delta": [
    -0.14879871933858602,
    0,
    0.3592295793019684
  ],
  "distance": 0.3888276604387508,
  "horizontalForwardDot": -8.828464664045743e-7,
  "rightDot": 0.3888276604377486,
  "signedCameraDot": 0.3888276604377486
}

✓ Screenshot saved to screenshots/growth/nav-windows-final-ground-moved.png

{
  "keysReleased": true,
  "movements": [
    {
      "after": {
        "capture": "locked",
        "mode": "walk",
        "pitch": 0,
        "position": [
          -1.033854569454297,
          1.6649999999999998,
          -1.221444198584832
        ],
        "speed": 0.004858127067666785,
        "yaw": -1.9634954084936211
      },
      "before": {
        "capture": "locked",
        "mode": "walk",
        "pitch": 0,
        "position": [
          -1.3925,
          1.6649999999999998,
          -1.370000000000001
        ],
        "speed": 0,
        "yaw": -1.9634954084936211
      },
      "code": "KeyW",
      "delta": [
        0.35864543054570275,
        0,
        0.1485558014151691
      ],
      "distance": 0.3881950166931766,
      "horizontalForwardDot": 0.3881950166931766,
      "rightDot": 9.15933995315754e-16,
      "signedCameraDot": 0.3881950166931766
    },
    {
      "after": {
        "capture": "locked",
        "mode": "walk",
        "pitch": 0,
        "position": [
          -1.3651163302438845,
          1.6649999999999998,
          -1.35865731259947
        ],
        "speed": 0.004647729565239832,
        "yaw": -1.9634954084936211
      },
      "before": {
        "capture": "locked",
        "mode": "walk",
        "pitch": 0,
        "position": [
          -1.033854569454297,
          1.6649999999999998,
          -1.221444198584832
        ],
        "speed": 0.004858127067666785,
        "yaw": -1.9634954084936211
      },
      "code": "KeyS",
      "delta": [
        -0.33126176078958713,
        0,
        -0.1372131140146382
      ],
      "distance": 0.3585551461337736,
      "horizontalForwardDot": -0.3585551461337736,
      "rightDot": 8.049116928532385e-16,
      "signedCameraDot": 0.3585551461337736
    },
    {
      "after": {
        "capture": "locked",
        "mode": "walk",
        "pitch": 0,
        "position": [
          -1.216852875890447,
          1.6649999999999998,
          -1.71892386602306
        ],
        "speed": 0.003491008645983162,
        "yaw": -1.9634954084936211
      },
      "before": {
        "capture": "locked",
        "mode": "walk",
        "pitch": 0,
        "position": [
          -1.3651163302438845,
          1.6649999999999998,
          -1.35865731259947
        ],
        "speed": 0.004647729565239832,
        "yaw": -1.9634954084936211
      },
      "code": "KeyA",
      "delta": [
        0.14826345435343713,
        0,
        -0.36026655342359004
      ],
      "distance": 0.3895818802415305,
      "horizontalForwardDot": -0.0008904703339185638,
      "rightDot": -0.389580862562717,
      "signedCameraDot": 0.389580862562717
    },
    {
      "after": {
        "capture": "locked",
        "mode": "walk",
        "pitch": 0,
        "position": [
          -1.3656515952290331,
          1.6649999999999998,
          -1.3596942867210915
        ],
        "speed": 0.0029489277845106006,
        "yaw": -1.9634954084936211
      },
      "before": {
        "capture": "locked",
        "mode": "walk",
        "pitch": 0,
        "position": [
          -1.216852875890447,
          1.6649999999999998,
          -1.71892386602306
        ],
        "speed": 0.003491008645983162,
        "yaw": -1.9634954084936211
      },
      "code": "KeyD",
      "delta": [
        -0.14879871933858602,
        0,
        0.3592295793019684
      ],
      "distance": 0.3888276604387508,
      "horizontalForwardDot": -8.828464664045743e-7,
      "rightDot": 0.3888276604377486,
      "signedCameraDot": 0.3888276604377486
    }
  ]
}

true

✓ Screenshot saved to screenshots/growth/nav-windows-final-ground-escaped.png


✓ Done

"Top Fly/Walk and all five bottom buttons reachable"

✓ Screenshot saved to screenshots/growth/nav-windows-final-controls.png


✓ Done

✓ Done

true

✓ Screenshot saved to screenshots/growth/nav-windows-final-upper-picker.png

✓ Done

true

{
  "settledAtFrame": 817
}

true

{
  "actualCamera": {
    "capture": "locked",
    "mode": "walk",
    "pitch": 0,
    "position": [
      0,
      4.785,
      0
    ],
    "speed": 0,
    "yaw": -1.5707963267948968
  },
  "mode": "walk",
  "ready": true,
  "selector": ".building-canvas canvas"
}

{
  "capture": "locked",
  "mode": "walk",
  "pitch": 0,
  "position": [
    0,
    4.785,
    0
  ],
  "speed": 0,
  "yaw": -1.5707963267948968
}

true

✓ Screenshot saved to screenshots/growth/nav-windows-final-upper-before.png

{
  "before": {
    "capture": "locked",
    "mode": "walk",
    "pitch": 0,
    "position": [
      0,
      4.785,
      0
    ],
    "speed": 0,
    "yaw": -1.5707963267948968
  },
  "code": "KeyW"
}

true

{
  "observed": {
    "capture": "locked",
    "mode": "walk",
    "pitch": 0,
    "position": [
      0.18252256516760004,
      4.785,
      2.935186711230976e-17
    ],
    "speed": 1.2399411072166329,
    "yaw": -1.5707963267948968
  },
  "released": "KeyW"
}

true

{
  "after": {
    "capture": "locked",
    "mode": "walk",
    "pitch": 0,
    "position": [
      0.41977942449201594,
      4.785,
      6.75056800393835e-17
    ],
    "speed": 0.002828705434294359,
    "yaw": -1.5707963267948968
  },
  "before": {
    "capture": "locked",
    "mode": "walk",
    "pitch": 0,
    "position": [
      0,
      4.785,
      0
    ],
    "speed": 0,
    "yaw": -1.5707963267948968
  },
  "code": "KeyW",
  "delta": [
    0.41977942449201594,
    0,
    6.75056800393835e-17
  ],
  "distance": 0.41977942449201594,
  "horizontalForwardDot": 0.41977942449201594,
  "rightDot": 7.395570986446986e-32,
  "signedCameraDot": 0.41977942449201594
}

{
  "before": {
    "capture": "locked",
    "mode": "walk",
    "pitch": 0,
    "position": [
      0.41977942449201594,
      4.785,
      6.75056800393835e-17
    ],
    "speed": 0.002828705434294359,
    "yaw": -1.5707963267948968
  },
  "code": "KeyS"
}

true

{
  "observed": {
    "capture": "locked",
    "mode": "walk",
    "pitch": 0,
    "position": [
      0.258463383517753,
      4.785,
      4.156408211469585e-17
    ],
    "speed": 1.189906506541172,
    "yaw": -1.5707963267948968
  },
  "released": "KeyS"
}

true

{
  "after": {
    "capture": "locked",
    "mode": "walk",
    "pitch": 0,
    "position": [
      0.031195289837404168,
      4.785,
      5.0165852150757894e-18
    ],
    "speed": 0.004862875925375017,
    "yaw": -1.5707963267948968
  },
  "before": {
    "capture": "locked",
    "mode": "walk",
    "pitch": 0,
    "position": [
      0.41977942449201594,
      4.785,
      6.75056800393835e-17
    ],
    "speed": 0.002828705434294359,
    "yaw": -1.5707963267948968
  },
  "code": "KeyS",
  "delta": [
    -0.3885841346546118,
    0,
    -6.24890948243077e-17
  ],
  "distance": 0.3885841346546118,
  "horizontalForwardDot": -0.3885841346546118,
  "rightDot": 2.465190328815662e-32,
  "signedCameraDot": 0.3885841346546118
}

{
  "before": {
    "capture": "locked",
    "mode": "walk",
    "pitch": 0,
    "position": [
      0.031195289837404168,
      4.785,
      5.0165852150757894e-18
    ],
    "speed": 0.004862875925375017,
    "yaw": -1.5707963267948968
  },
  "code": "KeyA"
}

true

{
  "observed": {
    "capture": "locked",
    "mode": "walk",
    "pitch": 0,
    "position": [
      0.030553145861372644,
      4.785,
      -0.18224955208647803
    ],
    "speed": 1.2393816936307105,
    "yaw": -1.5707963267948968
  },
  "released": "KeyA"
}

true

{
  "after": {
    "capture": "locked",
    "mode": "walk",
    "pitch": 0,
    "position": [
      0.030263773609338632,
      4.785,
      -0.41904478840393655
    ],
    "speed": 0.004650003164246344,
    "yaw": -1.5707963267948968
  },
  "before": {
    "capture": "locked",
    "mode": "walk",
    "pitch": 0,
    "position": [
      0.031195289837404168,
      4.785,
      5.0165852150757894e-18
    ],
    "speed": 0.004862875925375017,
    "yaw": -1.5707963267948968
  },
  "code": "KeyA",
  "delta": [
    -0.0009315162280655356,
    0,
    -0.41904478840393655
  ],
  "distance": 0.41904582376034144,
  "horizontalForwardDot": -0.0009315162280656028,
  "rightDot": -0.41904478840393655,
  "signedCameraDot": 0.41904478840393655
}

{
  "before": {
    "capture": "locked",
    "mode": "walk",
    "pitch": 0,
    "position": [
      0.030263773609338632,
      4.785,
      -0.41904478840393655
    ],
    "speed": 0.004650003164246344,
    "yaw": -1.5707963267948968
  },
  "code": "KeyD"
}

true

{
  "observed": {
    "capture": "locked",
    "mode": "walk",
    "pitch": 0,
    "position": [
      0.03026302367044513,
      4.785,
      -0.23781202430355883
    ],
    "speed": 1.2370887680600764,
    "yaw": -1.5707963267948968
  },
  "released": "KeyD"
}

true

{
  "after": {
    "capture": "locked",
    "mode": "walk",
    "pitch": 0,
    "position": [
      0.03026268465677142,
      4.785,
      -0.001201366195080503
    ],
    "speed": 0.0033334777572890223,
    "yaw": -1.5707963267948968
  },
  "before": {
    "capture": "locked",
    "mode": "walk",
    "pitch": 0,
    "position": [
      0.030263773609338632,
      4.785,
      -0.41904478840393655
    ],
    "speed": 0.004650003164246344,
    "yaw": -1.5707963267948968
  },
  "code": "KeyD",
  "delta": [
    -1.0889525672123923e-6,
    0,
    0.41784342220885606
  ],
  "distance": 0.41784342221027504,
  "horizontalForwardDot": -1.088952567145198e-6,
  "rightDot": 0.41784342220885606,
  "signedCameraDot": 0.41784342220885606
}

✓ Screenshot saved to screenshots/growth/nav-windows-final-upper-moved.png

{
  "keysReleased": true,
  "movements": [
    {
      "after": {
        "capture": "locked",
        "mode": "walk",
        "pitch": 0,
        "position": [
          0.41977942449201594,
          4.785,
          6.75056800393835e-17
        ],
        "speed": 0.002828705434294359,
        "yaw": -1.5707963267948968
      },
      "before": {
        "capture": "locked",
        "mode": "walk",
        "pitch": 0,
        "position": [
          0,
          4.785,
          0
        ],
        "speed": 0,
        "yaw": -1.5707963267948968
      },
      "code": "KeyW",
      "delta": [
        0.41977942449201594,
        0,
        6.75056800393835e-17
      ],
      "distance": 0.41977942449201594,
      "horizontalForwardDot": 0.41977942449201594,
      "rightDot": 7.395570986446986e-32,
      "signedCameraDot": 0.41977942449201594
    },
    {
      "after": {
        "capture": "locked",
        "mode": "walk",
        "pitch": 0,
        "position": [
          0.031195289837404168,
          4.785,
          5.0165852150757894e-18
        ],
        "speed": 0.004862875925375017,
        "yaw": -1.5707963267948968
      },
      "before": {
        "capture": "locked",
        "mode": "walk",
        "pitch": 0,
        "position": [
          0.41977942449201594,
          4.785,
          6.75056800393835e-17
        ],
        "speed": 0.002828705434294359,
        "yaw": -1.5707963267948968
      },
      "code": "KeyS",
      "delta": [
        -0.3885841346546118,
        0,
        -6.24890948243077e-17
      ],
      "distance": 0.3885841346546118,
      "horizontalForwardDot": -0.3885841346546118,
      "rightDot": 2.465190328815662e-32,
      "signedCameraDot": 0.3885841346546118
    },
    {
      "after": {
        "capture": "locked",
        "mode": "walk",
        "pitch": 0,
        "position": [
          0.030263773609338632,
          4.785,
          -0.41904478840393655
        ],
        "speed": 0.004650003164246344,
        "yaw": -1.5707963267948968
      },
      "before": {
        "capture": "locked",
        "mode": "walk",
        "pitch": 0,
        "position": [
          0.031195289837404168,
          4.785,
          5.0165852150757894e-18
        ],
        "speed": 0.004862875925375017,
        "yaw": -1.5707963267948968
      },
      "code": "KeyA",
      "delta": [
        -0.0009315162280655356,
        0,
        -0.41904478840393655
      ],
      "distance": 0.41904582376034144,
      "horizontalForwardDot": -0.0009315162280656028,
      "rightDot": -0.41904478840393655,
      "signedCameraDot": 0.41904478840393655
    },
    {
      "after": {
        "capture": "locked",
        "mode": "walk",
        "pitch": 0,
        "position": [
          0.03026268465677142,
          4.785,
          -0.001201366195080503
        ],
        "speed": 0.0033334777572890223,
        "yaw": -1.5707963267948968
      },
      "before": {
        "capture": "locked",
        "mode": "walk",
        "pitch": 0,
        "position": [
          0.030263773609338632,
          4.785,
          -0.41904478840393655
        ],
        "speed": 0.004650003164246344,
        "yaw": -1.5707963267948968
      },
      "code": "KeyD",
      "delta": [
        -1.0889525672123923e-6,
        0,
        0.41784342220885606
      ],
      "distance": 0.41784342221027504,
      "horizontalForwardDot": -1.088952567145198e-6,
      "rightDot": 0.41784342220885606,
      "signedCameraDot": 0.41784342220885606
    }
  ]
}

true

✓ Screenshot saved to screenshots/growth/nav-windows-final-upper-escaped.png


✓ Done

"Camera sampled before zoom"

✓ Done

true

"Zoom in moved camera"

✓ Done

true

✓ Done

"Front viewpoint sampled"

✓ Done

true

✓ Done

✓ Screenshot saved to screenshots/growth/nav-windows-final-bottom-actions.png

