✓ Done

✓ X-Ray by Looplet
  http://127.0.0.1:8080/

true

"seeded Ground floor plan rev C.pdf activeDocumentId=doc-ground-floor sha=c0ffeec0"

true

"showing roofing"

true

"roof inputs entered"

true

✓ Screenshot saved to proof/growth/2026-09-16-industry-source-binding/screenshots/roof-01-unbound-calculated.png

"roof bind requested"

true

true

✓ Screenshot saved to proof/growth/2026-09-16-industry-source-binding/screenshots/roof-02-bound-traced.png

"{\"schema\":\"xray.industry-source-binding/1\",\"projectId\":\"job-28398f29-e8e9-4d8c-aed6-efa533308b49\",\"sourceRevisionId\":\"doc-ground-floor\",\"sha256\":\"c0ffeec0ffeec0ffeec0ffeec0ffeec0ffeec0ffeec0ffeec0ffeec0ffeeabcd\",\"sourceName\":\"Ground floor plan rev C.pdf\",\"locator\":{\"kind\":\"page\",\"pageIndex\":1},\"calibrationId\":\"cal:0:manual:0.0125:cand-manual-1\",\"units\":\"m\",\"evidenceClass\":\"traced\",\"reference\":\"North plane traced on plan sheet A-201\",\"boundAt\":\"2026-09-16T04:57:44.569Z\"}"

http://127.0.0.1:8080/

true

"cost pane"

true

"showing roofing"

true

✓ Screenshot saved to proof/growth/2026-09-16-industry-source-binding/screenshots/roof-03-bound-after-reload.png

"source revision is now beef01be"

true

"roof withheld after the source changed"

✓ Screenshot saved to proof/growth/2026-09-16-industry-source-binding/screenshots/roof-04-stale-withheld.png

"showing hvac"

true

"straight section added"

true

"duct inputs entered"

"hvac bind requested"

true

"duct draft requested"

✗ Wait timed out after 25000ms
