✓ X-Ray by Looplet
  http://127.0.0.1:8080/

✓ Done

true

✓ Done

true

{
  "bytes": 1067,
  "name": "Quota retry name",
  "revision": 2
}

✓ Screenshot saved to screenshots/growth/2026-09-08-az3-protected-saves/v2d-s3-01-before-desktop.png

✓ Done

true

✓ Done

"quota-injected"

✓ Done

true

{
  "alert": "Could not save the project: Injected quota failure",
  "buttons": [
    {
      "height": 44,
      "text": "Retry saving project",
      "width": 131
    }
  ],
  "storedEqualsBefore": true,
  "viewport": [
    1280,
    800
  ],
  "visibleName": "Quota retry name"
}

✓ Screenshot saved to screenshots/growth/2026-09-08-az3-protected-saves/v2d-s3-02-quota-unsaved-desktop.png

"quota-restored"

✓ Done

true

✓ Done

{
  "previousRevision": 2,
  "status": "Project record saved on this device · revision 3",
  "storedName": "Quota retry name",
  "storedRevision": 3
}

✓ Screenshot saved to screenshots/growth/2026-09-08-az3-protected-saves/v2d-s3-03-quota-recovered-desktop.png

