- combobox "Current plan" [expanded=false, disabled, ref=e6]: Open a plan to begin
  - option "Open a plan to begin" [disabled, ref=e19]
- navigation "Panes" [ref=e1]
  - button "Overview" [ref=e7]
  - button "Sheets" [ref=e8]
  - button "Measure" [ref=e9]
  - button "Sketch" [ref=e10]
  - button "Components" [ref=e11]
  - button "Model" [ref=e12]
  - button "Render" [ref=e13]
  - button "Review" [ref=e14]
  - button "Cost" [ref=e15]
  - button "Proof" [ref=e16]
- button "Backups" [ref=e2]
- button "Settings" [ref=e3]
- button "Log in" [ref=e4]
- navigation "Sketch workspaces" [ref=e17]
  - button "Architectural workspace" [ref=e20]
  - button "Source annotations" [ref=e21]
- heading "Courtyard studio / demonstration" [level=1, ref=e30]
- button "Load demonstration" [ref=e31]
- button "Backup" [ref=e32]
- button "Restore" [ref=e33]
- navigation "Architectural views" [ref=e22]
  - button "Drawing studio" [ref=e34]
  - button "Door & window schedule" [ref=e35]
  - button "Materials & cost" [ref=e36]
  - button "Drawing sheets" [ref=e37]
  - button "AI layout" [ref=e38]
  - combobox "Design level" [expanded=false, ref=e39]: Ground · FFL 0.000
    - option "Ground · FFL 0.000" [selected, ref=e357]
  - button "Level" [ref=e40]
- button "Select" [ref=e41]
- button "Wall" [ref=e42]
- button "Door" [ref=e43]
- button "Window" [ref=e44]
- button "Slab" [ref=e45]
- button "Roof" [ref=e46]
- button "Line" [ref=e47]
- button "Circle" [ref=e48]
- button "Dimension" [ref=e49]
- button "Room tag" [ref=e50]
- button "Section" [ref=e51]
- button "Grid" [ref=e52]
- button "Undo design edit" [ref=e53]
- button "Redo design edit" [disabled, ref=e54]
- button "Fit" [ref=e55]
- combobox "Tracking" [expanded=false, ref=e56]: Ortho 90°
  - option "Free angle" [ref=e358]
  - option "Ortho 90°" [selected, ref=e359]
  - option "Polar" [ref=e360]
- spinbutton "Exact drawing length mm" [ref=e57]
- combobox "Drawing projection" [expanded=false, ref=e23]: plan
  - option "plan" [selected, ref=e341]
  - option "north" [ref=e342]
  - option "south" [ref=e343]
  - option "east" [ref=e344]
  - option "west" [ref=e345]
  - option "section" [ref=e346]
- checkbox "Live 3D" [checked=true, ref=e24]
- checkbox "Roof" [checked=true, ref=e25]
- checkbox "All levels in 3D" [checked=false, ref=e26]
- image "Editable architectural plan" [ref=e27] focusable [tabindex]
  - graphics-symbol [ref=e58] clickable [onclick]
  - generic "Ground slab" [ref=e59] clickable [onclick]
  - graphics-symbol [ref=e60] clickable [onclick]
  - graphics-symbol [ref=e61] clickable [onclick]
  - graphics-symbol [ref=e62] clickable [onclick]
  - graphics-symbol [ref=e63] clickable [onclick]
  - graphics-symbol [ref=e64] clickable [onclick]
  - graphics-symbol [ref=e65] clickable [onclick]
  - graphics-symbol [ref=e66] clickable [onclick]
  - graphics-symbol [ref=e67] clickable [onclick]
  - graphics-symbol [ref=e68] clickable [onclick]
  - graphics-symbol [ref=e69] clickable [onclick]
  - graphics-symbol [ref=e70] clickable [onclick]
  - graphics-symbol [ref=e71] clickable [onclick]
  - graphics-symbol [ref=e72] clickable [onclick]
  - graphics-symbol [ref=e73] clickable [onclick]
  - graphics-symbol [ref=e74] clickable [onclick]
  - graphics-symbol [ref=e75] clickable [onclick]
  - graphics-symbol [ref=e76] clickable [onclick]
  - graphics-symbol [ref=e77] clickable [onclick]
  - graphics-symbol [ref=e78] clickable [onclick]
  - graphics-symbol [ref=e79] clickable [onclick]
  - graphics-symbol [ref=e80] clickable [onclick]
  - graphics-symbol [ref=e81] clickable [onclick]
  - graphics-symbol [ref=e82] clickable [onclick]
  - graphics-symbol [ref=e83] clickable [onclick]
  - graphics-symbol [ref=e84] clickable [onclick]
  - graphics-symbol [ref=e85] clickable [onclick]
  - graphics-symbol [ref=e86] clickable [onclick]
  - graphics-symbol [ref=e87] clickable [onclick]
  - graphics-symbol [ref=e88] clickable [onclick]
  - graphics-symbol [ref=e89] clickable [onclick]
  - graphics-symbol [ref=e90] clickable [onclick]
  - graphics-symbol [ref=e91] clickable [onclick]
  - graphics-symbol [ref=e92] clickable [onclick]
  - graphics-symbol [ref=e93] clickable [onclick]
  - graphics-symbol [ref=e94] clickable [onclick]
  - graphics-symbol [ref=e95] clickable [onclick]
  - graphics-symbol [ref=e96] clickable [onclick]
  - graphics-symbol [ref=e97] clickable [onclick]
  - graphics-symbol [ref=e98] clickable [onclick]
  - graphics-symbol [ref=e99] clickable [onclick]
  - graphics-symbol [ref=e100] clickable [onclick]
  - graphics-symbol [ref=e101] clickable [onclick]
  - graphics-symbol [ref=e102] clickable [onclick]
  - graphics-symbol [ref=e103] clickable [onclick]
  - graphics-symbol [ref=e104] clickable [onclick]
  - graphics-symbol [ref=e105] clickable [onclick]
  - graphics-symbol [ref=e106] clickable [onclick]
  - graphics-symbol [ref=e107] clickable [onclick]
  - graphics-symbol [ref=e108] clickable [onclick]
  - graphics-symbol [ref=e109] clickable [onclick]
  - graphics-symbol [ref=e110] clickable [onclick]
  - graphics-symbol [ref=e111] clickable [onclick]
  - graphics-symbol [ref=e112] clickable [onclick]
  - graphics-symbol [ref=e113] clickable [onclick]
  - graphics-symbol [ref=e114] clickable [onclick]
  - graphics-symbol [ref=e115] clickable [onclick]
  - graphics-symbol [ref=e116] clickable [onclick]
  - graphics-symbol [ref=e117] clickable [onclick]
  - graphics-symbol [ref=e118] clickable [onclick]
  - graphics-symbol [ref=e119] clickable [onclick]
  - graphics-symbol [ref=e120] clickable [onclick]
  - graphics-symbol [ref=e121] clickable [onclick]
  - graphics-symbol [ref=e122] clickable [onclick]
  - graphics-symbol [ref=e123] clickable [onclick]
  - graphics-symbol [ref=e124] clickable [onclick]
  - graphics-symbol [ref=e125] clickable [onclick]
  - graphics-symbol [ref=e126] clickable [onclick]
  - graphics-symbol [ref=e127] clickable [onclick]
  - graphics-symbol [ref=e128] clickable [onclick]
  - graphics-symbol [ref=e129] clickable [onclick]
  - graphics-symbol [ref=e130] clickable [onclick]
  - graphics-symbol [ref=e131] clickable [onclick]
  - graphics-symbol [ref=e132] clickable [onclick]
  - graphics-symbol [ref=e133] clickable [onclick]
  - graphics-symbol [ref=e134] clickable [onclick]
  - graphics-symbol [ref=e135] clickable [onclick]
  - graphics-symbol [ref=e136] clickable [onclick]
  - graphics-symbol [ref=e137] clickable [onclick]
  - graphics-symbol [ref=e138] clickable [onclick]
  - graphics-symbol [ref=e139] clickable [onclick]
  - graphics-symbol [ref=e140] clickable [onclick]
  - graphics-symbol [ref=e141] clickable [onclick]
  - graphics-symbol [ref=e142] clickable [onclick]
  - graphics-symbol [ref=e143] clickable [onclick]
  - graphics-symbol [ref=e144] clickable [onclick]
  - graphics-symbol [ref=e145] clickable [onclick]
  - graphics-symbol [ref=e146] clickable [onclick]
  - graphics-symbol [ref=e147] clickable [onclick]
  - graphics-symbol [ref=e148] clickable [onclick]
  - graphics-symbol [ref=e149] clickable [onclick]
  - graphics-symbol [ref=e150] clickable [onclick]
  - graphics-symbol [ref=e151] clickable [onclick]
  - graphics-symbol [ref=e152] clickable [onclick]
  - graphics-symbol [ref=e153] clickable [onclick]
  - graphics-symbol [ref=e154] clickable [onclick]
  - graphics-symbol [ref=e155] clickable [onclick]
  - graphics-symbol [ref=e156] clickable [onclick]
  - graphics-symbol [ref=e157] clickable [onclick]
  - graphics-symbol [ref=e158] clickable [onclick]
  - graphics-symbol [ref=e159] clickable [onclick]
  - graphics-symbol [ref=e160] clickable [onclick]
  - graphics-symbol [ref=e161] clickable [onclick]
  - graphics-symbol [ref=e162] clickable [onclick]
  - graphics-symbol [ref=e163] clickable [onclick]
  - graphics-symbol [ref=e164] clickable [onclick]
  - graphics-symbol [ref=e165] clickable [onclick]
  - graphics-symbol [ref=e166] clickable [onclick]
  - graphics-symbol [ref=e167] clickable [onclick]
  - graphics-symbol [ref=e168] clickable [onclick]
  - graphics-symbol [ref=e169] clickable [onclick]
  - graphics-symbol [ref=e170] clickable [onclick]
  - graphics-symbol [ref=e171] clickable [onclick]
  - graphics-symbol [ref=e172] clickable [onclick]
  - graphics-symbol [ref=e173] clickable [onclick]
  - graphics-symbol [ref=e174] clickable [onclick]
  - graphics-symbol [ref=e175] clickable [onclick]
  - graphics-symbol [ref=e176] clickable [onclick]
  - graphics-symbol [ref=e177] clickable [onclick]
  - graphics-symbol [ref=e178] clickable [onclick]
  - graphics-symbol [ref=e179] clickable [onclick]
  - graphics-symbol [ref=e180] clickable [onclick]
  - graphics-symbol [ref=e181] clickable [onclick]
  - graphics-symbol [ref=e182] clickable [onclick]
  - graphics-symbol [ref=e183] clickable [onclick]
  - graphics-symbol [ref=e184] clickable [onclick]
  - graphics-symbol [ref=e185] clickable [onclick]
  - graphics-symbol [ref=e186] clickable [onclick]
  - graphics-symbol [ref=e187] clickable [onclick]
  - graphics-symbol [ref=e188] clickable [onclick]
  - graphics-symbol [ref=e189] clickable [onclick]
  - graphics-symbol [ref=e190] clickable [onclick]
  - graphics-symbol [ref=e191] clickable [onclick]
  - graphics-symbol [ref=e192] clickable [onclick]
  - graphics-symbol [ref=e193] clickable [onclick]
  - graphics-symbol [ref=e194] clickable [onclick]
  - graphics-symbol [ref=e195] clickable [onclick]
  - graphics-symbol [ref=e196] clickable [onclick]
  - graphics-symbol [ref=e197] clickable [onclick]
  - graphics-symbol [ref=e198] clickable [onclick]
  - graphics-symbol [ref=e199] clickable [onclick]
  - graphics-symbol [ref=e200] clickable [onclick]
  - graphics-symbol [ref=e201] clickable [onclick]
  - graphics-symbol [ref=e202] clickable [onclick]
  - graphics-symbol [ref=e203] clickable [onclick]
  - graphics-symbol [ref=e204] clickable [onclick]
  - graphics-symbol [ref=e205] clickable [onclick]
  - graphics-symbol [ref=e206] clickable [onclick]
  - graphics-symbol [ref=e207] clickable [onclick]
  - graphics-symbol [ref=e208] clickable [onclick]
  - graphics-symbol [ref=e209] clickable [onclick]
  - graphics-symbol [ref=e210] clickable [onclick]
  - graphics-symbol [ref=e211] clickable [onclick]
  - graphics-symbol [ref=e212] clickable [onclick]
  - graphics-symbol [ref=e213] clickable [onclick]
  - graphics-symbol [ref=e214] clickable [onclick]
  - graphics-symbol [ref=e215] clickable [onclick]
  - graphics-symbol [ref=e216] clickable [onclick]
  - graphics-symbol [ref=e217] clickable [onclick]
  - graphics-symbol [ref=e218] clickable [onclick]
  - graphics-symbol [ref=e219] clickable [onclick]
  - graphics-symbol [ref=e220] clickable [onclick]
  - graphics-symbol [ref=e221] clickable [onclick]
  - graphics-symbol [ref=e222] clickable [onclick]
  - graphics-symbol [ref=e223] clickable [onclick]
  - graphics-symbol [ref=e224] clickable [onclick]
  - graphics-symbol [ref=e225] clickable [onclick]
  - graphics-symbol [ref=e226] clickable [onclick]
  - graphics-symbol [ref=e227] clickable [onclick]
  - graphics-symbol [ref=e228] clickable [onclick]
  - graphics-symbol [ref=e229] clickable [onclick]
  - graphics-symbol [ref=e230] clickable [onclick]
  - graphics-symbol [ref=e231] clickable [onclick]
  - graphics-symbol [ref=e232] clickable [onclick]
  - graphics-symbol [ref=e233] clickable [onclick]
  - graphics-symbol [ref=e234] clickable [onclick]
  - graphics-symbol [ref=e235] clickable [onclick]
  - graphics-symbol [ref=e236] clickable [onclick]
  - graphics-symbol [ref=e237] clickable [onclick]
  - graphics-symbol [ref=e238] clickable [onclick]
  - graphics-symbol [ref=e239] clickable [onclick]
  - graphics-symbol [ref=e240] clickable [onclick]
  - graphics-symbol [ref=e241] clickable [onclick]
  - graphics-symbol [ref=e242] clickable [onclick]
  - graphics-symbol [ref=e243] clickable [onclick]
  - graphics-symbol [ref=e244] clickable [onclick]
  - graphics-symbol [ref=e245] clickable [onclick]
  - graphics-symbol [ref=e246] clickable [onclick]
  - graphics-symbol [ref=e247] clickable [onclick]
  - graphics-symbol [ref=e248] clickable [onclick]
  - graphics-symbol [ref=e249] clickable [onclick]
  - graphics-symbol [ref=e250] clickable [onclick]
  - graphics-symbol [ref=e251] clickable [onclick]
  - graphics-symbol [ref=e252] clickable [onclick]
  - graphics-symbol [ref=e253] clickable [onclick]
  - graphics-symbol [ref=e254] clickable [onclick]
  - graphics-symbol [ref=e255] clickable [onclick]
  - graphics-symbol [ref=e256] clickable [onclick]
  - graphics-symbol [ref=e257] clickable [onclick]
  - graphics-symbol [ref=e258] clickable [onclick]
  - graphics-symbol [ref=e259] clickable [onclick]
  - graphics-symbol [ref=e260] clickable [onclick]
  - graphics-symbol [ref=e261] clickable [onclick]
  - graphics-symbol [ref=e262] clickable [onclick]
  - graphics-symbol [ref=e263] clickable [onclick]
  - graphics-symbol [ref=e264] clickable [onclick]
  - graphics-symbol [ref=e265] clickable [onclick]
  - graphics-symbol [ref=e266] clickable [onclick]
  - graphics-symbol [ref=e267] clickable [onclick]
  - graphics-symbol [ref=e268] clickable [onclick]
  - graphics-symbol [ref=e269] clickable [onclick]
  - graphics-symbol [ref=e270] clickable [onclick]
  - graphics-symbol [ref=e271] clickable [onclick]
  - graphics-symbol [ref=e272] clickable [onclick]
  - graphics-symbol [ref=e273] clickable [onclick]
  - graphics-symbol [ref=e274] clickable [onclick]
  - graphics-symbol [ref=e275] clickable [onclick]
  - graphics-symbol [ref=e276] clickable [onclick]
  - graphics-symbol [ref=e277] clickable [onclick]
  - graphics-symbol [ref=e278] clickable [onclick]
  - graphics-symbol [ref=e279] clickable [onclick]
  - graphics-symbol [ref=e280] clickable [onclick]
  - graphics-symbol [ref=e281] clickable [onclick]
  - graphics-symbol [ref=e282] clickable [onclick]
  - graphics-symbol [ref=e283] clickable [onclick]
  - graphics-symbol [ref=e284] clickable [onclick]
  - graphics-symbol [ref=e285] clickable [onclick]
  - graphics-symbol [ref=e286] clickable [onclick]
  - graphics-symbol [ref=e287] clickable [onclick]
  - graphics-symbol [ref=e288] clickable [onclick]
  - graphics-symbol [ref=e289] clickable [onclick]
  - graphics-symbol [ref=e290] clickable [onclick]
  - graphics-symbol [ref=e291] clickable [onclick]
  - graphics-symbol [ref=e292] clickable [onclick]
  - graphics-symbol [ref=e293] clickable [onclick]
  - graphics-symbol [ref=e294] clickable [onclick]
  - graphics-symbol [ref=e295] clickable [onclick]
  - graphics-symbol [ref=e296] clickable [onclick]
  - graphics-symbol [ref=e297] clickable [onclick]
  - graphics-symbol [ref=e298] clickable [onclick]
  - graphics-symbol [ref=e299] clickable [onclick]
  - generic "D01" [ref=e300] clickable [onclick]
  - generic "W01" [ref=e301] clickable [onclick]
  - graphics-symbol [ref=e302] clickable [onclick]
  - generic "D02" [ref=e303] clickable [onclick]
  - generic "STUDIO" [ref=e304] clickable [onclick]
  - generic "33.44 m² | P 23.13 m" [ref=e305] clickable [onclick]
  - generic "CL 2.700 m" [ref=e306] clickable [onclick]
  - generic "WORKSHOP" [ref=e307] clickable [onclick]
  - generic "16.22 m² | P 17.13 m" [ref=e308] clickable [onclick]
  - generic "CL 2.700 m" [ref=e309] clickable [onclick]
  - graphics-symbol [ref=e310] clickable [onclick]
  - graphics-symbol [ref=e311] clickable [onclick]
  - generic "9000" [ref=e312] clickable [onclick]
  - graphics-symbol [ref=e313] clickable [onclick]
  - graphics-symbol [ref=e314] clickable [onclick]
  - generic "6000" [ref=e315] clickable [onclick]
  - graphics-symbol [ref=e316] clickable [onclick]
  - graphics-symbol [ref=e317] clickable [onclick]
  - generic "9000" [ref=e318] clickable [onclick]
  - graphics-symbol [ref=e319] clickable [onclick]
  - graphics-symbol [ref=e320] clickable [onclick]
  - generic "6000" [ref=e321] clickable [onclick]
  - graphics-symbol [ref=e322] clickable [onclick]
  - generic "A" [ref=e323] clickable [onclick]
  - graphics-symbol [ref=e324] clickable [onclick]
  - generic "B" [ref=e325] clickable [onclick]
  - graphics-symbol [ref=e326] clickable [onclick]
  - generic "1" [ref=e327] clickable [onclick]
  - graphics-symbol [ref=e328] clickable [onclick]
  - generic "2" [ref=e329] clickable [onclick]
  - generic "A" [ref=e330] clickable [onclick]
  - generic "A" [ref=e331] clickable [onclick]
- image "Live architectural 3D model" [ref=e332] focusable [tabindex]
- button "Orbit" [ref=e347]
- button "Fly" [ref=e348]
- button "Walk-through" [ref=e349]
- heading "Design settings" [level=2, ref=e350]
- textbox "Design name" [ref=e351]: Courtyard studio / demonstration
- textbox "Project address" [ref=e352]
- textbox "Drawing revision" [ref=e353]: A
- textbox "Level name" [ref=e354]: Ground
- spinbutton "Level FFL mm" [ref=e355]: 0
- spinbutton "Default ceiling height mm" [ref=e356]: 2700
- button "Export DXF" [ref=e333]
- button "Export DWG" [disabled, ref=e334]
- LabelText "Import DXF" [ref=e335] clickable [cursor:pointer]
- button "Export IFC" [ref=e336]
- generic "Logs11Console1Errors0Status" [ref=e18] clickable [onclick]
  - separator "Resize bottom panel" [ref=e28] focusable [tabindex]: 22
  - tab "Logs 11" [ref=e337]
  - tab "Console 1" [ref=e338]
  - tab "Errors 0" [ref=e339]
  - tab "Status" [selected, ref=e340]
  - button "Expand workspace diagnostics" [expanded=false, ref=e29]
- button "Live assistant Drawing tools" [expanded=false, ref=e5]

✓ Screenshot saved to screenshots/growth/2026-09-08-architect-before.png

✓ Done

true

{
  "actualCamera": {
    "capture": "locked",
    "mode": "fly",
    "pitch": 0,
    "position": [
      12.636000043153762,
      1.8963203877210617,
      13.19550004899502
    ],
    "speed": 0,
    "yaw": 0.673519700278395
  },
  "mode": "fly",
  "ready": true,
  "selector": "canvas[aria-label=\"Live architectural 3D model\"]"
}

{
  "capture": "locked",
  "mode": "fly",
  "pitch": 0,
  "position": [
    12.636000043153762,
    1.8963203877210617,
    13.19550004899502
  ],
  "speed": 0,
  "yaw": 0.673519700278395
}

true

✓ Screenshot saved to screenshots/growth/2026-09-08-architect-fly-before.png

{
  "before": {
    "capture": "locked",
    "mode": "fly",
    "pitch": 0,
    "position": [
      12.636000043153762,
      1.8963203877210617,
      13.19550004899502
    ],
    "speed": 0,
    "yaw": 0.673519700278395
  },
  "code": "KeyW"
}

true

{
  "observed": {
    "capture": "locked",
    "mode": "fly",
    "pitch": 0,
    "position": [
      12.403116951856724,
      1.8963203877210617,
      12.903666278359298
    ],
    "speed": 4.818723733072706,
    "yaw": 0.673519700278395
  },
  "released": "KeyW"
}

true

{
  "after": {
    "capture": "locked",
    "mode": "fly",
    "pitch": 0,
    "position": [
      12.127050727199675,
      1.8963203877210617,
      12.557718245644136
    ],
    "speed": 0.0022507520083937826,
    "yaw": 0.673519700278395
  },
  "before": {
    "capture": "locked",
    "mode": "fly",
    "pitch": 0,
    "position": [
      12.636000043153762,
      1.8963203877210617,
      13.19550004899502
    ],
    "speed": 0,
    "yaw": 0.673519700278395
  },
  "code": "KeyW",
  "delta": [
    -0.5089493159540854,
    0,
    -0.6377818033508831
  ],
  "distance": 0.8159626430760393,
  "horizontalForwardDot": 0.8159626430760394,
  "rightDot": 7.716050021144838e-15,
  "signedCameraDot": 0.8159626430760394
}

{
  "before": {
    "capture": "locked",
    "mode": "fly",
    "pitch": 0,
    "position": [
      12.127050727199675,
      1.8963203877210617,
      12.557718245644136
    ],
    "speed": 0.0022507520083937826,
    "yaw": 0.673519700278395
  },
  "code": "KeyS"
}

true

{
  "observed": {
    "capture": "locked",
    "mode": "fly",
    "pitch": 0,
    "position": [
      12.359517254273957,
      1.8963203877210617,
      12.849030005398074
    ],
    "speed": 4.815839305213439,
    "yaw": 0.673519700278395
  },
  "released": "KeyS"
}

true

{
  "after": {
    "capture": "locked",
    "mode": "fly",
    "pitch": 0,
    "position": [
      12.6354018647206,
      1.8963203877210617,
      13.19475045113158
    ],
    "speed": 0.002663565448857154,
    "yaw": 0.673519700278395
  },
  "before": {
    "capture": "locked",
    "mode": "fly",
    "pitch": 0,
    "position": [
      12.127050727199675,
      1.8963203877210617,
      12.557718245644136
    ],
    "speed": 0.0022507520083937826,
    "yaw": 0.673519700278395
  },
  "code": "KeyS",
  "delta": [
    0.5083511375209238,
    0,
    0.6370322054874453
  ],
  "distance": 0.8150036256649512,
  "horizontalForwardDot": -0.8150036256649511,
  "rightDot": 4.3298697960381105e-15,
  "signedCameraDot": 0.8150036256649511
}

{
  "before": {
    "capture": "locked",
    "mode": "fly",
    "pitch": 0,
    "position": [
      12.6354018647206,
      1.8963203877210617,
      13.19475045113158
    ],
    "speed": 0.002663565448857154,
    "yaw": 0.673519700278395
  },
  "code": "KeyA"
}

true

{
  "observed": {
    "capture": "locked",
    "mode": "fly",
    "pitch": 0,
    "position": [
      12.343253532719784,
      1.8963203877210617,
      13.428100219941223
    ],
    "speed": 4.820903990403242,
    "yaw": 0.673519700278395
  },
  "released": "KeyA"
}

true

{
  "after": {
    "capture": "locked",
    "mode": "fly",
    "pitch": 0,
    "position": [
      11.997218535100988,
      1.8963203877210617,
      13.70433327172358
    ],
    "speed": 0.002666366647075356,
    "yaw": 0.673519700278395
  },
  "before": {
    "capture": "locked",
    "mode": "fly",
    "pitch": 0,
    "position": [
      12.6354018647206,
      1.8963203877210617,
      13.19475045113158
    ],
    "speed": 0.002663565448857154,
    "yaw": 0.673519700278395
  },
  "code": "KeyA",
  "delta": [
    -0.6381833296196131,
    0,
    0.5095828205919979
  ],
  "distance": 0.8166716679589614,
  "horizontalForwardDot": -0.00024471856926211455,
  "rightDot": -0.8166716312935658,
  "signedCameraDot": 0.8166716312935658
}

{
  "before": {
    "capture": "locked",
    "mode": "fly",
    "pitch": 0,
    "position": [
      11.997218535100988,
      1.8963203877210617,
      13.70433327172358
    ],
    "speed": 0.002666366647075356,
    "yaw": 0.673519700278395
  },
  "code": "KeyD"
}

true

{
  "observed": {
    "capture": "locked",
    "mode": "fly",
    "pitch": 0,
    "position": [
      12.289747333578662,
      1.8963203877210617,
      13.470895585968185
    ],
    "speed": 4.822252717054994,
    "yaw": 0.673519700278395
  },
  "released": "KeyD"
}

true

{
  "after": {
    "capture": "locked",
    "mode": "fly",
    "pitch": 0,
    "position": [
      12.63597145080552,
      1.8963203877210617,
      13.194609062874814
    ],
    "speed": 0.002672452169682684,
    "yaw": 0.673519700278395
  },
  "before": {
    "capture": "locked",
    "mode": "fly",
    "pitch": 0,
    "position": [
      11.997218535100988,
      1.8963203877210617,
      13.70433327172358
    ],
    "speed": 0.002666366647075356,
    "yaw": 0.673519700278395
  },
  "code": "KeyD",
  "delta": [
    0.6387529157045311,
    0,
    -0.5097242088487643
  ],
  "distance": 0.817205027155082,
  "horizontalForwardDot": -4.2134696065510027e-8,
  "rightDot": 0.817205027155081,
  "signedCameraDot": 0.817205027155081
}

✓ Screenshot saved to screenshots/growth/2026-09-08-architect-fly-moved.png

{
  "keysReleased": true,
  "movements": [
    {
      "after": {
        "capture": "locked",
        "mode": "fly",
        "pitch": 0,
        "position": [
          12.127050727199675,
          1.8963203877210617,
          12.557718245644136
        ],
        "speed": 0.0022507520083937826,
        "yaw": 0.673519700278395
      },
      "before": {
        "capture": "locked",
        "mode": "fly",
        "pitch": 0,
        "position": [
          12.636000043153762,
          1.8963203877210617,
          13.19550004899502
        ],
        "speed": 0,
        "yaw": 0.673519700278395
      },
      "code": "KeyW",
      "delta": [
        -0.5089493159540854,
        0,
        -0.6377818033508831
      ],
      "distance": 0.8159626430760393,
      "horizontalForwardDot": 0.8159626430760394,
      "rightDot": 7.716050021144838e-15,
      "signedCameraDot": 0.8159626430760394
    },
    {
      "after": {
        "capture": "locked",
        "mode": "fly",
        "pitch": 0,
        "position": [
          12.6354018647206,
          1.8963203877210617,
          13.19475045113158
        ],
        "speed": 0.002663565448857154,
        "yaw": 0.673519700278395
      },
      "before": {
        "capture": "locked",
        "mode": "fly",
        "pitch": 0,
        "position": [
          12.127050727199675,
          1.8963203877210617,
          12.557718245644136
        ],
        "speed": 0.0022507520083937826,
        "yaw": 0.673519700278395
      },
      "code": "KeyS",
      "delta": [
        0.5083511375209238,
        0,
        0.6370322054874453
      ],
      "distance": 0.8150036256649512,
      "horizontalForwardDot": -0.8150036256649511,
      "rightDot": 4.3298697960381105e-15,
      "signedCameraDot": 0.8150036256649511
    },
    {
      "after": {
        "capture": "locked",
        "mode": "fly",
        "pitch": 0,
        "position": [
          11.997218535100988,
          1.8963203877210617,
          13.70433327172358
        ],
        "speed": 0.002666366647075356,
        "yaw": 0.673519700278395
      },
      "before": {
        "capture": "locked",
        "mode": "fly",
        "pitch": 0,
        "position": [
          12.6354018647206,
          1.8963203877210617,
          13.19475045113158
        ],
        "speed": 0.002663565448857154,
        "yaw": 0.673519700278395
      },
      "code": "KeyA",
      "delta": [
        -0.6381833296196131,
        0,
        0.5095828205919979
      ],
      "distance": 0.8166716679589614,
      "horizontalForwardDot": -0.00024471856926211455,
      "rightDot": -0.8166716312935658,
      "signedCameraDot": 0.8166716312935658
    },
    {
      "after": {
        "capture": "locked",
        "mode": "fly",
        "pitch": 0,
        "position": [
          12.63597145080552,
          1.8963203877210617,
          13.194609062874814
        ],
        "speed": 0.002672452169682684,
        "yaw": 0.673519700278395
      },
      "before": {
        "capture": "locked",
        "mode": "fly",
        "pitch": 0,
        "position": [
          11.997218535100988,
          1.8963203877210617,
          13.70433327172358
        ],
        "speed": 0.002666366647075356,
        "yaw": 0.673519700278395
      },
      "code": "KeyD",
      "delta": [
        0.6387529157045311,
        0,
        -0.5097242088487643
      ],
      "distance": 0.817205027155082,
      "horizontalForwardDot": -4.2134696065510027e-8,
      "rightDot": 0.817205027155081,
      "signedCameraDot": 0.817205027155081
    }
  ]
}

true

✓ Screenshot saved to screenshots/growth/2026-09-08-architect-fly-escaped.png

