✓ X-Ray by Looplet
  http://127.0.0.1:8096/

✓ Done

true

"seeded xray:price-books:v1:job-42acfb9b-3321-432c-afd8-eea423bd84e7 (1095 chars, books=1, rows=2); previous record: none"

http://127.0.0.1:8096/

true

"after reload: project job-42acfb9b-3321-432c-afd8-eea423bd84e7 has price book record xray:price-books:v1:job-42acfb9b-3321-432c-afd8-eea423bd84e7 (1095 chars); fetch instrumented before Cost pane; log=[]"

✓ Done

true

"pricing-research fetches=[\"GET /api/pricing-research (sent)\"]; state=idle; price-book keys=1 (xray:price-books:v1:job-42acfb9b-3321-432c-afd8-eea423bd84e7, 1095 chars, books=1, rows=2); tabs=Library (1)|Import price sheet|Priced worksheet (0); card=Seeded QA price book"

✓ Screenshot saved to screenshots/growth/2026-09-09-az4-release/prod-pricing-v2-desktop-seeded-library.png

"research section scrolled into view"

✓ Screenshot saved to screenshots/growth/2026-09-09-az4-release/prod-pricing-v2-desktop-not-configured.png

✓ Done

"search enabled for query: 90x45 MGP10 treated pine"

✓ Done

true

"failure rendered (not-configured, HTTP 503); price-book keys=1 before and 1 after, raw bytes identical (1298 chars snapshot), seeded book name/rows/rate intact, library tabs and card text identical; fetches=[\"GET /api/pricing-research (sent)\",\"POST /api/pricing-research (sent)\"]; text=Provider not configured (not-configured, HTTP 503)Supplier research provider not configured. Set FIRECRAWL_API_KEY and XRAY_PRICING_RESEARCH_WEB_ENABLED=true on"

✓ Screenshot saved to screenshots/growth/2026-09-09-az4-release/prod-pricing-v2-desktop-not-configured-failure.png

"post-failure: xray:price-books:v1:job-42acfb9b-3321-432c-afd8-eea423bd84e7 still holds 1095 chars, revision 1, 1 book(s), worksheet 0; card heading Seeded QA price book; research state failure"

✓ Screenshot saved to screenshots/growth/2026-09-09-az4-release/prod-pricing-v2-desktop-seeded-library-after-failure.png

