http://tauri.localhost/

true

✓ Done

true

{
  "doc": "21-08-26_Redburn_BR250157_Prelim_Council (1).pdf",
  "jobId": "job-3244d346-dc0b-448a-8450-d3003cbb28ba",
  "pages": 13,
  "revision": 3,
  "source": "web"
}

✓ Screenshot saved to screenshots/growth/2026-09-09-az5-release/native-workbench-desktop-01-sheets-before.png

true

"panel"

✓ Done

✓ Done

true

"edits allowed"

✓ Done

✓ Done

true

✗ Evaluation error: Error: Paused after eight assistant steps. Completed actions are retained; send another message to continue.
    at <anonymous>:1:82
    at <anonymous>:1:348
