[agent-browser] launched browser
✓ Done

✓ X-Ray by Looplet
  http://127.0.0.1:8085/

true

"reloading-with-minimax"

true

"checking"

true

"{\"provider\":\"MiniMax\",\"model\":\"MiniMax-M3\",\"stored\":\"minimax\"}"

"seeding"

true

"{\"ok\":true,\"jobId\":\"job-bfdd8061-7350-47e9-b8db-8782ba03e966\",\"documents\":2,\"activeDocumentId\":\"doc-ground-floor\",\"calibrations\":3}"

"opened"

true

"binding"

true

"menu opened"

true

"clicked New chat"

"awaiting empty conversation"

true

"{\"conversationEmptyBeforeTurn\":true,\"activeId\":\"94362aad-69fa-487c-82eb-d7c80902762a\"}"

"{\"script\":\"13-project-context-ground-truth\",\"jobId\":\"job-bfdd8061-7350-47e9-b8db-8782ba03e966\"}"

"composed 243 chars"

true

"baseline"

true

✓ Screenshot saved to proof/growth/2026-09-16-live-assistant-rig/screenshots/13-project-context-ground-truth-composed.png

"sent"

"polling"

true

✓ Screenshot saved to proof/growth/2026-09-16-live-assistant-rig/screenshots/13-project-context-ground-truth-replied.png

"{\"state\":\"done\",\"baseline\":0,\"newEntryCount\":4,\"newEntries\":[{\"kind\":\"user\",\"tool\":null,\"failed\":null,\"origin\":null,\"projectName\":null,\"projectRevision\":null,\"text\":\"Read the current project context and report: the project name, the name of the active source document and how many pages it has, and whether the project reports any save or recovery problem. Report only what the context read actually returned.\"},{\"kind\":\"tool\",\"tool\":\"read_project_context\",\"failed\":null,\"origin\":\"model\",\"projectName\":\"New project\",\"projectRevision\":1,\"text\":\"{\\\"projectId\\\":\\\"job-bfdd8061-7350-47e9-b8db-8782ba03e966\\\",\\\"projectName\\\":\\\"New project\\\",\\\"projectRevision\\\":1,\\\"pane\\\":\\\"cost\\\",\\\"sourcePage\\\":1,\\\"documents\\\":[{\\\"id\\\":\\\"doc-sample\\\",\\\"name\\\":\\\"No source plan\\\",\\\"kind\\\":\\\"pdf\\\",\\\"pageCount\\\":1,\\\"sha256\\\":null},{\\\"id\\\":\\\"doc-ground-floor\\\",\\\"name\\\":\\\"Ground floor plan rev C.pdf\\\",\\\"kind\\\":\\\"pdf\\\",\\\"pageCount\\\":3,\\\"sha256\\\":\\\"c0ffeec0ffeec0ffeec0ffeec0ffeec0ffeec0ffeec0ffeec0ffeec0ffeeabcd\\\"}],\\\"activeDocumentId\\\":\\\"doc-ground-floor\\\",\\\"counts\\\":{\\\"annotations\\\":0,\\\"measuredTraces\\\":0,\\\"locatedItems\\\":0},\\\"hydration\\\":\\\"ready\\\",\\\"recoveryBlocked\\\":false,\\\"saveError\\\":null,\\\"savedProjectRevision\\\":1,\\\"architectControllerAvailable\\\":false}\"},{\"kind\":\"tool\",\"tool\":\"read_workflow_route\",\"failed\":null,\"origin\":\"app-preflight\",\"projectName\":\"New project\",\"projectRevision\":1,\"text\":\"App preflight (not a model call)\\n{\\\"version\\\":\\\"xray.workflow/1\\\",\\\"workflow\\\":\\\"inspect\\\",\\\"steps\\\":[\\\"Read project context.\\\",\\\"Retrieve the relevant design, source sheets, attachments or evidence.\\\",\\\"Answer with source/revision and unknowns.\\\"],\\\"scope\\\":\\\"Workflow selection only; no geometry, evidence or authority changed.\\\"}\"},{\"kind\":\"assistant\",\"tool\":null,\"failed\":null,\"origin\":null,\"projectName\":null,\"projectRevision\":null,\"text\":\"The inspect workflow is selected and its steps are aligned with the user's request: context was read this turn, no further evidence retrieval is needed, and the answer can now be reported with the supported facts.\\n\\nProject context (from this turn's `read_project_context`)\\n\\n- **Project name:** New project\\n- **Active source document:** Ground floor plan rev C.pdf\\n  - **Pages:** 3\\n- **Save / recovery status:** none reported as a problem\\n  - `hydration`: ready\\n  - `recoveryBlocked`: false\\n  - `saveError`: null\\n  - `savedProjectRevision`: 1\\n\\nA second document, \\\"No source plan\\\" (1 page, the bundled sample), is present but is **not** the active source.\\n\\n### Developer review\\n\\n- **Outcome:** Directly answers all three asks using this turn's receipt only — name, active document + page count, and an explicit \\\"no problem\\\" finding.\\n- **Friction:** None evident; the read returned cleanly with the needed fields.\\n- **Improvement:** None.\"}],\"projectId\":\"job-bfdd8061-7350-47e9-b8db-8782ba03e966\",\"activeId\":\"94362aad-69fa-487c-82eb-d7c80902762a\",\"threads\":2,\"busy\":false,\"error\":null,\"workPacket\":{\"state\":\"review-required\",\"objective\":\"Read the current project context and report: the project name, the name of the active source document and how many pages it has, and whether the project reports any save or recovery problem. Report only what the context read actually returned.\",\"nextAction\":\"Workflow receipts complete. Review the draft against its sources and acceptance tests; no professional approval or issue recorded.\",\"pendingAction\":null,\"routingFailure\":null},\"entries\":[{\"kind\":\"user\",\"tool\":null,\"failed\":null,\"origin\":null,\"projectName\":null,\"projectRevision\":null,\"text\":\"Read the current project context and report: the project name, the name of the active source document and how many pages it has, and whether the project reports any save or recovery problem. Report only what the context read actually returned.\"},{\"kind\":\"tool\",\"tool\":\"read_project_context\",\"failed\":null,\"origin\":\"model\",\"projectName\":\"New project\",\"projectRevision\":1,\"text\":\"{\\\"projectId\\\":\\\"job-bfdd8061-7350-47e9-b8db-8782ba03e966\\\",\\\"projectName\\\":\\\"New project\\\",\\\"projectRevision\\\":1,\\\"pane\\\":\\\"cost\\\",\\\"sourcePage\\\":1,\\\"documents\\\":[{\\\"id\\\":\\\"doc-sample\\\",\\\"name\\\":\\\"No source plan\\\",\\\"kind\\\":\\\"pdf\\\",\\\"pageCount\\\":1,\\\"sha256\\\":null},{\\\"id\\\":\\\"doc-ground-floor\\\",\\\"name\\\":\\\"Ground floor plan rev C.pdf\\\",\\\"kind\\\":\\\"pdf\\\",\\\"pageCount\\\":3,\\\"sha256\\\":\\\"c0ffeec0ffeec0ffeec0ffeec0ffeec0ffeec0ffeec0ffeec0ffeec0ffeeabcd\\\"}],\\\"activeDocumentId\\\":\\\"doc-ground-floor\\\",\\\"counts\\\":{\\\"annotations\\\":0,\\\"measuredTraces\\\":0,\\\"locatedItems\\\":0},\\\"hydration\\\":\\\"ready\\\",\\\"recoveryBlocked\\\":false,\\\"saveError\\\":null,\\\"savedProjectRevision\\\":1,\\\"architectControllerAvailable\\\":false}\"},{\"kind\":\"tool\",\"tool\":\"read_workflow_route\",\"failed\":null,\"origin\":\"app-preflight\",\"projectName\":\"New project\",\"projectRevision\":1,\"text\":\"App preflight (not a model call)\\n{\\\"version\\\":\\\"xray.workflow/1\\\",\\\"workflow\\\":\\\"inspect\\\",\\\"steps\\\":[\\\"Read project context.\\\",\\\"Retrieve the relevant design, source sheets, attachments or evidence.\\\",\\\"Answer with source/revision and unknowns.\\\"],\\\"scope\\\":\\\"Workflow selection only; no geometry, evidence or authority changed.\\\"}\"},{\"kind\":\"assistant\",\"tool\":null,\"failed\":null,\"origin\":null,\"projectName\":null,\"projectRevision\":null,\"text\":\"The inspect workflow is selected and its steps are aligned with the user's request: context was read this turn, no further evidence retrieval is needed, and the answer can now be reported with the supported facts.\\n\\nProject context (from this turn's `read_project_context`)\\n\\n- **Project name:** New project\\n- **Active source document:** Ground floor plan rev C.pdf\\n  - **Pages:** 3\\n- **Save / recovery status:** none reported as a problem\\n  - `hydration`: ready\\n  - `recoveryBlocked`: false\\n  - `saveError`: null\\n  - `savedProjectRevision`: 1\\n\\nA second document, \\\"No source plan\\\" (1 page, the bundled sample), is present but is **not** the active source.\\n\\n### Developer review\\n\\n- **Outcome:** Directly answers all three asks using this turn's receipt only — name, active document + page count, and an explicit \\\"no problem\\\" finding.\\n- **Friction:** None evident; the read returned cleanly with the needed fields.\\n- **Improvement:** None.\"}]}"

"{\"state\":\"done\",\"error\":null,\"tools\":[{\"tool\":\"read_project_context\",\"failed\":false,\"text\":\"{\\\"projectId\\\":\\\"job-bfdd8061-7350-47e9-b8db-8782ba03e966\\\",\\\"projectName\\\":\\\"New project\\\",\\\"projectRevision\\\":1,\\\"pane\\\":\\\"cost\\\",\\\"sourcePage\\\":1,\\\"documents\\\":[{\\\"id\\\":\\\"doc-sample\\\",\\\"name\\\":\\\"No source plan\\\",\\\"kind\\\":\\\"pdf\\\",\\\"pageCount\\\":1,\\\"sha256\\\":null},{\\\"id\\\":\\\"doc-ground-floor\\\",\\\"name\\\":\\\"Ground floor plan rev C.pdf\\\",\\\"kind\\\":\"},{\"tool\":\"read_workflow_route\",\"failed\":false,\"text\":\"App preflight (not a model call)\\n{\\\"version\\\":\\\"xray.workflow/1\\\",\\\"workflow\\\":\\\"inspect\\\",\\\"steps\\\":[\\\"Read project context.\\\",\\\"Retrieve the relevant design, source sheets, attachments or evidence.\\\",\\\"Answer with source/revision and unknowns.\\\"],\\\"scope\\\":\\\"Workflow selection only; no geometry, evidence or authorit\"}],\"replyLength\":935}"

"{\"receiptHasJobId\":true,\"receiptHasSeededDocument\":true,\"pdfNamesInReply\":[\"Ground floor plan rev C.pdf\"],\"inventedDocumentNames\":0,\"receiptLength\":622}"

"The inspect workflow is selected and its steps are aligned with the user's request: context was read this turn, no further evidence retrieval is needed, and the answer can now be reported with the supported facts.\n\nProject context (from this turn's `read_project_context`)\n\n- **Project name:** New project\n- **Active source document:** Ground floor plan rev C.pdf\n  - **Pages:** 3\n- **Save / recovery status:** none reported as a problem\n  - `hydration`: ready\n  - `recoveryBlocked`: false\n  - `saveError`: null\n  - `savedProjectRevision`: 1\n\nA second document, \"No source plan\" (1 page, the bundled sample), is present but is **not** the active source.\n\n### Developer review\n\n- **Outcome:** Directly answers all three asks using this turn's receipt only — name, active document + page count, and an explicit \"no problem\" finding.\n- **Friction:** None evident; the read returned cleanly with the needed fields.\n- **Improvement:** None."

