{
  "doors": 21,
  "extentMm": [
    0,
    0,
    36000,
    18000
  ],
  "levels": [
    "Ground@0",
    "Level 1@3600",
    "Level 2@7200",
    "Plant Level@10800"
  ],
  "name": "Riverside Lab & Workshop",
  "revision": 13,
  "roofs": [
    "5/g/g/g"
  ],
  "rooms": [
    "STAIR 3x6",
    "LAB 1",
    "LAB 2",
    "LAB 3",
    "LAB 4",
    "STAIR 3x6",
    "LIFT 2.5x2.5",
    "CORRIDOR 2.4 m",
    "WORKSHOP",
    "OFFICE",
    "PLANT",
    "STAIR 3x6",
    "LAB 1",
    "LAB 2",
    "LAB 3",
    "LAB 4",
    "STAIR 3x6",
    "LIFT 2.5x2.5",
    "CORRIDOR 2.4 m",
    "WORKSHOP",
    "OFFICE",
    "PLANT"
  ],
  "slabs": 4,
  "walls": 48,
  "windows": 60
}

"all levels in 3D"

true

✗ Element '@e5' is covered by <button.assistant-pill.assistant-suggestion inside section#live-assistant-panel> at its click point, so the input would land on that element instead. Dismiss or interact with the covering element first (it is often a dialog, banner, or sticky header).
