✓ Done

✓ X-Ray by Looplet
  http://127.0.0.1:8080/

true

✓ Done

true

✓ Done

true

✓ Done

true

✓ Done

✓ Done

true

✓ Done

true

"Before rename: {\"calibrations\":13,\"annotations\":0,\"runs\":0,\"gates\":0,\"order\":[0,1,2,3,4,5,6,7,8,9,10,11,12],\"bookmark\":{\"id\":\"3cd5373f-8d3e-4f42-a2e0-2bfe66ef6d84\",\"name\":\"Entry detail\",\"createdAt\":\"2026-09-08T12:46:07.224Z\",\"zoom\":1,\"aspect\":1.414111328125,\"center\":{\"x\":0.5,\"y\":0.5}}}"

✓ Screenshot saved to screenshots/growth/2026-09-08-az3-sheets/A1-before-rename-desktop.png

✓ Done

true

✓ Done

✓ Done

✓ Done

true

"After rename: lifecycle key xray.sheet-lifecycle.v1:[\"job-b97c7445-e704-4774-8f8b-15b803570011\",\"document-82353f84-b68b-431e-9a32-6effb8b22c14\",\"b57956f76b5dc893ac2b28a021f3f92e345807e326d6b1f8313e373f9145ad38\",\"2026-09-08T12:45:55.278Z\",13] page2={\"name\":\"Ground floor plan\",\"discipline\":\"Architecture\",\"bookmarks\":1,\"archived\":false} job counts {\"calibrations\":13,\"annotations\":0,\"runs\":0,\"gates\":0} unchanged; order [0,1,2,3,4,5,6,7,8,9,10,11,12]"

"Heading and navigation show Ground floor plan"

✓ Screenshot saved to screenshots/growth/2026-09-08-az3-sheets/A2-after-rename-desktop.png

http://127.0.0.1:8080/

true

✓ Done

true

"After reload: heading, navigation and lifecycle record keep Ground floor plan / Architecture with 1 saved view; job counts {\"calibrations\":13,\"annotations\":0}"

✓ Screenshot saved to screenshots/growth/2026-09-08-az3-sheets/A3-after-reload-desktop.png

