true

{
  "project": "job-119c74e0-1f25-489d-80e6-6b155001b112",
  "result": {
    "kind": "new",
    "ok": true,
    "registry": {
      "entries": [
        {
          "id": "job-9910bb47-bac5-4b9a-b3f5-7b121b7a2577",
          "name": "New project",
          "revision": 1,
          "updatedAt": "2026-09-09T13:03:11.029Z"
        },
        {
          "id": "job-17c5bac9-4750-48d1-894d-c261fc99e081",
          "name": "AB-01 Courtyard Learning Centre",
          "revision": 1,
          "updatedAt": "2026-09-09T13:04:01.269Z"
        },
        {
          "id": "job-119c74e0-1f25-489d-80e6-6b155001b112",
          "name": "AB-01 Recovery Regression",
          "revision": 1,
          "updatedAt": "2026-09-09T13:11:58.009Z"
        }
      ],
      "schema": "xray.projects/v1"
    },
    "tabs": [
      "job-17c5bac9-4750-48d1-894d-c261fc99e081",
      "job-119c74e0-1f25-489d-80e6-6b155001b112"
    ],
    "target": {
      "id": "job-119c74e0-1f25-489d-80e6-6b155001b112",
      "name": "AB-01 Recovery Regression",
      "revision": 1,
      "updatedAt": "2026-09-09T13:11:58.009Z"
    }
  }
}

{
  "bad": [
    {
      "text": "Split a concave roof into convex roof zones.",
      "type": "text"
    }
  ],
  "finalState": "blocked",
  "good": [
    {
      "text": "{\"projectId\":\"job-119c74e0-1f25-489d-80e6-6b155001b112\",\"designRevision\":2,\"saved\":true,\"readbackVerified\":true,\"created\":[{\"kind\":\"wall\",\"id\":\"07e9f543-33af-41d5-934a-de33c356be03\"}],\"notices\":[\"Wall 07e9f543-33af-41d5-934a-de33c356be03 uses the existing unpriced default assembly. Review its layers and dimensions.\"],\"counts\":{\"walls\":1,\"openings\":0,\"lines\":0,\"roomTags\":0}}",
      "type": "text"
    }
  ],
  "readRetainedUncertainty": true,
  "subsequentEditBlocked": true
}

