[agent-browser] launched browser
✓ X-Ray by Looplet
  http://127.0.0.1:8091/

✓ Done

true

{
  "documents": [
    "No source plan"
  ],
  "project": "New project"
}

✓ Done

true

"opened"

true

{
  "doors": 0,
  "extentMm": [
    0,
    0,
    0,
    0
  ],
  "levels": [],
  "name": "(default design, not saved yet)",
  "revision": 1,
  "roofs": [],
  "rooms": [],
  "slabs": 0,
  "walls": 0,
  "windows": 0
}

true

"panel"

true

{
  "bytes": 138262,
  "type": "image/png"
}

true

✓ Screenshot saved to screenshots/growth/2026-09-09-assistant-surface/showcase-01-sketch-attached.png

"edits allowed"

1189

{
  "errors": 0,
  "replies": 0
}

✓ Done

true

{
  "design": {
    "doors": 0,
    "extentMm": [
      0,
      0,
      0,
      0
    ],
    "levels": [],
    "name": "(default design, not saved yet)",
    "revision": 1,
    "roofs": [],
    "rooms": [],
    "slabs": 0,
    "walls": 0,
    "windows": 0
  },
  "done": false,
  "errors": [
    "Assistant response was blocked or incomplete. No action has been confirmed."
  ],
  "last": "",
  "lastTools": [
    "read_project_contextTool result{\"projectId\":\"job-c2e9522a-a1c5-4d7d-8d72-858ccc68a01a\",\"pr",
    "read_architect_designTool result{\"project\":{\"schema\":\"xray.architect/v1\",\"id\":\"job-c2e9522",
    "read_workbench_structureTool result{\"units\":{\"architecturalDesign\":\"mm\",\"sourceBuilding\":\"",
    "capture_workspace_imageTool result{\"target\":\"architect\",\"width\":474,\"height\":400,\"frame\":3"
  ],
  "paused": false,
  "receipts": 4
}

✓ Screenshot saved to screenshots/growth/2026-09-09-assistant-surface/showcase-02-first-reply.png

