[agent-browser] launched browser
✓ Done

✓ X-Ray by Looplet
  http://127.0.0.1:8080/

true

"clicked Estimate"

true

"workbench opened"

true

"selected=quantity-surveying"

true

"{\"existingQuantityRows\":0,\"existingClassifications\":0}"

✓ Screenshot saved to proof/growth/2026-09-14-qs-report/screens/tablet-01-empty-worksheet.png

"added classification 1"

✓ Done

"added classification 2"

✓ Done

"hierarchy filled"

✓ Done

"Walls parented to Building"

✓ Done

"clicked add quantity 4x"

✓ Done

"quantity rows now=1"

"filled 4 items: a=0.1 m2, b=0.2 m2, c=3 lm, d=4 m2"

✓ Done

"a->Building:ok b->Walls:no-assign-2 c->Walls:no-assign-3 d=unassigned"

✓ Done

✓ Screenshot saved to proof/growth/2026-09-14-qs-report/screens/tablet-02-inputs-filled.png

"calculated"

true

✓ Done

"{\"wholeDraft\":{\"cap\":\"Whole draft totals — each item counted once\",\"rows\":[\"m2|unverified|0.1|0.1|0|1\"]},\"shown\":{\"cap\":\"Shown item totals — 1 of 1 items\",\"rows\":[\"m2|unverified|0.1|0.1|0|1\"]}}"

✓ Screenshot saved to proof/growth/2026-09-14-qs-report/screens/tablet-03-report-all-items.png

"{\"viewport\":1024,\"pageHorizontalOverflow\":false,\"reportFilterGridColumns\":[\"244px 244px\"],\"tableWraps\":[{\"w\":500,\"sw\":500,\"scrolls\":false},{\"w\":500,\"sw\":500,\"scrolls\":false},{\"w\":500,\"sw\":500,\"scrolls\":false},{\"w\":500,\"sw\":500,\"scrolls\":false},{\"w\":500,\"sw\":500,\"scrolls\":false}]}"

"filter=classified"

✓ Done

"{\"shownCaption\":\"Shown item totals — 1 of 1 items\",\"shownTotals\":[\"m2|unverified|0.1|0.1|0|1\"],\"itemRows\":[]}"

✓ Screenshot saved to proof/growth/2026-09-14-qs-report/screens/tablet-04-filter-classified.png

"filter=unassigned"

✓ Done

"{\"shownCaption\":\"Shown item totals — 0 of 1 items\",\"branchDisabled\":true,\"branchValue\":\"\",\"itemRows\":[]}"

✓ Screenshot saved to proof/growth/2026-09-14-qs-report/screens/tablet-05-filter-unassigned.png

"filter=all"

✓ Done

"branch=Walls subtree"

✓ Done

"{\"shownCaption\":\"Shown item totals — 0 of 1 items\",\"shownTotals\":[],\"itemRows\":[]}"

✓ Screenshot saved to proof/growth/2026-09-14-qs-report/screens/tablet-06-subtree-walls.png

"tagged download button; disabled=true"
✗ Command 49: Failed to read: A connection attempt failed because the connected party did not properly respond after a period of time, or established connection failed because connected host has failed to respond. (os error 10060)
