true

"Runtime event monitor installed"

✓ Console log cleared

null

✓ Done

true

null

✓ Done

true

null

true

null

true

✓ Screenshot saved to screenshots/growth/development-body-arm-architect-middle-door-prompt.png

null

true

{
  "blocked": "true",
  "blockedFrames": 12,
  "done": true,
  "end": [
    5.711986370158707,
    1.6500000059604645,
    2.9987331081081092
  ],
  "feetEnd": [
    5.711986370158707,
    5.9604645663569045e-9,
    2.9987331081081092
  ],
  "feetStart": "4.68918918918919,5.9604645663569045e-9,2.9987331081081092",
  "frames": 68,
  "passed": true,
  "start": [
    4.68918918918919,
    1.6500000059604645,
    2.9987331081081092
  ]
}

true

✓ Screenshot saved to screenshots/growth/development-body-arm-architect-middle-door-closed-block.png

null

true

true

{
  "anchor": "camera-body",
  "animation": "grab.R",
  "handProjection": [
    0.48459902694712725,
    -0.3741665572841687,
    0.7984426433813782
  ],
  "progress": "0.56"
}

✓ Screenshot saved to screenshots/growth/development-body-arm-architect-middle-door-reach.png

true

{
  "cameraPosition": "5.711986370158707,1.6500000059604645,2.9987331081081092",
  "engine": "three.js r185",
  "frameCount": "2821",
  "meshCount": "115",
  "navigation": "walk",
  "navigationBlocked": "false",
  "navigationCapture": "drag",
  "navigationDirection": "1,0,-2.220446049250313e-16",
  "navigationPitch": "0",
  "navigationSpeed": "0",
  "navigationTransition": "idle",
  "navigationTransitionProgress": "1",
  "navigationYaw": "-1.5707963267948963",
  "projectRevision": "3",
  "selected": "",
  "walkArmAnchor": "camera-body",
  "walkArmAnimation": "grab.R",
  "walkArmAsset": "ready",
  "walkArmHandProjection": "0.86872298803846,-2.1615887043093567,0.642911233575937",
  "walkArmProgress": "1",
  "walkArmVisible": "false",
  "walkDoor": "9a4b9c47-b85d-4052-bde8-73b067c0eeec",
  "walkDoorBusy": "false",
  "walkDoorOpen": "true",
  "walkDoorProgress": "1",
  "walkDoors": "[{\"id\":\"831d23de-d9d9-41e5-9a8a-bb2d6e673d2b\",\"open\":false,\"progress\":0},{\"id\":\"9a4b9c47-b85d-4052-bde8-73b067c0eeec\",\"open\":true,\"progress\":1}]",
  "walkFeet": "5.711986370158707,5.9604645663569045e-9,2.9987331081081092"
}

✓ Screenshot saved to screenshots/growth/development-body-arm-architect-middle-door-open.png

null

true

{
  "blocked": "false",
  "blockedFrames": 0,
  "done": true,
  "end": [
    6.521282440861222,
    1.6500000059604645,
    2.9987331081081092
  ],
  "feetEnd": [
    6.521282440861222,
    5.9604645663569045e-9,
    2.9987331081081092
  ],
  "feetStart": "5.711986370158707,5.9604645663569045e-9,2.9987331081081092",
  "frames": 38,
  "passed": true,
  "start": [
    5.711986370158707,
    1.6500000059604645,
    2.9987331081081092
  ]
}

true

✓ Screenshot saved to screenshots/growth/development-body-arm-architect-middle-door-through.png

null

true

null

✓ Done

true

null

✓ Done

true

null

true

null

true

✓ Done

true

true

{
  "anchor": "camera-body",
  "animation": "grab.R",
  "handProjection": [
    0.4890097947241264,
    -0.36722213769536055,
    0.7982176410552729
  ],
  "progress": "0.506"
}

✓ Screenshot saved to screenshots/growth/development-body-arm-architect-middle-door-button-reach.png

true

null

true

{
  "blocked": "false",
  "blockedFrames": 0,
  "done": true,
  "end": [
    6.504318501558199,
    1.6500000059604645,
    2.9987331081081092
  ],
  "feetEnd": [
    6.504318501558199,
    5.9604645663569045e-9,
    2.9987331081081092
  ],
  "feetStart": "4.68918918918919,5.9604645663569045e-9,2.9987331081081092",
  "frames": 72,
  "passed": true,
  "start": [
    4.68918918918919,
    1.6500000059604645,
    2.9987331081081092
  ]
}

true

✓ Screenshot saved to screenshots/growth/development-body-arm-architect-middle-door-button-through.png

null

null

✓ Done

true

null

✓ Done

true

null

true

null

null

true

{
  "blocked": "true",
  "blockedFrames": 12,
  "done": true,
  "end": [
    3.0000000000000018,
    1.65,
    0.3981748925441591
  ],
  "feetEnd": [
    3.0000000000000018,
    -7.960203880059101e-18,
    0.3981748925441591
  ],
  "feetStart": "3.0000000000000018,5.9604645663569045e-9,1.0933277027027033",
  "frames": 46,
  "passed": true,
  "start": [
    3.0000000000000018,
    1.6500000059604645,
    1.0933277027027033
  ]
}

true

✓ Screenshot saved to screenshots/growth/development-body-arm-architect-middle-window-block.png

null

✓ Done

true

null

✓ Done

true

null

true

null

null

true

{
  "blocked": "true",
  "blockedFrames": 12,
  "done": true,
  "end": [
    0.39858370640926255,
    1.6499999999999997,
    2.9987331081081092
  ],
  "feetEnd": [
    0.39858370640926255,
    -1.8361944354828663e-16,
    2.9987331081081092
  ],
  "feetStart": "1.0000000000000009,5.9604645663569045e-9,2.9987331081081092",
  "frames": 50,
  "passed": true,
  "start": [
    1.0000000000000009,
    1.6500000059604645,
    2.9987331081081092
  ]
}

true

✓ Screenshot saved to screenshots/growth/development-body-arm-architect-middle-wall-block.png

null

3594

true

null

✓ Done

true

null

✓ Done

true

{
  "after": [
    0.39710338750645713,
    1.7442322772343846,
    2.9987331081081083
  ],
  "before": [
    0.39710338750645713,
    1.7442322772343846,
    2.9987331081081083
  ],
  "distance": 0,
  "text": "This walking start has no clear, supported landing. Choose another start."
}

✓ Screenshot saved to screenshots/growth/development-body-arm-architect-middle-invalid-start.png

null

✓ Done

true

[
  0.39710338750645713,
  1.7442322772343846,
  2.9987331081081083
]

3597

true

null

true

{
  "blocked": "false",
  "blockedFrames": 0,
  "done": true,
  "end": [
    1.2485334466269724,
    1.8963203877210617,
    -1.074524006181942
  ],
  "feetEnd": [
    0
  ],
  "frames": 162,
  "passed": true,
  "start": [
    12.636000043153762,
    1.8963203877210617,
    13.19550004899502
  ]
}

true

✓ Screenshot saved to screenshots/growth/development-body-arm-architect-middle-fly-through-building.png

{
  "cameraPosition": "0.847336019294429,1.8963203877210617,-1.5772782307832847",
  "engine": "three.js r185",
  "frameCount": "3821",
  "meshCount": "115",
  "navigation": "fly",
  "navigationBlocked": "false",
  "navigationCapture": "drag",
  "navigationDirection": "-0.6237409522027134,0,-0.7816311307421505",
  "navigationPitch": "0",
  "navigationSpeed": "0.0007302746578496862",
  "navigationTransition": "idle",
  "navigationTransitionProgress": "1",
  "navigationYaw": "0.673519700278395",
  "projectRevision": "3",
  "selected": "",
  "walkArmAnchor": "camera-body",
  "walkArmAnimation": "grab.R",
  "walkArmAsset": "ready",
  "walkArmHandProjection": "0.86872298803846,-2.1615887043093567,0.642911233575937",
  "walkArmProgress": "1",
  "walkArmVisible": "false",
  "walkDoor": "",
  "walkDoorBusy": "false",
  "walkDoorOpen": "false",
  "walkDoorProgress": "",
  "walkDoors": "[{\"id\":\"831d23de-d9d9-41e5-9a8a-bb2d6e673d2b\",\"open\":false,\"progress\":0},{\"id\":\"9a4b9c47-b85d-4052-bde8-73b067c0eeec\",\"open\":false,\"progress\":0}]"
}

null

true

{
  "door-button-through": {
    "blocked": "false",
    "blockedFrames": 0,
    "done": true,
    "end": [
      6.504318501558199,
      1.6500000059604645,
      2.9987331081081092
    ],
    "feetEnd": [
      6.504318501558199,
      5.9604645663569045e-9,
      2.9987331081081092
    ],
    "feetStart": "4.68918918918919,5.9604645663569045e-9,2.9987331081081092",
    "frames": 72,
    "passed": true,
    "start": [
      4.68918918918919,
      1.6500000059604645,
      2.9987331081081092
    ]
  },
  "door-closed": {
    "blocked": "true",
    "blockedFrames": 12,
    "done": true,
    "end": [
      5.711986370158707,
      1.6500000059604645,
      2.9987331081081092
    ],
    "feetEnd": [
      5.711986370158707,
      5.9604645663569045e-9,
      2.9987331081081092
    ],
    "feetStart": "4.68918918918919,5.9604645663569045e-9,2.9987331081081092",
    "frames": 68,
    "passed": true,
    "start": [
      4.68918918918919,
      1.6500000059604645,
      2.9987331081081092
    ]
  },
  "door-through": {
    "blocked": "false",
    "blockedFrames": 0,
    "done": true,
    "end": [
      6.521282440861222,
      1.6500000059604645,
      2.9987331081081092
    ],
    "feetEnd": [
      6.521282440861222,
      5.9604645663569045e-9,
      2.9987331081081092
    ],
    "feetStart": "5.711986370158707,5.9604645663569045e-9,2.9987331081081092",
    "frames": 38,
    "passed": true,
    "start": [
      5.711986370158707,
      1.6500000059604645,
      2.9987331081081092
    ]
  },
  "fly-through-building": {
    "blocked": "false",
    "blockedFrames": 0,
    "done": true,
    "end": [
      1.2485334466269724,
      1.8963203877210617,
      -1.074524006181942
    ],
    "feetEnd": [
      0
    ],
    "frames": 162,
    "passed": true,
    "start": [
      12.636000043153762,
      1.8963203877210617,
      13.19550004899502
    ]
  },
  "wall-block": {
    "blocked": "true",
    "blockedFrames": 12,
    "done": true,
    "end": [
      0.39858370640926255,
      1.6499999999999997,
      2.9987331081081092
    ],
    "feetEnd": [
      0.39858370640926255,
      -1.8361944354828663e-16,
      2.9987331081081092
    ],
    "feetStart": "1.0000000000000009,5.9604645663569045e-9,2.9987331081081092",
    "frames": 50,
    "passed": true,
    "start": [
      1.0000000000000009,
      1.6500000059604645,
      2.9987331081081092
    ]
  },
  "window-block": {
    "blocked": "true",
    "blockedFrames": 12,
    "done": true,
    "end": [
      3.0000000000000018,
      1.65,
      0.3981748925441591
    ],
    "feetEnd": [
      3.0000000000000018,
      -7.960203880059101e-18,
      0.3981748925441591
    ],
    "feetStart": "3.0000000000000018,5.9604645663569045e-9,1.0933277027027033",
    "frames": 46,
    "passed": true,
    "start": [
      3.0000000000000018,
      1.6500000059604645,
      1.0933277027027033
    ]
  }
}

✓ Screenshot saved to screenshots/growth/development-body-arm-architect-middle-fly-escape.png

"{\"runtimeErrors\":[],\"runs\":{\"door-closed\":{\"start\":[4.68918918918919,1.6500000059604645,2.9987331081081092],\"feetStart\":\"4.68918918918919,5.9604645663569045e-9,2.9987331081081092\",\"frames\":68,\"done\":true,\"passed\":true,\"end\":[5.711986370158707,1.6500000059604645,2.9987331081081092],\"feetEnd\":[5.711986370158707,5.9604645663569045e-9,2.9987331081081092],\"blocked\":\"true\",\"blockedFrames\":12},\"door-through\":{\"start\":[5.711986370158707,1.6500000059604645,2.9987331081081092],\"feetStart\":\"5.711986370158707,5.9604645663569045e-9,2.9987331081081092\",\"frames\":38,\"done\":true,\"passed\":true,\"end\":[6.521282440861222,1.6500000059604645,2.9987331081081092],\"feetEnd\":[6.521282440861222,5.9604645663569045e-9,2.9987331081081092],\"blocked\":\"false\",\"blockedFrames\":0},\"door-button-through\":{\"start\":[4.68918918918919,1.6500000059604645,2.9987331081081092],\"feetStart\":\"4.68918918918919,5.9604645663569045e-9,2.9987331081081092\",\"frames\":72,\"done\":true,\"passed\":true,\"end\":[6.504318501558199,1.6500000059604645,2.9987331081081092],\"feetEnd\":[6.504318501558199,5.9604645663569045e-9,2.9987331081081092],\"blocked\":\"false\",\"blockedFrames\":0},\"window-block\":{\"start\":[3.0000000000000018,1.6500000059604645,1.0933277027027033],\"feetStart\":\"3.0000000000000018,5.9604645663569045e-9,1.0933277027027033\",\"frames\":46,\"done\":true,\"passed\":true,\"end\":[3.0000000000000018,1.65,0.3981748925441591],\"feetEnd\":[3.0000000000000018,-7.960203880059101e-18,0.3981748925441591],\"blocked\":\"true\",\"blockedFrames\":12},\"wall-block\":{\"start\":[1.0000000000000009,1.6500000059604645,2.9987331081081092],\"feetStart\":\"1.0000000000000009,5.9604645663569045e-9,2.9987331081081092\",\"frames\":50,\"done\":true,\"passed\":true,\"end\":[0.39858370640926255,1.6499999999999997,2.9987331081081092],\"feetEnd\":[0.39858370640926255,-1.8361944354828663e-16,2.9987331081081092],\"blocked\":\"true\",\"blockedFrames\":12},\"fly-through-building\":{\"start\":[12.636000043153762,1.8963203877210617,13.195500048995019],\"frames\":162,\"done\":true,\"passed\":true,\"end\":[1.2485334466269724,1.8963203877210617,-1.0745240061819419],\"feetEnd\":[0],\"blocked\":\"false\",\"blockedFrames\":0}},\"dataset\":{\"engine\":\"three.js r185\",\"walkArmAsset\":\"ready\",\"walkArmVisible\":\"false\",\"navigationCapture\":\"none\",\"navigationBlocked\":\"false\",\"navigationTransition\":\"idle\",\"navigation\":\"orbit\",\"projectRevision\":\"3\",\"meshCount\":\"115\",\"selected\":\"\",\"cameraPosition\":\"0.8464126837724293,1.9905526649554472,-1.5784352941211441\",\"frameCount\":\"3822\",\"walkArmAnimation\":\"grab.R\",\"walkArmAnchor\":\"camera-body\",\"walkDoor\":\"\",\"walkDoorProgress\":\"\",\"walkDoorBusy\":\"false\",\"walkDoorOpen\":\"false\",\"walkDoors\":\"[{\\\"id\\\":\\\"831d23de-d9d9-41e5-9a8a-bb2d6e673d2b\\\",\\\"open\\\":false,\\\"progress\\\":0},{\\\"id\\\":\\\"9a4b9c47-b85d-4052-bde8-73b067c0eeec\\\",\\\"open\\\":false,\\\"progress\\\":0}]\",\"navigationTransitionProgress\":\"1\",\"navigationYaw\":\"0.673519700278395\",\"navigationPitch\":\"0\",\"navigationSpeed\":\"0.0007302746578496862\",\"navigationDirection\":\"-0.6237409522027134,0,-0.7816311307421505\",\"walkArmHandProjection\":\"0.86872298803846,-2.1615887043093567,0.642911233575937\",\"walkArmProgress\":\"1\"}}"


