✓ X-Ray by Looplet
  http://tauri.localhost/

true

{
  "bookmark": "Release drainage detail",
  "books": 2,
  "native": true,
  "retainedJob": "job-b5401e30-1f95-4e50-ae11-6ff6b20b1bd9",
  "sheets": 13
}

✓ Done

true

✓ Screenshot saved to screenshots/growth/walk-boundaries-native-release-retained-sheets.png

✓ Done

true

✓ Done

✓ Done

true

"Prior source page, zoom and centre restored in new executable"

✓ Screenshot saved to screenshots/growth/walk-boundaries-native-release-retained-view.png

✓ Done

true

✓ Done

true

✓ Done

true

✓ Done

true

"Prior backup verified against retained workspace and original bytes"

✓ Screenshot saved to screenshots/growth/walk-boundaries-native-release-retained-backup.png


✓ Done

✓ Done

✓ Done

true

"Drag testing armed"

✓ Done

true

"Selected modelled floor location"

true

✓ Done

true

103

true

"Look direction set through drag input"

true

✓ Screenshot saved to screenshots/growth/walk-boundaries-native-release-slide-before.png

"Movement pressed"

true

"Movement released"

{
  "closedDoorStopped": [
    -0.03222843239017435,
    0.014999999664723871,
    3.0486975125811298
  ]
}

✓ Screenshot saved to screenshots/growth/walk-boundaries-native-release-closed-door-block.png

{
  "doorSafety": "Step back requested"
}

"Movement pressed"

true

"Movement released"

true

"Interaction pressed"

true

✓ Screenshot saved to screenshots/growth/walk-boundaries-native-release-reach.png

true

✓ Screenshot saved to screenshots/growth/walk-boundaries-native-release-slide-open.png

✓ Done

true

"Door pose retained in Wireframe"

✓ Screenshot saved to screenshots/growth/walk-boundaries-native-release-open-wireframe.png

✓ Done

✓ Done

"Door pose retained with roof hidden"

✓ Done

"Movement pressed"

true

"Movement released"

true

{
  "doorPassed": [
    -0.03222843239017448,
    -0.07000000029802322,
    4.218693152734815
  ],
  "eye": [
    -0.03222843239017448,
    1.579999999701977,
    4.218693152734815
  ]
}

✓ Screenshot saved to screenshots/growth/walk-boundaries-native-release-terrace-stepdown.png

"Look direction set through drag input"

true

✓ Done

true

✓ Screenshot saved to screenshots/growth/walk-boundaries-native-release-closed-from-terrace.png

"Movement pressed"

true

"Movement released"

{
  "outsideClosedStop": [
    -0.03222843239017476,
    -0.07000000029802322,
    3.608289199359029
  ]
}

"Movement pressed"

true

"Movement released"

true

✓ Done

true

"Movement pressed"

true

"Movement released"

true

{
  "stepup": [
    -0.03222843239017534,
    0.014999999664723871,
    2.438651319765786
  ]
}

✓ Screenshot saved to screenshots/growth/walk-boundaries-native-release-threshold-return.png

"Interaction pressed"

✓ Done

true

"Selected modelled floor location"

✗ Wait timed out after 25000ms
