✓ Done

true

{
  "content": [
    {
      "text": "Open the model preview or its matching source before using drawing playback.",
      "type": "text"
    }
  ],
  "isError": true
}

- banner
  - StaticText "XR"
  - StaticText "X-RAY BY LOOPLET"
  - LabelText
    - StaticText "No plans open"
    - combobox "Current plan" [expanded=false, disabled, ref=e10]: Open a plan to begin
      - MenuListPopup
        - option "Open a plan to begin" [disabled, ref=e33]
  - navigation "Panes" [ref=e1]
    - button "Overview" [ref=e11]
    - button "Sheets" [ref=e12]
    - button "Measure" [ref=e13]
    - button "Sketch" [ref=e14]
    - button "Components" [ref=e15]
    - button "Model" [ref=e16]
    - button "Render" [ref=e17]
    - button "Review" [ref=e18]
    - button "Cost" [ref=e19]
    - button "Proof" [ref=e20]
  - StaticText "More workbench modes are available by scrolling horizontally."
  - button "Backups" [ref=e2]
  - button "Settings" [ref=e3]
  - button "Log in" [ref=e4]
    - StaticText "Log in"
- StaticText "MODEL · source-linked architectural reconstruction"
- generic
  - navigation "Source sheets and models" [ref=e21]
    - heading "MODELS" [level=2, ref=e22]
    - button "Redburn BR250157" [ref=e23]
    - button "Crown Wharf A4 tower" [ref=e24]
    - button "Caroline" [ref=e25]
    - button "Ruffles sample" [ref=e26]
    - heading "SHEETS 1" [level=2, ref=e27]
      - StaticText "SHEETS"
      - StaticText "1"
    - paragraph
      - StaticText "Open a source PDF"
  - generic
    - StaticText "SOURCE RECONSTRUCTION / "
    - StaticText "REDBURN BR250157"
    - heading "Explore Redburn BR250157" [level=1, ref=e28]
    - combobox "Prepared building" [expanded=false, ref=e29]: Redburn BR250157
      - MenuListPopup
        - option "Redburn BR250157" [selected, ref=e36]
        - option "Crown Wharf A4 tower" [ref=e37]
        - option "Caroline" [ref=e38]
        - option "Ruffles sample" [ref=e39]
    - StaticText "Curated from your architectural plans"
    - generic
      - image "Original Redburn BR250157 drawing"
      - generic
        - LabelText
          - StaticText "Prepared reconstruction"
          - combobox "Prepared reconstruction" [expanded=false, ref=e47]: Redburn BR250157
            - MenuListPopup
              - option "Redburn BR250157" [selected, ref=e48]
              - option "Crown Wharf A4 tower" [ref=e49]
              - option "Caroline" [ref=e50]
              - option "Ruffles sample" [ref=e51]
        - StaticText "ONE REAL PLAN. ITS OWN BUILDING."
        - heading "A real home, traced from its source" [level=2, ref=e44]
        - paragraph
          - StaticText "Open the 13-sheet Redburn BR250157 PDF to explore its documented walls, openings, roof and rooms."
        - button "Open Redburn BR250157 plan in 3D" [ref=e45]
        - button "Explore & Draw 3D Model" [ref=e46]
  - complementary "Building source evidence"
    - StaticText "DRAWING EVIDENCE"
    - heading "Every part has a source" [level=2, ref=e30]
    - paragraph
      - StaticText "Select geometry to inspect the original sheet."
    - link "Open original source page 1" [ref=e31]
      - image "Cover perspective, original page 1"
    - generic
      - StaticText "Page 1"
    - StaticText "Cover perspective"
    - StaticText "Curated reconstruction"
    - paragraph
      - StaticText "Redburn BR250157 / Preliminary Council"
      - LineBreak "\n"
      - StaticText "Integrity New Homes"
      - LineBreak "\n"
      - LineBreak "\n"
      - StaticText "Adaptation: source drawings reconstructed in 3D."
    - paragraph
      - StaticText "Preliminary, approximate geometry. Not for construction or verified quantities.The disclosed floor layouts are reconstructed; source assumptions remain explicit."
    - group
      - DisclosureTriangle "Source and assumptions" [expanded=false]
        - StaticText "Source and assumptions"
  - sectionfooter "Workspace diagnostics"
    - generic [ref=e32] clickable [onclick]
      - separator "Resize bottom panel" [ref=e34] focusable [tabindex]: 22
      - tablist "Workspace diagnostic views"
        - tab "Logs 12" [ref=e40]
          - StaticText "Logs"
          - StaticText "12"
        - tab "Console 1" [ref=e41]
          - StaticText "Console"
          - StaticText "1"
        - tab "Errors 0" [ref=e42]
          - StaticText "Errors"
          - StaticText "0"
        - tab "Status" [selected, ref=e43]
      - StaticText "Development"
      - button "Expand workspace diagnostics" [expanded=false, ref=e35]
- complementary "Live assistant"
  - button "Live assistant Drawing tools" [expanded=false, ref=e5]
    - strong
      - StaticText "Live assistant"
    - StaticText "Drawing tools"
- generic
  - separator "Resize left menu" [ref=e6] focusable [tabindex]: 260
  - button "Collapse left menu" [expanded=true, ref=e7]
- generic
  - separator "Resize right menu" [ref=e8] focusable [tabindex]: 400
  - button "Collapse right menu" [expanded=true, ref=e9]
