✓ Done

✓ Download history
  chrome://downloads/

{
  "items": [
    {
      "links": [
        {
          "href": "blob:http://127.0.0.1:8080/6be920df-70f5-4cd0-a870-ebfa41aeb52b",
          "text": "33559a28-fb40-4115-979b-5dd67ab683e3"
        }
      ]
    },
    {
      "links": [
        {
          "href": "blob:http://127.0.0.1:8080/08264a78-4791-45eb-bea7-346b651fb395",
          "text": "6c675c56-cdb0-4759-896e-aa0f5a083473"
        }
      ]
    },
    {
      "links": [
        {
          "href": "blob:http://127.0.0.1:8080/18487abf-ea9b-4285-b23b-900c25ce7233",
          "text": "34fc6b36-8cac-4278-a4b2-4e82ed37d39f"
        }
      ]
    },
    {
      "links": [
        {
          "href": "blob:http://127.0.0.1:8080/3fe77299-b9de-4047-8cd7-99fe5e328746",
          "text": "67e9162c-b8ef-46ab-83e5-364107419fef"
        }
      ]
    },
    {
      "links": [
        {
          "href": "blob:http://127.0.0.1:8080/e5885b8d-e185-4de6-9084-13647cdf5822",
          "text": "870ddac5-9e7b-46a3-9de2-7bea8e00b792"
        }
      ]
    }
  ],
  "text": "<!----><!--_html_template_start_-->\n<downloads-toolbar id=\"toolbar\" role=\"none\">\n</downloads-toolbar>\n<div id=\"mainContainer\" class=\"cr-scrollable\">\n  <div class=\"cr-scrollable-top-shadow\"></div>\n  <managed-footnote managed-by-icon_=\"\"></managed-footnote>\n  <cr-infinite-list id=\"downloadsList\" role=\"grid\" aria-rowcount=\"5\">\n  <!----><cr-lazy-list id=\"list\" chunk-size=\"0\" style=\"--chunk-size: 0;\">\n        <!----><!---->\n  \n        <downloads-item tabindex=\"0\" aria-rowindex=\"1\" id=\"frb0\" role=\"row\" class=\"no-outline\">\n  \n  \n        </downloads-item><!----><!---->\n  \n        <downloads-item tabindex=\"-1\" aria-rowindex=\"2\" id=\"frb1\" role=\"row\" class=\"no-outline\">\n  \n  \n        </downloads-item><!----><!---->\n  \n        <downloads-item tabindex=\"-1\" aria-rowindex=\"3\" id=\"frb2\" role=\"row\" class=\"no-outline\">\n  \n  \n        </downloads-item><!----><!---->\n  \n        <downloads-item tabindex=\"-1\" aria-rowindex=\"4\" id=\"frb3\" role=\"row\" class=\"no-outline\">\n  \n  \n        </downloads-item><!----><!---->\n  \n        <downloads-item tabindex=\"-1\" aria-rowindex=\"5\" id=\"frb4\" role=\"row\" class=\"no-outline\">\n  \n  \n        </downloads-item><!----></cr-lazy-list></cr-infinite-list>\n  <div id=\"no-downloa"
}
