{
  "activeIsHandle": true,
  "expectedBottom": 1354,
  "handle": true,
  "handleTag": "BUTTON",
  "inner": [
    2560,
    1370
  ],
  "panelOpen": true,
  "rect": {
    "bottom": 1354,
    "h": 452,
    "left": 2184,
    "right": 2544,
    "top": 902,
    "w": 360
  },
  "stored": null
}

✓ Done

{
  "active": "Move live assistant",
  "activeIsHandle": true
}

✓ Done

{
  "afterHome": {
    "bottom": 1354,
    "expectedBottom": 1354,
    "left": 2184
  },
  "stored": null
}

✓ Screenshot saved to screenshots/growth/2026-09-09-az3-release/native-assistant-probe-after-home.png
