"no dialog"

✓ Done

true

{
  "active": 12,
  "names": [
    "UngroupedSheet 1Original",
    "Sheet 2Original page 2Vi",
    "ArchitectureLevel 1 plan",
    "UngroupedSheet 4Original",
    "Sheet 5Original page 5Vi",
    "Sheet 6Original page 6Vi",
    "Sheet 7Original page 7Vi",
    "Sheet 8Original page 8Vi",
    "Sheet 9Original page 9Vi",
    "Sheet 10Original page 10",
    "Sheet 11Original page 11",
    "Sheet 13Original page 13"
  ]
}

✓ Screenshot saved to screenshots/growth/2026-09-09-az5-release/native-workbench-desktop-02-after-assistant.png

{
  "backups": 1,
  "found": {
    "jobId": "job-3244d346-dc0b-448a-8450-d3003cbb28ba",
    "jobRevision": 3,
    "name": "Assistant checkpoint",
    "plans": 1,
    "sha256": "3bc26f3cd6e04ee4ef70cea0e589466a45379c3b5219f9743f7457150c715c96",
    "sizeBytes": 9357071
  }
}

✓ Done

true

✓ Screenshot saved to screenshots/growth/2026-09-09-az5-release/native-workbench-desktop-03-backups.png

✓ Done

