✓ Done

✓ X-Ray by Looplet
  http://127.0.0.1:8080/

true

"seeded Ground floor plan rev C.pdf activeDocumentId=doc-ground-floor sha=c0ffeec0"

true

"no result"

true

✓ Screenshot saved to proof/growth/2026-09-16-industry-source-binding/screenshots/roof-01-unbound-calculated.png

"bind requested"

true

true

✓ Screenshot saved to proof/growth/2026-09-16-industry-source-binding/screenshots/roof-02-bound-traced.png

"{\"schema\":\"xray.industry-source-binding/1\",\"projectId\":\"job-28398f29-e8e9-4d8c-aed6-efa533308b49\",\"sourceRevisionId\":\"doc-ground-floor\",\"sha256\":\"c0ffeec0ffeec0ffeec0ffeec0ffeec0ffeec0ffeec0ffeec0ffeec0ffeeabcd\",\"sourceName\":\"Ground floor plan rev C.pdf\",\"locator\":{\"kind\":\"page\",\"pageIndex\":1},\"calibrationId\":\"cal:0:manual:0.0125:cand-manual-1\",\"units\":\"m\",\"evidenceClass\":\"traced\",\"reference\":\"North plane traced on plan sheet A-201\",\"boundAt\":\"2026-09-16T04:54:46.276Z\"}"

http://127.0.0.1:8080/

true

✗ Evaluation error: Error: No industry workbench
    at openWorkbench (<anonymous>:11:102)
    at <anonymous>:14:1
    at <anonymous>:16:47
