✓ X-Ray by Looplet
  http://127.0.0.1:8096/

✓ Done

true

"Legacy position seeded in isolated test session"

http://127.0.0.1:8096/

true

✓ Done

true

{
  "header": "linear-gradient(145deg, rgb(255, 255, 255), rgb(226, 230, 235))",
  "right": 1424,
  "top": 432
}

✓ Screenshot saved to screenshots/growth/2026-09-09-az4-release/assistant-hardened-production-desktop.png

✓ Done

✓ Done

✓ Done

✓ Done

http://127.0.0.1:8096/

true

"Saved v2 position retained"

✓ Done

true

✓ Screenshot saved to screenshots/growth/2026-09-09-az4-release/assistant-hardened-production-guardrails.png

✓ Done

✓ Done

✓ Done

true

"Selected evidence workflow"

true

"Evidence workflow ready for user review"

✓ Done

✓ Done

✓ Done

"Tablet bounds and touch targets pass"

✓ Screenshot saved to screenshots/growth/2026-09-09-az4-release/assistant-hardened-production-tablet.png


