[agent-browser] launched browser
✓ X-Ray by Looplet
  http://127.0.0.1:8096/

http://127.0.0.1:8096/

true

✓ Done

{
  "innerHeight": 900,
  "innerWidth": 1440,
  "panelOpen": false,
  "saved": null
}

"Open panel"

{
  "found": true,
  "innerHeight": 900,
  "innerWidth": 1440,
  "moveHandle": true,
  "rect": {
    "b": 606,
    "h": 452,
    "l": 882,
    "r": 1242,
    "t": 154,
    "w": 360
  },
  "style": "left: 882px; top: 154px; width: 360px;"
}

✓ Done

✓ Done

{
  "active": "Move live assistant",
  "after": "Home",
  "bottomGap": 16,
  "innerHeight": 900,
  "innerWidth": 1440,
  "rect": {
    "b": 884,
    "h": 452,
    "l": 1064,
    "r": 1424,
    "t": 432,
    "w": 360
  },
  "saved": null,
  "style": "left: 1064px; top: 432px; width: 360px;"
}

{
  "after": "300ms",
  "bottomGap": 16,
  "innerHeight": 900,
  "innerWidth": 1440,
  "rect": {
    "b": 884,
    "l": 1064,
    "r": 1424,
    "t": 432
  }
}

✓ Screenshot saved to screenshots/growth/2026-09-09-az3-release/production-assistant-diag-placement.png
