null

✓ Done

true

null

✓ Done

true

null

true

null

true

✓ Screenshot saved to screenshots/growth/walk-boundaries-architect-door-prompt-attempt1.png

null

true

{
  "blocked": "true",
  "blockedFrames": 12,
  "done": true,
  "end": [
    5.7114018023696955,
    1.6500000059604645,
    2.9901641187050356
  ],
  "feetEnd": [
    5.7114018023696955,
    5.9604645663569045e-9,
    2.9901641187050356
  ],
  "feetStart": "4.676258992805751,5.9604645663569045e-9,2.9901641187050356",
  "frames": 62,
  "passed": true,
  "start": [
    4.676258992805751,
    1.6500000059604645,
    2.9901641187050356
  ]
}

true

✓ Screenshot saved to screenshots/growth/walk-boundaries-architect-door-closed-block-attempt1.png

null

true

✓ Screenshot saved to screenshots/growth/walk-boundaries-architect-door-reach-attempt1.png

true

{
  "cameraPosition": "5.7114018023696955,1.6500000059604645,2.9901641187050356",
  "engine": "three.js r185",
  "frameCount": "235",
  "meshCount": "123",
  "navigation": "walk",
  "navigationBlocked": "false",
  "navigationCapture": "drag",
  "navigationDirection": "1,0,-2.220446049250313e-16",
  "navigationPitch": "0",
  "navigationSpeed": "0",
  "navigationTransition": "idle",
  "navigationTransitionProgress": "1",
  "navigationYaw": "-1.5707963267948963",
  "projectRevision": "2",
  "selected": "",
  "walkDoor": "29545f73-edea-4abd-a7ae-464e1d89d21c",
  "walkDoorBusy": "false",
  "walkDoorOpen": "true",
  "walkDoorProgress": "1",
  "walkFeet": "5.7114018023696955,5.9604645663569045e-9,2.9901641187050356"
}

✓ Screenshot saved to screenshots/growth/walk-boundaries-architect-door-open-attempt1.png

null

true

{
  "blocked": "false",
  "blockedFrames": 0,
  "done": true,
  "end": [
    6.520882381272168,
    1.6500000059604645,
    2.9901641187050356
  ],
  "feetEnd": [
    6.520882381272168,
    5.9604645663569045e-9,
    2.9901641187050356
  ],
  "feetStart": "5.7114018023696955,5.9604645663569045e-9,2.9901641187050356",
  "frames": 38,
  "passed": true,
  "start": [
    5.7114018023696955,
    1.6500000059604645,
    2.9901641187050356
  ]
}

true

✓ Screenshot saved to screenshots/growth/walk-boundaries-architect-door-through-attempt1.png

null

true

✗ 
✗ 
✗ 

[warning] THREE.WebGLShadowMap: PCFSoftShadowMap has been deprecated. Using PCFShadowMap instead.
