[
  "is-user :: YouExport the current architectural design as DXF and as IFC, and give me the sha256 and byte length of each file.",
  "is-tool :: read_project_contextRunning read_project_context…Running read_project_context…",
  "is-tool :: read_project_contextTool result{\"projectId\":\"job-3244d346-dc0b-448a-8450-d3003cbb28ba\",\"projectName\":\"Other window revision\",\"projectRevision\":3,\"pane\":\"sketch\",\"sourcePage\":1,\"documents\":[{\"id\":\"doc-sample\",\"name\":\"No source plan\",\"kind\":\"pdf\",\"pageCount\":1,\"",
  "is-tool :: read_architect_designRunning read_architect_design…Running read_architect_design…",
  "is-tool :: read_architect_designTool result{\"project\":{\"schema\":\"xray.architect/v1\",\"id\":\"job-3244d346-dc0b-448a-8450-d3003cbb28ba\",\"revision\":4,\"name\":\"Unlock test\",\"address\":\"\",\"designRevision\":\"A\",\"units\":\"mm\",\"levels\":[{\"id\":\"d33adc42-36ac-443b-b71e-58399f791e4e\",\"na",
  "is-tool :: export_design_fileRunning export_design_file…Running export_design_file…",
  "is-tool :: export_design_fileTool result{\"levels\":4,\"units\":\"mm\",\"note\":\"AC1027 DXF with the parametric model embedded in comment lines; the same design produces identical bytes.\",\"designName\":\"Unlock test\",\"demonstration\":false,\"projectId\":\"job-3244d346-dc0b-448a-8450-d",
  "is-tool :: export_design_fileRunning export_design_file…Running export_design_file…",
  "is-tool :: export_design_fileTool result{\"schema\":\"IFC4\",\"note\":\"The IFC header carries the export timestamp, so repeated exports of the same design differ in sha256.\",\"designName\":\"Unlock test\",\"demonstration\":false,\"projectId\":\"job-3244d346-dc0b-448a-8450-d3003cbb28ba\"",
  "is-assistant :: AssistantThe architectural design for project `job-3244d346-dc0b-448a-8450-d3003cbb28ba` (Revision 4, \"Unlock test\") has been exported in both DXF and IFC formats: ### 1. DXF Export * **File Name:** `architect-design.dxf` * **Format:** AC1027 DXF * **Byte Leng",
  "is-user :: Youmake me a skillion roof on this",
  "is-tool :: read_workbench_structureRunning read_workbench_structure…Running read_workbench_structure…",
  "is-tool :: read_workbench_structureTool result{\"units\":{\"architecturalDesign\":\"mm\",\"sourceBuilding\":\"m\",\"sourceSheets\":\"PDF page pixels\"},\"panes\":[\"overview\",\"sheets\",\"measure\",\"sketch\",\"components\",\"model\",\"render\",\"review\",\"cost\",\"proof\"],\"architecturalDesign\":{\"schema",
  "is-tool :: read_architect_designRunning read_architect_design…Running read_architect_design…",
  "is-tool :: read_architect_designTool result{\"project\":{\"schema\":\"xray.architect/v1\",\"id\":\"job-3244d346-dc0b-448a-8450-d3003cbb28ba\",\"revision\":4,\"name\":\"Unlock test\",\"address\":\"\",\"designRevision\":\"A\",\"units\":\"mm\",\"levels\":[{\"id\":\"d33adc42-36ac-443b-b71e-58399f791e4e\",\"na",
  "is-assistant :: AssistantThe current project and architectural design were inspected: * **Project:** `job-3244d346-dc0b-448a-8450-d3003cbb28ba` (\"Unlock test\", Revision 4) * **Current Roof:** `Level 3 roof` (ID: `07840282-8000-4dd8-86e7-0c3a6927a86c`), a 4-edge hip roof spann",
  "is-user :: Youyou open you choose. impress me with a demo",
  "is-tool :: read_project_contextRunning read_project_context…Running read_project_context…",
  "is-tool :: read_project_contextTool result{\"projectId\":\"job-3244d346-dc0b-448a-8450-d3003cbb28ba\",\"projectName\":\"Other window revision\",\"projectRevision\":3,\"pane\":\"sketch\",\"sourcePage\":1,\"documents\":[{\"id\":\"doc-sample\",\"name\":\"No source plan\",\"kind\":\"pdf\",\"pageCount\":1,\"",
  "is-tool :: navigate_workspaceRunning navigate_workspace…Running navigate_workspace…",
  "is-tool :: navigate_workspaceTool result{\"projectId\":\"job-3244d346-dc0b-448a-8450-d3003cbb28ba\",\"pane\":\"model\",\"selected\":true,\"note\":\"Pane selected. Read the active design before drawing.\"}",
  "is-tool :: read_draftsman_statusRunning read_draftsman_status…Running read_draftsman_status…",
  "is-tool :: read_draftsman_statusTool result{\"model\":{\"id\":\"redburn\",\"title\":\"Redburn BR250157\",\"meshCount\":198},\"active\":false,\"status\":null}",
  "is-tool :: control_draftsmanRunning control_draftsman…Running control_draftsman…",
  "is-tool :: control_draftsmanTool result{\"model\":{\"id\":\"redburn\",\"title\":\"Redburn BR250157\",\"meshCount\":198},\"active\":true,\"status\":{\"mode\":\"drawing\",\"phase\":\"datum_grid\",\"progress\":0,\"activeElevation\":-1.64,\"activeStoreyLabel\":\"Construction Datum & Grid\",\"activeCategory\"",
  "is-tool :: capture_workspace_imageRunning capture_workspace_image…Running capture_workspace_image…",
  "is-tool :: capture_workspace_imageTool result{\"target\":\"source-building\",\"width\":1536,\"height\":895,\"frame\":168,\"renderedDesignRevision\":null,\"sourceSha256\":\"b57956f76b5dc893ac2b28a021f3f92e345807e326d6b1f8313e373f9145ad38\",\"scope\":\"Rendered 3D canvas pixels only; HTML co",
  "is-tool :: control_draftsmanRunning control_draftsman…Running control_draftsman…",
  "is-tool :: control_draftsmanTool result{\"model\":{\"id\":\"redburn\",\"title\":\"Redburn BR250157\",\"meshCount\":198},\"active\":true,\"status\":{\"mode\":\"complete\",\"phase\":\"complete\",\"progress\":1,\"activeElevation\":8.480000000000002,\"activeStoreyLabel\":\"Fully Rendered\",\"activeCategory\"",
  "is-tool :: capture_workspace_imageRunning capture_workspace_image…Running capture_workspace_image…",
  "is-tool :: capture_workspace_imageTool result{\"target\":\"source-building\",\"width\":1536,\"height\":895,\"frame\":656,\"renderedDesignRevision\":null,\"sourceSha256\":\"b57956f76b5dc893ac2b28a021f3f92e345807e326d6b1f8313e373f9145ad38\",\"scope\":\"Rendered 3D canvas pixels only; HTML co",
  "is-tool :: generate_render_visualisationRunning generate_render_visualisation…Running generate_render_visualisation…",
  "is-tool :: generate_render_visualisationAction failed — inspect detailsRendering is unavailable in this native build; use the web app."
]

{
  "dialogs": [],
  "draft": "you open you choose. impress me with a demo",
  "errors": [
    "Paused after eight assistant steps. Completed actions are retained; send another message to continue."
  ]
}
