✓ Done

✓ X-Ray by Looplet
  http://127.0.0.1:8085/

true

"seeded with Ground floor plan rev C.pdf"

"skin=navy"

true

true

"roofing sheet shown"

true

"roof inputs entered"

true

"roof bind requested"

true

{
  "field": {
    "bg": "rgb(43, 43, 43)",
    "border": "rgb(85, 85, 85)",
    "color": "rgb(242, 242, 242)"
  },
  "note": {
    "bg": "rgba(0, 0, 0, 0)",
    "border": "rgb(185, 185, 185)",
    "color": "rgb(185, 185, 185)"
  },
  "summary": {
    "bg": "rgb(38, 38, 38)",
    "border": "rgb(242, 242, 242)",
    "color": "rgb(242, 242, 242)"
  },
  "workbench": {
    "bg": "rgb(34, 34, 34)",
    "border": "rgb(64, 64, 64)",
    "color": "rgb(242, 242, 242)"
  }
}

{
  "labelled": 13,
  "unnamed": 0
}

{
  "demonstratedOn": "Plane name",
  "fields": 12,
  "reachable": 13,
  "ring": "2px solid rgb(242, 242, 242) offset 2px",
  "rule": ".industry-workbench :is(input, select, button, summary):focus-visible",
  "selects": 1
}

{
  "checked": 49,
  "failures": 0
}

{
  "pageOverflowPx": 0,
  "tableWraps": 2,
  "viewport": "1600x1000"
}

"framed .industry-workbench"

✓ Screenshot saved to proof/growth/2026-09-16-industry-theme/screenshots/desktop-01-navy-bound-workbench.png

✗ Evaluation error: Error: No field labelled: Reference
    at fill (<anonymous>:9:105)
    at <anonymous>:21:1
    at <anonymous>:22:57
