[agent-browser] launched browser
✓ X-Ray by Looplet
  http://127.0.0.1:8091/

✓ Done

true

✓ Done

true

"opened"

true

"confirm auto-accepted"

✓ Done

true

true

{
  "bar": {
    "b": 24,
    "h": 44,
    "l": 0,
    "r": 0
  },
  "light": "assistant-status-light is-off",
  "lightLabel": "Assistant not connected"
}

✓ Screenshot saved to screenshots/growth/2026-09-09-assistant-surface/tablet-render-01-bottom-rail.png

"opened panel"

true

{
  "corners": 4,
  "dock": "Dock into the right menu",
  "footer": true,
  "meterBottomLeft": {
    "belowComposer": true,
    "leftAligned": true,
    "meter": "Context 0%"
  },
  "oldHandle": false,
  "strip": true
}

✓ Screenshot saved to screenshots/growth/2026-09-09-assistant-surface/tablet-render-02-panel-chrome.png

250

0

✓ Done

true

{
  "chips": 8,
  "headings": 5,
  "icons": 3,
  "lists": 4,
  "mind": 1,
  "pills": 4,
  "replies": 10,
  "tools": [
    "Read the project context · Working…",
    "Read the project context · pane sketch · project \"New project\" · revision 1",
    "Read the architectural design · Working…",
    "Read the architectural design · Completed",
    "Read how X-Ray is organised · Working…",
    "Read how X-Ray is organised · Completed"
  ]
}

✓ Screenshot saved to screenshots/growth/2026-09-09-assistant-surface/tablet-render-03-formatted-reply.png

"reply clicked"

true

{
  "draft": "> Modify existing walls: Adjust geometry, endpoints, height, or layer assemblies for the exterior perimeter walls—Wall 1 (eb849f6a-06a9-4cb5-ac00-ef61ab5201a4), Wall 2 (63725da5-3446-41a6-829c-450fadd"
}

"chip clicked"

true

{
  "draft": "> Modify existing walls: Adjust geometry, endpoints, height, or layer assemblies for the exterior perimeter walls—Wall 1 (eb849f6a-06a9-4cb5-ac00-ef61ab5201a4), Wall 2 (63725da5-3446-41a6-829c-450fadd5c506), Wall 3 (ec23729e-73df-4dcb-8fa0-a20235864b88), and Wall 4 (e7beabba-be83-…\n[Reference · wall id eb849f6a-06a9-4cb5-ac00-ef61ab5201a4 on level \"Ground\" (2c2705f1-6be8-4025-b2b6-f80c22744ee5) · "
}

✓ Screenshot saved to screenshots/growth/2026-09-09-assistant-surface/tablet-render-04-reply-and-reference-in-draft.png

✓ Done

true

✓ Screenshot saved to screenshots/growth/2026-09-09-assistant-surface/tablet-render-05-plus-menu.png

✓ Done

true

{
  "current": "New projectOpen now · Sep 9, 2026, 3:05 PMOpenOpen in a tab",
  "newButton": true,
  "rows": 1
}

✓ Screenshot saved to screenshots/growth/2026-09-09-assistant-surface/tablet-render-06-projects-drawer.png

