http://tauri.localhost/

true

✓ Done

true

✓ Done

true

✓ Done

true

"Page 2 calibration unlocked, 0 annotations, 13 calibration records"

✓ Done

✓ Done

true

"Calibration points tapped at 1130,814 and 1290,814"

true

"Manual two-point candidate present, selected=true"

true

✓ Done

true

true

"Page 2 scale locked: 1 unit = 0.03544851465155781 m, coordinateSpace source-page-v1, candidates 1; still 13 calibration records"

✓ Screenshot saved to screenshots/growth/2026-09-09-az3-release/native-sheets-A4-page2-scale-locked.png

✓ Done

true

✓ Done

true

✓ Done

true

"Sketch points tapped on page 2 canvas"

✓ Done

true

"Annotation drawn on page 2: sketch Manual trace 7.638 m, 3 points, source-page-v1, SHA b57956f7; job counts {\"calibrations\":13,\"annotations\":1,\"runs\":0,\"gates\":0}"

✓ Screenshot saved to screenshots/growth/2026-09-09-az3-release/native-sheets-A5-page2-annotation.png

