[agent-browser] launched browser
✓ Done

✓ X-Ray by Looplet
  http://127.0.0.1:8080/

true

"Seeded project and saved QS draft"

true

"quantity surveying worksheet opened"

true

"QS report, warning banner, and hierarchy breakdown verified"

"framed top .qs-report-panel"

✓ Screenshot saved to proof/growth/2026-09-19-sc08-qs-hierarchy/captures/sc08-qs-report-warning-desktop-1600x1000.png

✓ Screenshot saved to screenshots/growth/sc08/sc08-qs-report-warning-desktop-1600x1000.png

"framed .qs-hierarchy-section"

✓ Screenshot saved to proof/growth/2026-09-19-sc08-qs-hierarchy/captures/sc08-qs-report-hierarchy-table-desktop-1600x1000.png

✓ Screenshot saved to screenshots/growth/sc08/sc08-qs-report-hierarchy-table-desktop-1600x1000.png

"Filtered to 01 Substructure"

true

"framed top .qs-report-panel"

✓ Screenshot saved to proof/growth/2026-09-19-sc08-qs-hierarchy/captures/sc08-qs-report-filter-subtree-desktop-1600x1000.png

✓ Screenshot saved to screenshots/growth/sc08/sc08-qs-report-filter-subtree-desktop-1600x1000.png

"Filtered to unassigned items"

true

"framed top .qs-report-panel"

✓ Screenshot saved to proof/growth/2026-09-19-sc08-qs-hierarchy/captures/sc08-qs-report-unassigned-desktop-1600x1000.png

✓ Screenshot saved to screenshots/growth/sc08/sc08-qs-report-unassigned-desktop-1600x1000.png

"Reset to all items"

✓ Done

"framed top .qs-report-panel"

✓ Screenshot saved to proof/growth/2026-09-19-sc08-qs-hierarchy/captures/sc08-qs-report-tablet-1024x768.png

✓ Screenshot saved to screenshots/growth/sc08/sc08-qs-report-tablet-1024x768.png

