⚠ Daemon version mismatch detected, restarting...
[agent-browser] launched browser
✓ Stage 09 — Clear starting plans and an attached arm — X-Ray growth
  file:///C:/Users/danie/repo/xray-by-looplet/proof/growth/2026-09-08-09-walkthrough-polish/summary.html

✓ Done

true

{
  "height": 1720,
  "images": 1,
  "title": "Stage 09 — Clear starting plans and an attached arm — X-Ray growth"
}

✓ Screenshot saved to screenshots/growth/2026-09-08-09-walkthrough-polish.png

✓ Stage 09 — Clear starting plans and an attached arm — X-Ray growth
  file:///C:/Users/danie/repo/xray-by-looplet/proof/growth/2026-09-08-09-walkthrough-polish/index.html

true

{
  "allLoaded": true,
  "embeddedImages": 13,
  "title": "Stage 09 — Clear starting plans and an attached arm — X-Ray growth"
}

