[agent-browser] launched browser
✓ X-Ray by Looplet
  http://127.0.0.1:8091/

✓ Done

true

"mode reset"

✓ Done

true

"opened"

true

"confirm auto-accepted"

✓ Done

true

"opened panel"

true

{
  "mirror": false,
  "radios": [
    "Ask before edits:true",
    "Edit freely:false",
    "Read only:false"
  ],
  "small": 0
}

✓ Screenshot saved to screenshots/growth/2026-09-09-assistant-surface/desktop-perm-01-mode-control.png

90

0

✓ Done

true

"card already shown"

true

{
  "buttons": [
    "Allow once",
    "Allow for this chat",
    "Deny"
  ],
  "receiptsSoFar": 7,
  "text": "The assistant wants to: Draw design elements1 wall · on design revision 2"
}

✓ Screenshot saved to screenshots/growth/2026-09-09-assistant-surface/desktop-perm-02-prompt.png

✓ Done

true

{
  "card": false,
  "revision": 3,
  "rows": [
    "Read the project context · Working…",
    "Read the project context · pane sketch · project \"New project\" · revision 1",
    "Read the architectural design · Working…",
    "Read the architectural design · Completed",
    "Read how X-Ray is organised · Working…",
    "Read how X-Ray is organised · Completed",
    "Drew design elements · Working…",
    "Drew design elements · created 1 element · design revision 3 · saved"
  ],
  "walls": 6
}

✓ Screenshot saved to screenshots/growth/2026-09-09-assistant-surface/desktop-perm-03-allowed-once.png

✓ Done

true

{
  "rows": 8,
  "walls": 6
}

98

1

✓ Done

✗ Wait timed out after 300000ms
