[agent-browser] launched browser
✓ Done

✓ X-Ray by Looplet
  http://127.0.0.1:8080/

true

true

"{\"jobId\":\"job-sc03-proof\",\"seeded\":16065}"

✓ X-Ray by Looplet
  http://127.0.0.1:8080/

true

true

"design"

true

"workspace"

true

"sheets"

true

"at overlay"

"overlay open"

true

"{\"wasChecked\":false,\"nowChecked\":true}"

true

"{\"layerPresent\":true,\"layerLabel\":\"Revision clouds for Rev B\",\"clouds\":[{\"id\":\"wall:w-partition\",\"status\":\"changed\",\"vertices\":159,\"closed\":true,\"minX\":-265,\"maxX\":5465,\"minY\":2072.2727272727275,\"maxY\":3827.7272727272725,\"stroke\":\"#c2410c\",\"fill\":\"none\"},{\"id\":\"wall:w-enclosure\",\"status\":\"removed\",\"vertices\":89,\"closed\":true,\"minX\":4130.833333333334,\"maxX\":4869.166666666666,\"minY\":-413.33333333333337,\"maxY\":2913.3333333333335,\"stroke\":\"#c2410c\",\"fill\":\"none\"},{\"id\":\"opening:op-front\",\"status\":\"changed\",\"vertices\":61,\"closed\":true,\"minX\":450,\"maxX\":2550,\"minY\":-429.375,\"maxY\":429.375,\"stroke\":\"#c2410c\",\"fill\":\"none\"}],\"marks\":[{\"id\":\"mark:wall:w-partition\",\"text\":\"Δ Rev B\",\"x\":-265,\"y\":3665},{\"id\":\"mark:wall:w-enclosure\",\"text\":\"Δ Rev B\",\"x\":4235,\"y\":2765},{\"id\":\"mark:opening:op-front\",\"text\":\"Δ Rev B\",\"x\":450,\"y\":265}],\"note\":\"3 revision clouds mark the changed work on this level. Each encloses the union of an element's earlier and later position, so a relocated wall is clouded where it was as well as where it is.\",\"cloudCountAttr\":\"3\",\"planPaths\":9,\"overflow\":false}"

"framed"

true

✓ Screenshot saved to C:/Users/danie/repo/xray-by-looplet/screenshots/growth/sc03/sc03-revision-clouds-desktop-1600x1000.png

✓ Done

"framed"

true

"{\"layerPresent\":true,\"layerLabel\":\"Revision clouds for Rev B\",\"clouds\":[{\"id\":\"wall:w-partition\",\"status\":\"changed\",\"vertices\":159,\"closed\":true,\"minX\":-265,\"maxX\":5465,\"minY\":2072.2727272727275,\"maxY\":3827.7272727272725,\"stroke\":\"#c2410c\",\"fill\":\"none\"},{\"id\":\"wall:w-enclosure\",\"status\":\"removed\",\"vertices\":89,\"closed\":true,\"minX\":4130.833333333334,\"maxX\":4869.166666666666,\"minY\":-413.33333333333337,\"maxY\":2913.3333333333335,\"stroke\":\"#c2410c\",\"fill\":\"none\"},{\"id\":\"opening:op-front\",\"status\":\"changed\",\"vertices\":61,\"closed\":true,\"minX\":450,\"maxX\":2550,\"minY\":-429.375,\"maxY\":429.375,\"stroke\":\"#c2410c\",\"fill\":\"none\"}],\"marks\":[{\"id\":\"mark:wall:w-partition\",\"text\":\"Δ Rev B\",\"x\":-265,\"y\":3665},{\"id\":\"mark:wall:w-enclosure\",\"text\":\"Δ Rev B\",\"x\":4235,\"y\":2765},{\"id\":\"mark:opening:op-front\",\"text\":\"Δ Rev B\",\"x\":450,\"y\":265}],\"note\":\"3 revision clouds mark the changed work on this level. Each encloses the union of an element's earlier and later position, so a relocated wall is clouded where it was as well as where it is.\",\"cloudCountAttr\":\"3\",\"planPaths\":9,\"overflow\":false}"

✓ Screenshot saved to C:/Users/danie/repo/xray-by-looplet/screenshots/growth/sc03/sc03-revision-clouds-tablet-1024x768.png

✓ Done

"{\"wasChecked\":true,\"nowChecked\":false}"

true

"{\"layerPresent\":false,\"layerLabel\":null,\"clouds\":[],\"marks\":[],\"note\":null,\"cloudCountAttr\":null,\"planPaths\":9,\"overflow\":false}"

✓ Screenshot saved to C:/Users/danie/repo/xray-by-looplet/screenshots/growth/sc03/sc03-clouds-off-1600x1000.png

