{
  "canvases": [
    {
      "data": {
        "cameraPosition": "16.70377585145345,14.100096209372195,19.51099084733032",
        "engine": "three.js r185",
        "frameCount": "3",
        "meshCount": "107",
        "navigation": "orbit",
        "navigationBlocked": "false",
        "navigationCapture": "none",
        "navigationTransition": "idle",
        "projectRevision": "2",
        "selected": "",
        "walkArmAnchor": "camera-body",
        "walkArmAnimation": "grab.R",
        "walkArmAsset": "ready",
        "walkArmVisible": "false"
      },
      "label": "Live architectural 3D model"
    }
  ],
  "text": "XR\nX-RAY BY LOOPLET\nNo plans open\nOpen a plan to begin\nOverview\nSheets\nMeasure\nSketch\nComponents\nModel\nRender\nReview\nCost\nProof\nMore workbench modes are available by scrolling horizontally.\nBackups\nSettings\nLog in\nSKETCH · architectural design & source annotations\nArchitectural workspace\nSource annotations\nARCHITECTURAL SKETCH · MILLIMETRES\nCourtyard studio / demonstration\n\n5 walls · 3 openings · 1 levels Saved design workspace\n\nLoad demonstration\nBackup\nRestore\nDrawing studio\nDoor & window schedule\nMaterials & cost\nDrawing sheets\nAI layout\nGround · FFL 0.000\nLevel\nSelect\nWall\nDoor\nWindow\nSlab\nRoof\nLine\nCircle\nDimension\nRoom tag\nSection\nGrid\nFit\nTracking\nFree angle\nOrtho 90°\nPolar\nExact length mm\nObject snaps (7)\nSelect an element · wheel zoom · right-drag pan\nplan\nnorth\nsouth\neast\nwest\nsection\nLive 3D\nRoof\nAll levels in 3D\nGround slab\nD01\nW01\nD02\nSTUDIO\n33.44 m² | P 23.13 m\nCL 2.700 m\nWORKSHOP\n16.22 m² | P 17.13 m\nCL 2.700 m\n9000\n6000\n9000\n6000\nA\nB\n1\n2\nA\nA\nOrbit\nFly\nWalk-through\nSelect\nX 0.0 · Y 0.0 mm\northo\n2 closed rooms\nPrecision modify · offset / trim / extend / mirror / fillet\nPARAMETRIC INSPECTOR\nDesign settings\nDesign name\nProject address\nDrawing revision\nLevel name\nLevel FFL mm\nDefault ceiling height mm\n\nSelect a wall, opening, roof or room to edit its dimensions. The plan, 3D and schedules share these objects.\n\nDesign objects (10)\nCAD exchange\nExport DXF\nExport DWG\nImport DXF\nExport IFC\nExchange coverage\nX-RAY WORKSPACE\nReview design change\nClose\n\nReplace this design with the labelled demonstration? Undo will remain available.\n\nCancel change\nConfirm design change\nLogs\n11\nConsole\n1\nErrors\n0\nStatus\nLive assistant\nDrawing tools",
  "url": "http://127.0.0.1:8080/"
}

✓ Screenshot saved to screenshots/growth/development-body-arm-session-diagnose.png
