✓ Done

✓ X-Ray by Looplet
  http://127.0.0.1:8080/

true

"seeded Ground floor plan rev C.pdf activeDocumentId=doc-ground-floor sha=c0ffeec0"

true

"showing roofing"

true

"roof inputs entered"

true

✓ Screenshot saved to proof/growth/2026-09-16-industry-source-binding/screenshots/roof-01-unbound-calculated.png

"roof bind requested"

true

true

✓ Screenshot saved to proof/growth/2026-09-16-industry-source-binding/screenshots/roof-02-bound-traced.png

"{\"schema\":\"xray.industry-source-binding/1\",\"projectId\":\"job-28398f29-e8e9-4d8c-aed6-efa533308b49\",\"sourceRevisionId\":\"doc-ground-floor\",\"sha256\":\"c0ffeec0ffeec0ffeec0ffeec0ffeec0ffeec0ffeec0ffeec0ffeec0ffeeabcd\",\"sourceName\":\"Ground floor plan rev C.pdf\",\"locator\":{\"kind\":\"page\",\"pageIndex\":1},\"calibrationId\":\"cal:0:manual:0.0125:cand-manual-1\",\"units\":\"m\",\"evidenceClass\":\"traced\",\"reference\":\"North plane traced on plan sheet A-201\",\"boundAt\":\"2026-09-16T04:59:25.976Z\"}"

http://127.0.0.1:8080/

true

"cost pane"

true

"showing roofing"

true

✓ Screenshot saved to proof/growth/2026-09-16-industry-source-binding/screenshots/roof-03-bound-after-reload.png

"source revision is now beef01be"

true

"roof withheld after the source changed"

✓ Screenshot saved to proof/growth/2026-09-16-industry-source-binding/screenshots/roof-04-stale-withheld.png

"showing hvac"

true

"straight section added"

true

"duct inputs entered"

"hvac bind requested"

true

"duct draft requested"

true

true

"{\"schema\":\"xray.industry-source-binding/1\",\"projectId\":\"job-28398f29-e8e9-4d8c-aed6-efa533308b49\",\"sourceRevisionId\":\"doc-ground-floor\",\"sha256\":\"beef01beef01beef01beef01beef01beef01beef01beef01beef01beef012345\",\"sourceName\":\"Ground floor plan rev C.pdf\",\"locator\":{\"kind\":\"page\",\"pageIndex\":2},\"calibrationId\":\"cal:0:manual:0.0125:cand-manual-1\",\"units\":\"m\",\"evidenceClass\":\"dimensioned\",\"reference\":\"Duct run D1 dimensioned on the mechanical sheet\",\"boundAt\":\"2026-09-16T04:59:26.813Z\"}"

✓ Screenshot saved to proof/growth/2026-09-16-industry-source-binding/screenshots/hvac-01-bound-dimensioned.png

"showing quantity-surveying"

true

"classification added"

true

"classification named, quantity row added"

true

"quantity inputs entered"

"qs bind requested"

true

"quantity classification requested"

true

true

"{\"binding\":{\"schema\":\"xray.industry-source-binding/1\",\"projectId\":\"job-28398f29-e8e9-4d8c-aed6-efa533308b49\",\"sourceRevisionId\":\"doc-ground-floor\",\"sha256\":\"beef01beef01beef01beef01beef01beef01beef01beef01beef01beef012345\",\"sourceName\":\"Ground floor plan rev C.pdf\",\"locator\":{\"kind\":\"page\",\"pageIndex\":1},\"calibrationId\":\"cal:0:manual:0.0125:cand-manual-1\",\"units\":\"m\",\"evidenceClass\":\"dimensioned\",\"reference\":\"Slab area dimensioned on plan sheet A-101\",\"boundAt\":\"2026-09-16T04:59:27.100Z\"},\"assignedRows\":1,\"quantity\":\"84.5\",\"unit\":\"m2\"}"

✓ Screenshot saved to proof/growth/2026-09-16-industry-source-binding/screenshots/qs-01-bound-dimensioned.png

"source revision is now c0ffeec0"

true

"quantity withheld after the source changed"

✓ Screenshot saved to proof/growth/2026-09-16-industry-source-binding/screenshots/qs-02-stale-withheld.png

✓ Done

✓ Screenshot saved to proof/growth/2026-09-16-industry-source-binding/screenshots/tablet-01-qs-stale-withheld.png

"showing hvac"

✗ Wait timed out after 25000ms
