[agent-browser] launched browser
✓ X-Ray by Looplet
  http://127.0.0.1:8080/

✓ Done

true

✓ Done

true

✓ Done

true

✓ Done

true

true

✓ Done

true

true

null

true

✓ Screenshot saved to proof/draftsman/phase1-datum-grid.png

null

true

✓ Screenshot saved to proof/draftsman/phase2-ascending-wireframe.png

null

true

✓ Screenshot saved to proof/draftsman/phase3-technical-ink.png

null

true

✓ Screenshot saved to proof/draftsman/phase4-material-wash.png

null

true

✓ Screenshot saved to proof/draftsman/phase5-complete-solid.png

{
  "dock": {},
  "status": {
    "activeCategory": "Architectural Surface Wash",
    "activeElevation": 108.69000000000004,
    "activeStoreyLabel": "Fully Rendered",
    "durationSeconds": 14,
    "mode": "complete",
    "phase": "complete",
    "progress": 1,
    "speed": 1,
    "totalMeshCount": 2180,
    "visibleMeshCount": 2180
  }
}

