null

✓ Done

true

null

✓ Done

true

null

true

null

true

✓ Done

true

✓ Screenshot saved to screenshots/growth/walk-boundaries-architect-door-button-reach-attempt1.png

true

null

true

{
  "blocked": "false",
  "blockedFrames": 0,
  "done": true,
  "end": [
    6.519303894194975,
    1.6500000059604645,
    2.9901641187050356
  ],
  "feetEnd": [
    6.519303894194975,
    5.9604645663569045e-9,
    2.9901641187050356
  ],
  "feetStart": "4.676258992805751,5.9604645663569045e-9,2.9901641187050356",
  "frames": 73,
  "passed": true,
  "start": [
    4.676258992805751,
    1.6500000059604645,
    2.9901641187050356
  ]
}

true

✓ Screenshot saved to screenshots/growth/walk-boundaries-architect-door-button-through-attempt1.png

null

✗ 
✗ 
✗ 
