✓ Done

✓ X-Ray by Looplet
  http://127.0.0.1:8080/

true

"cleared draft keys=1"

✓ Done

http://127.0.0.1:8080/

true

"clicked Estimate"

true

"workbench opened"

true

"selected=quantity-surveying"

true

"{\"existingQuantityRows\":0,\"existingClassifications\":0}"

"RESET OK (empty worksheet)"

✓ Done

"scrolled to report"

✓ Done

✓ Screenshot saved to proof/growth/2026-09-14-qs-report/screens/tablet-01-empty-worksheet.png

"added classification 1"

✓ Done

"added classification 2"

✓ Done

"hierarchy filled"

✓ Done

"Walls parented to Building"

✓ Done

"clicked Add quantity (1)"

✓ Done

"clicked Add quantity (2)"

✓ Done

"clicked Add quantity (3)"

✓ Done

"clicked Add quantity (4)"

✓ Done

✓ Done

"OK quantity rows=4"

"filled 4 items: a=0.1 m2, b=0.2 m2, c=3 lm, d=4 m2"

✓ Done

"a->Building:ok b->Walls:ok c->Walls:ok d=unassigned"

✓ Done

"scrolled to report"

✓ Done

✓ Screenshot saved to proof/growth/2026-09-14-qs-report/screens/tablet-02-inputs-filled.png

"calculated"

true

✓ Done

"{\"wholeDraft\":{\"cap\":\"Whole draft totals — each item counted once\",\"rows\":[\"m2|unverified|4.3|0.3|4|3\",\"lm|unverified|3|3|0|1\"]},\"shown\":{\"cap\":\"Shown item totals — 4 of 4 items\",\"rows\":[\"m2|unverified|4.3|0.3|4|3\",\"lm|unverified|3|3|0|1\"]}}"

"scrolled to report"

✓ Done

✓ Screenshot saved to proof/growth/2026-09-14-qs-report/screens/tablet-03-report-all-items.png

"{\"viewport\":1024,\"pageHorizontalOverflow\":false,\"reportFilterGridColumns\":[\"244px 244px\"],\"tableWraps\":[{\"w\":500,\"sw\":500,\"scrolls\":false},{\"w\":500,\"sw\":500,\"scrolls\":false},{\"w\":500,\"sw\":500,\"scrolls\":false},{\"w\":500,\"sw\":500,\"scrolls\":false},{\"w\":500,\"sw\":500,\"scrolls\":false}]}"

"filter=classified"

✓ Done

"{\"shownCaption\":\"Shown item totals — 3 of 4 items\",\"shownTotals\":[\"m2|unverified|0.3|0.3|0|2\",\"lm|unverified|3|3|0|1\"],\"itemIds\":[\"a\",\"b\",\"c\"],\"itemClassifications\":[\"Building\",\"Building / Walls\",\"Building / Walls\"]}"

"scrolled to report"

✓ Done

✓ Screenshot saved to proof/growth/2026-09-14-qs-report/screens/tablet-04-filter-classified.png

"filter=unassigned"

✓ Done

"{\"branchDisabled\":true,\"branchValue\":\"\",\"shownCaption\":\"Shown item totals — 1 of 4 items\",\"shownTotals\":[\"m2|unverified|4|0|4|1\"],\"itemIds\":[\"d\"],\"itemClassifications\":[\"Unassigned — choose an assignment above\"]}"

"scrolled to report"

✓ Done

✓ Screenshot saved to proof/growth/2026-09-14-qs-report/screens/tablet-05-filter-unassigned.png

"filter=all"

✓ Done

"branch=Walls subtree"

✓ Done

"{\"shownCaption\":\"Shown item totals — 2 of 4 items\",\"shownTotals\":[\"m2|unverified|0.2|0.2|0|1\",\"lm|unverified|3|3|0|1\"],\"itemIds\":[\"b\",\"c\"],\"itemClassifications\":[\"Building / Walls\",\"Building / Walls\"]}"

"scrolled to report"

✓ Done

✓ Screenshot saved to proof/growth/2026-09-14-qs-report/screens/tablet-06-subtree-walls.png

"tagged download button; disabled=false"

✓ Done

"capture armed"

✓ Done

"clicked download"

✓ Done

"{\"tag\":\"all-items\",\"bytes\":612,\"records\":3,\"text\":\"\\\"Hierarchy\\\",\\\"Hierarchy revision\\\",\\\"Item reference\\\",\\\"Quantity\\\",\\\"Unit\\\",\\\"Evidence\\\",\\\"Assignment\\\",\\\"Classification\\\",\\\"Classification path\\\",\\\"Source reference status\\\",\\\"Document ID\\\",\\\"Source SHA-256\\\",\\\"Source revision\\\",\\\"Sheet (1-based)\\\",\\\"Region ID\\\",\\\"Calibration ID\\\",\\\"Report status\\\",\\\"Verified quote eligible\\\"\\r\\n\\\"QA hierarchy\\\",\\\"B\\\",\\\"b\\\",\\\"0.2\\\",\\\"m2\\\",\\\"unverified\\\",\\\"Classified\\\",\\\"Walls\\\",\\\"[\\\"\\\"Building\\\"\\\",\\\"\\\"Walls\\\"\\\"]\\\",\\\"Unavailable\\\",\\\"\\\",\\\"\\\",\\\"\\\",\\\"\\\",\\\"\\\",\\\"\\\",\\\"draft-classification\\\",\\\"false\\\"\\r\\n\\\"QA hierarchy\\\",\\\"B\\\",\\\"c\\\",\\\"3\\\",\\\"lm\\\",\\\"unverified\\\",\\\"Classified\\\",\\\"Walls\\\",\\\"[\\\"\\\"Building\\\"\\\",\\\"\\\"Walls\\\"\\\"]\\\",\\\"Unavailable\\\",\\\"\\\",\\\"\\\",\\\"\\\",\\\"\\\",\\\"\\\",\\\"\\\",\\\"draft-classification\\\",\\\"false\\\"\\r\\n\"}"

✓ Done

"status: CSV download requested for 2 item rows. No hierarchy totals are exported."

"scrolled to report"

✓ Done

✓ Screenshot saved to proof/growth/2026-09-14-qs-report/screens/tablet-07-csv-downloaded.png

"expanded; nested details=2"

✓ Done

"[{\"node\":\"Building · Whole building\",\"cap\":\"Building: direct and inclusive quantities\",\"rows\":[\"m2|unverified|0.1|0.3\",\"lm|unverified|0|3\",\"m2|unverified|0.2|0.2\",\"lm|unverified|3|3\"]},{\"node\":\"Walls · Wall finish\",\"cap\":\"Walls: direct and inclusive quantities\",\"rows\":[\"m2|unverified|0.2|0.2\",\"lm|unverified|3|3\"]}]"

"scrolled to report"

✓ Done

✓ Screenshot saved to proof/growth/2026-09-14-qs-report/screens/tablet-08-hierarchy-expanded.png

"branch=all classifications"

✓ Done

"tagged all-items download; disabled=false"

✓ Done

"capture armed"

✓ Done

"clicked download"

✓ Done

"{\"tag\":\"all-items\",\"bytes\":894,\"records\":5,\"text\":\"\\\"Hierarchy\\\",\\\"Hierarchy revision\\\",\\\"Item reference\\\",\\\"Quantity\\\",\\\"Unit\\\",\\\"Evidence\\\",\\\"Assignment\\\",\\\"Classification\\\",\\\"Classification path\\\",\\\"Source reference status\\\",\\\"Document ID\\\",\\\"Source SHA-256\\\",\\\"Source revision\\\",\\\"Sheet (1-based)\\\",\\\"Region ID\\\",\\\"Calibration ID\\\",\\\"Report status\\\",\\\"Verified quote eligible\\\"\\r\\n\\\"QA hierarchy\\\",\\\"B\\\",\\\"a\\\",\\\"0.1\\\",\\\"m2\\\",\\\"unverified\\\",\\\"Classified\\\",\\\"Building\\\",\\\"[\\\"\\\"Building\\\"\\\"]\\\",\\\"Unavailable\\\",\\\"\\\",\\\"\\\",\\\"\\\",\\\"\\\",\\\"\\\",\\\"\\\",\\\"draft-classification\\\",\\\"false\\\"\\r\\n\\\"QA hierarchy\\\",\\\"B\\\",\\\"b\\\",\\\"0.2\\\",\\\"m2\\\",\\\"unverified\\\",\\\"Classified\\\",\\\"Walls\\\",\\\"[\\\"\\\"Building\\\"\\\",\\\"\\\"Walls\\\"\\\"]\\\",\\\"Unavailable\\\",\\\"\\\",\\\"\\\",\\\"\\\",\\\"\\\",\\\"\\\",\\\"\\\",\\\"draft-classification\\\",\\\"false\\\"\\r\\n\\\"QA hierarchy\\\",\\\"B\\\",\\\"c\\\",\\\"3\\\",\\\"lm\\\",\\\"unverified\\\",\\\"Classified\\\",\\\"Walls\\\",\\\"[\\\"\\\"Building\\\"\\\",\\\"\\\"Walls\\\"\\\"]\\\",\\\"Unavailable\\\",\\\"\\\",\\\"\\\",\\\"\\\",\\\"\\\",\\\"\\\",\\\"\\\",\\\"draft-classification\\\",\\\"false\\\"\\r\\n\\\"QA hierarchy\\\",\\\"B\\\",\\\"d\\\",\\\"4\\\",\\\"m2\\\",\\\"unverified\\\",\\\"Unassigned\\\",\\\"\\\",\\\"[]\\\",\\\"Unavailable\\\",\\\"\\\",\\\"\\\",\\\"\\\",\\\"\\\",\\\"\\\",\\\"\\\",\\\"draft-classification\\\",\\\"false\\\"\\r\\n\"}"

✓ Done

"edited Quantity 1: 0.1 -> 0.10"

✓ Done

"{\"reportPresent\":false,\"downloadButtonPresent\":false,\"draftSaveState\":\"saved\"}"

"scrolled to report"

✓ Done

✓ Screenshot saved to proof/growth/2026-09-14-qs-report/screens/tablet-09-edit-invalidates-report.png

"recalculated after edit"

true

✓ Done

"{\"wholeDraftRows\":[\"m2|unverified|4.3|0.3|4|3\",\"lm|unverified|3|3|0|1\"]}"

"scrolled to report"

✓ Done

✓ Screenshot saved to proof/growth/2026-09-14-qs-report/screens/tablet-10-recalculated-exact-decimals.png
