✓ X-Ray by Looplet
  http://127.0.0.1:8093/

✓ Done

true

✓ Done

true

✓ Done

true

✓ Done

true

✓ Done

true

{
  "activeCategory": "Grid Axis",
  "activeElevation": 5.025,
  "activeStoreyLabel": "Construction Datum & Grid",
  "cinematicOrbit": false,
  "dimensions": {
    "depthLabel": "41,452 mm",
    "depthMm": 41452,
    "heightLabel": "103,665 mm",
    "heightMm": 103665,
    "storeys": [
      {
        "elevationM": 5.325,
        "label": "Ground",
        "tag": "▼ Ground +5.33m"
      },
      {
        "elevationM": 10.725,
        "heightMm": 5400,
        "label": "Level 01",
        "tag": "▼ Level 01 +10.72m (↕5400mm)"
      },
      {
        "elevationM": 14.025,
        "heightMm": 3300,
        "label": "Level 02",
        "tag": "▼ Level 02 +14.03m (↕3300mm)"
      },
      {
        "elevationM": 17.025,
        "heightMm": 3000,
        "label": "Level 03",
        "tag": "▼ Level 03 +17.02m (↕3000mm)"
      },
      {
        "elevationM": 20.025,
        "heightMm": 3000,
        "label": "Level 04",
        "tag": "▼ Level 04 +20.02m (↕3000mm)"
      },
      {
        "elevationM": 23.025,
        "heightMm": 3000,
        "label": "Level 05",
        "tag": "▼ Level 05 +23.02m (↕3000mm)"
      },
      {
        "elevationM": 26.025,
        "heightMm": 3000,
        "label": "Level 06",
        "tag": "▼ Level 06 +26.02m (↕3000mm)"
      },
      {
        "elevationM": 29.025,
        "heightMm": 3000,
        "label": "Level 07",
        "tag": "▼ Level 07 +29.02m (↕3000mm)"
      },
      {
        "elevationM": 32.025,
        "heightMm": 3000,
        "label": "Level 08",
        "tag": "▼ Level 08 +32.02m (↕3000mm)"
      },
      {
        "elevationM": 35.025,
        "heightMm": 3000,
        "label": "Level 09",
        "tag": "▼ Level 09 +35.02m (↕3000mm)"
      },
      {
        "elevationM": 38.025,
        "heightMm": 3000,
        "label": "Level 10",
        "tag": "▼ Level 10 +38.02m (↕3000mm)"
      },
      {
        "elevationM": 41.025,
        "heightMm": 3000,
        "label": "Level 11",
        "tag": "▼ Level 11 +41.02m (↕3000mm)"
      },
      {
        "elevationM": 44.025,
        "heightMm": 3000,
        "label": "Level 12",
        "tag": "▼ Level 12 +44.02m (↕3000mm)"
      },
      {
        "elevationM": 47.025,
        "heightMm": 3000,
        "label": "Level 13",
        "tag": "▼ Level 13 +47.02m (↕3000mm)"
      },
      {
        "elevationM": 50.025,
        "heightMm": 3000,
        "label": "Level 14",
        "tag": "▼ Level 14 +50.02m (↕3000mm)"
      },
      {
        "elevationM": 53.025,
        "heightMm": 3000,
        "label": "Level 15",
        "tag": "▼ Level 15 +53.02m (↕3000mm)"
      },
      {
        "elevationM": 56.025,
        "heightMm": 3000,
        "label": "Level 16",
        "tag": "▼ Level 16 +56.02m (↕3000mm)"
      },
      {
        "elevationM": 59.025,
        "heightMm": 3000,
        "label": "Level 17",
        "tag": "▼ Level 17 +59.02m (↕3000mm)"
      },
      {
        "elevationM": 62.025,
        "heightMm": 3000,
        "label": "Level 18",
        "tag": "▼ Level 18 +62.02m (↕3000mm)"
      },
      {
        "elevationM": 65.025,
        "heightMm": 3000,
        "label": "Level 19",
        "tag": "▼ Level 19 +65.03m (↕3000mm)"
      },
      {
        "elevationM": 68.025,
        "heightMm": 3000,
        "label": "Level 20",
        "tag": "▼ Level 20 +68.03m (↕3000mm)"
      },
      {
        "elevationM": 71.025,
        "heightMm": 3000,
        "label": "Level 21",
        "tag": "▼ Level 21 +71.03m (↕3000mm)"
      },
      {
        "elevationM": 74.025,
        "heightMm": 3000,
        "label": "Level 22",
        "tag": "▼ Level 22 +74.03m (↕3000mm)"
      },
      {
        "elevationM": 77.025,
        "heightMm": 3000,
        "label": "Level 23",
        "tag": "▼ Level 23 +77.03m (↕3000mm)"
      },
      {
        "elevationM": 80.025,
        "heightMm": 3000,
        "label": "Level 24",
        "tag": "▼ Level 24 +80.03m (↕3000mm)"
      },
      {
        "elevationM": 83.025,
        "heightMm": 3000,
        "label": "Level 25",
        "tag": "▼ Level 25 +83.03m (↕3000mm)"
      },
      {
        "elevationM": 86.025,
        "heightMm": 3000,
        "label": "Level 26",
        "tag": "▼ Level 26 +86.03m (↕3000mm)"
      },
      {
        "elevationM": 89.025,
        "heightMm": 3000,
        "label": "Level 27",
        "tag": "▼ Level 27 +89.03m (↕3000mm)"
      },
      {
        "elevationM": 92.025,
        "heightMm": 3000,
        "label": "Level 28",
        "tag": "▼ Level 28 +92.03m (↕3000mm)"
      },
      {
        "elevationM": 95.025,
        "heightMm": 3000,
        "label": "Level 29",
        "tag": "▼ Level 29 +95.03m (↕3000mm)"
      },
      {
        "elevationM": 98.025,
        "heightMm": 3000,
        "label": "Level 30",
        "tag": "▼ Level 30 +98.03m (↕3000mm)"
      },
      {
        "elevationM": 101.225,
        "heightMm": 3200,
        "label": "Level 31",
        "tag": "▼ Level 31 +101.22m (↕3200mm)"
      },
      {
        "elevationM": 104.6,
        "heightMm": 3375,
        "label": "Roof and lift overruns",
        "tag": "▼ Roof and lift overruns +104.60m (↕3375mm)"
      }
    ],
    "widthLabel": "40,518 mm",
    "widthMm": 40518
  },
  "dimensionsVisible": false,
  "durationSeconds": 14,
  "mode": "paused",
  "phase": "datum_grid",
  "progress": 0.0003499999998935631,
  "sectionCut": "none",
  "speed": 1,
  "storeys": [
    {
      "elevation": 5.325,
      "label": "Ground",
      "progress": 0.15144696860078136
    },
    {
      "elevation": 10.725,
      "label": "Level 01",
      "progress": 0.1774924034148459
    },
    {
      "elevation": 14.025,
      "label": "Level 02",
      "progress": 0.19340905802344088
    },
    {
      "elevation": 17.025,
      "label": "Level 03",
      "progress": 0.2078787440312545
    },
    {
      "elevation": 20.025,
      "label": "Level 04",
      "progress": 0.22234843003906812
    },
    {
      "elevation": 23.025,
      "label": "Level 05",
      "progress": 0.2368181160468818
    },
    {
      "elevation": 26.025,
      "label": "Level 06",
      "progress": 0.2512878020546954
    },
    {
      "elevation": 29.025,
      "label": "Level 07",
      "progress": 0.26575748806250904
    },
    {
      "elevation": 32.025,
      "label": "Level 08",
      "progress": 0.2802271740703227
    },
    {
      "elevation": 35.025,
      "label": "Level 09",
      "progress": 0.29469686007813634
    },
    {
      "elevation": 38.025,
      "label": "Level 10",
      "progress": 0.30916654608594996
    },
    {
      "elevation": 41.025,
      "label": "Level 11",
      "progress": 0.3236362320937636
    },
    {
      "elevation": 44.025,
      "label": "Level 12",
      "progress": 0.3381059181015772
    },
    {
      "elevation": 47.025,
      "label": "Level 13",
      "progress": 0.3525756041093908
    },
    {
      "elevation": 50.025,
      "label": "Level 14",
      "progress": 0.3670452901172045
    },
    {
      "elevation": 53.025,
      "label": "Level 15",
      "progress": 0.3815149761250181
    },
    {
      "elevation": 56.025,
      "label": "Level 16",
      "progress": 0.39598466213283173
    },
    {
      "elevation": 59.025,
      "label": "Level 17",
      "progress": 0.4104543481406454
    },
    {
      "elevation": 62.025,
      "label": "Level 18",
      "progress": 0.42492403414845903
    },
    {
      "elevation": 65.025,
      "label": "Level 19",
      "progress": 0.43939372015627265
    },
    {
      "elevation": 68.025,
      "label": "Level 20",
      "progress": 0.4538634061640862
    },
    {
      "elevation": 71.025,
      "label": "Level 21",
      "progress": 0.4683330921718999
    },
    {
      "elevation": 74.025,
      "label": "Level 22",
      "progress": 0.4828027781797135
    },
    {
      "elevation": 77.025,
      "label": "Level 23",
      "progress": 0.49727246418752713
    },
    {
      "elevation": 80.025,
      "label": "Level 24",
      "progress": 0.5117421501953408
    },
    {
      "elevation": 83.025,
      "label": "Level 25",
      "progress": 0.5262118362031544
    },
    {
      "elevation": 86.025,
      "label": "Level 26",
      "progress": 0.5406815222109681
    },
    {
      "elevation": 89.025,
      "label": "Level 27",
      "progress": 0.5551512082187817
    },
    {
      "elevation": 92.025,
      "label": "Level 28",
      "progress": 0.5696208942265953
    },
    {
      "elevation": 95.025,
      "label": "Level 29",
      "progress": 0.584090580234409
    },
    {
      "elevation": 98.025,
      "label": "Level 30",
      "progress": 0.5985602662422226
    },
    {
      "elevation": 101.225,
      "label": "Level 31",
      "progress": 0.6139945979838904
    },
    {
      "elevation": 104.6,
      "label": "Roof and lift overruns",
      "progress": 0.6302729947426807
    }
  ],
  "totalMeshCount": 2180,
  "visibleMeshCount": 0
}

{
  "origin": "http://127.0.0.1:8093",
  "sourceSha256": "32a99e7680a94f7690bc1639913563f279a3452bcb9f0dd4e4ef63997ab2639a",
  "tag": "2026-09-08-8093-pencil-01"
}

✓ Done

true

✓ Screenshot saved to screenshots/growth/2026-09-08-8093-pencil-01-production-wireframe.png

{
  "after": 7,
  "before": 7,
  "phase": "complete",
  "total": "2180",
  "visible": "2180"
}

true

✓ Screenshot saved to screenshots/growth/2026-09-08-8093-pencil-01-production-solid-after-rapid-export.png

✓ Done

true

✓ Done

true

✓ Screenshot saved to screenshots/growth/2026-09-08-8093-pencil-01-production-pdf-requested.png

{
  "downloads": [
    {
      "filename": "2026-09-08-8093-pencil-01-01.png",
      "originalName": "architectural-blueprint.png",
      "requestedAt": "2026-09-08T03:40:17.180Z"
    },
    {
      "filename": "2026-09-08-8093-pencil-01-02.png",
      "originalName": "architectural-blueprint.png",
      "requestedAt": "2026-09-08T03:40:17.648Z"
    },
    {
      "filename": "2026-09-08-8093-pencil-01-03.pdf",
      "originalName": "Crown_Wharf_Canning_Town_—_Block_A4_structural_review_model_Illustrative_Model_Sheets.pdf",
      "requestedAt": "2026-09-08T03:40:18.479Z"
    }
  ],
  "errors": [],
  "rapid": {
    "after": 7,
    "before": 7,
    "phase": "complete",
    "total": "2180",
    "visible": "2180"
  }
}

✓ Done

true

✓ Screenshot saved to screenshots/growth/2026-09-08-8093-pencil-01-production-restored.png

