[agent-browser] launched browser
✓ X-Ray by Looplet
  http://localhost:8080/

✓ Done

true

✓ Done

✓ Done

✓ Done

true

✓ Done

true

{
  "count": 5,
  "poses": [
    {
      "beat": "scribble",
      "position": [
        -14.419910430908203,
        31.862500190734856,
        12.154999732971191
      ],
      "rotation": [
        0.012093080590063771,
        0.5824000000000001,
        0.011684741446845852
      ]
    },
    {
      "beat": "orbit",
      "position": [
        -11.840759002710785,
        32.01934091493405,
        -9.470614782905908
      ],
      "rotation": [
        0.031600087873260255,
        2.2824,
        0.049689417103684734
      ]
    },
    {
      "beat": "scribble",
      "position": [
        9.33839988708496,
        28.81358588385497,
        -15.2716703414917
      ],
      "rotation": [
        0.054839140615974995,
        3.9824,
        0.0899644616517074
      ]
    },
    {
      "beat": "scribble",
      "position": [
        15.628610053519248,
        31.774999618530273,
        4.656189918518066
      ],
      "rotation": [
        -0.0018139679149942107,
        5.6823999999999995,
        0.003128926809521034
      ]
    },
    {
      "beat": "scribble",
      "position": [
        -9.96244525909434,
        28.950000762939453,
        14.826430320739746
      ],
      "rotation": [
        -0.04248594744320296,
        7.3824,
        -0.06393300520410972
      ]
    }
  ],
  "scribbleSeconds": 0.2,
  "visible": true
}

✓ Screenshot saved to screenshots/growth/2026-09-09-pencil-check/8080-low.png

{
  "first": {
    "count": 5,
    "poses": [
      {
        "beat": "scribble",
        "position": [
          -14.419910430908203,
          31.862500190734856,
          12.154999732971191
        ],
        "rotation": [
          0.012093080590063771,
          0.5824000000000001,
          0.011684741446845852
        ]
      },
      {
        "beat": "orbit",
        "position": [
          -11.840759002710785,
          32.01934091493405,
          -9.470614782905908
        ],
        "rotation": [
          0.031600087873260255,
          2.2824,
          0.049689417103684734
        ]
      },
      {
        "beat": "scribble",
        "position": [
          9.33839988708496,
          28.81358588385497,
          -15.2716703414917
        ],
        "rotation": [
          0.054839140615974995,
          3.9824,
          0.0899644616517074
        ]
      },
      {
        "beat": "scribble",
        "position": [
          15.628610053519248,
          31.774999618530273,
          4.656189918518066
        ],
        "rotation": [
          -0.0018139679149942107,
          5.6823999999999995,
          0.003128926809521034
        ]
      },
      {
        "beat": "scribble",
        "position": [
          -9.96244525909434,
          28.950000762939453,
          14.826430320739746
        ],
        "rotation": [
          -0.04248594744320296,
          7.3824,
          -0.06393300520410972
        ]
      }
    ],
    "scribbleSeconds": 0.2,
    "visible": true
  },
  "frames": 79,
  "last": {
    "count": 5,
    "poses": [
      {
        "beat": "orbit",
        "position": [
          -2.850643089945132,
          51.313710595040384,
          -10.2315790451567
        ],
        "rotation": [
          0.006603299369659783,
          0.9966079999999709,
          0.05456245225109158
        ]
      },
      {
        "beat": "orbit",
        "position": [
          15.96212329265278,
          47.261127882363695,
          3.1839612770641588
        ],
        "rotation": [
          -0.01680197277501238,
          2.696607999999971,
          0.03247956611492712
        ]
      },
      {
        "beat": "orbit",
        "position": [
          -9.66821794454152,
          52.76165902191083,
          14.72425570916074
        ],
        "rotation": [
          -0.017585987601102214,
          4.39660799999997,
          -0.027348496932054846
        ]
      },
      {
        "beat": "orbit",
        "position": [
          -9.327900150404334,
          47.688283378354285,
          10.075404519629291
        ],
        "rotation": [
          -0.005269314342034691,
          6.0966079999999705,
          -0.07464222805611205
        ]
      },
      {
        "beat": "orbit",
        "position": [
          1.161940838136023,
          47.21458918804804,
          -14.55083409622164
        ],
        "rotation": [
          0.011825320821524946,
          7.796607999999971,
          -0.04311785381446045
        ]
      }
    ],
    "scribbleSeconds": 0.2,
    "visible": true
  }
}

✓ Screenshot saved to screenshots/growth/2026-09-09-pencil-check/8080-moving.png

null

✓ Screenshot saved to screenshots/growth/2026-09-09-pencil-check/8080-high.png

✓ Done

✓ Screenshot saved to screenshots/growth/2026-09-09-pencil-check/8080-tablet.png

