✓ X-Ray by Looplet
  http://tauri.localhost/

"Native sheets and pricing a8a8c4946d93"

✓ Done

true

✓ Done

✓ Done

true

✓ Done

true

✓ Screenshot saved to screenshots/growth/2026-09-07-sheets/native-backup-saved.png

{
  "backupSha256": "ffcc549a40fa2691fcfbda2aa5ce79f3d5b0364eaa516aec1ee1ebdedb289db4",
  "bookmark": {
    "aspect": 1.4141349887274548,
    "center": {
      "x": 0.44558234650223866,
      "y": 0.4615230460921843
    },
    "createdAt": "2026-09-07T13:22:15.108Z",
    "id": "e781f582-4100-46f9-87d2-41197eb65f07",
    "name": "Release drainage detail",
    "zoom": 1.5625
  },
  "bytes": 9343635,
  "firstPages": [
    {
      "discipline": "Civil",
      "name": "Site and drainage plan",
      "originalPage": 2
    },
    {
      "discipline": "Structural",
      "name": "Structure overview",
      "originalPage": 1
    }
  ],
  "format": "xray.workspace-backup/v2",
  "originalPlans": [
    {
      "id": "document-3a0534b7-d0f3-44dd-81d5-6cfb0e3d866e",
      "sha256": "b57956f76b5dc893ac2b28a021f3f92e345807e326d6b1f8313e373f9145ad38"
    }
  ],
  "priceBookCount": 2,
  "pricedWorksheetRows": 0,
  "sheetCount": 13
}

✓ Done

true

✓ Done

true

{
  "preflight": "complete",
  "rows": [
    "Active editing projectunchangedSaved value matches the package exactly.",
    "Legacy saved projectpreserveExisting value remains untouched.",
    "Architectural designunchangedSaved value matches the package exactly.",
    "BOM and reviewunchangedSaved value matches the package exactly.",
    "Component inventoryunchangedSaved value matches the package exactly.",
    "Saved recipesunchangedSaved value matches the package exactly.",
    "Source-bound takeoffunchangedSaved value matches the package exactly.",
    "Source-bound connection reviewunchangedSaved value matches the package exactly.",
    "Supplier price books and worksheetunchangedSaved value matches the package exactly.",
    "Project materialsunchangedSaved value matches the package exactly.",
    "Sheet organisation: 21-08-26_Redburn_BR250157_Prelim_Council (1).pdfunchangedSaved value matches the package exactly.",
    "Device-wide reference ratespreserveExisting value remains untouched.",
    "Original plan: 21-08-26_Redburn_BR250157_Prelim_Council (1).pdfunchangedStored original metadata and actual byte digest match the verified package."
  ],
  "workspaceBytesUnchanged": true
}

✓ Screenshot saved to screenshots/growth/2026-09-07-sheets/native-backup-preflight-desktop.png

