true

- combobox "Current plan" [expanded=false, ref=e51]: Open a plan to begin
  - option "Open a plan to begin" [disabled, ref=e70]
  - option "📂 Open plan file (PDF, CAD, Image)…" [disabled, ref=e71]
  - option "📄 Load sample plan (Redburn BR250157 PDF)…" [disabled, ref=e72]
- button "Open" [ref=e52]
- button "Backups" [ref=e24]
- button "Settings" [ref=e25]
- button "Log in" [ref=e26]
- button "Collapse header" [expanded=true, ref=e2]
- separator "Resize header" [ref=e3] focusable [tabindex]: 54
- navigation "Panes" [ref=e13]
  - button "Overview" [ref=e27]
  - button "Sheets" [ref=e28]
  - button "Measure" [ref=e29]
  - button "Sketch" [ref=e30]
  - button "Components" [ref=e31]
  - button "Model" [ref=e32]
  - button "Render" [ref=e33]
  - button "Review" [ref=e34]
  - button "Cost" [ref=e35]
  - button "Proof" [ref=e36]
- button "Collapse navigation" [expanded=true, ref=e4]
- separator "Resize navigation" [ref=e5] focusable [tabindex]: 44
- button "Collapse workspace info" [expanded=true, ref=e6]
- separator "Resize workspace info" [ref=e7] focusable [tabindex]: 28
- heading "MODELS" [level=2, ref=e14]
- button "Source building" [ref=e15]
- heading "PROJECT SHEETS 1" [level=2, ref=e16]
- button "Open plan" [ref=e17]
- button "Fit sheet" [ref=e18]
- button "Open source page 1" [ref=e19]
- heading "EVIDENCE LAYERS LIVE" [level=2, ref=e20]
- region "Current project" [ref=e37]
  - heading "New project" [level=2, ref=e53]
  - button "Rename project" [ref=e54]
- region "Manage source sheets" [ref=e38]
  - heading "Sheet register" [level=2, ref=e55]
  - button "Reload list" [ref=e56]
- heading "Your drawing starts here" [level=1, ref=e39]
- region "Open a drawing" [ref=e40]
  - heading "Open a drawing" [level=2, ref=e57]
  - button "Choose a file" [ref=e58]
- generic "Logs10Console0Errors0StatusDevelopment" [ref=e41] clickable [onclick]
  - separator "Resize bottom panel" [ref=e59] focusable [tabindex]: 22
  - tab "Logs 10" [ref=e66]
  - tab "Console 0" [ref=e67]
  - tab "Errors 0" [ref=e68]
  - tab "Status" [selected, ref=e69]
  - button "Expand workspace diagnostics" [expanded=false, ref=e60]
- heading "MODEL READINESS" [level=2, ref=e21]
- button "Collapse" [ref=e22]
- separator "Resize left menu" [ref=e8] focusable [tabindex]: 260
- button "Collapse left menu" [expanded=true, ref=e9]
- separator "Resize right menu" [ref=e10] focusable [tabindex]: 400
- button "Collapse right menu" [expanded=true, ref=e11]
- button "Assistant mode" [ref=e1]
- region "Drawing assistant panel" [ref=e12]
  - button "Move live assistant" [ref=e42]
  - button "Assistant settings" [expanded=false, ref=e43]
  - button "Dock into the right menu" [ref=e44]
  - button "Collapse live assistant" [ref=e45]
  - button "Open canvas" [ref=e23]
  - button "Summarise this sheet" [ref=e61]
  - button "Find the site plan" [ref=e62]
  - button "What can you do here?" [ref=e63]
  - button "Describe the current view" [ref=e64]
  - radio "Ask before edits" [checked=true, ref=e46]
  - radio "Edit freely" [checked=false, ref=e47]
  - radio "Read only" [checked=false, ref=e48]
  - textbox "Message live assistant" [ref=e49]
  - button "Add to assistant" [expanded=false, ref=e65]
  - button "Send assistant message" [disabled, ref=e50]

{
  "hydrated": true,
  "panel": "Live assistant\nConnected\nOpen canvas\nWork packet Ready for a task\nYour drawing workspace\n\nAsk about your project, draw a layout, search the web or attach an image. Tool activity and source links appear here.\n\nSummarise this sheet\nFind the site plan\nWhat can you do here?\nDescribe the current view\nNew project\nAsk before edits\nEdit freely\nRead only\nMessage live assistant\nEnter to send\nInteraction ≈0 tokens\n\nReview AI suggestions against your source drawings.",
  "project": "job-6c9b0ad9-5813-40e5-90bd-64355a2446e4"
}
