[agent-browser] launched browser
✓ Done

✓ X-Ray by Looplet
  http://127.0.0.1:8085/

true

"reloading-with-minimax"

true

"checking"

true

"{\"provider\":\"MiniMax\",\"model\":\"MiniMax-M3\",\"stored\":\"minimax\"}"

"seeding"

true

"{\"ok\":true,\"jobId\":\"job-6d240a49-286b-477a-9fce-2a632d09b9f1\",\"documents\":2,\"activeDocumentId\":\"doc-ground-floor\",\"calibrations\":3}"

"opened"

true

"binding"

true

"menu opened"

true

"clicked New chat"

"awaiting empty conversation"

true

"{\"conversationEmptyBeforeTurn\":true,\"activeId\":\"73bc9c7a-99ee-4344-87b2-66f34544411c\"}"

"{\"script\":\"23-d8-ask-hang-diagnostic\",\"jobId\":\"job-6d240a49-286b-477a-9fce-2a632d09b9f1\"}"

"mode -> ask"

"reading-mode"

true

"permission mode confirmed: ask"

"composed 41 chars"

true

"baseline"

true

"sent"

"diagnosing"

true

✓ Screenshot saved to proof/growth/2026-09-16-live-assistant-rig/screenshots/23-d8-ask-hang-diagnostic.png

"{\"outcome\":\"permission-card\",\"elapsedMs\":12084,\"mode\":\"ask\",\"pending\":null,\"denyButton\":true,\"busy\":true,\"error\":null,\"workPacketState\":\"working\",\"nextAction\":\"Retrieve current takeoff evidence before reporting results. Next tool: read_takeoff_evidence.\",\"archiveEntries\":6,\"archiveKinds\":[\"user\",\"tool\",\"tool\",\"assistant\",\"tool\",\"tool\"],\"renderedRows\":6,\"renderedTail\":[\"AssistantThe Measure pane switch requires reading project context first; navigation was refused as a workflow prerequisite. I willnot claim the pane switched without the tool receipt.01:26 PM\",\"read_project_contextRead the project contextpane cost · project \\\"New project\\\" · revision 1in New project · revision 1Tool result{\\\"projectId\\\":\\\"job-6d240a49-286b-477a-9fce-2a632d09b9f1\\\",\\\"projectName\\\":\\\"New project\\\",\\\"projectRevision\\\":1,\\\"pane\\\":\\\"cost\\\",\\\"sourcePage\\\":1,\\\"documents\\\":[{\\\"id\\\":\\\"doc-sample\\\",\\\"name\\\":\\\"No source plan\\\",\\\"kind\\\":\\\"pdf\\\",\\\"pageCount\\\":1,\\\"sha256\\\":null},{\\\"id\\\":\\\"doc-ground-floor\\\",\\\"name\\\":\\\"Ground floor plan rev C.pdf\\\",\\\"kind\\\":\\\"pdf\\\",\\\"pageCount\\\":3,\\\"sha256\\\":\\\"c0ffeec0ffeec0ffeec0ffeec0ffeec0ffeec0ffeec0ffeec0ffeec0ffeeabcd\\\"}],\\\"activeDocumentId\\\":\\\"doc-ground-floor\\\",\\\"counts\\\":{\\\"annotations\\\":0,\\\"measuredTraces\\\":0,\\\"locatedItems\\\":0},\\\"hydration\\\":\\\"ready\\\",\\\"recoveryBlocked\\\":false,\\\"saveError\\\":null,\\\"savedProjectRevision\\\":1,\\\"architectControllerAvailable\\\":false}\",\"navigate_workspaceOpened a workspace paneWorking…Running navigate_workspace…\"],\"workingIndicator\":true}"

"scrolled"

✓ Screenshot saved to proof/growth/2026-09-16-live-assistant-rig/screenshots/23-d8-ask-hang-diagnostic-bottom.png

