✓ Done

✓ X-Ray by Looplet
  http://127.0.0.1:8080/

true

"clicked Estimate"

true

"workbench opened"

true

"selected=quantity-surveying"

true

"{\"existingQuantityRows\":4,\"existingClassifications\":2}"

"scrolled to report"

✓ Done

✓ Screenshot saved to proof/growth/2026-09-14-qs-report/screens/tablet-01-empty-worksheet.png

"added classification 1"

✓ Done

"added classification 2"

✓ Done

"hierarchy filled"

✓ Done

"Walls parented to Building"

✓ Done

"clicked Add quantity (1)"

✓ Done

"clicked Add quantity (2)"

✓ Done

"clicked Add quantity (3)"

✓ Done

"clicked Add quantity (4)"

✓ Done

✓ Done

"ROW COUNT WRONG: 8"

"filled 4 items: a=0.1 m2, b=0.2 m2, c=3 lm, d=4 m2"

✓ Done

"a->Building:ok b->Walls:ok c->Walls:ok d=unassigned"

✓ Done

"scrolled to report"

✓ Done

✓ Screenshot saved to proof/growth/2026-09-14-qs-report/screens/tablet-02-inputs-filled.png

"calculated"

✗ Wait timed out after 25000ms
