http://127.0.0.1:8080/

true


✓ Done

✓ Done

true

✓ Done

true

"Read-only verification armed"

✓ Done

true

{
  "impacts": 13,
  "readOnly": true,
  "readwriteTransactions": 0
}

{
  "interrupted": false
}

✓ Screenshot saved to screenshots/growth/2026-09-07-recovery-desktop.png

"Concurrent reference change injected in isolated test profile"

✓ Done

true

{
  "interrupted": false
}

✓ Screenshot saved to screenshots/growth/2026-09-07-recovery-stale.png

"Isolated test reference restored"

✓ Done

true

✓ Done

{
  "interrupted": false
}

"Mobile review layout passes"

✓ Screenshot saved to screenshots/growth/2026-09-07-recovery-mobile.png

