✓ X-Ray by Looplet
  http://tauri.localhost/

true

✓ Done

true

null

✓ Done

✓ Done

true

✓ Done

true

✓ Done

✓ Done

null

✓ Done

✓ Done

true

✓ Done

true

null

✓ Done

✓ Done

true

✓ Done

true

null

✓ Done

✓ Screenshot saved to screenshots/growth/2026-09-07-pricing/native-formula-blocked.png

✓ Done

✓ Done

true

✓ Done

✓ Done

✓ Done

✓ Done

✓ Done

✓ Done

✓ Done

✓ Done

null

✓ Done

true

✓ Done

✓ Screenshot saved to screenshots/growth/2026-09-07-pricing/native-worksheet-column-mapping.png

✓ Done

true

✓ Done

✓ Screenshot saved to screenshots/growth/2026-09-07-pricing/native-workbook-review.png

✓ Done

true

true

http://tauri.localhost/

true

✓ Done

true

{
  "books": 2,
  "jobId": "job-b5401e30-1f95-4e50-ae11-6ff6b20b1bd9",
  "source": {
    "fileName": "supplier-workbook.xlsx",
    "headerRow": 3,
    "headers": [
      "Supplier SKU",
      "Item description",
      "Measure",
      "Unit cost"
    ],
    "kind": "xlsx",
    "mapping": {
      "description": 1,
      "rate": 3,
      "stockCode": 0,
      "unit": 2
    },
    "sha256": "c950510911d6f27407841922a4ae7bd531162fe6e92f08983a4555e827f02244",
    "sizeBytes": 10253,
    "worksheet": "Civil and electrical"
  },
  "worksheet": 0
}

