✓ X-Ray by Looplet
  http://tauri.localhost/

{
  "height": 1000,
  "native": true,
  "width": 1440
}

true

✓ Done

true

null

✓ Screenshot saved to screenshots/growth/2026-09-07-sheets/native-final-before.png

✓ Done

✓ Done

✓ Done

✓ Done

true

✓ Done

✓ Done

✓ Done

✓ Done

true

✓ Done

true

"Two named discipline groups sorted; original page indices retained"

✓ Screenshot saved to screenshots/growth/2026-09-07-sheets/native-final-groups.png

✓ Done

✓ Done

true

✓ Done

✓ Done

true

null

✓ Done

✓ Done

✓ Done

null

✓ Done

✓ Done

✓ Done

✓ Done

✓ Done

✓ Done

true

{
  "bookmark": {
    "aspect": 1.4141273700842696,
    "center": {
      "x": 0.43897852721263825,
      "y": 0.4568539325842697
    },
    "createdAt": "2026-09-07T13:21:42.258Z",
    "id": "2eb2e9c6-4311-4969-9f73-48870fea09b7",
    "name": "Release drainage detail",
    "zoom": 1.5625
  },
  "identity": {
    "documentId": "document-3a0534b7-d0f3-44dd-81d5-6cfb0e3d866e",
    "importedAt": "2026-09-07T13:18:25.641Z",
    "jobId": "job-b5401e30-1f95-4e50-ae11-6ff6b20b1bd9",
    "pageCount": 13,
    "sha256": "b57956f76b5dc893ac2b28a021f3f92e345807e326d6b1f8313e373f9145ad38"
  }
}

✓ Done

true

✓ Done

✓ Done

✗ 54 elements have role "button", but none match name "Open saved view Release drainage detail". Names seen: "Backups", "Settings", "Log in", "Live assistant Drawing tools", "Collapse left menu", ...
