{
  "links": [
    "http://127.0.0.1:8080/@id/virtual:tanstack-start-dev-client-entry"
  ],
  "ready": "complete",
  "scripts": [
    {
      "src": "https://grok.com/grok-app-builder/extensions.js",
      "type": ""
    },
    {
      "src": "http://127.0.0.1:8080/@id/virtual:tanstack-start-dev-client-entry",
      "type": "module"
    }
  ]
}

✓ Screenshot saved to screenshots/growth/daily-recovery-dev-startup-stuck.png

✓ Done

{
  "buttons": [
    "<button type=\"button\" class=\"pane-tab active\">Overview</button>"
  ],
  "text": "XR\nX-RAY BY LOOPLET\nNo plans open\nOpen a plan to begin\nOverview\nSheets\nMeasure\nSketch\nComponents\nModel\nRender\nReview\nCost\nProof\nMore workbench modes are available by scrolling horizontally.\nBackups\nSettings\nLog in\nSTUDIO · evidence-first takeoff\nMODELS\nSource building\nPROJECT SHEETS\n1\nOpen plan\nFit sheet\n01 No source plan\nEVIDENCE LAYERS\nLIVE\n\nMeasurements\n0\n\nTakeoff evidence\n0\n\nReview flags\n0\n\nPROJECT OVERVIEW\nStart with your source drawing\nUNVERIFIED\n\nInspect the original sheets, establish their scale, then record your measurements and drawing evidence.\n\nORIGINAL SHEETS\n0\nNo source attached\nMEASURED RUNS\n0\nSaved measurement paths\nSKETCH TRACES\n0\nSaved drawing annotations\nPHOTO EVIDENCE\n0\nAttached evidence records\nOpen source sheets\nCalibrate and measure\nModel workspace\nReview evidence\nPlan preview unavailable\nImport a PDF, DXF or SVG plan to view its source here.\nLogs\n10\nConsole\n0\nErrors\n0\nStatus\nDevelopment\nMODEL READINESS\nCollapse\n\nTrack what the current pane can prove.\n\nVerified plan bytes\nMissing\nSource verification\nPending\nSemantic graph\nNot evidenced\nCURRENT BOUNDARY\n\nThe local presentation viewer is available. It does not prove that plan bytes, vector identities, or semantic solids are verified; those require the source-integrity and CAD/IFC contracts.\n\nON THIS SHEET\n\nOpen a source drawing to inspect its pages and evidence.\n\nLive assistant\nDrawing tools"
}
