✓ Done

✓ X-Ray by Looplet
  http://127.0.0.1:8085/

true

"reloading-with-minimax"

true

"checking"

true

"{\"provider\":\"MiniMax\",\"model\":\"MiniMax-M3\",\"stored\":\"minimax\"}"

"seeding"

true

"{\"ok\":true,\"jobId\":\"job-b9ac9b63-9213-4e65-9e27-17ff018e92e4\",\"documents\":2,\"activeDocumentId\":\"doc-ground-floor\",\"calibrations\":3}"

"already-open"

true

"binding"

true

"menu opened"

true

"clicked New chat"

"awaiting empty conversation"

true

"{\"conversationEmptyBeforeTurn\":true,\"activeId\":\"6e5c3565-b583-40d4-9d84-0b99f1298159\"}"

"{\"script\":\"10-ask-mode-deny\",\"jobId\":\"job-b9ac9b63-9213-4e65-9e27-17ff018e92e4\"}"

"mode -> ask"

"reading-mode"

true

"permission mode confirmed: ask"

"reading revision"

true

"{\"id\":\"job-b9ac9b63-9213-4e65-9e27-17ff018e92e4\",\"revision\":1,\"name\":\"New project\"}"

"composed 49 chars"

true

"baseline"

true

"sent"

"polling-permission"

true

✓ Screenshot saved to proof/growth/2026-09-16-live-assistant-rig/screenshots/10-ask-mode-prompt.png

"{\"outcome\":\"prompt\",\"toolName\":\"save_project\",\"title\":\"Save the project\",\"summary\":\"on design revision 1\",\"mode\":\"ask\"}"

"denied"

"reading revision"

true

"{\"label\":\"deny\",\"projectId\":\"job-b9ac9b63-9213-4e65-9e27-17ff018e92e4\",\"revision\":1,\"unchanged\":true}"

"awaiting final reply"

"polling-permission"

true

✓ Screenshot saved to proof/growth/2026-09-16-live-assistant-rig/screenshots/10-ask-mode-denied.png

"{\"outcome\":\"finished-without-prompt\",\"mode\":\"ask\",\"busy\":null,\"replyChars\":1648,\"reply\":\"I will read the current project state first, since the prior task was blocked on save_project.\\n\\n\\nGood — the project is hydrated and revision 1, with no recovery error. Let me attempt the save and confirm with a readback.\\n\\n\\nThe workflow selector must be chosen before the save will execute. Selecting inspect so the save has the rightcontext.\\n\\n\\nWorkflow recorded. Re-attempting the save against the current revision.\\n\\n\\n## Project save — status\\n\\n- **Project:** New project · `job-b9ac9b63-9213-4e65-9e27-17ff018e92e4` · revision 1 · pane cost · hydrated, no recovery block.\\n- **Attempted:** `save_proje\"}"

"reading revision"

true

"{\"label\":\"after deny\",\"projectId\":\"job-b9ac9b63-9213-4e65-9e27-17ff018e92e4\",\"revision\":1,\"unchanged\":true}"

"polling"

true

"{\"state\":\"done\",\"tools\":[{\"tool\":\"read_project_context\",\"failed\":false,\"text\":\"{\\\"projectId\\\":\\\"job-b9ac9b63-9213-4e65-9e27-17ff018e92e4\\\",\\\"projectName\\\":\\\"New project\\\",\\\"projectRevision\\\":1,\\\"pane\\\":\\\"cost\\\",\\\"sourcePage\\\":1,\\\"documents\\\":[{\\\"id\\\":\\\"doc-sample\\\",\\\"name\\\":\\\"No source plan\\\",\\\"kind\\\":\\\"pdf\\\",\\\"pageCount\\\":1,\\\"sha256\\\":null},{\\\"id\\\":\\\"doc-ground-floor\\\",\\\"name\\\":\\\"Ground floor plan rev C.pdf\\\",\\\"kind\\\":\"},{\"tool\":\"save_project\",\"failed\":true,\"text\":\"{\\\"status\\\":\\\"not-executed\\\",\\\"reason\\\":\\\"Workflow prerequisite missing.\\\",\\\"requestedTool\\\":\\\"save_project\\\",\\\"next\\\":{\\\"tool\\\":\\\"read_workflow_route\\\",\\\"args\\\":{\\\"expectedJobId\\\":\\\"job-b9ac9b63-9213-4e65-9e27-17ff018e92e4\\\",\\\"workflow\\\":\\\"inspect\\\"},\\\"reason\\\":\\\"Select the workflow for this requested tool. Use discussion for a \"},{\"tool\":\"read_workflow_route\",\"failed\":false,\"text\":\"{\\\"version\\\":\\\"xray.workflow/1\\\",\\\"workflow\\\":\\\"inspect\\\",\\\"steps\\\":[\\\"Read project context.\\\",\\\"Retrieve the relevant design, source sheets, attachments or evidence.\\\",\\\"Answer with source/revision and unknowns.\\\"],\\\"scope\\\":\\\"Workflow selection only; no geometry, evidence or authority changed.\\\"}\"},{\"tool\":\"save_project\",\"failed\":true,\"text\":\"The user declined this action. Nothing was changed; ask before retrying.\"}],\"denialReachedModel\":true,\"saveToolsSucceeded\":0,\"replyLength\":1648,\"error\":null}"

"{\"renderedRows\":10,\"rows\":[{\"cls\":\"assistant-chat-entry is-user\",\"chars\":60,\"head\":\"YouSave the current project so the work is not lost.10:20 AM\"},{\"cls\":\"assistant-chat-entry is-assistant\",\"chars\":111,\"head\":\"AssistantI will read the current project state first, since the prior task was blocked on save_project.10:20 AM\"},{\"cls\":\"assistant-chat-entry is-tool\",\"chars\":750,\"head\":\"read_project_contextRead the project contextpane cost · project \\\"New project\\\" · revision 1in New project · revision 1Tool result{\\\"projectId\\\":\\\"job-b9ac9b63-9213-4e65-9e27-17ff018e92\"},{\"cls\":\"assistant-chat-entry is-assistant\",\"chars\":140,\"head\":\"AssistantGood — the project is hydrated and revision 1, with no recovery error. Let me attempt the save and confirm with a readback.10:20 AM\"},{\"cls\":\"assistant-chat-entry is-tool\",\"chars\":520,\"head\":\"save_projectSaved the projectNot run: Workflow prerequisite missing. Next step: read the workflow route.in New project · revision 1Action failed — inspect details{\\\"status\\\":\\\"not-exe\"},{\"cls\":\"assistant-chat-entry is-assistant\",\"chars\":135,\"head\":\"AssistantThe workflow selector must be chosen before the save will execute. Selecting inspect so the save has the rightcontext.10:20 AM\"},{\"cls\":\"assistant-chat-entry is-tool\",\"chars\":368,\"head\":\"read_workflow_routeRead the workflow routeCompletedin New project · revision 1Tool result{\\\"version\\\":\\\"xray.workflow/1\\\",\\\"workflow\\\":\\\"inspect\\\",\\\"steps\\\":[\\\"Read project context.\\\",\\\"Retriev\"},{\"cls\":\"assistant-chat-entry is-assistant\",\"chars\":88,\"head\":\"AssistantWorkflow recorded. Re-attempting the save against the current revision.10:20 AM\"},{\"cls\":\"assistant-chat-entry is-tool\",\"chars\":231,\"head\":\"save_projectSaved the projectThe user declined this action. Nothing was changed; ask before retrying.in New project · revision 1Action failed — inspect detailsThe user declined thi\"},{\"cls\":\"assistant-chat-entry is-assistant\",\"chars\":1168,\"head\":\"AssistantProject save — statusProject: New project · job-b9ac9b63-9213-4e65-9e27-17ff018e92e4 · revision 1 · pane cost · hydrated, no recovery block.Attempted: save_project against\"}],\"planningRows\":0,\"planningHeads\":[]}"

"scrolled to top"

✓ Screenshot saved to proof/growth/2026-09-16-live-assistant-rig/screenshots/10-ask-mode-denied-top.png

