[agent-browser] launched browser
✓ Done

✓ X-Ray by Looplet
  http://127.0.0.1:8085/

true

"reloading-with-minimax"

true

"checking"

true

"{\"provider\":\"MiniMax\",\"model\":\"MiniMax-M3\",\"stored\":\"minimax\"}"

"seeding"

true

"{\"ok\":true,\"jobId\":\"job-d675c7ab-8a59-43d7-9556-19de115eb3d6\",\"documents\":2,\"activeDocumentId\":\"doc-ground-floor\",\"calibrations\":3}"

"opened"

true

"binding"

true

"menu opened"

true

"clicked New chat"

"awaiting empty conversation"

true

"{\"conversationEmptyBeforeTurn\":true,\"activeId\":\"7a6bd2b7-44b7-4a4c-909b-7361379660bb\"}"

"{\"script\":\"22-d8-ask-prompts-for-navigation\",\"jobId\":\"job-d675c7ab-8a59-43d7-9556-19de115eb3d6\"}"

"mode -> ask"

"reading-mode"

true

"permission mode confirmed: ask"

"reading pane"

true

"{\"pane\":\"cost\"}"

"reading revision"

true

"{\"id\":\"job-d675c7ab-8a59-43d7-9556-19de115eb3d6\",\"revision\":1}"

"composed 41 chars"

true

"baseline"

true

"sent"

"polling-permission"
