true

{
  "project": "job-1b0c3d86-4ecf-4be8-9297-cd9f74c616a3",
  "result": {
    "kind": "new",
    "ok": true,
    "registry": {
      "entries": [
        {
          "id": "job-9910bb47-bac5-4b9a-b3f5-7b121b7a2577",
          "name": "New project",
          "revision": 1,
          "updatedAt": "2026-09-09T13:03:11.029Z"
        },
        {
          "id": "job-17c5bac9-4750-48d1-894d-c261fc99e081",
          "name": "AB-01 Courtyard Learning Centre",
          "revision": 1,
          "updatedAt": "2026-09-09T13:04:01.269Z"
        },
        {
          "id": "job-119c74e0-1f25-489d-80e6-6b155001b112",
          "name": "AB-01 Recovery Regression",
          "revision": 1,
          "updatedAt": "2026-09-09T13:11:58.009Z"
        },
        {
          "id": "job-1b0c3d86-4ecf-4be8-9297-cd9f74c616a3",
          "name": "AB-01 Courtyard Learning Centre - fixed",
          "revision": 1,
          "updatedAt": "2026-09-09T13:13:48.149Z"
        }
      ],
      "schema": "xray.projects/v1"
    },
    "tabs": [
      "job-17c5bac9-4750-48d1-894d-c261fc99e081",
      "job-119c74e0-1f25-489d-80e6-6b155001b112",
      "job-1b0c3d86-4ecf-4be8-9297-cd9f74c616a3"
    ],
    "target": {
      "id": "job-1b0c3d86-4ecf-4be8-9297-cd9f74c616a3",
      "name": "AB-01 Courtyard Learning Centre - fixed",
      "revision": 1,
      "updatedAt": "2026-09-09T13:13:48.149Z"
    }
  }
}

true

- combobox "Current plan" [expanded=false, ref=e57]: Open a plan to begin
  - option "Open a plan to begin" [disabled, ref=e72]
  - option "📂 Open plan file (PDF, CAD, Image)…" [disabled, ref=e73]
  - option "📄 Load sample plan (Redburn BR250157 PDF)…" [disabled, ref=e74]
- button "Open" [ref=e58]
- button "Backups" [ref=e23]
- button "Settings" [ref=e24]
- button "Log in" [ref=e25]
- button "Collapse header" [expanded=true, ref=e2]
- separator "Resize header" [ref=e3] focusable [tabindex]: 54
- navigation "Panes" [ref=e13]
  - button "Overview" [ref=e26]
  - button "Sheets" [ref=e27]
  - button "Measure" [ref=e28]
  - button "Sketch" [ref=e29]
  - button "Components" [ref=e30]
  - button "Model" [ref=e31]
  - button "Render" [ref=e32]
  - button "Review" [ref=e33]
  - button "Cost" [ref=e34]
  - button "Proof" [ref=e35]
- button "Collapse navigation" [expanded=true, ref=e4]
- separator "Resize navigation" [ref=e5] focusable [tabindex]: 44
- button "Collapse workspace info" [expanded=true, ref=e6]
- separator "Resize workspace info" [ref=e7] focusable [tabindex]: 28
- heading "MODELS" [level=2, ref=e14]
- button "Source building" [ref=e15]
- heading "PROJECT SHEETS 1" [level=2, ref=e16]
- button "Open plan" [ref=e17]
- button "Fit sheet" [ref=e18]
- button "Open source page 1" [ref=e19]
- heading "EVIDENCE LAYERS LIVE" [level=2, ref=e20]
- region "Current project" [ref=e36]
  - heading "AB-01 Courtyard Learning Centre - fixed" [level=2, ref=e59]
  - button "Rename project" [ref=e60]
- region "Manage source sheets" [ref=e37]
  - heading "Sheet register" [level=2, ref=e61]
  - button "Reload list" [ref=e62]
- heading "Your drawing starts here" [level=1, ref=e38]
- region "Open a drawing" [ref=e39]
  - heading "Open a drawing" [level=2, ref=e63]
  - button "Choose a file" [ref=e64]
- generic "Logs14Console0Errors0StatusDevelopment" [ref=e40] clickable [onclick]
  - separator "Resize bottom panel" [ref=e65] focusable [tabindex]: 22
  - tab "Logs 14" [ref=e68]
  - tab "Console 0" [ref=e69]
  - tab "Errors 0" [ref=e70]
  - tab "Status" [selected, ref=e71]
  - button "Expand workspace diagnostics" [expanded=false, ref=e66]
- separator "Resize left menu" [ref=e8] focusable [tabindex]: 260
- button "Collapse left menu" [expanded=true, ref=e9]
- separator "Resize right menu" [ref=e10] focusable [tabindex]: 400
- button "Collapse right menu" [expanded=true, ref=e11]
- button "Exit assistant mode" [ref=e1]
- region "Drawing assistant panel" [ref=e12]
  - button "Move live assistant" [ref=e41]
  - button "Assistant settings" [expanded=false, ref=e42]
  - button "Undock from the right menu" [ref=e43]
  - button "Collapse live assistant" [ref=e44]
  - button "Open canvas" [ref=e21]
  - button "Summarise this sheet" [ref=e45]
  - button "Find the site plan" [ref=e46]
  - button "What can you do here?" [ref=e47]
  - button "Describe the current view" [ref=e48]
  - button "Close project tab" [ref=e22]
  - tab "AB-01 Courtyard Learning Centre" [ref=e49]
  - tab "AB-01 Recovery Regression" [ref=e50]
  - tab "AB-01 Courtyard Learning Centre - fixed" [selected, ref=e51]
  - radio "Ask before edits" [checked=false, ref=e52]
  - radio "Edit freely" [checked=true, ref=e53]
  - radio "Read only" [checked=false, ref=e54]
  - textbox "Message live assistant" [ref=e55]
  - button "Add to assistant" [expanded=false, ref=e67]
  - button "Send assistant message" [disabled, ref=e56]
