[agent-browser] launched browser
✓ X-Ray by Looplet
  http://127.0.0.1:8086/

✓ Done

true

✓ Done

true

null

✓ Done

✓ Done

true

✓ Done

true

✓ Done

✓ Done

null

✓ Done

✓ Done

true

✓ Done

true

null

✓ Done

✓ Done

true

✓ Done

true

null

✓ Done

✓ Screenshot saved to screenshots/growth/2026-09-07-pricing/production-formula-blocked.png

✓ Done

✓ Done

true

✓ Done

✓ Done

✓ Done

✓ Done

✓ Done

✓ Done

✓ Done

✓ Done

null

✓ Done

true

✓ Done

✓ Screenshot saved to screenshots/growth/2026-09-07-pricing/production-worksheet-column-mapping.png

✓ Done

true

✓ Done

✓ Screenshot saved to screenshots/growth/2026-09-07-pricing/production-workbook-review.png

✓ Done

true

true

http://127.0.0.1:8086/

true

✓ Done

true

{
  "books": 2,
  "jobId": "job-d27276cc-b473-44f4-b0ec-9f4ec7fa6ced",
  "source": {
    "fileName": "supplier-workbook.xlsx",
    "headerRow": 3,
    "headers": [
      "Supplier SKU",
      "Item description",
      "Measure",
      "Unit cost"
    ],
    "kind": "xlsx",
    "mapping": {
      "description": 1,
      "rate": 3,
      "stockCode": 0,
      "unit": 2
    },
    "sha256": "c950510911d6f27407841922a4ae7bd531162fe6e92f08983a4555e827f02244",
    "sizeBytes": 10253,
    "worksheet": "Civil and electrical"
  },
  "worksheet": 0
}

