http://tauri.localhost/

true

✓ Done

true

{
  "bytes": 817,
  "name": "New project",
  "revision": 1
}

✓ Screenshot saved to screenshots/growth/2026-09-09-az5-release/native-saves-v2-s1-01-before.png

✓ Done

true

✓ Done

{
  "bytes": 827,
  "foreignRevision": 2
}

✓ Done

true

{
  "renameGuard": "refused-before-store-write",
  "storedEqualsForeign": true,
  "visibleName": "New project"
}

✓ Screenshot saved to screenshots/growth/2026-09-09-az5-release/native-saves-v2-s1-02-rename-guard.png

✓ Done

✓ Done

true

✓ Done

✓ Done

true

{
  "alert": "A newer revision of this project was saved by another window. This window's change was not written so the newer revision is preserved. Reload the latest revision to continue, or download this window's unsaved revision first.",
  "buttons": [
    {
      "height": 44,
      "text": "Reload latest revision",
      "width": 139
    },
    {
      "height": 44,
      "text": "Download unsaved revision from this window",
      "width": 266
    },
    {
      "height": 44,
      "text": "Download saved project record",
      "width": 190
    }
  ],
  "storedBytes": 827,
  "storedEqualsForeign": true,
  "viewport": [
    1440,
    900
  ]
}

✓ Screenshot saved to screenshots/growth/2026-09-09-az5-release/native-saves-v2-s1-03-stale-notice.png

✓ Done

true

✓ Done

true

{
  "status": "Project record saved on this device · revision 2",
  "storedEqualsForeign": true,
  "visibleName": "Other window revision"
}

✓ Screenshot saved to screenshots/growth/2026-09-09-az5-release/native-saves-v2-s1-04-reloaded.png

