[agent-browser] launched browser
✓ X-Ray by Looplet
  http://127.0.0.1:8090/

✓ Done

true

"cleared"

✓ Done

true

✓ Done

true

✓ Done

true

true

✓ Done

true

true

"{\"label\":\"AFTER tablet 1024x768\",\"viewport\":[1024,768],\"stage\":{\"left\":0,\"width\":1024},\"dock\":{\"left\":8,\"top\":537,\"width\":520,\"height\":95,\"bottom\":632},\"rows\":[44,45],\"dockX\":\"8\",\"tools\":\"closed\",\"controls\":12,\"minHit\":44,\"faceHeights\":[28,30],\"scrubberWidth\":107,\"dockScroll\":[518,518],\"docScrollWidth\":1024,\"stored\":null}"

✓ Screenshot saved to screenshots/growth/2026-09-09-draftsman-dock/after-tablet-1024x768.png

✓ Done

✓ Done

✓ Done

✓ Done

✓ Done

✓ Done

"{\"step\":\"tablet drag +300 tracks pointer 1:1\",\"dockX\":308,\"renderedLeft\":308,\"gapToStageRight\":196,\"stored\":\"{\\\"v\\\":1,\\\"x\\\":308}\",\"focusOnGrip\":true}"

✓ Done

✓ Done

✓ Done

✓ Done

✓ Done

✓ Done

"{\"step\":\"tablet drag another +300 clamps at right edge\",\"dockX\":496,\"renderedLeft\":496,\"gapToStageRight\":8,\"stored\":\"{\\\"v\\\":1,\\\"x\\\":496}\",\"focusOnGrip\":true}"

✓ Screenshot saved to screenshots/growth/2026-09-09-draftsman-dock/after-tablet-drag-right-clamped.png

✓ Done

✓ Done

✓ Done

✓ Done

✓ Done

✓ Done

"{\"step\":\"tablet drag -600 clamps at left edge\",\"dockX\":8,\"renderedLeft\":8,\"gapToStageRight\":496,\"stored\":\"{\\\"v\\\":1,\\\"x\\\":8}\",\"focusOnGrip\":true}"

✓ Screenshot saved to screenshots/growth/2026-09-09-draftsman-dock/after-tablet-drag-left-clamped.png

✓ Done

✓ Done

"{\"step\":\"tablet ArrowRight\",\"dockX\":24,\"renderedLeft\":24,\"gapToStageRight\":480,\"stored\":\"{\\\"v\\\":1,\\\"x\\\":24}\",\"focusOnGrip\":true}"

✓ Done

"{\"step\":\"tablet End\",\"dockX\":496,\"renderedLeft\":496,\"gapToStageRight\":8,\"stored\":\"{\\\"v\\\":1,\\\"x\\\":496}\",\"focusOnGrip\":true}"

✓ Done

"{\"step\":\"tablet Home\",\"dockX\":8,\"renderedLeft\":8,\"gapToStageRight\":496,\"stored\":\"{\\\"v\\\":1,\\\"x\\\":8}\",\"focusOnGrip\":true}"

✓ Done

✓ Done

✓ Done

"{\"step\":\"tablet ArrowRight x3 before reload\",\"dockX\":56,\"renderedLeft\":56,\"gapToStageRight\":448,\"stored\":\"{\\\"v\\\":1,\\\"x\\\":56}\",\"focusOnGrip\":true}"

✓ Screenshot saved to screenshots/growth/2026-09-09-draftsman-dock/after-tablet-grip-focus-x56.png

http://127.0.0.1:8090/

true

✓ Done

true

✓ Done

true

✓ Done

true

true

✓ Done

true

true

"{\"step\":\"tablet reload persistence\",\"dockX\":56,\"renderedLeft\":56,\"gapToStageRight\":448,\"stored\":\"{\\\"v\\\":1,\\\"x\\\":56}\",\"focusOnGrip\":false}"

✓ Done

true

"{\"label\":\"AFTER tablet tools strip open\",\"viewport\":[1024,768],\"stage\":{\"left\":0,\"width\":1024},\"dock\":{\"left\":56,\"top\":428,\"width\":520,\"height\":194,\"bottom\":622},\"rows\":[44,45,99],\"dockX\":\"56\",\"tools\":\"open\",\"controls\":19,\"minHit\":44,\"faceHeights\":[26,30],\"scrubberWidth\":107,\"dockScroll\":[518,518],\"docScrollWidth\":1024,\"stored\":\"{\\\"v\\\":1,\\\"x\\\":56}\"}"

✓ Screenshot saved to screenshots/growth/2026-09-09-draftsman-dock/after-tablet-tools-open.png

