✓ X-Ray by Looplet
  http://127.0.0.1:8080/

{
  "hydration": "idle",
  "ready": "complete",
  "title": "X-Ray by Looplet",
  "url": "http://127.0.0.1:8080/"
}

true

{
  "hydration": "ready",
  "panes": [
    "Overview",
    "Sheets",
    "Measure",
    "Sketch",
    "Components",
    "Model",
    "Render",
    "Review",
    "Cost",
    "Proof"
  ]
}

[debug] [vite] connecting...
[debug] [vite] connected.
[info] %cDownload the React DevTools for a better development experience: https://react.dev/link/react-devtools font-weight:bold
[debug] [vite] connecting...
[debug] [vite] connected.
[info] %cDownload the React DevTools for a better development experience: https://react.dev/link/react-devtools font-weight:bold

