✓ Done

null

{
  "draw": {
    "content": [
      {
        "text": "Finish or cancel the current drawing gesture before applying assistant edits.",
        "type": "text"
      }
    ],
    "isError": true
  },
  "navigation": {
    "content": [
      {
        "text": "Finish or cancel the current architectural draft before leaving Sketch.",
        "type": "text"
      }
    ],
    "isError": true
  }
}

✓ Screenshot saved to screenshots/growth/local-app-tools-pending-gesture-preserved.png

null

✓ Done

{
  "content": [
    {
      "text": "Design save could not be verified. Reload the saved design before editing; the open design has been retained.",
      "type": "text"
    }
  ],
  "isError": true
}

null

true

{
  "blocked": false,
  "lines": 2,
  "revision": 6
}


[debug] [vite] connecting...
[debug] [vite] connected.
[info] %cDownload the React DevTools for a better development experience: https://react.dev/link/react-devtools font-weight:bold
[warning] THREE.WebGLShadowMap: PCFSoftShadowMap has been deprecated. Using PCFShadowMap instead.
[warning] THREE.WebGLShadowMap: PCFSoftShadowMap has been deprecated. Using PCFShadowMap instead.
[warning] THREE.WebGLShadowMap: PCFSoftShadowMap has been deprecated. Using PCFShadowMap instead.
[warning] THREE.WebGLShadowMap: PCFSoftShadowMap has been deprecated. Using PCFShadowMap instead.
