✓ Done

✓ X-Ray by Looplet
  http://127.0.0.1:8085/

true

true

"{\"jobId\":\"job-sc01-proof\",\"replacedJobId\":\"job-sc01-proof\",\"seeded\":18047}"

✓ X-Ray by Looplet
  http://127.0.0.1:8085/

true

true

"design"

true

"workspace"

true

"expanded the preview"

true

"scrolled to the first issue row"

"{\"rows\":2,\"issues\":[{\"status\":\"CURRENT\",\"seal\":\"Cryptographically Sealed (SHA-256 Verified)\",\"sealClass\":\"alteration-seal-badge seal-verified\",\"hashShown\":\"a8a3f451c4725757…\",\"supersededBy\":\"\"},{\"status\":\"SUPERSEDED\",\"seal\":\"Cryptographically Sealed (SHA-256 Verified)\",\"sealClass\":\"alteration-seal-badge seal-verified\",\"hashShown\":\"ca9028063897669e…\",\"supersededBy\":\"Superseded by Revision B on 18/09/2026, 9:30:00 am.\"}],\"stored\":[{\"id\":\"issue-sc01-rev-a\",\"status\":\"superseded\",\"sourceSha256\":\"ca9028063897669ea5a31a50b2309f99e64b56c41f3e5e0e5c89bcc57a8aa984\",\"deliveryHash\":\"ca9028063897669ea5a31a50b2309f99e64b56c41f3e5e0e5c89bcc57a8aa984\",\"deliveryState\":\"issued-deliverable\",\"deliveryStatus\":\"superseded\",\"supersededAt\":\"2026-09-17T23:30:00.000Z\",\"deliverySupersededAt\":\"2026-09-17T23:30:00.000Z\"},{\"id\":\"issue-sc01-rev-b\",\"status\":\"current\",\"sourceSha256\":\"a8a3f451c4725757b0803b88071e0be09cc2eb2d0f8afb4f283906a22778a408\",\"deliveryHash\":\"a8a3f451c4725757b0803b88071e0be09cc2eb2d0f8afb4f283906a22778a408\",\"deliveryState\":\"issued-deliverable\",\"deliveryStatus\":\"active\",\"supersededAt\":null,\"deliverySupersededAt\":null}],\"everySealMatches\":true,\"everySealShownIsStored\":true,\"overflow\":false,\"bodyBg\":\"rgb(235, 228, 212)\"}"

✓ Screenshot saved to C:/Users/danie/repo/xray-by-looplet/screenshots/growth/sc01/sc01-sealed-issues-desktop-1600x1000.png

"{\"rowTop\":493,\"rowBottom\":650,\"viewport\":1000}"

✓ Screenshot saved to C:/Users/danie/repo/xray-by-looplet/screenshots/growth/sc01/sc01-issue-row-desktop.png

✓ Done

"scrolled"

"{\"rows\":2,\"issues\":[{\"status\":\"CURRENT\",\"seal\":\"Cryptographically Sealed (SHA-256 Verified)\",\"sealClass\":\"alteration-seal-badge seal-verified\",\"hashShown\":\"a8a3f451c4725757…\",\"supersededBy\":\"\"},{\"status\":\"SUPERSEDED\",\"seal\":\"Cryptographically Sealed (SHA-256 Verified)\",\"sealClass\":\"alteration-seal-badge seal-verified\",\"hashShown\":\"ca9028063897669e…\",\"supersededBy\":\"Superseded by Revision B on 18/09/2026, 9:30:00 am.\"}],\"stored\":[{\"id\":\"issue-sc01-rev-a\",\"status\":\"superseded\",\"sourceSha256\":\"ca9028063897669ea5a31a50b2309f99e64b56c41f3e5e0e5c89bcc57a8aa984\",\"deliveryHash\":\"ca9028063897669ea5a31a50b2309f99e64b56c41f3e5e0e5c89bcc57a8aa984\",\"deliveryState\":\"issued-deliverable\",\"deliveryStatus\":\"superseded\",\"supersededAt\":\"2026-09-17T23:30:00.000Z\",\"deliverySupersededAt\":\"2026-09-17T23:30:00.000Z\"},{\"id\":\"issue-sc01-rev-b\",\"status\":\"current\",\"sourceSha256\":\"a8a3f451c4725757b0803b88071e0be09cc2eb2d0f8afb4f283906a22778a408\",\"deliveryHash\":\"a8a3f451c4725757b0803b88071e0be09cc2eb2d0f8afb4f283906a22778a408\",\"deliveryState\":\"issued-deliverable\",\"deliveryStatus\":\"active\",\"supersededAt\":null,\"deliverySupersededAt\":null}],\"everySealMatches\":true,\"everySealShownIsStored\":true,\"overflow\":false,\"bodyBg\":\"rgb(235, 228, 212)\"}"

✓ Screenshot saved to C:/Users/danie/repo/xray-by-looplet/screenshots/growth/sc01/sc01-sealed-issues-tablet-1024x768.png

