{
  "calls": [
    "read_project_contextRunning read_project_context…Running read_project_context…",
    "read_project_contextTool result{\"projectId\":\"job-468f1f18-85bb-4a06-8cfc-9a96ff9e2e5b\",\"projectName\":\"New project\",\"projectRevision\":2,\"pane",
    "read_source_sheetsRunning read_source_sheets…Running read_source_sheets…",
    "read_source_sheetsTool result{\"available\":true,\"documentId\":\"document-78cd476d-677f-4bdf-9b96-a8f53a3e8470\",\"sourceName\":\"21-08-26_Redburn_B",
    "manage_source_sheetRunning manage_source_sheet…Running manage_source_sheet…",
    "manage_source_sheetTool result{\"documentId\":\"document-78cd476d-677f-4bdf-9b96-a8f53a3e8470\",\"action\":\"rename\",\"pageIndex\":2,\"originalPage\":3",
    "manage_source_sheetRunning manage_source_sheet…Running manage_source_sheet…",
    "manage_source_sheetTool result{\"documentId\":\"document-78cd476d-677f-4bdf-9b96-a8f53a3e8470\",\"action\":\"archive\",\"pageIndex\":11,\"originalPage\"",
    "read_takeoff_evidenceRunning read_takeoff_evidence…Running read_takeoff_evidence…",
    "read_takeoff_evidenceTool result{\"projectId\":\"job-468f1f18-85bb-4a06-8cfc-9a96ff9e2e5b\",\"projectRevision\":2,\"activeDocument\":{\"id\":\"document",
    "read_price_booksRunning read_price_books…Running read_price_books…",
    "read_price_booksTool result{\"jobId\":\"job-468f1f18-85bb-4a06-8cfc-9a96ff9e2e5b\",\"libraryRevision\":0,\"blocked\":false,\"error\":null,\"books\":[],\"",
    "read_project_contextRunning read_project_context…Running read_project_context…",
    "read_project_contextTool result{\"projectId\":\"job-468f1f18-85bb-4a06-8cfc-9a96ff9e2e5b\",\"projectName\":\"New project\",\"projectRevision\":2,\"pane",
    "capture_project_backupRunning capture_project_backup…Running capture_project_backup…",
    "capture_project_backupTool result{\"saved\":true,\"verified\":true,\"backupId\":\"99618c12-3e75-441e-82c2-7767ef8ae955\",\"name\":\"Assistant checkpoin"
  ],
  "error": "Paused after eight assistant steps. Completed actions are retained; send another message to continue."
}

"edits allowed for the continuation"

✓ Done

✓ Done

true

{
  "errors": [],
  "reply": "AssistantHere is the status and summary of the completed steps for project `job-468f1f18-85bb-4a06-8cfc-9a96ff9e2e5b`:\n\n### 1. Sheet Organisation\n- **Original Page 3 (Sheet index 2):** Renamed to **\"Ground floor plan\"** with discipline set to **Architecture** (Verified).\n- **Original Page 12 (Sheet index 11):** **Archived** (Verified). Original drawing bytes, calibrations, and annotations remain preserved.\n\n---\n\n### 2. Takeoff Readiness Blockers\nCurrently, takeoff cannot proceed due to the following unresolved blockers:\n- **`calibration`**: Confirm and lock the drawing scale for sheet 1 (all sheets currently have unverified calibrations with confidence 0).\n- **`runs`**: Trace at least one takeoff run (no measured traces exist yet).\n\n---\n\n### 3. Price Books\n- **Existing Price Books:** **None** (0 price books imported, 0 priced worksheet lines).\n\n---\n\n### 4. Workspace Backup\n- **Backup Name:** `Assistant checkpoint`\n- **Backup ID:** `99618c12-3e75-441e-82c2-7767ef8ae955`\n- **Status:** Saved and readback-verified locally (includes project record, BOM, architecture, components, sheet metadata, and original plan set; SHA-256: `dd389eaf...`).",
  "tools": [
    "read_project_contextRunning read_project_context…Running read_project_context…",
    "read_project_contextTool result{\"projectId\":\"job-468f1f18-85bb-4a06-8cfc-9a96ff9e2e5b\",\"projectName\":\"New project\",\"projectRevision\":2,\"pane\":\"sheets\",\"sourcePa",
    "read_source_sheetsRunning read_source_sheets…Running read_source_sheets…",
    "read_source_sheetsTool result{\"available\":true,\"documentId\":\"document-78cd476d-677f-4bdf-9b96-a8f53a3e8470\",\"sourceName\":\"21-08-26_Redburn_BR250157_Prelim_Counc",
    "manage_source_sheetRunning manage_source_sheet…Running manage_source_sheet…",
    "manage_source_sheetTool result{\"documentId\":\"document-78cd476d-677f-4bdf-9b96-a8f53a3e8470\",\"action\":\"rename\",\"pageIndex\":2,\"originalPage\":3,\"before\":{\"name\":\"S",
    "manage_source_sheetRunning manage_source_sheet…Running manage_source_sheet…",
    "manage_source_sheetTool result{\"documentId\":\"document-78cd476d-677f-4bdf-9b96-a8f53a3e8470\",\"action\":\"archive\",\"pageIndex\":11,\"originalPage\":12,\"before\":{\"name\"",
    "read_takeoff_evidenceRunning read_takeoff_evidence…Running read_takeoff_evidence…",
    "read_takeoff_evidenceTool result{\"projectId\":\"job-468f1f18-85bb-4a06-8cfc-9a96ff9e2e5b\",\"projectRevision\":2,\"activeDocument\":{\"id\":\"document-78cd476d-677f-4bdf-",
    "read_price_booksRunning read_price_books…Running read_price_books…",
    "read_price_booksTool result{\"jobId\":\"job-468f1f18-85bb-4a06-8cfc-9a96ff9e2e5b\",\"libraryRevision\":0,\"blocked\":false,\"error\":null,\"books\":[],\"worksheetLines\":0,\"s",
    "read_project_contextRunning read_project_context…Running read_project_context…",
    "read_project_contextTool result{\"projectId\":\"job-468f1f18-85bb-4a06-8cfc-9a96ff9e2e5b\",\"projectName\":\"New project\",\"projectRevision\":2,\"pane\":\"sheets\",\"sourcePa",
    "capture_project_backupRunning capture_project_backup…Running capture_project_backup…",
    "capture_project_backupTool result{\"saved\":true,\"verified\":true,\"backupId\":\"99618c12-3e75-441e-82c2-7767ef8ae955\",\"name\":\"Assistant checkpoint\",\"storedAt\":\"2026-"
  ]
}

{
  "lifecycleRevision": 2,
  "manageCalls": 2,
  "page12": {
    "archived": true,
    "name": "Sheet 12",
    "pageIndex": 11
  },
  "page3": {
    "archived": false,
    "discipline": "Architecture",
    "name": "Ground floor plan",
    "pageIndex": 2
  }
}

true

✓ Screenshot saved to screenshots/growth/2026-09-09-az4-release/prod-workbench-desktop-02-after-assistant.png

{
  "backups": 1,
  "found": {
    "jobId": "job-468f1f18-85bb-4a06-8cfc-9a96ff9e2e5b",
    "jobRevision": 2,
    "name": "Assistant checkpoint",
    "plans": 1,
    "sha256": "dd389eafbab922c03711be83d64bfd1fdb5528e056bedb6f17991bf367e8e5da",
    "sizeBytes": 9357066
  }
}

✓ Done

true

✓ Screenshot saved to screenshots/growth/2026-09-09-az4-release/prod-workbench-desktop-03-backups.png

