✓ X-Ray by Looplet
  http://127.0.0.1:8096/

✓ Done

true

✓ Done

true

"opened"

true

{
  "before": {
    "levels": 3,
    "revision": 2,
    "walls": 12
  },
  "viewport": [
    1024,
    768
  ]
}

true

✓ Screenshot saved to screenshots/growth/2026-09-09-az4-release/prod-wireframe-tablet-01-wireframe-3d.png

true

"panel"

✓ Done

✓ Done

true

"edits allowed"

✓ Done

✓ Done

true

{
  "reply": "AssistantThe storey addition was applied to the design and then immediately reverted using `undo_architect_change`. \n\n### Summary of Actions & State\n1. **Initial State (Revision 2):** 3 levels (`Ground`, `Level 2`, `Level 3`).\n2. **Added Storey (Revision 3):** Extruded a 20 m × 12 m storey on top of Level 3.\n3. **Undo Operation (Revision 4):** Reverted the extrusion change.\n\n**Final level count:** **3** (`Ground`, `Level 2`, `Level 3`).",
  "tools": [
    "read_project_contextRunning read_project_context…Running read_project_context…",
    "read_project_contextTool result{\"projectId\":\"job-468f1f18-85bb-4a06-8cfc-9a96ff9e2e5b\",\"projectName\":\"New project\",\"proj",
    "read_architect_designRunning read_architect_design…Running read_architect_design…",
    "read_architect_designTool result{\"project\":{\"schema\":\"xray.architect/v1\",\"id\":\"job-468f1f18-85bb-4a06-8cfc-9a96ff9e2e5b\"",
    "read_workbench_structureRunning read_workbench_structure…Running read_workbench_structure…",
    "read_workbench_structureTool result{\"units\":{\"architecturalDesign\":\"mm\",\"sourceBuilding\":\"m\",\"sourceSheets\":\"PDF page pi",
    "draw_architect_elementsRunning draw_architect_elements…Running draw_architect_elements…",
    "draw_architect_elementsTool result{\"projectId\":\"job-468f1f18-85bb-4a06-8cfc-9a96ff9e2e5b\",\"designRevision\":3,\"saved\":tru",
    "undo_architect_changeRunning undo_architect_change…Running undo_architect_change…",
    "undo_architect_changeTool result{\"projectId\":\"job-468f1f18-85bb-4a06-8cfc-9a96ff9e2e5b\",\"designRevision\":4,\"undone\":true",
    "read_architect_designRunning read_architect_design…Running read_architect_design…",
    "read_architect_designTool result{\"project\":{\"schema\":\"xray.architect/v1\",\"id\":\"job-468f1f18-85bb-4a06-8cfc-9a96ff9e2e5b\""
  ]
}

{
  "after": {
    "levels": 3,
    "revision": 4,
    "walls": 12
  },
  "drew": true,
  "uiRevision": "4",
  "undid": true
}

✓ Screenshot saved to screenshots/growth/2026-09-09-az4-release/prod-wireframe-tablet-02-after-add-and-undo.png

