{
  "projectId": "job-dceb324e-fdfe-46cb-ad54-cae194255e82"
}

{
  "authorizations": 6,
  "checks": {
    "durableJournal": true,
    "mutationReadback": true,
    "permissionPreserved": true,
    "preflightBeforePermission": true,
    "prematureFinal": true,
    "workspaceRecovery": true
  },
  "events": [
    {
      "kind": "intake",
      "sequence": 1
    },
    {
      "kind": "workflow-action-deferred",
      "sequence": 2
    },
    {
      "kind": "tool-intent",
      "sequence": 3
    },
    {
      "kind": "tool-result",
      "sequence": 4
    },
    {
      "kind": "tool-intent",
      "sequence": 5
    },
    {
      "kind": "tool-result",
      "sequence": 6
    },
    {
      "kind": "workflow-action-deferred",
      "sequence": 7
    },
    {
      "kind": "tool-intent",
      "sequence": 8
    },
    {
      "kind": "tool-result",
      "sequence": 9
    },
    {
      "kind": "tool-intent",
      "sequence": 10
    },
    {
      "kind": "tool-result",
      "sequence": 11
    },
    {
      "kind": "tool-intent",
      "sequence": 12
    },
    {
      "kind": "tool-result",
      "sequence": 13
    },
    {
      "kind": "workflow-action-deferred",
      "sequence": 14
    },
    {
      "kind": "workflow-incomplete",
      "sequence": 15
    },
    {
      "kind": "tool-intent",
      "sequence": 16
    },
    {
      "kind": "tool-result",
      "sequence": 17
    },
    {
      "kind": "tool-permission-refused",
      "sequence": 18
    },
    {
      "kind": "task-checkpoint",
      "sequence": 19
    }
  ],
  "executions": 6,
  "packetId": "347ffb9d-ece2-4291-96eb-16dc35953414",
  "projectId": "job-dceb324e-fdfe-46cb-ad54-cae194255e82",
  "revision": 2,
  "route": {
    "captureView": null,
    "captured": null,
    "context": "[\"job-dceb324e-fdfe-46cb-ad54-cae194255e82\",1,\"[\\\"doc-sample\\\",[{\\\"id\\\":\\\"doc-sample\\\",\\\"name\\\":\\\"No source plan\\\",\\\"sha256\\\":null,\\\"revision\\\":null,\\\"informationStatus\\\":\\\"unknown\\\",\\\"purpose\\\":null,\\\"discipline\\\":null,\\\"origin\\\":\\\"sample\\\"}]]\",0]",
    "designChanged": true,
    "designRead": "[\"job-dceb324e-fdfe-46cb-ad54-cae194255e82\",2]",
    "evidenceChanged": false,
    "evidenceRead": null,
    "exported": false,
    "failure": "edit_architect_elements: User declined this edit.",
    "mounted": null,
    "mutationCount": 1,
    "rendered": false,
    "sceneSha256": null,
    "selected": "architecture",
    "sheetsRead": null,
    "version": "xray.workflow/1"
  },
  "wallCount": 1
}

