✓ Done

✓ Done

true

"Capture refusal armed for this QA canvas"

✓ Done

true

"Await settled Fly telemetry"

true

"Drag-look check ready"

"Dragged 100px right"

true

✓ Screenshot saved to screenshots/growth/nav-production-049-final-fly-drag.png

"Original capture API restored"

✓ Done

true

true

{
  "settledAtFrame": 5005
}

true

{
  "actualCamera": {
    "capture": "locked",
    "mode": "fly",
    "pitch": 0,
    "position": [
      10.206,
      3.4200000000000004,
      15.5305
    ],
    "speed": 0,
    "yaw": 0.3517952083868698
  },
  "mode": "fly",
  "ready": true,
  "selector": ".building-canvas canvas"
}

{
  "capture": "locked",
  "mode": "fly",
  "pitch": 0,
  "position": [
    10.206,
    3.4200000000000004,
    15.5305
  ],
  "speed": 0,
  "yaw": 0.3517952083868698
}

true

✓ Screenshot saved to screenshots/growth/nav-production-049-final-fly-before.png

{
  "before": {
    "capture": "locked",
    "mode": "fly",
    "pitch": 0,
    "position": [
      10.206,
      3.4200000000000004,
      15.5305
    ],
    "speed": 0,
    "yaw": 0.3517952083868698
  },
  "code": "KeyW"
}

true

{
  "observed": {
    "capture": "locked",
    "mode": "fly",
    "pitch": 0,
    "position": [
      10.076094333870566,
      3.4200000000000004,
      15.176595558313016
    ],
    "speed": 4.833939350054208,
    "yaw": 0.3517952083868698
  },
  "released": "KeyW"
}

true

{
  "after": {
    "capture": "locked",
    "mode": "fly",
    "pitch": 0,
    "position": [
      9.9230072139887,
      3.4200000000000004,
      14.759537447566098
    ],
    "speed": 0.001925945497411896,
    "yaw": 0.3517952083868698
  },
  "before": {
    "capture": "locked",
    "mode": "fly",
    "pitch": 0,
    "position": [
      10.206,
      3.4200000000000004,
      15.5305
    ],
    "speed": 0,
    "yaw": 0.3517952083868698
  },
  "code": "KeyW",
  "delta": [
    -0.28299278601129885,
    0,
    -0.7709625524339021
  ],
  "distance": 0.8212601135997255,
  "horizontalForwardDot": 0.8212601135997255,
  "rightDot": 1.054711873393899e-15,
  "signedCameraDot": 0.8212601135997255
}

{
  "before": {
    "capture": "locked",
    "mode": "fly",
    "pitch": 0,
    "position": [
      9.9230072139887,
      3.4200000000000004,
      14.759537447566098
    ],
    "speed": 0.001925945497411896,
    "yaw": 0.3517952083868698
  },
  "code": "KeyS"
}

true

{
  "observed": {
    "capture": "locked",
    "mode": "fly",
    "pitch": 0,
    "position": [
      10.051609248321396,
      3.4200000000000004,
      15.10989038070895
    ],
    "speed": 4.818123587472007,
    "yaw": 0.3517952083868698
  },
  "released": "KeyS"
}

true

{
  "after": {
    "capture": "locked",
    "mode": "fly",
    "pitch": 0,
    "position": [
      10.204114997253445,
      3.4200000000000004,
      15.525364651677815
    ],
    "speed": 0.0022549771368888453,
    "yaw": 0.3517952083868698
  },
  "before": {
    "capture": "locked",
    "mode": "fly",
    "pitch": 0,
    "position": [
      9.9230072139887,
      3.4200000000000004,
      14.759537447566098
    ],
    "speed": 0.001925945497411896,
    "yaw": 0.3517952083868698
  },
  "code": "KeyS",
  "delta": [
    0.2811077832647424,
    0,
    0.7658272041117193
  ],
  "distance": 0.8157897353911672,
  "horizontalForwardDot": -0.8157897353911672,
  "rightDot": 2.4424906541753444e-15,
  "signedCameraDot": 0.8157897353911672
}

{
  "before": {
    "capture": "locked",
    "mode": "fly",
    "pitch": 0,
    "position": [
      10.204114997253445,
      3.4200000000000004,
      15.525364651677815
    ],
    "speed": 0.0022549771368888453,
    "yaw": 0.3517952083868698
  },
  "code": "KeyA"
}

true

{
  "observed": {
    "capture": "locked",
    "mode": "fly",
    "pitch": 0,
    "position": [
      9.853201969054645,
      3.4200000000000004,
      15.654324309051225
    ],
    "speed": 4.820903970123497,
    "yaw": 0.3517952083868698
  },
  "released": "KeyA"
}

true

{
  "after": {
    "capture": "locked",
    "mode": "fly",
    "pitch": 0,
    "position": [
      9.43750525654652,
      3.4200000000000004,
      15.806980397241029
    ],
    "speed": 0.0022585358178389223,
    "yaw": 0.3517952083868698
  },
  "before": {
    "capture": "locked",
    "mode": "fly",
    "pitch": 0,
    "position": [
      10.204114997253445,
      3.4200000000000004,
      15.525364651677815
    ],
    "speed": 0.0022549771368888453,
    "yaw": 0.3517952083868698
  },
  "code": "KeyA",
  "delta": [
    -0.7666097407069223,
    0,
    0.2816157455632098
  ],
  "distance": 0.8166994077969307,
  "horizontalForwardDot": -0.0002072031700047217,
  "rightDot": -0.8166993815123798,
  "signedCameraDot": 0.8166993815123798
}

{
  "before": {
    "capture": "locked",
    "mode": "fly",
    "pitch": 0,
    "position": [
      9.43750525654652,
      3.4200000000000004,
      15.806980397241029
    ],
    "speed": 0.0022585358178389223,
    "yaw": 0.3517952083868698
  },
  "code": "KeyD"
}

true

{
  "observed": {
    "capture": "locked",
    "mode": "fly",
    "pitch": 0,
    "position": [
      9.789326809359247,
      3.4200000000000004,
      15.677839307329815
    ],
    "speed": 4.824556079702312,
    "yaw": 0.3517952083868698
  },
  "released": "KeyD"
}

true

{
  "after": {
    "capture": "locked",
    "mode": "fly",
    "pitch": 0,
    "position": [
      10.205428572044456,
      3.4200000000000004,
      15.525103238624878
    ],
    "speed": 0.0022625081647928763,
    "yaw": 0.3517952083868698
  },
  "before": {
    "capture": "locked",
    "mode": "fly",
    "pitch": 0,
    "position": [
      9.43750525654652,
      3.4200000000000004,
      15.806980397241029
    ],
    "speed": 0.0022585358178389223,
    "yaw": 0.3517952083868698
  },
  "code": "KeyD",
  "delta": [
    0.767923315497935,
    0,
    -0.28187715861614926
  ],
  "distance": 0.818022585895313,
  "horizontalForwardDot": -3.0217311652869234e-8,
  "rightDot": 0.8180225858953125,
  "signedCameraDot": 0.8180225858953125
}

✓ Screenshot saved to screenshots/growth/nav-production-049-final-fly-moved.png

{
  "keysReleased": true,
  "movements": [
    {
      "after": {
        "capture": "locked",
        "mode": "fly",
        "pitch": 0,
        "position": [
          9.9230072139887,
          3.4200000000000004,
          14.759537447566098
        ],
        "speed": 0.001925945497411896,
        "yaw": 0.3517952083868698
      },
      "before": {
        "capture": "locked",
        "mode": "fly",
        "pitch": 0,
        "position": [
          10.206,
          3.4200000000000004,
          15.5305
        ],
        "speed": 0,
        "yaw": 0.3517952083868698
      },
      "code": "KeyW",
      "delta": [
        -0.28299278601129885,
        0,
        -0.7709625524339021
      ],
      "distance": 0.8212601135997255,
      "horizontalForwardDot": 0.8212601135997255,
      "rightDot": 1.054711873393899e-15,
      "signedCameraDot": 0.8212601135997255
    },
    {
      "after": {
        "capture": "locked",
        "mode": "fly",
        "pitch": 0,
        "position": [
          10.204114997253445,
          3.4200000000000004,
          15.525364651677815
        ],
        "speed": 0.0022549771368888453,
        "yaw": 0.3517952083868698
      },
      "before": {
        "capture": "locked",
        "mode": "fly",
        "pitch": 0,
        "position": [
          9.9230072139887,
          3.4200000000000004,
          14.759537447566098
        ],
        "speed": 0.001925945497411896,
        "yaw": 0.3517952083868698
      },
      "code": "KeyS",
      "delta": [
        0.2811077832647424,
        0,
        0.7658272041117193
      ],
      "distance": 0.8157897353911672,
      "horizontalForwardDot": -0.8157897353911672,
      "rightDot": 2.4424906541753444e-15,
      "signedCameraDot": 0.8157897353911672
    },
    {
      "after": {
        "capture": "locked",
        "mode": "fly",
        "pitch": 0,
        "position": [
          9.43750525654652,
          3.4200000000000004,
          15.806980397241029
        ],
        "speed": 0.0022585358178389223,
        "yaw": 0.3517952083868698
      },
      "before": {
        "capture": "locked",
        "mode": "fly",
        "pitch": 0,
        "position": [
          10.204114997253445,
          3.4200000000000004,
          15.525364651677815
        ],
        "speed": 0.0022549771368888453,
        "yaw": 0.3517952083868698
      },
      "code": "KeyA",
      "delta": [
        -0.7666097407069223,
        0,
        0.2816157455632098
      ],
      "distance": 0.8166994077969307,
      "horizontalForwardDot": -0.0002072031700047217,
      "rightDot": -0.8166993815123798,
      "signedCameraDot": 0.8166993815123798
    },
    {
      "after": {
        "capture": "locked",
        "mode": "fly",
        "pitch": 0,
        "position": [
          10.205428572044456,
          3.4200000000000004,
          15.525103238624878
        ],
        "speed": 0.0022625081647928763,
        "yaw": 0.3517952083868698
      },
      "before": {
        "capture": "locked",
        "mode": "fly",
        "pitch": 0,
        "position": [
          9.43750525654652,
          3.4200000000000004,
          15.806980397241029
        ],
        "speed": 0.0022585358178389223,
        "yaw": 0.3517952083868698
      },
      "code": "KeyD",
      "delta": [
        0.767923315497935,
        0,
        -0.28187715861614926
      ],
      "distance": 0.818022585895313,
      "horizontalForwardDot": -3.0217311652869234e-8,
      "rightDot": 0.8180225858953125,
      "signedCameraDot": 0.8180225858953125
    }
  ]
}

true

✓ Screenshot saved to screenshots/growth/nav-production-049-final-fly-escaped.png


✓ Done

true

"Unsupported edge selected"

true

"Unsupported placement blocked without losing the previous recommendation"

✓ Screenshot saved to screenshots/growth/nav-production-049-final-invalid-start.png

✓ Done

true

✓ Screenshot saved to screenshots/growth/nav-production-049-final-ground-picker.png

✓ Done

true

{
  "settledAtFrame": 5343
}

true

{
  "actualCamera": {
    "capture": "locked",
    "mode": "walk",
    "pitch": 0,
    "position": [
      -1.3925,
      1.6649999999999998,
      -1.370000000000001
    ],
    "speed": 0,
    "yaw": -1.9634954084936211
  },
  "mode": "walk",
  "ready": true,
  "selector": ".building-canvas canvas"
}

{
  "capture": "locked",
  "mode": "walk",
  "pitch": 0,
  "position": [
    -1.3925,
    1.6649999999999998,
    -1.370000000000001
  ],
  "speed": 0,
  "yaw": -1.9634954084936211
}

true

✓ Screenshot saved to screenshots/growth/nav-production-049-final-ground-before.png

{
  "before": {
    "capture": "locked",
    "mode": "walk",
    "pitch": 0,
    "position": [
      -1.3925,
      1.6649999999999998,
      -1.370000000000001
    ],
    "speed": 0,
    "yaw": -1.9634954084936211
  },
  "code": "KeyW"
}

true

{
  "observed": {
    "capture": "locked",
    "mode": "walk",
    "pitch": 0,
    "position": [
      -1.2430151899247854,
      1.6649999999999998,
      -1.3080813642980806
    ],
    "speed": 1.191168257964171,
    "yaw": -1.9634954084936211
  },
  "released": "KeyW"
}

true

{
  "after": {
    "capture": "locked",
    "mode": "walk",
    "pitch": 0,
    "position": [
      -1.0324817746797124,
      1.6649999999999998,
      -1.220875568370844
    ],
    "speed": 0.002952610912204565,
    "yaw": -1.9634954084936211
  },
  "before": {
    "capture": "locked",
    "mode": "walk",
    "pitch": 0,
    "position": [
      -1.3925,
      1.6649999999999998,
      -1.370000000000001
    ],
    "speed": 0,
    "yaw": -1.9634954084936211
  },
  "code": "KeyW",
  "delta": [
    0.3600182253202877,
    0,
    0.14912443162915712
  ],
  "distance": 0.3896809190497895,
  "horizontalForwardDot": 0.3896809190497895,
  "rightDot": 9.15933995315754e-16,
  "signedCameraDot": 0.3896809190497895
}

{
  "before": {
    "capture": "locked",
    "mode": "walk",
    "pitch": 0,
    "position": [
      -1.0324817746797124,
      1.6649999999999998,
      -1.220875568370844
    ],
    "speed": 0.002952610912204565,
    "yaw": -1.9634954084936211
  },
  "code": "KeyS"
}

true

{
  "observed": {
    "capture": "locked",
    "mode": "walk",
    "pitch": 0,
    "position": [
      -1.1813847541744142,
      1.6649999999999998,
      -1.2825532019553123
    ],
    "speed": 1.1895594318136715,
    "yaw": -1.9634954084936211
  },
  "released": "KeyS"
}

true

{
  "after": {
    "capture": "locked",
    "mode": "walk",
    "pitch": 0,
    "position": [
      -1.3916208727564336,
      1.6649999999999998,
      -1.3696358535726645
    ],
    "speed": 0.0029486230308821363,
    "yaw": -1.9634954084936211
  },
  "before": {
    "capture": "locked",
    "mode": "walk",
    "pitch": 0,
    "position": [
      -1.0324817746797124,
      1.6649999999999998,
      -1.220875568370844
    ],
    "speed": 0.002952610912204565,
    "yaw": -1.9634954084936211
  },
  "code": "KeyS",
  "delta": [
    -0.3591390980767213,
    0,
    -0.1487602852018204
  ],
  "distance": 0.3887293585782887,
  "horizontalForwardDot": -0.3887293585782887,
  "rightDot": -1.054711873393899e-15,
  "signedCameraDot": 0.3887293585782887
}

{
  "before": {
    "capture": "locked",
    "mode": "walk",
    "pitch": 0,
    "position": [
      -1.3916208727564336,
      1.6649999999999998,
      -1.3696358535726645
    ],
    "speed": 0.0029486230308821363,
    "yaw": -1.9634954084936211
  },
  "code": "KeyA"
}

true

{
  "observed": {
    "capture": "locked",
    "mode": "walk",
    "pitch": 0,
    "position": [
      -1.3222363191281,
      1.6649999999999998,
      -1.5381624429855425
    ],
    "speed": 1.2393811084504136,
    "yaw": -1.9634954084936211
  },
  "released": "KeyA"
}

true

{
  "after": {
    "capture": "locked",
    "mode": "walk",
    "pitch": 0,
    "position": [
      -1.2316849404963708,
      1.6649999999999998,
      -1.7572317994900937
    ],
    "speed": 0.0033379853217279896,
    "yaw": -1.9634954084936211
  },
  "before": {
    "capture": "locked",
    "mode": "walk",
    "pitch": 0,
    "position": [
      -1.3916208727564336,
      1.6649999999999998,
      -1.3696358535726645
    ],
    "speed": 0.0029486230308821363,
    "yaw": -1.9634954084936211
  },
  "code": "KeyA",
  "delta": [
    0.15993593226006286,
    0,
    -0.3875959459174294
  ],
  "distance": 0.4192971735172112,
  "horizontalForwardDot": -0.0005650126262920496,
  "rightDot": -0.4192967928332561,
  "signedCameraDot": 0.4192967928332561
}

{
  "before": {
    "capture": "locked",
    "mode": "walk",
    "pitch": 0,
    "position": [
      -1.2316849404963708,
      1.6649999999999998,
      -1.7572317994900937
    ],
    "speed": 0.0033379853217279896,
    "yaw": -1.9634954084936211
  },
  "code": "KeyD"
}

true

{
  "observed": {
    "capture": "locked",
    "mode": "walk",
    "pitch": 0,
    "position": [
      -1.3013095875086806,
      1.6649999999999998,
      -1.5891438860634268
    ],
    "speed": 1.238621895070691,
    "yaw": -1.9634954084936211
  },
  "released": "KeyD"
}

true

{
  "after": {
    "capture": "locked",
    "mode": "walk",
    "pitch": 0,
    "position": [
      -1.3919902020718264,
      1.6649999999999998,
      -1.370221901458876
    ],
    "speed": 0.003070236718473087,
    "yaw": -1.9634954084936211
  },
  "before": {
    "capture": "locked",
    "mode": "walk",
    "pitch": 0,
    "position": [
      -1.2316849404963708,
      1.6649999999999998,
      -1.7572317994900937
    ],
    "speed": 0.0033379853217279896,
    "yaw": -1.9634954084936211
  },
  "code": "KeyD",
  "delta": [
    -0.16030526157545566,
    0,
    0.38700989803121755
  ],
  "distance": 0.41889669139646907,
  "horizontalForwardDot": -4.739855816171535e-7,
  "rightDot": 0.41889669139620095,
  "signedCameraDot": 0.41889669139620095
}

✓ Screenshot saved to screenshots/growth/nav-production-049-final-ground-moved.png

{
  "keysReleased": true,
  "movements": [
    {
      "after": {
        "capture": "locked",
        "mode": "walk",
        "pitch": 0,
        "position": [
          -1.0324817746797124,
          1.6649999999999998,
          -1.220875568370844
        ],
        "speed": 0.002952610912204565,
        "yaw": -1.9634954084936211
      },
      "before": {
        "capture": "locked",
        "mode": "walk",
        "pitch": 0,
        "position": [
          -1.3925,
          1.6649999999999998,
          -1.370000000000001
        ],
        "speed": 0,
        "yaw": -1.9634954084936211
      },
      "code": "KeyW",
      "delta": [
        0.3600182253202877,
        0,
        0.14912443162915712
      ],
      "distance": 0.3896809190497895,
      "horizontalForwardDot": 0.3896809190497895,
      "rightDot": 9.15933995315754e-16,
      "signedCameraDot": 0.3896809190497895
    },
    {
      "after": {
        "capture": "locked",
        "mode": "walk",
        "pitch": 0,
        "position": [
          -1.3916208727564336,
          1.6649999999999998,
          -1.3696358535726645
        ],
        "speed": 0.0029486230308821363,
        "yaw": -1.9634954084936211
      },
      "before": {
        "capture": "locked",
        "mode": "walk",
        "pitch": 0,
        "position": [
          -1.0324817746797124,
          1.6649999999999998,
          -1.220875568370844
        ],
        "speed": 0.002952610912204565,
        "yaw": -1.9634954084936211
      },
      "code": "KeyS",
      "delta": [
        -0.3591390980767213,
        0,
        -0.1487602852018204
      ],
      "distance": 0.3887293585782887,
      "horizontalForwardDot": -0.3887293585782887,
      "rightDot": -1.054711873393899e-15,
      "signedCameraDot": 0.3887293585782887
    },
    {
      "after": {
        "capture": "locked",
        "mode": "walk",
        "pitch": 0,
        "position": [
          -1.2316849404963708,
          1.6649999999999998,
          -1.7572317994900937
        ],
        "speed": 0.0033379853217279896,
        "yaw": -1.9634954084936211
      },
      "before": {
        "capture": "locked",
        "mode": "walk",
        "pitch": 0,
        "position": [
          -1.3916208727564336,
          1.6649999999999998,
          -1.3696358535726645
        ],
        "speed": 0.0029486230308821363,
        "yaw": -1.9634954084936211
      },
      "code": "KeyA",
      "delta": [
        0.15993593226006286,
        0,
        -0.3875959459174294
      ],
      "distance": 0.4192971735172112,
      "horizontalForwardDot": -0.0005650126262920496,
      "rightDot": -0.4192967928332561,
      "signedCameraDot": 0.4192967928332561
    },
    {
      "after": {
        "capture": "locked",
        "mode": "walk",
        "pitch": 0,
        "position": [
          -1.3919902020718264,
          1.6649999999999998,
          -1.370221901458876
        ],
        "speed": 0.003070236718473087,
        "yaw": -1.9634954084936211
      },
      "before": {
        "capture": "locked",
        "mode": "walk",
        "pitch": 0,
        "position": [
          -1.2316849404963708,
          1.6649999999999998,
          -1.7572317994900937
        ],
        "speed": 0.0033379853217279896,
        "yaw": -1.9634954084936211
      },
      "code": "KeyD",
      "delta": [
        -0.16030526157545566,
        0,
        0.38700989803121755
      ],
      "distance": 0.41889669139646907,
      "horizontalForwardDot": -4.739855816171535e-7,
      "rightDot": 0.41889669139620095,
      "signedCameraDot": 0.41889669139620095
    }
  ]
}

true

✓ Screenshot saved to screenshots/growth/nav-production-049-final-ground-escaped.png


✓ Done

"Top Fly/Walk and all five bottom buttons reachable"

✓ Screenshot saved to screenshots/growth/nav-production-049-final-controls.png


✓ Done

✓ Done

true

✓ Screenshot saved to screenshots/growth/nav-production-049-final-upper-picker.png

✓ Done

true

{
  "settledAtFrame": 5808
}

true

{
  "actualCamera": {
    "capture": "locked",
    "mode": "walk",
    "pitch": 0,
    "position": [
      0,
      4.785,
      0
    ],
    "speed": 0,
    "yaw": -1.5707963267948968
  },
  "mode": "walk",
  "ready": true,
  "selector": ".building-canvas canvas"
}

{
  "capture": "locked",
  "mode": "walk",
  "pitch": 0,
  "position": [
    0,
    4.785,
    0
  ],
  "speed": 0,
  "yaw": -1.5707963267948968
}

true

✓ Screenshot saved to screenshots/growth/nav-production-049-final-upper-before.png

{
  "before": {
    "capture": "locked",
    "mode": "walk",
    "pitch": 0,
    "position": [
      0,
      4.785,
      0
    ],
    "speed": 0,
    "yaw": -1.5707963267948968
  },
  "code": "KeyW"
}

true

{
  "observed": {
    "capture": "locked",
    "mode": "walk",
    "pitch": 0,
    "position": [
      0.18238084112547745,
      4.785,
      2.9329076148095645e-17
    ],
    "speed": 1.2396610077470358,
    "yaw": -1.5707963267948968
  },
  "released": "KeyW"
}

true

{
  "after": {
    "capture": "locked",
    "mode": "walk",
    "pitch": 0,
    "position": [
      0.4194854325785699,
      4.785,
      6.745840253389995e-17
    ],
    "speed": 0.0033404089525308498,
    "yaw": -1.5707963267948968
  },
  "before": {
    "capture": "locked",
    "mode": "walk",
    "pitch": 0,
    "position": [
      0,
      4.785,
      0
    ],
    "speed": 0,
    "yaw": -1.5707963267948968
  },
  "code": "KeyW",
  "delta": [
    0.4194854325785699,
    0,
    6.745840253389995e-17
  ],
  "distance": 0.4194854325785699,
  "horizontalForwardDot": 0.4194854325785699,
  "rightDot": -4.930380657631324e-32,
  "signedCameraDot": 0.4194854325785699
}

{
  "before": {
    "capture": "locked",
    "mode": "walk",
    "pitch": 0,
    "position": [
      0.4194854325785699,
      4.785,
      6.745840253389995e-17
    ],
    "speed": 0.0033404089525308498,
    "yaw": -1.5707963267948968
  },
  "code": "KeyS"
}

true

{
  "observed": {
    "capture": "locked",
    "mode": "walk",
    "pitch": 0,
    "position": [
      0.25823350704406045,
      4.785,
      4.152711515829846e-17
    ],
    "speed": 1.1897333414555955,
    "yaw": -1.5707963267948968
  },
  "released": "KeyS"
}

true

{
  "after": {
    "capture": "locked",
    "mode": "walk",
    "pitch": 0,
    "position": [
      0.03062996035249673,
      4.785,
      4.925673300154708e-18
    ],
    "speed": 0.0029475799512790764,
    "yaw": -1.5707963267948968
  },
  "before": {
    "capture": "locked",
    "mode": "walk",
    "pitch": 0,
    "position": [
      0.4194854325785699,
      4.785,
      6.745840253389995e-17
    ],
    "speed": 0.0033404089525308498,
    "yaw": -1.5707963267948968
  },
  "code": "KeyS",
  "delta": [
    -0.3888554722260733,
    0,
    -6.253272923374524e-17
  ],
  "distance": 0.3888554722260733,
  "horizontalForwardDot": -0.3888554722260733,
  "rightDot": 2.465190328815662e-32,
  "signedCameraDot": 0.3888554722260733
}

{
  "before": {
    "capture": "locked",
    "mode": "walk",
    "pitch": 0,
    "position": [
      0.03062996035249673,
      4.785,
      4.925673300154708e-18
    ],
    "speed": 0.0029475799512790764,
    "yaw": -1.5707963267948968
  },
  "code": "KeyA"
}

true

{
  "observed": {
    "capture": "locked",
    "mode": "walk",
    "pitch": 0,
    "position": [
      0.03025614710088683,
      4.785,
      -0.16142329028568508
    ],
    "speed": 1.190254743877407,
    "yaw": -1.5707963267948968
  },
  "released": "KeyA"
}

true

{
  "after": {
    "capture": "locked",
    "mode": "walk",
    "pitch": 0,
    "position": [
      0.030065173860842107,
      4.785,
      -0.3890747646954544
    ],
    "speed": 0.003205674862368501,
    "yaw": -1.5707963267948968
  },
  "before": {
    "capture": "locked",
    "mode": "walk",
    "pitch": 0,
    "position": [
      0.03062996035249673,
      4.785,
      4.925673300154708e-18
    ],
    "speed": 0.0029475799512790764,
    "yaw": -1.5707963267948968
  },
  "code": "KeyA",
  "delta": [
    -0.0005647864916546244,
    0,
    -0.3890747646954544
  ],
  "distance": 0.3890751746213119,
  "horizontalForwardDot": -0.000564786491654687,
  "rightDot": -0.3890747646954544,
  "signedCameraDot": 0.3890747646954544
}

{
  "before": {
    "capture": "locked",
    "mode": "walk",
    "pitch": 0,
    "position": [
      0.030065173860842107,
      4.785,
      -0.3890747646954544
    ],
    "speed": 0.003205674862368501,
    "yaw": -1.5707963267948968
  },
  "code": "KeyD"
}

true

{
  "observed": {
    "capture": "locked",
    "mode": "walk",
    "pitch": 0,
    "position": [
      0.030064832656039743,
      4.785,
      -0.22780581524060153
    ],
    "speed": 1.18977893706892,
    "yaw": -1.5707963267948968
  },
  "released": "KeyD"
}

true

{
  "after": {
    "capture": "locked",
    "mode": "walk",
    "pitch": 0,
    "position": [
      0.03006465859662131,
      4.785,
      -0.00024341411240243863
    ],
    "speed": 0.00320439338711776,
    "yaw": -1.5707963267948968
  },
  "before": {
    "capture": "locked",
    "mode": "walk",
    "pitch": 0,
    "position": [
      0.030065173860842107,
      4.785,
      -0.3890747646954544
    ],
    "speed": 0.003205674862368501,
    "yaw": -1.5707963267948968
  },
  "code": "KeyD",
  "delta": [
    -5.152642207975622e-7,
    0,
    0.388831350583052
  ],
  "distance": 0.38883135058339335,
  "horizontalForwardDot": -5.152642207350334e-7,
  "rightDot": 0.388831350583052,
  "signedCameraDot": 0.388831350583052
}

✓ Screenshot saved to screenshots/growth/nav-production-049-final-upper-moved.png

{
  "keysReleased": true,
  "movements": [
    {
      "after": {
        "capture": "locked",
        "mode": "walk",
        "pitch": 0,
        "position": [
          0.4194854325785699,
          4.785,
          6.745840253389995e-17
        ],
        "speed": 0.0033404089525308498,
        "yaw": -1.5707963267948968
      },
      "before": {
        "capture": "locked",
        "mode": "walk",
        "pitch": 0,
        "position": [
          0,
          4.785,
          0
        ],
        "speed": 0,
        "yaw": -1.5707963267948968
      },
      "code": "KeyW",
      "delta": [
        0.4194854325785699,
        0,
        6.745840253389995e-17
      ],
      "distance": 0.4194854325785699,
      "horizontalForwardDot": 0.4194854325785699,
      "rightDot": -4.930380657631324e-32,
      "signedCameraDot": 0.4194854325785699
    },
    {
      "after": {
        "capture": "locked",
        "mode": "walk",
        "pitch": 0,
        "position": [
          0.03062996035249673,
          4.785,
          4.925673300154708e-18
        ],
        "speed": 0.0029475799512790764,
        "yaw": -1.5707963267948968
      },
      "before": {
        "capture": "locked",
        "mode": "walk",
        "pitch": 0,
        "position": [
          0.4194854325785699,
          4.785,
          6.745840253389995e-17
        ],
        "speed": 0.0033404089525308498,
        "yaw": -1.5707963267948968
      },
      "code": "KeyS",
      "delta": [
        -0.3888554722260733,
        0,
        -6.253272923374524e-17
      ],
      "distance": 0.3888554722260733,
      "horizontalForwardDot": -0.3888554722260733,
      "rightDot": 2.465190328815662e-32,
      "signedCameraDot": 0.3888554722260733
    },
    {
      "after": {
        "capture": "locked",
        "mode": "walk",
        "pitch": 0,
        "position": [
          0.030065173860842107,
          4.785,
          -0.3890747646954544
        ],
        "speed": 0.003205674862368501,
        "yaw": -1.5707963267948968
      },
      "before": {
        "capture": "locked",
        "mode": "walk",
        "pitch": 0,
        "position": [
          0.03062996035249673,
          4.785,
          4.925673300154708e-18
        ],
        "speed": 0.0029475799512790764,
        "yaw": -1.5707963267948968
      },
      "code": "KeyA",
      "delta": [
        -0.0005647864916546244,
        0,
        -0.3890747646954544
      ],
      "distance": 0.3890751746213119,
      "horizontalForwardDot": -0.000564786491654687,
      "rightDot": -0.3890747646954544,
      "signedCameraDot": 0.3890747646954544
    },
    {
      "after": {
        "capture": "locked",
        "mode": "walk",
        "pitch": 0,
        "position": [
          0.03006465859662131,
          4.785,
          -0.00024341411240243863
        ],
        "speed": 0.00320439338711776,
        "yaw": -1.5707963267948968
      },
      "before": {
        "capture": "locked",
        "mode": "walk",
        "pitch": 0,
        "position": [
          0.030065173860842107,
          4.785,
          -0.3890747646954544
        ],
        "speed": 0.003205674862368501,
        "yaw": -1.5707963267948968
      },
      "code": "KeyD",
      "delta": [
        -5.152642207975622e-7,
        0,
        0.388831350583052
      ],
      "distance": 0.38883135058339335,
      "horizontalForwardDot": -5.152642207350334e-7,
      "rightDot": 0.388831350583052,
      "signedCameraDot": 0.388831350583052
    }
  ]
}

true

✓ Screenshot saved to screenshots/growth/nav-production-049-final-upper-escaped.png


✓ Done

"Camera sampled before zoom"

✓ Done

true

"Zoom in moved camera"

✓ Done

true

✓ Done

"Front viewpoint sampled"

✓ Done

true

✓ Done

✓ Screenshot saved to screenshots/growth/nav-production-049-final-bottom-actions.png

