⚠ Daemon version mismatch detected, restarting...
[agent-browser] launched browser
✓ X-Ray by Looplet
  http://127.0.0.1:8080/

✓ Done

true

✓ Done

✓ Done

✓ Done

true

true

{
  "page": "Overview",
  "rail": {
    "bottom": 900,
    "height": 760.5,
    "left": 1040,
    "right": 1440,
    "top": 139.5,
    "width": 400,
    "x": 1040,
    "y": 139.5
  },
  "width": 1440
}

✓ Done

true

true

{
  "page": "Sheets",
  "rail": {
    "bottom": 900,
    "height": 760.5,
    "left": 1040,
    "right": 1440,
    "top": 139.5,
    "width": 400,
    "x": 1040,
    "y": 139.5
  },
  "width": 1440
}

✓ Done

true

true

{
  "page": "Measure",
  "rail": {
    "bottom": 900,
    "height": 760.5,
    "left": 1040,
    "right": 1440,
    "top": 139.5,
    "width": 400,
    "x": 1040,
    "y": 139.5
  },
  "width": 1440
}

✓ Done

true

true

{
  "page": "Sketch",
  "rail": {
    "bottom": 900,
    "height": 760.5,
    "left": 1040,
    "right": 1440,
    "top": 139.5,
    "width": 400,
    "x": 1040,
    "y": 139.5
  },
  "width": 1440
}

✓ Done

true

true

{
  "page": "Components",
  "rail": {
    "bottom": 900,
    "height": 760.5,
    "left": 1040,
    "right": 1440,
    "top": 139.5,
    "width": 400,
    "x": 1040,
    "y": 139.5
  },
  "width": 1440
}

✓ Done

true

true

{
  "page": "Model",
  "rail": {
    "bottom": 900,
    "height": 760.5,
    "left": 1040,
    "right": 1440,
    "top": 139.5,
    "width": 400,
    "x": 1040,
    "y": 139.5
  },
  "width": 1440
}

✓ Done

true

true

{
  "page": "Render",
  "rail": {
    "bottom": 900,
    "height": 775,
    "left": 1040,
    "right": 1440,
    "top": 125,
    "width": 400,
    "x": 1040,
    "y": 125
  },
  "width": 1440
}

✓ Done

true

true

{
  "page": "Review",
  "rail": {
    "bottom": 900,
    "height": 760.5,
    "left": 1040,
    "right": 1440,
    "top": 139.5,
    "width": 400,
    "x": 1040,
    "y": 139.5
  },
  "width": 1440
}

✓ Done

true

true

{
  "page": "Cost",
  "rail": {
    "bottom": 900,
    "height": 760.5,
    "left": 1040,
    "right": 1440,
    "top": 139.5,
    "width": 400,
    "x": 1040,
    "y": 139.5
  },
  "width": 1440
}

✓ Done

true

true

{
  "page": "Proof",
  "rail": {
    "bottom": 900,
    "height": 760.5,
    "left": 1040,
    "right": 1440,
    "top": 139.5,
    "width": 400,
    "x": 1040,
    "y": 139.5
  },
  "width": 1440
}

true

✓ Done

true

true

✗ Evaluation error: Error: Canvas must fill only the space beside chat
    at <anonymous>:1:241
    at <anonymous>:1:341
