[agent-browser] launched browser
✓ Done

✓ X-Ray by Looplet
  http://127.0.0.1:8091/

true

✓ Done

✓ Done

✓ Done

true

✓ Done

true

✓ Screenshot saved to screenshots/growth/production-38a64-architect-setup.png


true

{
  "interrupted": false
}

"Runtime event monitor installed"

✓ Console log cleared

null

✓ Done

true

null

✓ Done

true

null

true

null

true

✓ Screenshot saved to screenshots/growth/production-38a64-architect-door-prompt.png

null

true

{
  "blocked": "true",
  "blockedFrames": 12,
  "done": true,
  "end": [
    5.711848141924187,
    1.6500000059604645,
    2.9987331081081092
  ],
  "feetEnd": [
    5.711848141924187,
    5.9604645663569045e-9,
    2.9987331081081092
  ],
  "feetStart": "4.68918918918919,5.9604645663569045e-9,2.9987331081081092",
  "frames": 62,
  "passed": true,
  "start": [
    4.68918918918919,
    1.6500000059604645,
    2.9987331081081092
  ]
}

true

✓ Screenshot saved to screenshots/growth/production-38a64-architect-door-closed-block.png

null

true

true

{
  "anchor": "camera-body",
  "animation": "grab.R",
  "handProjection": [
    0.4811173935043942,
    -0.3877793935698709,
    0.7984402666050042
  ],
  "progress": "0.582"
}

✓ Screenshot saved to screenshots/growth/production-38a64-architect-door-reach.png

true

{
  "cameraPosition": "5.711848141924187,1.6500000059604645,2.9987331081081092",
  "engine": "three.js r185",
  "frameCount": "231",
  "meshCount": "123",
  "navigation": "walk",
  "navigationBlocked": "false",
  "navigationCapture": "drag",
  "navigationDirection": "1,0,-2.220446049250313e-16",
  "navigationPitch": "0",
  "navigationSpeed": "0",
  "navigationTransition": "idle",
  "navigationTransitionProgress": "1",
  "navigationYaw": "-1.5707963267948963",
  "projectRevision": "2",
  "selected": "",
  "walkArmAnchor": "camera-body",
  "walkArmAnimation": "grab.R",
  "walkArmAsset": "ready",
  "walkArmHandProjection": "0.8682124218865401,-2.1590356530751955,0.6431255632994599",
  "walkArmProgress": "0.999",
  "walkArmVisible": "false",
  "walkDoor": "2b1a04e0-a03f-448d-ac15-6f576665c7ad",
  "walkDoorBusy": "false",
  "walkDoorOpen": "true",
  "walkDoorProgress": "1",
  "walkDoors": "[{\"id\":\"5d373e86-e0e5-486c-9c5e-1a82b08e621e\",\"open\":false,\"progress\":0},{\"id\":\"2b1a04e0-a03f-448d-ac15-6f576665c7ad\",\"open\":true,\"progress\":1}]",
  "walkFeet": "5.711848141924187,5.9604645663569045e-9,2.9987331081081092"
}

✓ Screenshot saved to screenshots/growth/production-38a64-architect-door-open.png

null

true

{
  "blocked": "false",
  "blockedFrames": 0,
  "done": true,
  "end": [
    6.500613516298461,
    1.6500000059604645,
    2.9987331081081092
  ],
  "feetEnd": [
    6.500613516298461,
    5.9604645663569045e-9,
    2.9987331081081092
  ],
  "feetStart": "5.711848141924187,5.9604645663569045e-9,2.9987331081081092",
  "frames": 38,
  "passed": true,
  "start": [
    5.711848141924187,
    1.6500000059604645,
    2.9987331081081092
  ]
}

true

✓ Screenshot saved to screenshots/growth/production-38a64-architect-door-through.png

null

true

null

✓ Done

true

null

✓ Done

true

null

true

null

true

✓ Done

true

true

{
  "anchor": "camera-body",
  "animation": "grab.R",
  "handProjection": [
    0.4871309762284568,
    -0.36536742636852887,
    0.7984150210317864
  ],
  "progress": "0.542"
}

✓ Screenshot saved to screenshots/growth/production-38a64-architect-door-button-reach.png

true

null

true

{
  "blocked": "false",
  "blockedFrames": 0,
  "done": true,
  "end": [
    6.504468790929877,
    1.6500000059604645,
    2.9987331081081092
  ],
  "feetEnd": [
    6.504468790929877,
    5.9604645663569045e-9,
    2.9987331081081092
  ],
  "feetStart": "4.68918918918919,5.9604645663569045e-9,2.9987331081081092",
  "frames": 72,
  "passed": true,
  "start": [
    4.68918918918919,
    1.6500000059604645,
    2.9987331081081092
  ]
}

true

✓ Screenshot saved to screenshots/growth/production-38a64-architect-door-button-through.png

null

null

✓ Done

true

null

✓ Done

true

null

true

null

null

true

{
  "blocked": "true",
  "blockedFrames": 12,
  "done": true,
  "end": [
    3.0000000000000018,
    1.65,
    0.3981689706494532
  ],
  "feetEnd": [
    3.0000000000000018,
    -7.960203880059101e-18,
    0.3981689706494532
  ],
  "feetStart": "3.0000000000000018,5.9604645663569045e-9,1.0933277027027033",
  "frames": 46,
  "passed": true,
  "start": [
    3.0000000000000018,
    1.6500000059604645,
    1.0933277027027033
  ]
}

true

✓ Screenshot saved to screenshots/growth/production-38a64-architect-window-block.png

null

✓ Done

true

null

✓ Done

true

null

true

null

null

true

{
  "blocked": "true",
  "blockedFrames": 12,
  "done": true,
  "end": [
    0.3985857652598964,
    1.6499999999999997,
    2.9987331081081092
  ],
  "feetEnd": [
    0.3985857652598964,
    -1.8361944354828663e-16,
    2.9987331081081092
  ],
  "feetStart": "1.0000000000000009,5.9604645663569045e-9,2.9987331081081092",
  "frames": 50,
  "passed": true,
  "start": [
    1.0000000000000009,
    1.6500000059604645,
    2.9987331081081092
  ]
}

true

✓ Screenshot saved to screenshots/growth/production-38a64-architect-wall-block.png

null

1005

true

null

✓ Done

true

null

✓ Done

true

{
  "after": [
    0.3971054463570911,
    1.7442322772343848,
    2.998733108108109
  ],
  "before": [
    0.3971054463570911,
    1.7442322772343848,
    2.998733108108109
  ],
  "distance": 0,
  "text": "This walking start has no clear, supported landing. Choose another start."
}

✓ Screenshot saved to screenshots/growth/production-38a64-architect-invalid-start.png

null

✓ Done

true

[
  12.636000043153762,
  1.8963203877210617,
  13.19550004899502
]

1010

true

null

true

{
  "blocked": "false",
  "blockedFrames": 0,
  "done": true,
  "end": [
    1.248109510657423,
    1.8963203877210617,
    -1.0750552548518846
  ],
  "feetEnd": [
    0
  ],
  "frames": 162,
  "passed": true,
  "start": [
    12.636000043153762,
    1.8963203877210617,
    13.19550004899502
  ]
}

true

✓ Screenshot saved to screenshots/growth/production-38a64-architect-fly-through-building.png

{
  "cameraPosition": "0.846875592079695,1.8963203877210617,-1.5778552078812464",
  "engine": "three.js r185",
  "frameCount": "1234",
  "meshCount": "123",
  "navigation": "fly",
  "navigationBlocked": "false",
  "navigationCapture": "drag",
  "navigationDirection": "-0.6237409522027134,0,-0.7816311307421505",
  "navigationPitch": "0",
  "navigationSpeed": "0.0007317366686834372",
  "navigationTransition": "idle",
  "navigationTransitionProgress": "1",
  "navigationYaw": "0.673519700278395",
  "projectRevision": "2",
  "selected": "",
  "walkArmAnchor": "camera-body",
  "walkArmAnimation": "grab.R",
  "walkArmAsset": "ready",
  "walkArmHandProjection": "0.8682124218865401,-2.1590356530751955,0.6431255632994599",
  "walkArmProgress": "0.999",
  "walkArmVisible": "false",
  "walkDoor": "",
  "walkDoorBusy": "false",
  "walkDoorOpen": "false",
  "walkDoorProgress": "",
  "walkDoors": "[{\"id\":\"5d373e86-e0e5-486c-9c5e-1a82b08e621e\",\"open\":false,\"progress\":0},{\"id\":\"2b1a04e0-a03f-448d-ac15-6f576665c7ad\",\"open\":false,\"progress\":0}]"
}

null

true

{
  "door-button-through": {
    "blocked": "false",
    "blockedFrames": 0,
    "done": true,
    "end": [
      6.504468790929877,
      1.6500000059604645,
      2.9987331081081092
    ],
    "feetEnd": [
      6.504468790929877,
      5.9604645663569045e-9,
      2.9987331081081092
    ],
    "feetStart": "4.68918918918919,5.9604645663569045e-9,2.9987331081081092",
    "frames": 72,
    "passed": true,
    "start": [
      4.68918918918919,
      1.6500000059604645,
      2.9987331081081092
    ]
  },
  "door-closed": {
    "blocked": "true",
    "blockedFrames": 12,
    "done": true,
    "end": [
      5.711848141924187,
      1.6500000059604645,
      2.9987331081081092
    ],
    "feetEnd": [
      5.711848141924187,
      5.9604645663569045e-9,
      2.9987331081081092
    ],
    "feetStart": "4.68918918918919,5.9604645663569045e-9,2.9987331081081092",
    "frames": 62,
    "passed": true,
    "start": [
      4.68918918918919,
      1.6500000059604645,
      2.9987331081081092
    ]
  },
  "door-through": {
    "blocked": "false",
    "blockedFrames": 0,
    "done": true,
    "end": [
      6.500613516298461,
      1.6500000059604645,
      2.9987331081081092
    ],
    "feetEnd": [
      6.500613516298461,
      5.9604645663569045e-9,
      2.9987331081081092
    ],
    "feetStart": "5.711848141924187,5.9604645663569045e-9,2.9987331081081092",
    "frames": 38,
    "passed": true,
    "start": [
      5.711848141924187,
      1.6500000059604645,
      2.9987331081081092
    ]
  },
  "fly-through-building": {
    "blocked": "false",
    "blockedFrames": 0,
    "done": true,
    "end": [
      1.248109510657423,
      1.8963203877210617,
      -1.0750552548518846
    ],
    "feetEnd": [
      0
    ],
    "frames": 162,
    "passed": true,
    "start": [
      12.636000043153762,
      1.8963203877210617,
      13.19550004899502
    ]
  },
  "wall-block": {
    "blocked": "true",
    "blockedFrames": 12,
    "done": true,
    "end": [
      0.3985857652598964,
      1.6499999999999997,
      2.9987331081081092
    ],
    "feetEnd": [
      0.3985857652598964,
      -1.8361944354828663e-16,
      2.9987331081081092
    ],
    "feetStart": "1.0000000000000009,5.9604645663569045e-9,2.9987331081081092",
    "frames": 50,
    "passed": true,
    "start": [
      1.0000000000000009,
      1.6500000059604645,
      2.9987331081081092
    ]
  },
  "window-block": {
    "blocked": "true",
    "blockedFrames": 12,
    "done": true,
    "end": [
      3.0000000000000018,
      1.65,
      0.3981689706494532
    ],
    "feetEnd": [
      3.0000000000000018,
      -7.960203880059101e-18,
      0.3981689706494532
    ],
    "feetStart": "3.0000000000000018,5.9604645663569045e-9,1.0933277027027033",
    "frames": 46,
    "passed": true,
    "start": [
      3.0000000000000018,
      1.6500000059604645,
      1.0933277027027033
    ]
  }
}

✓ Screenshot saved to screenshots/growth/production-38a64-architect-fly-escape.png

"{\"runtimeErrors\":[],\"runs\":{\"door-closed\":{\"start\":[4.68918918918919,1.6500000059604645,2.9987331081081092],\"feetStart\":\"4.68918918918919,5.9604645663569045e-9,2.9987331081081092\",\"frames\":62,\"done\":true,\"passed\":true,\"end\":[5.711848141924187,1.6500000059604645,2.9987331081081092],\"feetEnd\":[5.711848141924187,5.9604645663569045e-9,2.9987331081081092],\"blocked\":\"true\",\"blockedFrames\":12},\"door-through\":{\"start\":[5.711848141924187,1.6500000059604645,2.9987331081081092],\"feetStart\":\"5.711848141924187,5.9604645663569045e-9,2.9987331081081092\",\"frames\":38,\"done\":true,\"passed\":true,\"end\":[6.500613516298461,1.6500000059604645,2.9987331081081092],\"feetEnd\":[6.500613516298461,5.9604645663569045e-9,2.9987331081081092],\"blocked\":\"false\",\"blockedFrames\":0},\"door-button-through\":{\"start\":[4.68918918918919,1.6500000059604645,2.9987331081081092],\"feetStart\":\"4.68918918918919,5.9604645663569045e-9,2.9987331081081092\",\"frames\":72,\"done\":true,\"passed\":true,\"end\":[6.504468790929877,1.6500000059604645,2.9987331081081092],\"feetEnd\":[6.504468790929877,5.9604645663569045e-9,2.9987331081081092],\"blocked\":\"false\",\"blockedFrames\":0},\"window-block\":{\"start\":[3.0000000000000018,1.6500000059604645,1.0933277027027033],\"feetStart\":\"3.0000000000000018,5.9604645663569045e-9,1.0933277027027033\",\"frames\":46,\"done\":true,\"passed\":true,\"end\":[3.0000000000000018,1.65,0.39816897064945317],\"feetEnd\":[3.0000000000000018,-7.960203880059101e-18,0.39816897064945317],\"blocked\":\"true\",\"blockedFrames\":12},\"wall-block\":{\"start\":[1.0000000000000009,1.6500000059604645,2.9987331081081092],\"feetStart\":\"1.0000000000000009,5.9604645663569045e-9,2.9987331081081092\",\"frames\":50,\"done\":true,\"passed\":true,\"end\":[0.3985857652598964,1.6499999999999997,2.9987331081081092],\"feetEnd\":[0.3985857652598964,-1.8361944354828663e-16,2.9987331081081092],\"blocked\":\"true\",\"blockedFrames\":12},\"fly-through-building\":{\"start\":[12.636000043153762,1.8963203877210617,13.195500048995019],\"frames\":162,\"done\":true,\"passed\":true,\"end\":[1.248109510657423,1.8963203877210617,-1.0750552548518846],\"feetEnd\":[0],\"blocked\":\"false\",\"blockedFrames\":0}},\"dataset\":{\"engine\":\"three.js r185\",\"walkArmAsset\":\"ready\",\"walkArmVisible\":\"false\",\"navigationCapture\":\"none\",\"navigationBlocked\":\"false\",\"navigationTransition\":\"idle\",\"navigation\":\"orbit\",\"projectRevision\":\"2\",\"meshCount\":\"123\",\"selected\":\"\",\"cameraPosition\":\"0.8459522565576951,1.9905526649554468,-1.5790122712191055\",\"frameCount\":\"1235\",\"walkArmAnimation\":\"grab.R\",\"walkArmAnchor\":\"camera-body\",\"walkDoor\":\"\",\"walkDoorProgress\":\"\",\"walkDoorBusy\":\"false\",\"walkDoorOpen\":\"false\",\"walkDoors\":\"[{\\\"id\\\":\\\"5d373e86-e0e5-486c-9c5e-1a82b08e621e\\\",\\\"open\\\":false,\\\"progress\\\":0},{\\\"id\\\":\\\"2b1a04e0-a03f-448d-ac15-6f576665c7ad\\\",\\\"open\\\":false,\\\"progress\\\":0}]\",\"navigationTransitionProgress\":\"1\",\"navigationYaw\":\"0.673519700278395\",\"navigationPitch\":\"0\",\"navigationSpeed\":\"0.0007317366686834372\",\"navigationDirection\":\"-0.6237409522027134,0,-0.7816311307421505\",\"walkArmHandProjection\":\"0.8682124218865401,-2.1590356530751955,0.6431255632994599\",\"walkArmProgress\":\"0.999\"}}"


