[agent-browser] launched browser
✓ Done

✓ X-Ray by Looplet
  http://127.0.0.1:8080/

true

true

http://127.0.0.1:8080/

true

true

true

true

true

true

true

true

true

true

true

true

true

true

✓ Screenshot saved to proof/growth/cdp-demo/08-partial-infill-saved.png

true

true

true

true

true

✓ Screenshot saved to proof/growth/cdp-demo/09-stage-before-door.png

true

true

✓ Screenshot saved to proof/growth/cdp-demo/10-stage-proposed-partial-void.png

true

true

✓ Screenshot saved to proof/growth/cdp-demo/11-stage-south-elevation.png

