✓ Done

✓ X-Ray by Looplet
  http://127.0.0.1:8080/

true

"Seeded project, calibration and QS draft for SC-09"

true

"QS worksheet selected"

true

"Fresh draft: 3 rows verified, no withheld notice, all pricing permitted"

"framed [data-testid=\"qs-item-binding-ledger\"]"

✓ Screenshot saved to proof/growth/2026-09-19-sc09-item-binding/captures/sc09-binding-all-bound-verified-desktop-1600x1000.png

✓ Screenshot saved to screenshots/growth/sc09/sc09-binding-all-bound-verified-desktop-1600x1000.png

"Typed 99 into Quantity 1"

true

"Edited row re-derived to stale-measurement with pricing withheld; the other two stayed verified: stale-measurement,verified,verified"

"framed [data-testid=\"qs-item-binding-ledger\"]"

✓ Screenshot saved to proof/growth/2026-09-19-sc09-item-binding/captures/sc09-binding-stale-after-edit-desktop-1600x1000.png

✓ Screenshot saved to screenshots/growth/sc09/sc09-binding-stale-after-edit-desktop-1600x1000.png

"Restored Quantity 1 to 45.5"

true

"Restored quantity cleared staleness: every row verified, notice gone."

"framed [data-testid=\"qs-item-binding-ledger\"]"

✓ Screenshot saved to proof/growth/2026-09-19-sc09-item-binding/captures/sc09-binding-recovered-verified-desktop-1600x1000.png

✓ Screenshot saved to screenshots/growth/sc09/sc09-binding-recovered-verified-desktop-1600x1000.png

✓ Done

"framed [data-testid=\"qs-item-binding-ledger\"]"

✓ Screenshot saved to proof/growth/2026-09-19-sc09-item-binding/captures/sc09-binding-tablet-1024x768.png

✓ Screenshot saved to screenshots/growth/sc09/sc09-binding-tablet-1024x768.png

