✓ Done

✓ Done

✓ Done

{}

✓ Done

true

{
  "unsavedNamePreserved": true
}

✓ Done

{
  "interrupted": false
}

{
  "buttons": [
    {
      "height": 44,
      "text": "Retry saving project",
      "width": 130.5625,
      "x": 880.4375,
      "y": 182.1875
    }
  ],
  "viewport": [
    1440,
    1000
  ]
}

✓ Screenshot saved to screenshots/growth/daily-recovery-dev-readback-unsaved-desktop.png

✓ Done

{
  "interrupted": false
}

{
  "buttons": [
    {
      "height": 44,
      "text": "Retry saving project",
      "width": 130.5625,
      "x": 495.8125,
      "y": 182.1875
    }
  ],
  "viewport": [
    1024,
    768
  ]
}

✓ Screenshot saved to screenshots/growth/daily-recovery-dev-readback-unsaved-landscape.png

✓ Done

{
  "interrupted": false
}

{
  "buttons": [
    {
      "height": 44,
      "text": "Retry saving project",
      "width": 130.5625,
      "x": 608.4375,
      "y": 182.1875
    }
  ],
  "viewport": [
    768,
    1024
  ]
}

✓ Screenshot saved to screenshots/growth/daily-recovery-dev-readback-unsaved-portrait.png

true

✓ Done

true

null

http://127.0.0.1:8080/

✓ Done

true

✓ Screenshot saved to screenshots/growth/daily-recovery-dev-readback-quota-reloaded.png

