true

✓ Done

true

"Drag fallback armed"

✓ Done

true

null

true

✓ Done

true

104

true

null

true

✓ Screenshot saved to screenshots/growth/production-197ab-tablet-landscape-prompt-attempt1.png

{
  ".building-navigation-hint": [
    {
      "rect": {
        "bottom": 618,
        "height": 70.171875,
        "left": 272,
        "right": 612,
        "top": 547.828125,
        "width": 340,
        "x": 272,
        "y": 547.828125
      },
      "text": "Walk · solid boundaries · stairs follow floor · E opens doors · WASD move · drag to look · Capture mouse for free look · Shift faster · Esc or Orbit to exit"
    }
  ],
  ".walk-door-card": [
    {
      "rect": {
        "bottom": 570,
        "height": 121.640625,
        "left": 282,
        "right": 602,
        "top": 448.359375,
        "width": 320,
        "x": 282,
        "y": 448.359375
      },
      "text": "24-31BF / Lounge bifoldOpen doorEApproach and press E, or use the button"
    }
  ],
  ".walk-door-card button": [
    {
      "rect": {
        "bottom": 532.203125,
        "height": 44,
        "left": 295,
        "right": 589,
        "top": 488.203125,
        "width": 294,
        "x": 295,
        "y": 488.203125
      },
      "text": "Open doorE"
    }
  ],
  "[aria-label=\"Model navigation\"]": [
    {
      "rect": {
        "bottom": 745,
        "height": 63,
        "left": 260,
        "right": 624,
        "top": 682,
        "width": 364,
        "x": 260,
        "y": 682
      },
      "text": "Reset model viewFrontRear"
    }
  ]
}
