✓ Done

✓ X-Ray by Looplet
  http://127.0.0.1:8085/

true

"reloading-with-minimax"

true

"checking"

true

"{\"provider\":\"MiniMax\",\"model\":\"MiniMax-M3\",\"stored\":\"minimax\"}"

"seeding"

true

"{\"ok\":true,\"jobId\":\"job-1bf6dd91-608b-4e4f-ab11-0a357875a38d\",\"documents\":2,\"activeDocumentId\":\"doc-ground-floor\",\"calibrations\":3}"

"already-open"

true

"binding"

true

"menu opened"

true

"clicked New chat"

"awaiting empty conversation"

true

"{\"conversationEmptyBeforeTurn\":true,\"activeId\":\"017f4a8a-4bae-4ef5-b15d-4ea919f91893\"}"

"{\"script\":\"sc04-live-course-query\",\"jobId\":\"job-1bf6dd91-608b-4e4f-ab11-0a357875a38d\"}"

"composed 160 chars"

true

"baseline"

true

✓ Screenshot saved to proof/growth/2026-09-18-sc04-roof-course-live/assistant-answer-composed.png

"sent"

"polling"

true

✗ Evaluation error: Error: no answered turn in the log
    at <anonymous>:1:219
    at <anonymous>:1:369
