✓ Done

true

true

"panel"

✓ Done

✓ Done

true

"edits allowed"

✓ Done

✓ Done

true

{
  "paused": false,
  "tools": [
    "read_project_contextRunning read_project_context…Running read_project_context…",
    "read_project_contextTool result{\"projectId\":\"job-0ea0dd3d-b9f0-473a-8580-1ebe7156a0bb\",\"projectName\":\"New project\",\"projectRevision\":6,\"pane\":\"cost\",\"sourcePage",
    "read_price_booksRunning read_price_books…Running read_price_books…",
    "read_price_booksTool result{\"jobId\":\"job-0ea0dd3d-b9f0-473a-8580-1ebe7156a0bb\",\"libraryRevision\":0,\"blocked\":false,\"error\":null,\"books\":[],\"worksheetLines\":0,\"s",
    "import_price_bookRunning import_price_book…Running import_price_book…",
    "import_price_bookTool result{\"jobId\":\"job-0ea0dd3d-b9f0-473a-8580-1ebe7156a0bb\",\"bookId\":\"8b03f549-613d-44e5-b5ff-4185f217914d\",\"bookName\":\"Timber Co 2026\",\"cre"
  ]
}

"edits allowed"

1

✓ Done

✓ Done

true

{
  "errors": [],
  "replies": [
    "AssistantThe price book has been imported and verified:\n\n- **Book Name:** Timber Co 2026 (ID: `8b03f549-613d-44e5-b5ff-4185f217914d`)\n- **Revision:** 1 (Library Revision: 1)\n- **Rows Imported:** 3\n  - `P100` – Treated pine post 100x100 (`each` @ $18.50 AUD)\n  - `R75` – Rail 75x50 (`m` @ $4.20 AUD)\n  - `PAL` – Paling 100x12 (`each` @ $1.15 AUD)\n- **Metadata:**\n  - **Supplier:** Timber Co\n  - **Currency:** AUD\n  - **Tax Basis:** Exclusive (10%)\n  - **Effective Date:** 2026-09-01\n  - **Source Reference:** Live assistant paste · Quote Q-1234\n  - **SHA-256:** `77642719064e87f7e222492546cf539a4860faf07b188c835ce236d24760bade`\n\n*Note: If the Cost pane is currently open in the interface, click \"Reload library\" or reopen the pane to view the updated library revision.*",
    "AssistantDONE"
  ],
  "tools": [
    "read_project_contextRunning read_project_context…Running read_project_context…",
    "read_project_contextTool result{\"projectId\":\"job-0ea0dd3d-b9f0-473a-8580-1ebe7156a0bb\",\"projectName\":\"New project\",\"projectRevision\":6,\"pane\":\"cost\",\"sourcePage\":2,\"documents\":[{\"id\":\"doc-sample\",\"nam",
    "read_price_booksRunning read_price_books…Running read_price_books…",
    "read_price_booksTool result{\"jobId\":\"job-0ea0dd3d-b9f0-473a-8580-1ebe7156a0bb\",\"libraryRevision\":0,\"blocked\":false,\"error\":null,\"books\":[],\"worksheetLines\":0,\"scope\":\"Imported supplier rates and their",
    "import_price_bookRunning import_price_book…Running import_price_book…",
    "import_price_bookTool result{\"jobId\":\"job-0ea0dd3d-b9f0-473a-8580-1ebe7156a0bb\",\"bookId\":\"8b03f549-613d-44e5-b5ff-4185f217914d\",\"bookName\":\"Timber Co 2026\",\"created\":true,\"revision\":1,\"rows\":3,\"import"
  ]
}

{
  "book": "Timber Co 2026",
  "fileName": "assistant-paste.csv",
  "libraryRevision": 1,
  "rows": [
    [
      "P100",
      18.5
    ],
    [
      "R75",
      4.2
    ],
    [
      "PAL",
      1.15
    ]
  ],
  "sourceReference": "Live assistant paste · Quote Q-1234"
}

✓ Done

✓ Done

true

✓ Screenshot saved to screenshots/growth/2026-09-09-assistant-unlock/c-price-import-desktop.png

