[agent-browser] launched browser
✓ X-Ray by Looplet
  http://127.0.0.1:8091/

✓ Done

true

✓ Done

true

"opened"

true

"confirm auto-accepted"

✓ Done

true

true

{
  "bar": {
    "b": 24,
    "h": 44,
    "l": 0,
    "r": 0
  },
  "light": "assistant-status-light is-off",
  "lightLabel": "Assistant not connected"
}

✓ Screenshot saved to screenshots/growth/2026-09-09-assistant-surface/desktop-render-01-bottom-rail.png

"opened panel"

true

{
  "corners": 4,
  "dock": "Dock into the right menu",
  "footer": true,
  "meterBottomLeft": {
    "belowComposer": true,
    "leftAligned": true,
    "meter": "Context 0%"
  },
  "oldHandle": false,
  "strip": true
}

✓ Screenshot saved to screenshots/growth/2026-09-09-assistant-surface/desktop-render-02-panel-chrome.png

250

0

✓ Done

true

✗ Evaluation error: Error: Tool rows show JSON: Read the project context · Working… | Read the project context · pane sketch · project "New project" · revision 1 | Read the architectural design · Working… | Read the architectural design · Completed
    at <anonymous>:1:1197
    at <anonymous>:1:1360
