{
  "calls": [
    "read_project_contextRunning read_project_context…Running read_project_context…",
    "read_project_contextTool result{\"projectId\":\"job-8ef173b7-38e5-4573-8d89-1576411a281c\",\"projectName\":\"New project\",\"projectRevision\":2,\"pane",
    "read_source_sheetsRunning read_source_sheets…Running read_source_sheets…",
    "read_source_sheetsTool result{\"available\":true,\"documentId\":\"document-8397e617-e2c7-48c8-9f5a-9759c6600798\",\"sourceName\":\"21-08-26_Redburn_B",
    "manage_source_sheetRunning manage_source_sheet…Running manage_source_sheet…",
    "manage_source_sheetTool result{\"documentId\":\"document-8397e617-e2c7-48c8-9f5a-9759c6600798\",\"action\":\"rename\",\"pageIndex\":2,\"originalPage\":3",
    "manage_source_sheetRunning manage_source_sheet…Running manage_source_sheet…",
    "manage_source_sheetTool result{\"documentId\":\"document-8397e617-e2c7-48c8-9f5a-9759c6600798\",\"action\":\"archive\",\"pageIndex\":11,\"originalPage\"",
    "read_takeoff_evidenceRunning read_takeoff_evidence…Running read_takeoff_evidence…",
    "read_takeoff_evidenceTool result{\"projectId\":\"job-8ef173b7-38e5-4573-8d89-1576411a281c\",\"projectRevision\":2,\"activeDocument\":{\"id\":\"document",
    "read_price_booksRunning read_price_books…Running read_price_books…",
    "read_price_booksTool result{\"jobId\":\"job-8ef173b7-38e5-4573-8d89-1576411a281c\",\"libraryRevision\":0,\"blocked\":false,\"error\":null,\"books\":[],\"",
    "read_project_contextRunning read_project_context…Running read_project_context…",
    "read_project_contextTool result{\"projectId\":\"job-8ef173b7-38e5-4573-8d89-1576411a281c\",\"projectName\":\"New project\",\"projectRevision\":2,\"pane",
    "capture_project_backupRunning capture_project_backup…Running capture_project_backup…",
    "capture_project_backupTool result{\"saved\":true,\"verified\":true,\"backupId\":\"a50ba7d7-7de4-459a-98f9-18986b15c702\",\"name\":\"Assistant checkpoin"
  ],
  "error": "Paused after eight assistant steps. Completed actions are retained; send another message to continue."
}

"edits allowed for the continuation"

✓ Done

✓ Done

true

{
  "errors": [],
  "reply": "AssistantHere is the status and results of the requested actions:\n\n### 1. Sheet Organisation\n- **Original Page 3 (Index 2):** Renamed to **\"Ground floor plan\"** with discipline set to **Architecture** (verified and saved).\n- **Original Page 12 (Index 11):** **Archived** (verified and saved). Original page numbers, calibrations, and drawing data remain intact.\n\n---\n\n### 2. Takeoff Readiness Blockers\nCurrently, takeoff readiness is blocked by:\n1. **Scale Calibration:** Confirm and lock the drawing scale for sheet 1 (`code: calibration`).\n2. **Takeoff Runs:** Trace at least one takeoff run (`code: runs`).\n\n*(Note: Calibrations on all sheets are currently unverified with 0 confidence and unlocked).*\n\n---\n\n### 3. Price Books\n- **Imported Price Books:** None (`0` books imported, `0` priced worksheet lines).\n\n---\n\n### 4. Workspace Backup\n- **Name:** `Assistant checkpoint`\n- **Backup ID:** `a50ba7d7-7de4-459a-98f9-18986b15c702`\n- **Status:** Verified and saved locally (Size: ~9.34 MB; includes BOM, components, sheet metadata, and 1 plan document).",
  "tools": [
    "read_project_contextRunning read_project_context…Running read_project_context…",
    "read_project_contextTool result{\"projectId\":\"job-8ef173b7-38e5-4573-8d89-1576411a281c\",\"projectName\":\"New project\",\"projectRevision\":2,\"pane\":\"sheets\",\"sourcePa",
    "read_source_sheetsRunning read_source_sheets…Running read_source_sheets…",
    "read_source_sheetsTool result{\"available\":true,\"documentId\":\"document-8397e617-e2c7-48c8-9f5a-9759c6600798\",\"sourceName\":\"21-08-26_Redburn_BR250157_Prelim_Counc",
    "manage_source_sheetRunning manage_source_sheet…Running manage_source_sheet…",
    "manage_source_sheetTool result{\"documentId\":\"document-8397e617-e2c7-48c8-9f5a-9759c6600798\",\"action\":\"rename\",\"pageIndex\":2,\"originalPage\":3,\"before\":{\"name\":\"S",
    "manage_source_sheetRunning manage_source_sheet…Running manage_source_sheet…",
    "manage_source_sheetTool result{\"documentId\":\"document-8397e617-e2c7-48c8-9f5a-9759c6600798\",\"action\":\"archive\",\"pageIndex\":11,\"originalPage\":12,\"before\":{\"name\"",
    "read_takeoff_evidenceRunning read_takeoff_evidence…Running read_takeoff_evidence…",
    "read_takeoff_evidenceTool result{\"projectId\":\"job-8ef173b7-38e5-4573-8d89-1576411a281c\",\"projectRevision\":2,\"activeDocument\":{\"id\":\"document-8397e617-e2c7-48c8-",
    "read_price_booksRunning read_price_books…Running read_price_books…",
    "read_price_booksTool result{\"jobId\":\"job-8ef173b7-38e5-4573-8d89-1576411a281c\",\"libraryRevision\":0,\"blocked\":false,\"error\":null,\"books\":[],\"worksheetLines\":0,\"s",
    "read_project_contextRunning read_project_context…Running read_project_context…",
    "read_project_contextTool result{\"projectId\":\"job-8ef173b7-38e5-4573-8d89-1576411a281c\",\"projectName\":\"New project\",\"projectRevision\":2,\"pane\":\"sheets\",\"sourcePa",
    "capture_project_backupRunning capture_project_backup…Running capture_project_backup…",
    "capture_project_backupTool result{\"saved\":true,\"verified\":true,\"backupId\":\"a50ba7d7-7de4-459a-98f9-18986b15c702\",\"name\":\"Assistant checkpoint\",\"storedAt\":\"2026-"
  ]
}

{
  "lifecycleRevision": 2,
  "manageCalls": 2,
  "page12": {
    "archived": true,
    "name": "Sheet 12",
    "pageIndex": 11
  },
  "page3": {
    "archived": false,
    "discipline": "Architecture",
    "name": "Ground floor plan",
    "pageIndex": 2
  }
}

true

✓ Screenshot saved to screenshots/growth/2026-09-09-assistant-workbench/desktop-02-after-assistant.png

{
  "backups": 1,
  "found": {
    "jobId": "job-8ef173b7-38e5-4573-8d89-1576411a281c",
    "jobRevision": 2,
    "name": "Assistant checkpoint",
    "plans": 1,
    "sha256": "a3d874f1698e78fe37dea405783d8d132215c428f01b1bf81a98956df1ad1577",
    "sizeBytes": 9341194
  }
}

✓ Done

true

✓ Screenshot saved to screenshots/growth/2026-09-09-assistant-workbench/desktop-03-backups.png

