✓ X-Ray by Looplet
  http://127.0.0.1:8096/

✓ Done

true

✓ Done

true

✓ Done

true

✓ Done

true

{
  "doc": "21-08-26_Redburn_BR250157_Prelim_Council (1).pdf",
  "jobId": "job-de45ee68-abd6-4898-bead-321e700874c5",
  "pages": 13,
  "revision": 2,
  "source": "web"
}

✓ Screenshot saved to screenshots/growth/2026-09-09-az5-release/prod-workbench-desktop-01-sheets-before.png

true

"panel"

✓ Done

✓ Done

true

"edits allowed"

✓ Done

✓ Done

true

✗ Evaluation error: Error: Paused after eight assistant steps. Completed actions are retained; send another message to continue.
    at <anonymous>:1:82
    at <anonymous>:1:348
