✓ Console log cleared

✗ 
✗ 
✗ 

true

✓ Done

✓ Done

✓ Done

true

✓ Done

{
  "dataset": {
    "cameraPosition": "16.70377585145345,14.100096209372195,19.51099084733032",
    "engine": "three.js r185",
    "frameCount": "2",
    "meshCount": "123",
    "navigation": "orbit",
    "navigationBlocked": "false",
    "navigationCapture": "none",
    "navigationTransition": "idle",
    "projectRevision": "2",
    "selected": ""
  },
  "text": "ARCHITECTURAL SKETCH · MILLIMETRESCourtyard studio / demonstration5 walls · 3 openings · 1 levels Saved design workspaceLoad demonstration Backup Restore"
}

✓ Screenshot saved to screenshots/growth/walk-boundaries-architect-setup-attempt2.png

✗ 
✗ 
✗ 
