http://127.0.0.1:8080/

true

- banner
  - StaticText "XR"
  - StaticText "X-RAY BY LOOPLET"
  - LabelText
    - StaticText "No plans open"
    - combobox "Current plan" [expanded=false, disabled, ref=e10]: Open a plan to begin
      - MenuListPopup
        - option "Open a plan to begin" [disabled, ref=e35]
  - navigation "Panes" [ref=e1]
    - button "Overview" [ref=e11]
    - button "Sheets" [ref=e12]
    - button "Measure" [ref=e13]
    - button "Sketch" [ref=e14]
    - button "Components" [ref=e15]
    - button "Model" [ref=e16]
    - button "Render" [ref=e17]
    - button "Review" [ref=e18]
    - button "Cost" [ref=e19]
    - button "Proof" [ref=e20]
  - StaticText "More workbench modes are available by scrolling horizontally."
  - button "Backups" [ref=e2]
  - button "Settings" [ref=e3]
  - button "Log in" [ref=e4]
    - StaticText "Log in"
- StaticText "SHEETS · "
- StaticText "no verified plan"
- generic
  - complementary
    - heading "MODELS" [level=2, ref=e21]
    - button "Source building" [ref=e22]
    - heading "PROJECT SHEETS 1" [level=2, ref=e23]
      - StaticText "PROJECT SHEETS"
      - StaticText "1"
    - button "Open plan" [ref=e24]
    - button "Fit sheet" [ref=e25]
    - button "Open source page 1" [ref=e26]
      - StaticText "01No source plan"
    - heading "EVIDENCE LAYERS LIVE" [level=2, ref=e27]
      - StaticText "EVIDENCE LAYERS"
      - StaticText "LIVE"
    - StaticText "Measurements"
    - StaticText "0"
    - StaticText "Takeoff evidence"
    - StaticText "0"
    - StaticText "Review flags"
    - StaticText "0"
  - generic
    - generic
      - region "Current project" [ref=e30]
        - StaticText "CURRENT PROJECT"
        - heading "New project" [level=2, ref=e36]
        - paragraph
          - StaticText "Job revision 1 · local workspace"
        - status
          - StaticText "Project record saved on this device · revision 1"
        - button "Rename project" [ref=e37]
        - StaticText "Original drawing names stay intact. Save a project backup to keep a portable copy of committed work and original files."
      - region "Manage source sheets" [ref=e31]
        - heading "Sheet register" [level=2, ref=e38]
        - paragraph
          - StaticText "Name, arrange and archive pages for this project. Original page numbers stay fixed for evidence links."
        - button "Reload list" [ref=e39]
        - paragraph
          - StaticText "Import a drawing with verified source pages to organise its sheets."
      - StaticText "SOURCE DRAWINGS"
      - heading "Your drawing starts here" [level=1, ref=e32]
      - region "Open a drawing" [ref=e33]
        - heading "Open a drawing" [level=2, ref=e40]
        - paragraph
          - StaticText "Choose a plan to view its sheets, set the scale and start measuring."
        - button "Choose a file" [ref=e41]
        - StaticText "PDF, DXF or SVG "
        - StaticText " Up to 100 MB"
        - list "From drawing to measurement"
          - listitem [level=1]
            - strong
              - StaticText "Open your plan"
            - StaticText "Keep the original intact"
          - listitem [level=1]
            - strong
              - StaticText "Check the sheets"
            - StaticText "Find the detail you need"
          - listitem [level=1]
            - strong
              - StaticText "Set scale & measure"
            - StaticText "Work from known dimensions"
    - sectionfooter "Workspace diagnostics"
      - generic [ref=e34] clickable [onclick]
        - separator "Resize bottom panel" [ref=e42] focusable [tabindex]: 22
        - tablist "Workspace diagnostic views"
          - tab "Logs 9" [ref=e44]
            - StaticText "Logs"
            - StaticText "9"
          - tab "Console 0" [ref=e45]
            - StaticText "Console"
            - StaticText "0"
          - tab "Errors 0" [ref=e46]
            - StaticText "Errors"
            - StaticText "0"
          - tab "Status" [selected, ref=e47]
        - StaticText "Development"
        - button "Expand workspace diagnostics" [expanded=false, ref=e43]
  - complementary
    - heading "MODEL READINESS" [level=2, ref=e28]
    - button "Collapse" [ref=e29]
    - paragraph
      - StaticText "Track what the current pane can prove."
    - StaticText "Verified plan bytes"
    - StaticText "Missing"
    - StaticText "Source verification"
    - StaticText "Pending"
    - StaticText "Semantic graph"
    - StaticText "Not evidenced"
    - StaticText "CURRENT BOUNDARY"
    - paragraph
      - StaticText "The local presentation viewer is available. It does not prove that plan bytes, vector identities, or semantic solids are verified; those require the source-integrity and CAD/IFC contracts."
    - StaticText "ON THIS SHEET"
    - paragraph
      - StaticText "Open a source drawing to inspect its pages and evidence."
- complementary "Live assistant"
  - button "Live assistant Drawing tools" [expanded=false, ref=e5]
    - strong
      - StaticText "Live assistant"
    - StaticText "Drawing tools"
- generic
  - separator "Resize left menu" [ref=e6] focusable [tabindex]: 260
  - button "Collapse left menu" [expanded=true, ref=e7]
- generic
  - separator "Resize right menu" [ref=e8] focusable [tabindex]: 400
  - button "Collapse right menu" [expanded=true, ref=e9]
