✓ Done

✓ X-Ray by Looplet
  http://127.0.0.1:8085/

true

"reloading-with-minimax"

true

"checking"

true

"{\"provider\":\"MiniMax\",\"model\":\"MiniMax-M3\",\"stored\":\"minimax\"}"

"seeding"

true

"{\"ok\":true,\"jobId\":\"job-b2e2d8fd-f4f2-4c4f-9458-1d25718a54aa\",\"documents\":2,\"activeDocumentId\":\"doc-ground-floor\",\"calibrations\":3}"

"opened"

true

"binding"

true

"menu opened"

true

"clicked New chat"

"awaiting empty conversation"

true

"{\"conversationEmptyBeforeTurn\":true,\"activeId\":\"a2194d0c-630c-4bc5-ac0d-20cd719386a5\"}"

"{\"script\":\"20-d3-no-tool-answer-delivered\",\"jobId\":\"job-b2e2d8fd-f4f2-4c4f-9458-1d25718a54aa\"}"

"composed 42 chars"

true

"baseline"

true

✓ Screenshot saved to proof/growth/2026-09-16-live-assistant-rig/screenshots/20-d3-no-tool-answer-composed.png

"sent"

"polling"

true

✓ Screenshot saved to proof/growth/2026-09-16-live-assistant-rig/screenshots/20-d3-no-tool-answer-replied.png

"{\"state\":\"done\",\"baseline\":0,\"newEntryCount\":2,\"newEntries\":[{\"kind\":\"user\",\"tool\":null,\"failed\":null,\"origin\":null,\"projectName\":null,\"projectRevision\":null,\"text\":\"No tools. Reply with exactly: LIVE TURN OK\"},{\"kind\":\"assistant\",\"tool\":null,\"failed\":null,\"origin\":null,\"projectName\":null,\"projectRevision\":null,\"text\":\"LIVE TURN OK\\n\\nDeveloper review\\n- Outcome: Replied exactly \\\"LIVE TURN OK\\\"; no tools invoked, matching the no-tool restriction.\\n- Friction: None evident; the instruction was unambiguous.\\n- Improvement: No specific problem in this response to correct.\"}],\"projectId\":\"job-b2e2d8fd-f4f2-4c4f-9458-1d25718a54aa\",\"activeId\":\"a2194d0c-630c-4bc5-ac0d-20cd719386a5\",\"threads\":2,\"busy\":false,\"error\":null,\"workPacket\":{\"state\":\"review-required\",\"objective\":\"No tools. Reply with exactly: LIVE TURN OK\",\"nextAction\":\"Tool use was prohibited for this message, so no tool step was required. The answer rests on the conversation and any receipts already recorded.\",\"pendingAction\":null,\"routingFailure\":null},\"entries\":[{\"kind\":\"user\",\"tool\":null,\"failed\":null,\"origin\":null,\"projectName\":null,\"projectRevision\":null,\"text\":\"No tools. Reply with exactly: LIVE TURN OK\"},{\"kind\":\"assistant\",\"tool\":null,\"failed\":null,\"origin\":null,\"projectName\":null,\"projectRevision\":null,\"text\":\"LIVE TURN OK\\n\\nDeveloper review\\n- Outcome: Replied exactly \\\"LIVE TURN OK\\\"; no tools invoked, matching the no-tool restriction.\\n- Friction: None evident; the instruction was unambiguous.\\n- Improvement: No specific problem in this response to correct.\"}]}"

"{\"state\":\"done\",\"error\":null,\"tools\":[],\"replyLength\":248}"

"{\"answerDelivered\":true,\"workflowIncompleteError\":false,\"toolsRun\":0,\"replyLength\":248}"

"LIVE TURN OK\n\nDeveloper review\n- Outcome: Replied exactly \"LIVE TURN OK\"; no tools invoked, matching the no-tool restriction.\n- Friction: None evident; the instruction was unambiguous.\n- Improvement: No specific problem in this response to correct."

"{\"rows\":2,\"lastEntry\":\"AssistantLIVE TURN OKDeveloper reviewOutcome: Replied exactly \\\"LIVE TURN OK\\\"; no tools invoked, matching the no-tool restriction.Friction: None evident; the instruction was unambiguous.Improvement: No specific problem in this response to correct.01:07 PM\"}"

