[agent-browser] launched browser
✓ Done

✓ X-Ray by Looplet
  http://127.0.0.1:8085/

true

"reloading-with-minimax"

true

"checking"

true

"{\"provider\":\"MiniMax\",\"model\":\"MiniMax-M3\",\"stored\":\"minimax\"}"

"seeding"

true

"{\"ok\":true,\"jobId\":\"job-a7d47466-84b9-4a25-9809-104fec9865bb\",\"documents\":2,\"activeDocumentId\":\"doc-ground-floor\",\"calibrations\":3}"

"opened"

true

"binding"

true

"{\"script\":\"06-project-switch\",\"jobId\":\"job-a7d47466-84b9-4a25-9809-104fec9865bb\"}"

"composed 405 chars"

true

"busy=false"

✓ Screenshot saved to proof/growth/2026-09-16-live-assistant-rig/screenshots/06-project-switch-composed.png

"sent"

"polling"

true

✓ Screenshot saved to proof/growth/2026-09-16-live-assistant-rig/screenshots/06-project-switch-replied.png

"{\"state\":\"done\",\"projectId\":\"job-a7d47466-84b9-4a25-9809-104fec9865bb\",\"activeId\":\"e692ca9b-33a6-4477-9517-c858d912b49e\",\"threads\":1,\"busy\":false,\"error\":null,\"workPacket\":{\"state\":\"review-required\",\"objective\":\"Execute calculate_draft_roof_sheet_coverage for this explicit QA rectangle: developedWidthM='8', developedRunM='9.8', effectiveCoverM='0.8', orderLengthM='5', endLapM='0.2', measurementReference='QA synthetic rectangle', supplierReference='QA supplied sheet specification'. Report the actual tool res\",\"nextAction\":\"Workflow receipts complete. Review the draft against its sources and acceptance tests; no professional approval or issue recorded.\",\"pendingAction\":null,\"routingFailure\":null},\"entries\":[{\"kind\":\"user\",\"tool\":null,\"failed\":null,\"origin\":null,\"projectName\":null,\"projectRevision\":null,\"text\":\"Execute calculate_draft_roof_sheet_coverage for this explicit QA rectangle: developedWidthM='8', developedRunM='9.8', effectiveCoverM='0.8', orderLengthM='5', endLapM='0.2', measurementReference='QA synthetic rectangle', supplierReference='QA supplied sheet specification'. Report the actual tool result and explain course steps and lap policy. Use supplied inputs only; do not change project or geometry.\"},{\"kind\":\"tool\",\"tool\":\"calculate_draft_roof_sheet_coverage\",\"failed\":null,\"origin\":\"model\",\"projectName\":\"New project\",\"projectRevision\":1,\"text\":\"{\\\"projectId\\\":\\\"job-a7d47466-84b9-4a25-9809-104fec9865bb\\\",\\\"projectRevision\\\":1,\\\"status\\\":\\\"draft-sheet-coverage\\\",\\\"columns\\\":10,\\\"courses\\\":2,\\\"sheets\\\":20,\\\"inputs\\\":{\\\"developedWidthM\\\":\\\"8\\\",\\\"developedRunM\\\":\\\"9.8\\\",\\\"effectiveCoverM\\\":\\\"0.8\\\",\\\"orderLengthM\\\":\\\"5\\\",\\\"endLapM\\\":\\\"0.2\\\",\\\"measurementReference\\\":\\\"QA synthetic rectangle\\\",\\\"supplierReference\\\":\\\"QA supplied sheet specification\\\"},\\\"calculation\\\":{\\\"columns\\\":\\\"ceil(8 / 0.8) = 10\\\",\\\"coursesFormula\\\":\\\"run <= ordered length ? 1 : 1 + ceil((run - ordered length) / (ordered length - end lap))\\\",\\\"courses\\\":\\\"1 + ceil((9.8 - 5) / (5 - 0.2)) = 2\\\",\\\"coursesExpanded\\\":\\\"Course 1 covers a full ordered sheet length of 5 m. The remaining 4.8 m is covered by further courses that each add 5 - 0.2 = 4.8 m, so ceil(4.8 / 4.8) = 1 more course(s), giving 2 courses in total.\\\",\\\"courseBoundary\\\":\\\"2 course(s) cover any run greater than 5 m and up to and including exactly 9.8 m. A run of 9.800000001 m or more needs at least 3 courses.\\\",\\\"boundaryPrecision\\\":\\\"The next boundary value uses this calculator's nine-decimal-place input resolution in metres. It does not establish measurement accuracy or PDF coordinate precision.\\\",\\\"maxRunAtThisCourseCountM\\\":9.8,\\\"minRunForAnotherCourseM\\\":9.800000001,\\\"wrongFormulaWarning\\\":\\\"Do NOT compute courses as ceil(run / (ordered length - end lap)); for this input that would give 3 instead of the correct 2, because the first course is not shortened by an end lap.\\\",\\\"sheets\\\":\\\"10 columns × 2 courses = 20 sheets\\\",\\\"orderedLength\\\":\\\"20 sheets × 5 m = 100 m\\\",\\\"endLapPolicy\\\":\\\"The first course covers a full ordered sheet length. Each additional course adds ordered length minus end lap.\\\",\\\"excessRun\\\":\\\"9.8 m covered run - 9.8 m requested run = 0 m excess run. This is geometric over-coverage along the run, not a per-sheet waste or cutting quantity.\\\"},\\\"cuttingSchedule\\\":{\\\"status\\\":\\\"not-calculated\\\",\\\"perSheetWasteM\\\":null,\\\"reusableOffcuts\\\":null,\\\"reason\\\":\\\"No cutting layout, trimming or offcut reuse is supplied. Do not infer per-sheet waste, scrap, usable cut length or reusable offcuts from coverage excess, in either the answer or Developer review.\\\"},\\\"orderedLinearM\\\":100,\\\"coveredWidthM\\\":8,\\\"coveredRunM\\\":9.8,\\\"excessWidthM\\\":0,\\\"excessRunM\\\":0,\\\"measurementReference\\\":\\\"QA synthetic rectangle\\\",\\\"supplierReference\\\":\\\"QA supplied sheet specification\\\",\\\"verifiedQuoteEligible\\\":false,\\\"limitations\\\":[\\\"End lap (the lengthwise lap between courses, also called a transverse lap) IS included in this calculation: every course after the first is shortened by the supplied end lap. Do not describe end laps or transverse laps as excluded.\\\",\\\"Side lap (the lap between adjacent sheets across the width) is NOT calculated here: it is already contained in the supplied effective sheet cover, so it is neither added nor deducted again. Side lap and end lap are separate laps and must be explained separately.\\\",\\\"One rectangular developed surface with identical ordered sheet lengths; no opening deductions, hips, valleys, cutting or reusable offcut schedule.\\\",\\\"No fixings, flashings, product suitability or compliance calculation. References are retained but not validated; draft and not eligible for verified quotes.\\\"]}\"},{\"kind\":\"assistant\",\"tool\":null,\"failed\":null,\"origin\":null,\"projectName\":null,\"projectRevision\":null,\"text\":\"I will use the receipt returned for this turn and keep the project unchanged. Below is what the calculator actually returned for the QA rectangle.\\n\\n## Tool receipt summary\\n- **Status:** draft-sheet-coverage\\n- **Inputs:** developed width 8 m, run 9.8 m, effective cover 0.8 m, ordered length 5 m, end lap 0.2 m\\n- **Columns:** `ceil(8 / 0.8) = 10`\\n- **Courses:** `1 + ceil((9.8 − 5) / (5 − 0.2)) = 2`\\n- **Sheets:** 10 × 2 = 20\\n- **Ordered linear:** 20 × 5 m = 100 m\\n- **Excess width / run:** 0 m / 0 m\\n- **Verified quote eligible:** false\\n- **References retained:** measurement = QA synthetic rectangle; supplier = QA supplied sheet specification\\n\\n## Course steps explained\\n- **Course 1** is a full ordered sheet: 5 m of coverage, no end-lap deduction, because it sits at the start of the run.\\n- **Course 2** covers the remaining 4.8 m. Each additional course contributes `ordered length − end lap`, i.e. `5 − 0.2 = 4.8 m`. `ceil(4.8 / 4.8) = 1` extra course.\\n- **Course-count boundary** for these inputs: 2 courses cover any run > 5 m and up to exactly 9.8 m; 9.800000001 m or more needs at least 3. The 9-decimal boundary reflects this calculator's input resolution, not measurement accuracy.\\n\\n## Lap policy explained\\n- **End lap (transverse lap):** lengthwise overlap between courses. It **is** included: every course after the first is shortened by the supplied 0.2 m. Do not describe it as excluded.\\n- **Side lap:** overlap between adjacent sheets across the width. It is **not** recalculated here, because it is already inside the supplied effective cover of 0.8 m. Side lap and end lap are two different laps and are explained separately.\\n- **First-course rule:** the first course is *not* shortened by an end lap, so `ceil(run / (ordered length − end lap))` would be the wrong formula here (it would give 3). Use `1 + ceil((run − ordered length) / (ordered length − end lap))` for run > ordered length.\\n\\n## Cutting schedule\\n- **Not calculated.** `perSheetWasteM` and `reusableOffcuts` are returned as `null`. No cutting layout is supplied, so per-sheet waste, scrap, usable cut length and reusable offcuts are not derived from the 0 m excess run.\\n\\n## Limits to keep visible\\n- One rectangular developed surface, identical ordered sheet lengths.\\n- No opening deductions, hips, valleys, fixings, flashings, suitability or compliance assessment.\\n- Output remains an internal draft and is not eligible for verified quotes.\\n\\n## Developer review\\n- **Outcome:** Reported the actual receipt and explained courses, end-lap inclusion, side-lap separation, and the not-calculated cutting schedule using the returned formula and boundary.\\n- **Friction:** None evident on this turn.\\n- **Improvement:** None — the answer is already faithful to the returned calculation fields.\"}]}"

"project A = job-a7d47466-84b9-4a25-9809-104fec9865bb with 3 entries"

"menu opened"

true

"drawer opened"

true

✓ Screenshot saved to proof/growth/2026-09-16-live-assistant-rig/screenshots/06-project-switch-drawer.png

"new project requested"

"awaiting-switch"

true

"{\"ok\":true,\"from\":\"job-a7d47466-84b9-4a25-9809-104fec9865bb\",\"to\":\"job-e3cc77c4-d976-45a2-80d7-d50658daf7e4\"}"

"reading B"

true

✓ Screenshot saved to proof/growth/2026-09-16-live-assistant-rig/screenshots/06-project-switch-new-project.png

"{\"projectA\":\"job-a7d47466-84b9-4a25-9809-104fec9865bb\",\"projectB\":\"job-e3cc77c4-d976-45a2-80d7-d50658daf7e4\",\"distinctProjects\":true,\"entriesInB\":0,\"threadsInB\":0,\"errorInB\":null,\"projectIdMatchesB\":false,\"projectAEntries\":3,\"BShowsAConversation\":false}"

