✓ Done

✓ X-Ray by Looplet
  http://127.0.0.1:8096/

true

✓ Done

true

✓ Done

true

✓ Done

true

✓ Done

✓ Done

true

✓ Done

true

"Before rename: {\"calibrations\":13,\"annotations\":0,\"runs\":0,\"gates\":0,\"order\":[0,1,2,3,4,5,6,7,8,9,10,11,12],\"bookmark\":{\"id\":\"1b66bc25-ca9b-4a2a-9bf5-dd38c9e0330b\",\"name\":\"Entry detail\",\"createdAt\":\"2026-09-08T20:43:33.543Z\",\"zoom\":1,\"aspect\":1.414111328125,\"center\":{\"x\":0.5,\"y\":0.5}}}"

✓ Screenshot saved to screenshots/growth/2026-09-09-az4-release/prod-sheets-A1-before-rename-desktop.png

✓ Done

true

✓ Done

✓ Done

✓ Done

true

"After rename: lifecycle key xray.sheet-lifecycle.v1:[\"job-42acfb9b-3321-432c-afd8-eea423bd84e7\",\"document-99ca51e3-a34a-4554-af74-9c7cb9a819af\",\"b57956f76b5dc893ac2b28a021f3f92e345807e326d6b1f8313e373f9145ad38\",\"2026-09-08T20:43:31.675Z\",13] page2={\"name\":\"Ground floor plan\",\"discipline\":\"Architecture\",\"bookmarks\":1,\"archived\":false} job counts {\"calibrations\":13,\"annotations\":0,\"runs\":0,\"gates\":0} unchanged; order [0,1,2,3,4,5,6,7,8,9,10,11,12]"

"Heading and navigation show Ground floor plan"

✓ Screenshot saved to screenshots/growth/2026-09-09-az4-release/prod-sheets-A2-after-rename-desktop.png

http://127.0.0.1:8096/

true

✓ Done

true

"After reload: heading, navigation and lifecycle record keep Ground floor plan / Architecture with 1 saved view; job counts {\"calibrations\":13,\"annotations\":0}"

✓ Screenshot saved to screenshots/growth/2026-09-09-az4-release/prod-sheets-A3-after-reload-desktop.png

