✓ Done

✓ X-Ray by Looplet
  http://127.0.0.1:8085/

true

"seeded with Ground floor plan rev C.pdf"

"skin=navy"

true

true

"roofing sheet shown"

true

"roof inputs entered"

true

"roof bind requested"

true

{
  "field": {
    "bg": "rgb(43, 43, 43)",
    "border": "rgb(85, 85, 85)",
    "color": "rgb(242, 242, 242)"
  },
  "note": {
    "bg": "rgba(0, 0, 0, 0)",
    "border": "rgb(185, 185, 185)",
    "color": "rgb(185, 185, 185)"
  },
  "summary": {
    "bg": "rgb(38, 38, 38)",
    "border": "rgb(242, 242, 242)",
    "color": "rgb(242, 242, 242)"
  },
  "workbench": {
    "bg": "rgb(34, 34, 34)",
    "border": "rgb(64, 64, 64)",
    "color": "rgb(242, 242, 242)"
  }
}

{
  "labelled": 13,
  "unnamed": 0
}

✗ Evaluation error: Error: Focus ring missing or wrong: [{"label":"Developed roof width across sheets","focusVisible":false,"width":"3px","style":"none","color":"rgb(242, 242, 242)"},{"label":"Developed roof run along sheets (m","focusVisible":false,"width":"3px","style":"none","color":"rgb(242, 242, 242)"},{"label":"Effective sheet cover after side l","focusVisible":false,"width":"3px","style":"none","color":"rgb(242, 242, 242)"},{"label":"Ordered length of each sheet (m)","focusVisible":false,"width":"3px","style":"none","color":"rgb(242, 242, 242)"},{"label":"End lap between courses (m; enter ","focusVisible":false,"width":"3px","style":"none","color":"rgb(242, 242, 242)"},{"label":"Roof dimension reference","focusVisible":false,"width":"3px","style":"none","color":"rgb(242, 242, 242)"},{"label":"Sheet and lap supplier / specifica","focusVisible":false,"width":"3px","style":"none","color":"rgb(242, 242, 242)"}]
    at <anonymous>:31:23
    at <anonymous>:35:136
