✓ Done

true

true

"panel"

✓ Done

✓ Done

true

"edits allowed"

✓ Done

✓ Done

true

{
  "paused": false,
  "tools": [
    "read_project_contextRunning read_project_context…Running read_project_context…",
    "read_project_contextTool result{\"projectId\":\"job-f1b3d650-aadb-4c38-9d57-7e5ff9d09b09\",\"projectName\":\"New project\",\"projectRevision\":6,\"pane\":\"cost\",\"sourcePage",
    "read_price_booksRunning read_price_books…Running read_price_books…",
    "read_price_booksTool result{\"jobId\":\"job-f1b3d650-aadb-4c38-9d57-7e5ff9d09b09\",\"libraryRevision\":0,\"blocked\":false,\"error\":null,\"books\":[],\"worksheetLines\":0,\"s",
    "import_price_bookRunning import_price_book…Running import_price_book…",
    "import_price_bookTool result{\"jobId\":\"job-f1b3d650-aadb-4c38-9d57-7e5ff9d09b09\",\"bookId\":\"74950304-eb7a-4d49-b667-a2c3a900af8c\",\"bookName\":\"Timber Co 2026\",\"cre"
  ]
}

"edits allowed"

1

✓ Done

✓ Done

true

{
  "errors": [],
  "replies": [
    "AssistantThe price book **\"Timber Co 2026\"** has been successfully imported and verified:\n\n- **Book ID:** `74950304-eb7a-4d49-b667-a2c3a900af8c` (Revision 1, Library Revision 1)\n- **Supplier:** Timber Co\n- **Currency:** AUD\n- **Tax Basis:** Exclusive (10%)\n- **Effective Date:** 2026-09-01\n- **Source Reference:** Live assistant paste · Quote Q-1234\n- **Rows Imported:** 3 items\n  - `P100` — Treated pine post 100x100 (`each`) @ 18.50 AUD\n  - `R75` — Rail 75x50 (`m`) @ 4.20 AUD\n  - `PAL` — Paling 100x12 (`each`) @ 1.15 AUD\n\n*(Note: If the Cost pane is currently open in your browser, click \"Reload library\" or reopen the pane to display the updated rate book.)*",
    "AssistantDONE"
  ],
  "tools": [
    "read_project_contextRunning read_project_context…Running read_project_context…",
    "read_project_contextTool result{\"projectId\":\"job-f1b3d650-aadb-4c38-9d57-7e5ff9d09b09\",\"projectName\":\"New project\",\"projectRevision\":6,\"pane\":\"cost\",\"sourcePage\":2,\"documents\":[{\"id\":\"doc-sample\",\"nam",
    "read_price_booksRunning read_price_books…Running read_price_books…",
    "read_price_booksTool result{\"jobId\":\"job-f1b3d650-aadb-4c38-9d57-7e5ff9d09b09\",\"libraryRevision\":0,\"blocked\":false,\"error\":null,\"books\":[],\"worksheetLines\":0,\"scope\":\"Imported supplier rates and their",
    "import_price_bookRunning import_price_book…Running import_price_book…",
    "import_price_bookTool result{\"jobId\":\"job-f1b3d650-aadb-4c38-9d57-7e5ff9d09b09\",\"bookId\":\"74950304-eb7a-4d49-b667-a2c3a900af8c\",\"bookName\":\"Timber Co 2026\",\"created\":true,\"revision\":1,\"rows\":3,\"import"
  ]
}

{
  "book": "Timber Co 2026",
  "fileName": "assistant-paste.csv",
  "libraryRevision": 1,
  "rows": [
    [
      "P100",
      18.5
    ],
    [
      "R75",
      4.2
    ],
    [
      "PAL",
      1.15
    ]
  ],
  "sourceReference": "Live assistant paste · Quote Q-1234"
}

✓ Done

✓ Done

true

✓ Screenshot saved to screenshots/growth/2026-09-09-az5-release/prod-unlock-c-price-import-desktop.png

