{
  "buttons": [
    "Open",
    "Overview",
    "Sheets",
    "Measure",
    "Sketch",
    "Components",
    "Model",
    "Render",
    "Review",
    "Cost",
    "Proof",
    "Backups",
    "Settings",
    "Log in",
    "Source building",
    "Open plan",
    "Fit sheet",
    "01 Sheet 1",
    "02 Sheet 2",
    "03 Level 1 plan",
    "04 Sheet 4",
    "05 Sheet 5",
    "06 Sheet 6",
    "07 Sheet 7",
    "08 Sheet 8",
    "09 Sheet 9",
    "10 Sheet 10",
    "11 Sheet 11",
    "13 Sheet 13",
    "Sheet register · 1 archived",
    "Run L",
    "Area A",
    "Gate C",
    "Snap S",
    "Finish trace",
    "Cancel",
    "Save view",
    "Scope",
    "",
    "",
    "",
    "",
    "",
    "Snap ON",
    "Vectors",
    "Manual",
    "Pick two points",
    "Lock scale",
    "Undo",
    "Redo",
    "Open Proof",
    "Logs21",
    "Console2",
    "Errors0",
    "Status",
    "",
    "",
    "",
    "",
    "Live assistantConnected",
    "",
    "",
    "",
    "",
    "Live assistant"
  ],
  "text": "XR\nX-RAY BY LOOPLET\n1 of 1 plans\n📂 Open plan file (PDF, CAD, Image)…\n📄 Load sample plan (Redburn BR250157 PDF)…\n21-08-26_Redburn_BR250157_Prelim_Council (1).pdf\nOpen\nOverview\nSheets\nMeasure\nSketch\nComponents\nModel\nRender\nReview\nCost\nProof\nMore workbench modes are available by scrolling horizontally.\nBackups\nSettings\nLog in\nMEASURE · scale first · then length / area / count\nMODELS\nSource building\nPROJECT SHEETS\n12\nOpen plan\nFit sheet\n01 Sheet 1\n02 Sheet 2\n03 Level 1 plan\n04 Sheet 4\n05 Sheet 5\n06 Sheet 6\n07 Sheet 7\n08 Sheet 8\n09 Sheet 9\n10 Sheet 10\n11 Sheet 11\n13 Sheet 13\nSheet register · 1 archived\nEVIDENCE LAYERS\nLIVE\n\nMeasurements\n0\n\nTakeoff evidence\n0\n\nReview flags\n0\n\nRun L\nArea A\nGate C",
  "title": "X-Ray by Looplet",
  "url": "http://tauri.localhost/"
}

✓ Screenshot saved to screenshots/growth/2026-09-09-az5-release/native-after-export-state.png
