✓ Done

true

"top"

✓ Done

✓ Done

✓ Done

✓ Done

✓ Done

✓ Done

✓ Done

✓ Done

true

"ok"

"Takeoff type=construction"

true

✓ Done

true

{
  "bomPanel": false,
  "notice": "Fence materials are paused\nFence materials, bay layout and recipe review are built only when every run is a fence run. Run 02 is a general construction run; change it to fencing or remove it in Takeoff to build fence materials.\nMEASURED GEOMETRY\nGeneral construction quantities\n\nGross quantities by run. Openings, overlap and wast"
}

"shown"

true

✓ Screenshot saved to proof/growth/2026-09-23-tidy-up/shots/t3-fence-materials-paused.png
