[agent-browser] launched browser
✓ Done

✓ X-Ray by Looplet
  http://127.0.0.1:8085/

true

"reloading-with-minimax"

true

"checking"

true

"{\"provider\":\"MiniMax\",\"model\":\"MiniMax-M3\",\"stored\":\"minimax\"}"

"seeding"

true

"{\"ok\":true,\"jobId\":\"job-b7ebddb1-076c-49e2-afc1-2ac3e697add5\",\"documents\":2,\"activeDocumentId\":\"doc-ground-floor\",\"calibrations\":3}"

"opened"

true

"binding"

true

"menu opened"

true

"clicked New chat"

"awaiting empty conversation"

true

"{\"conversationEmptyBeforeTurn\":true,\"activeId\":\"4a4ec6aa-5a4f-48cc-b146-eacafbd76476\"}"

"{\"script\":\"22-d8-ask-prompts-for-navigation\",\"jobId\":\"job-b7ebddb1-076c-49e2-afc1-2ac3e697add5\"}"

"mode -> ask"

"reading-mode"

true

"permission mode confirmed: ask"

"reading pane"

true

"{\"pane\":\"cost\"}"

"reading revision"

true

"{\"id\":\"job-b7ebddb1-076c-49e2-afc1-2ac3e697add5\",\"revision\":1}"

"{\"permissionsModuleUrls\":[],\"count\":0}"

"composed 41 chars"

true

"baseline"

true

"sent"

"polling-for-card"

true

✓ Screenshot saved to proof/growth/2026-09-16-live-assistant-rig/screenshots/22-d8-ask-navigation-prompt.png

"{\"outcome\":\"permission-card\",\"cardTitle\":\"The assistant wants to: Move the workspace\",\"cardSummary\":\"measure\",\"storePending\":null,\"mode\":\"ask\",\"working\":true,\"elapsedMs\":10101}"

"denied"

"awaiting card dismissal"

true

"{\"gone\":true}"

"reading pane"

true

"{\"label\":\"deny of the workspace move\",\"pane\":\"cost\",\"unchanged\":true}"

"polling"

true

"{\"state\":\"done\",\"navigateToolsSucceeded\":0,\"denied\":true,\"tools\":[{\"tool\":\"read_workflow_route\",\"failed\":false,\"text\":\"{\\\"version\\\":\\\"xray.workflow/1\\\",\\\"workflow\\\":\\\"inspect\\\",\\\"steps\\\":[\\\"Read project context.\\\",\\\"Retrieve the relevant design, source sheets, attachments or evidence.\\\",\\\"Answer with source/revision and unknowns.\\\"],\\\"scope\\\":\\\"Workflow selection only; no geometry, evidence or authority changed.\\\"}\"},{\"tool\":\"read_project_context\",\"failed\":false,\"text\":\"{\\\"projectId\\\":\\\"job-b7ebddb1-076c-49e2-afc1-2ac3e697add5\\\",\\\"projectName\\\":\\\"New project\\\",\\\"projectRevision\\\":1,\\\"pane\\\":\\\"cost\\\",\\\"sourcePage\\\":1,\\\"documents\\\":[{\\\"id\\\":\\\"doc-sample\\\",\\\"name\\\":\\\"No source plan\\\",\\\"kind\\\":\\\"pdf\\\",\\\"pageCount\\\":1,\\\"sha256\\\":null},{\\\"id\\\":\\\"doc-ground-floor\\\",\\\"name\\\":\\\"Ground floor plan rev C.pdf\\\",\\\"kind\\\":\"},{\"tool\":\"navigate_workspace\",\"failed\":true,\"text\":\"The user declined this action. Nothing was changed; ask before retrying.\"}],\"error\":null}"

"reading pane"

true

"{\"label\":\"final pane after the denied turn\",\"pane\":\"cost\",\"unchanged\":true}"

"{\"rows\":6,\"lastEntry\":\"AssistantWorkspace switch: Measure paneThe user declined the switch in their Live assistant. Nothing was changed. I won't retry the navigation.Current project state (from read_project_context):Project: job-b7ebddb1-076c-49e2-afc1-2ac3e697add5, revision 1Active pane: cost (not Measure)Active document: doc-ground-floor — Ground floor plan rev C.pdf, 3 pages, sha256 c0ffeec0…ffeeabcdOther document: d\"}"

