http://tauri.localhost/

true

✓ Done

true

"opened"

true

{
  "before": {
    "levels": 3,
    "revision": 2,
    "walls": 12
  },
  "viewport": [
    2560,
    1370
  ]
}

true

✓ Screenshot saved to screenshots/growth/2026-09-09-az4-release/native-wireframe-undo-tablet-01-wireframe-3d.png

true

"panel"

✓ Done

✓ Done

true

"edits allowed"

✓ Done

✓ Done

true

{
  "reply": "AssistantThe additional storey (Level 4 with the 20 m × 12 m footprint) was added to the design and then immediately undone using the architectural undo tool.\n\n### Design Verification Summary\n- **Initial Levels (3):**\n  - Ground (elevation: 0 mm, height: 2700 mm)\n  - Level 2 (elevation: 3200 mm, height: 3200 mm)\n  - Level 3 (elevation: 6400 mm, height: 3200 mm)\n- **Action Performed:** Added Level 4 with a 20,000 mm × 12,000 mm footprint at elevation 9600 mm (Design Rev 3).\n- **Undo Operation:** Successfully undone via `undo_architect_change` (Design Rev 4).\n- **Final Level Count:** **3** (Ground, Level 2, Level 3).",
  "tools": [
    "read_project_contextRunning read_project_context…Running read_project_context…",
    "read_project_contextTool result{\"projectId\":\"job-32058214-c24c-4e1b-89e6-28a13a7f3642\",\"projectName\":\"Other window revis",
    "read_architect_designRunning read_architect_design…Running read_architect_design…",
    "read_architect_designTool result{\"project\":{\"schema\":\"xray.architect/v1\",\"id\":\"job-32058214-c24c-4e1b-89e6-28a13a7f3642\"",
    "read_workbench_structureRunning read_workbench_structure…Running read_workbench_structure…",
    "read_workbench_structureTool result{\"units\":{\"architecturalDesign\":\"mm\",\"sourceBuilding\":\"m\",\"sourceSheets\":\"PDF page pi",
    "draw_architect_elementsRunning draw_architect_elements…Running draw_architect_elements…",
    "draw_architect_elementsTool result{\"projectId\":\"job-32058214-c24c-4e1b-89e6-28a13a7f3642\",\"designRevision\":3,\"saved\":tru",
    "undo_architect_changeRunning undo_architect_change…Running undo_architect_change…",
    "undo_architect_changeTool result{\"projectId\":\"job-32058214-c24c-4e1b-89e6-28a13a7f3642\",\"designRevision\":4,\"undone\":true",
    "read_architect_designRunning read_architect_design…Running read_architect_design…",
    "read_architect_designTool result{\"project\":{\"schema\":\"xray.architect/v1\",\"id\":\"job-32058214-c24c-4e1b-89e6-28a13a7f3642\""
  ]
}

{
  "after": {
    "levels": 3,
    "revision": 4,
    "walls": 12
  },
  "drew": true,
  "uiRevision": "4",
  "undid": true
}

✓ Screenshot saved to screenshots/growth/2026-09-09-az4-release/native-wireframe-undo-tablet-02-after-add-and-undo.png

