http://tauri.localhost/

true

true

✓ Done

true

"opened"

true

true

"panel"

✓ Done

✓ Done

true

"edits allowed"

{
  "levelsBefore": 4,
  "roofsBefore": 1
}

✓ Done

✓ Done

true

{
  "paused": false,
  "tools": [
    "read_project_contextRunning read_project_context…Running read_project_context…",
    "read_project_contextTool result{\"projectId\":\"job-3244d346-dc0b-448a-8450-d3003cbb28ba\",\"projectName\":\"Other window revision\",\"projectRevision\":3,\"pane\":\"sketch\"",
    "read_architect_designRunning read_architect_design…Running read_architect_design…",
    "read_architect_designTool result{\"project\":{\"schema\":\"xray.architect/v1\",\"id\":\"job-3244d346-dc0b-448a-8450-d3003cbb28ba\",\"revision\":4,\"name\":\"Unlock test\",\"addr",
    "edit_architect_elementsRunning edit_architect_elements…Running edit_architect_elements…",
    "edit_architect_elementsTool result{\"projectId\":\"job-3244d346-dc0b-448a-8450-d3003cbb28ba\",\"designRevision\":5,\"saved\":true,\"readbackVerified\":true,\"changed\":[{\"k"
  ]
}

"edits allowed"

1

✓ Done

✓ Done

true

{
  "errors": [],
  "replies": [
    "AssistantThe active architectural design for project **job-3244d346-dc0b-448a-8450-d3003cbb28ba** reflects the two-storey 10 m × 8 m building (storeys 3000 mm) with the extension's roof removed, the ground-floor wall positioned from `(0, -2000)` to `(10000, -2000)`, and the design renamed to **\"Unlock test\"**.\n\n### Active Design Entity Counts:\n- **Wall count:** 20\n- **Roof count:** 1\n- **Level count:** 4",
    "AssistantDONE"
  ],
  "tools": [
    "read_project_contextRunning read_project_context…Running read_project_context…",
    "read_project_contextTool result{\"projectId\":\"job-3244d346-dc0b-448a-8450-d3003cbb28ba\",\"projectName\":\"Other window revision\",\"projectRevision\":3,\"pane\":\"sketch\",\"sourcePage\":1,\"documents\":[{\"id\":\"doc-",
    "read_architect_designRunning read_architect_design…Running read_architect_design…",
    "read_architect_designTool result{\"project\":{\"schema\":\"xray.architect/v1\",\"id\":\"job-3244d346-dc0b-448a-8450-d3003cbb28ba\",\"revision\":4,\"name\":\"Unlock test\",\"address\":\"\",\"designRevision\":\"A\",\"units\":\"mm",
    "edit_architect_elementsRunning edit_architect_elements…Running edit_architect_elements…",
    "edit_architect_elementsTool result{\"projectId\":\"job-3244d346-dc0b-448a-8450-d3003cbb28ba\",\"designRevision\":5,\"saved\":true,\"readbackVerified\":true,\"changed\":[{\"kind\":\"design\",\"id\":\"job-3244d346-dc0b-44"
  ]
}

✗ Evaluation error: Error: No storey added
    at <anonymous>:1:484
    at <anonymous>:1:759
