[agent-browser] launched browser
✓ Done

✓ X-Ray by Looplet
  http://127.0.0.1:8085/

true

"opened"

true

"binding"

true

"awaiting paint"

true

"{\"ok\":true,\"nodes\":2}"

"reading entries"

true

"{\"activeId\":null,\"entries\":[]}"

"{\"rowCount\":2,\"rows\":[{\"cls\":\"assistant-conversation-start\",\"chars\":43,\"head\":\"Conversation started 9/17/2026, 10:16:52 AM\"},{\"cls\":\"assistant-welcome\",\"chars\":117,\"head\":\"Ask about your project, draw a layout, search the web or attach an image. Tool activity and source links appear here.\"}]}"

"{\"rows\":2,\"narrationInRenderedRows\":false,\"rowsCarryingNarration\":0,\"narrationInBodyText\":false,\"firstCarrier\":\"\"}"

✓ Screenshot saved to proof/growth/2026-09-16-live-assistant-rig/screenshots/15-panel-render-truth-panel.png

"scrolled"

✓ Screenshot saved to proof/growth/2026-09-16-live-assistant-rig/screenshots/15-panel-render-truth-panel-top.png

