{
  "actualPlanPixel": {
    "x": 198.9826750198519,
    "y": 261.05188471798874
  },
  "event": {
    "x": 602,
    "y": 656
  },
  "rect": {
    "bottom": 764.2187805175781,
    "height": 393.7291870117187,
    "left": 384.6666870117187,
    "right": 1040.0000610351562,
    "top": 370.4895935058594,
    "width": 655.3333740234375,
    "x": 384.6666870117187,
    "y": 370.4895935058594
  },
  "requested": {
    "x": 602.8964453236607,
    "y": 656.5619713832311
  },
  "viewport": [
    1440,
    1000,
    1.0000000298023224
  ]
}
