[agent-browser] launched browser
✓ X-Ray by Looplet
  http://127.0.0.1:8085/

true

"reloading-with-minimax"

true

"kicked"

true

"{\"provider\":\"MiniMax\",\"model\":\"MiniMax-M3\",\"stored\":\"minimax\"}"

"opened"

true

"kicked"

true

"{\"jobId\":\"job-36374be5-72c4-403c-95a5-4ec8b750fa78\",\"activeId\":null,\"threads\":[]}"

"composed"

true

✓ Screenshot saved to proof/growth/2026-09-16-live-assistant-rig/01-rig-proof-composed.png

"sent"

"polling"

true

✓ Screenshot saved to proof/growth/2026-09-16-live-assistant-rig/01-rig-proof-replied.png

"{\"state\":\"error\",\"detail\":\"Workflow incomplete after two correction attempts. Completed actions and the next required step are saved.\",\"entries\":[{\"kind\":\"user\",\"text\":\"No tools. Reply with exactly: LIVE TURN OK\"}]}"

"{\"contents\":null}"

