http://tauri.localhost/

true

✓ Done

true

{
  "t1Name": "Quota retry name",
  "t1Revision": 7
}

✓ Screenshot saved to screenshots/growth/2026-09-09-az3-release/native-saves-v2-s2-01-t1-before.png

http://127.0.0.1:8096/

true

✓ Done

true

✓ Done

true

✓ Done

✓ Done

true

{
  "status": "Project record saved on this device · revision 2",
  "t2Revision": 2,
  "t2StoredName": "Second window name"
}

✓ Screenshot saved to screenshots/growth/2026-09-09-az3-release/native-saves-v2-s2-02-t2-renamed.png

✓ X-Ray by Looplet
  http://tauri.localhost/

✗ Wait timed out after 25000ms
