✓ X-Ray by Looplet
  http://127.0.0.1:8096/

✓ Done

true

✓ Done

true

"opened"

true

true

"panel"

✓ Done

✓ Done

true

"edits allowed"

✓ Done

✓ Done

true

{
  "paused": false,
  "tools": [
    "read_project_contextRunning read_project_context…Running read_project_context…",
    "read_project_contextTool result{\"projectId\":\"job-f1b3d650-aadb-4c38-9d57-7e5ff9d09b09\",\"projectName\":\"New project\",\"projectRevision\":1,\"pane\":\"sketch\",\"sourcePa",
    "read_architect_designRunning read_architect_design…Running read_architect_design…",
    "read_architect_designTool result{\"project\":{\"schema\":\"xray.architect/v1\",\"id\":\"job-f1b3d650-aadb-4c38-9d57-7e5ff9d09b09\",\"revision\":1,\"name\":\"Untitled architect",
    "read_workbench_structureRunning read_workbench_structure…Running read_workbench_structure…",
    "read_workbench_structureTool result{\"units\":{\"architecturalDesign\":\"mm\",\"sourceBuilding\":\"m\",\"sourceSheets\":\"PDF page pixels\"},\"panes\":[\"overview\",\"sheets\",\"mea",
    "draw_architect_elementsRunning draw_architect_elements…Running draw_architect_elements…",
    "draw_architect_elementsTool result{\"projectId\":\"job-f1b3d650-aadb-4c38-9d57-7e5ff9d09b09\",\"designRevision\":2,\"saved\":true,\"readbackVerified\":true,\"created\":[{\"k",
    "read_architect_designRunning read_architect_design…Running read_architect_design…",
    "read_architect_designTool result{\"project\":{\"schema\":\"xray.architect/v1\",\"id\":\"job-f1b3d650-aadb-4c38-9d57-7e5ff9d09b09\",\"revision\":2,\"name\":\"Untitled architect",
    "edit_architect_elementsRunning edit_architect_elements…Running edit_architect_elements…",
    "edit_architect_elementsTool result{\"projectId\":\"job-f1b3d650-aadb-4c38-9d57-7e5ff9d09b09\",\"designRevision\":3,\"saved\":true,\"readbackVerified\":true,\"changed\":[{\"k",
    "read_architect_designRunning read_architect_design…Running read_architect_design…",
    "read_architect_designTool result{\"project\":{\"schema\":\"xray.architect/v1\",\"id\":\"job-f1b3d650-aadb-4c38-9d57-7e5ff9d09b09\",\"revision\":3,\"name\":\"Unlock test\",\"addr"
  ]
}

"edits allowed"

1

✓ Done

✓ Done

true

{
  "errors": [],
  "replies": [
    "AssistantThe operations have been completed and verified in project `job-f1b3d650-aadb-4c38-9d57-7e5ff9d09b09` (design revision 3):\n\n1. **Building Extrusion**: Extruded a 2-storey 10,000 mm × 8,000 mm wireframe (storey height 3,000 mm) with a hip roof on the existing ground level (`ae689c25-af71-46fd-aed9-d89b625d91e3`), adding 8 walls, Level 2 (`cb9d1a94-715d-4a0d-afdf-4398b1133ec4`), and the roof entity.\n2. **Edits**:\n   - Removed roof (`476a7304-b4b3-477b-9b80-bf7a22c6146c`).\n   - Moved ground-floor Wall 1 (`f15f37d1-f5d4-48cf-bc72-0880680f3acb`) to coordinates `(0, -2000)` → `(10000, -2000)`.\n   - Renamed the design to **\"Unlock test\"**.\n\n### Current Entity Counts\n- **Walls**: 8 (4 on Ground, 4 on Level 2)\n- **Roofs**: 0\n- **Levels**: 2 (Ground: 0 mm, Level 2: 3,000 mm)",
    "AssistantDONE"
  ],
  "tools": [
    "read_project_contextRunning read_project_context…Running read_project_context…",
    "read_project_contextTool result{\"projectId\":\"job-f1b3d650-aadb-4c38-9d57-7e5ff9d09b09\",\"projectName\":\"New project\",\"projectRevision\":1,\"pane\":\"sketch\",\"sourcePage\":1,\"documents\":[{\"id\":\"doc-sample\",\"n",
    "read_architect_designRunning read_architect_design…Running read_architect_design…",
    "read_architect_designTool result{\"project\":{\"schema\":\"xray.architect/v1\",\"id\":\"job-f1b3d650-aadb-4c38-9d57-7e5ff9d09b09\",\"revision\":1,\"name\":\"Untitled architectural design\",\"address\":\"\",\"designRevisio",
    "read_workbench_structureRunning read_workbench_structure…Running read_workbench_structure…",
    "read_workbench_structureTool result{\"units\":{\"architecturalDesign\":\"mm\",\"sourceBuilding\":\"m\",\"sourceSheets\":\"PDF page pixels\"},\"panes\":[\"overview\",\"sheets\",\"measure\",\"sketch\",\"components\",\"model\",\"ren",
    "draw_architect_elementsRunning draw_architect_elements…Running draw_architect_elements…",
    "draw_architect_elementsTool result{\"projectId\":\"job-f1b3d650-aadb-4c38-9d57-7e5ff9d09b09\",\"designRevision\":2,\"saved\":true,\"readbackVerified\":true,\"created\":[{\"kind\":\"wall\",\"id\":\"f15f37d1-f5d4-48cf-bc7",
    "read_architect_designRunning read_architect_design…Running read_architect_design…",
    "read_architect_designTool result{\"project\":{\"schema\":\"xray.architect/v1\",\"id\":\"job-f1b3d650-aadb-4c38-9d57-7e5ff9d09b09\",\"revision\":2,\"name\":\"Untitled architectural design\",\"address\":\"\",\"designRevisio",
    "edit_architect_elementsRunning edit_architect_elements…Running edit_architect_elements…",
    "edit_architect_elementsTool result{\"projectId\":\"job-f1b3d650-aadb-4c38-9d57-7e5ff9d09b09\",\"designRevision\":3,\"saved\":true,\"readbackVerified\":true,\"changed\":[{\"kind\":\"wall\",\"id\":\"f15f37d1-f5d4-48cf-bc7",
    "read_architect_designRunning read_architect_design…Running read_architect_design…",
    "read_architect_designTool result{\"project\":{\"schema\":\"xray.architect/v1\",\"id\":\"job-f1b3d650-aadb-4c38-9d57-7e5ff9d09b09\",\"revision\":3,\"name\":\"Unlock test\",\"address\":\"\",\"designRevision\":\"A\",\"units\":\"mm"
  ]
}

{
  "levels": 2,
  "movedWall": [
    [
      0,
      -2000
    ],
    [
      10000,
      -2000
    ]
  ],
  "name": "Unlock test",
  "revision": 3,
  "roofs": 0,
  "walls": 8
}

"all levels"

true

✓ Screenshot saved to screenshots/growth/2026-09-09-az5-release/prod-unlock-a-design-edit-desktop.png

