✓ Done

true

"opened workspace"

true

"panel"

true

"chat not full"

true

"edits allowed"

106

{
  "errors": 0,
  "replies": 3
}

✓ Done

true

{
  "bytes": [
    "\"byteLength\":758141",
    "\"byteLength\":233974"
  ],
  "hashes": [
    "35845d07a83bdc293d5b3cef0fef95c950253850a8de5e57fd9ae244a7b28013",
    "dcfdb643d532f5f825fc958cbba821bf041ffa3154adc9a65d82bb42f95a31f9"
  ],
  "receipts": 2,
  "reply": "AssistantDONE"
}

✓ Screenshot saved to screenshots/growth/2026-09-09-assistant-surface/showcase-06-exports.png

{
  "doors": 31,
  "levels": [
    "Ground@0",
    "Level 1@3600",
    "Level 2@7200",
    "Plant Level@10800"
  ],
  "name": "Riverside Lab & Workshop",
  "revision": 15,
  "roofs": [
    "5/g/g/g"
  ],
  "rooms": 33,
  "slabs": 4,
  "walls": 66,
  "windows": 60
}

