✓ Done

✓ Done

✓ Done

true

✓ Done

✓ Done

true

✓ Done

✓ Done

✓ Done

✓ Done

✓ Done

true

✓ Done

✓ Screenshot saved to screenshots/growth/2026-09-07-pricing/workbook-mobile-mapping-final.png

"Mobile rates remain on one line"

✓ Done

✓ Done

✓ Screenshot saved to screenshots/growth/2026-09-07-pricing/worksheet-mapping-detail.png

✓ Done

true

✓ Done

✓ Screenshot saved to screenshots/growth/2026-09-07-pricing/formula-error-detail.png

"Formula blocked; three books and original applied revision preserved"

