http://localhost:8080/

true

{
  "content": [
    {
      "text": "{\"mounted\":true,\"pane\":\"model\",\"building\":\"designed\",\"objects\":127,\"walls\":16,\"openings\":18,\"roofFaces\":3,\"storeys\":2,\"displayMode\":\"solid\",\"evidence\":\"inferred\",\"origin\":\"designed\",\"designRevision\":8,\"sceneSha256\":\"2dcfd3839480e59d885e603fb762d4bfd8b67e5874a3597d4616984704f79b76\",\"note\":\"Designed geometry, not measured from a source drawing. control_draftsman animates existing geometry, capture_workspace_image (source-building) captures it, read_source_building (building 'designed') summarises it and hide_designed_model returns the viewer to the catalog.\"}",
      "type": "text"
    }
  ]
}

true

✓ Done

- combobox "Current plan" [expanded=false, ref=e55]: Open a plan to begin
  - option "Open a plan to begin" [disabled, ref=e85]
  - option "📂 Open plan file (PDF, CAD, Image)…" [disabled, ref=e86]
  - option "📄 Load sample plan (Redburn BR250157 PDF)…" [disabled, ref=e87]
- button "Open" [ref=e56]
- button "Backups" [ref=e17]
- button "Settings" [ref=e18]
- button "Log in" [ref=e19]
- button "Collapse header" [expanded=true, ref=e2]
- separator "Resize header" [ref=e3] focusable [tabindex]: 54
- navigation "Panes" [ref=e13]
  - button "Overview" [ref=e20]
  - button "Sheets" [ref=e21]
  - button "Measure" [ref=e22]
  - button "Sketch" [ref=e23]
  - button "Components" [ref=e24]
  - button "Model" [ref=e25]
  - button "Render" [ref=e26]
  - button "Review" [ref=e27]
  - button "Cost" [ref=e28]
  - button "Proof" [ref=e29]
- button "Collapse navigation" [expanded=true, ref=e4]
- separator "Resize navigation" [ref=e5] focusable [tabindex]: 44
- button "Collapse workspace info" [expanded=true, ref=e6]
- separator "Resize workspace info" [ref=e7] focusable [tabindex]: 28
- navigation "Source sheets and models" [ref=e14]
  - heading "MODELS" [level=2, ref=e30]
  - button "Redburn BR250157" [ref=e31]
  - button "Crown Wharf A4 tower" [ref=e32]
  - button "Caroline" [ref=e33]
  - button "Ruffles sample" [ref=e34]
  - heading "SHEETS 1" [level=2, ref=e35]
- link "One-floor construction studio ↗" [ref=e36]
- heading "Your design, in three dimensions" [level=1, ref=e37]
- button "Scope zoom" [ref=e60]
- button "Visual settings" [expanded=false, ref=e61]
- image "Interactive source building model" [ref=e62] focusable [tabindex]
- button "Solid" [ref=e63]
- button "Wireframe" [ref=e64]
- button "Magic Pencil" [ref=e65]
- button "Orbit" [ref=e66]
- button "Fly" [ref=e67]
- button "Walk-through" [ref=e68]
- button "Plan" [ref=e69]
- combobox "Building floor" [expanded=false, ref=e70]: Whole building
  - option "Whole building" [selected, ref=e88]
  - option "Ground floor" [ref=e89]
  - option "Upper floor" [ref=e90]
- button "Roof on" [ref=e71]
- button "Wall cutaway" [ref=e72]
- button "Explode" [ref=e73]
- button "Fit" [ref=e74]
- button "Download model PNG" [ref=e75]
- button "Zoom out model" [ref=e76]
- button "Zoom in model" [ref=e77]
- button "Reset model view" [ref=e78]
- button "Front" [ref=e79]
- button "Rear" [ref=e80]
- generic "Logs12Console0Errors0StatusDevelopment" [ref=e38] clickable [onclick]
  - separator "Resize bottom panel" [ref=e57] focusable [tabindex]: 22
  - tab "Logs 12" [ref=e81]
  - tab "Console 0" [ref=e82]
  - tab "Errors 0" [ref=e83]
  - tab "Status" [selected, ref=e84]
  - button "Expand workspace diagnostics" [expanded=false, ref=e58]
- separator "Resize left menu" [ref=e8] focusable [tabindex]: 260
- button "Collapse left menu" [expanded=true, ref=e9]
- separator "Resize right menu" [ref=e10] focusable [tabindex]: 400
- button "Collapse right menu" [expanded=true, ref=e11]
- button "Exit assistant mode" [ref=e1]
- region "Drawing assistant panel" [ref=e12]
  - button "Move live assistant" [ref=e39]
  - button "Assistant settings" [expanded=false, ref=e40]
  - button "Undock from the right menu" [ref=e41]
  - button "Collapse live assistant" [ref=e42]
  - button "Open canvas" [ref=e15]
  - button "Select a shape to reference" [ref=e43]
  - button "Describe the selected part" [ref=e44]
  - button "Generate a real-life view" [ref=e45]
  - button "List the storeys" [ref=e46]
  - button "Close project tab" [ref=e16]
  - tab "AB-01 Courtyard Learning Centre" [ref=e47]
  - tab "AB-01 Recovery Regression" [ref=e48]
  - tab "AB-01 Courtyard Learning Centre - fixed" [selected, ref=e49]
  - radio "Ask before edits" [checked=false, ref=e50]
  - radio "Edit freely" [checked=true, ref=e51]
  - radio "Read only" [checked=false, ref=e52]
  - textbox "Message live assistant" [ref=e53]
  - button "Add to assistant" [expanded=false, ref=e59]
  - button "Send assistant message" [disabled, ref=e54]

✓ Screenshot saved to screenshots/architect-benchmark-solid.png

