[agent-browser] launched browser
✓ Done

✓ X-Ray by Looplet
  http://127.0.0.1:8080/

true

"clicked Estimate"

true

"workbench opened"

true

"selected=quantity-surveying"

true

"{\"existingQuantityRows\":0,\"existingClassifications\":0}"

✓ Screenshot saved to proof/growth/2026-09-14-qs-report/screens/tablet-01-empty-worksheet.png

"added classification 1"

✓ Done

"added classification 2"

✓ Done

"hierarchy filled"

✓ Done

"Walls parented to Building"

✓ Done

"clicked Add quantity (1)"

✓ Done

"clicked Add quantity (2)"

✓ Done

"clicked Add quantity (3)"

✓ Done

"clicked Add quantity (4)"

✓ Done

✓ Done

"OK quantity rows=4"

"filled 4 items: a=0.1 m2, b=0.2 m2, c=3 lm, d=4 m2"

✓ Done

"a->Building:ok b->Walls:ok c->Walls:ok d=unassigned"

✓ Done

✓ Screenshot saved to proof/growth/2026-09-14-qs-report/screens/tablet-02-inputs-filled.png

"calculated"

true

✓ Done

"{\"wholeDraft\":{\"cap\":\"Whole draft totals — each item counted once\",\"rows\":[\"m2|unverified|4.3|0.3|4|3\",\"lm|unverified|3|3|0|1\"]},\"shown\":{\"cap\":\"Shown item totals — 4 of 4 items\",\"rows\":[\"m2|unverified|4.3|0.3|4|3\",\"lm|unverified|3|3|0|1\"]}}"

✓ Screenshot saved to proof/growth/2026-09-14-qs-report/screens/tablet-03-report-all-items.png

"{\"viewport\":1024,\"pageHorizontalOverflow\":false,\"reportFilterGridColumns\":[\"244px 244px\"],\"tableWraps\":[{\"w\":500,\"sw\":500,\"scrolls\":false},{\"w\":500,\"sw\":500,\"scrolls\":false},{\"w\":500,\"sw\":500,\"scrolls\":false},{\"w\":500,\"sw\":500,\"scrolls\":false},{\"w\":500,\"sw\":500,\"scrolls\":false}]}"

"filter=classified"

✓ Done

"{\"shownCaption\":\"Shown item totals — 3 of 4 items\",\"shownTotals\":[\"m2|unverified|0.3|0.3|0|2\",\"lm|unverified|3|3|0|1\"],\"itemRows\":[\"m2\",\"lm\"]}"

✓ Screenshot saved to proof/growth/2026-09-14-qs-report/screens/tablet-04-filter-classified.png

"filter=unassigned"

✓ Done

"{\"shownCaption\":\"Shown item totals — 1 of 4 items\",\"branchDisabled\":true,\"branchValue\":\"\",\"itemRows\":[\"m2\",\"lm\"]}"

✓ Screenshot saved to proof/growth/2026-09-14-qs-report/screens/tablet-05-filter-unassigned.png

"filter=all"

✓ Done

"branch=Walls subtree"

✓ Done

"{\"shownCaption\":\"Shown item totals — 2 of 4 items\",\"shownTotals\":[\"m2|unverified|0.2|0.2|0|1\",\"lm|unverified|3|3|0|1\"],\"itemRows\":[\"m2\",\"lm\"]}"

✓ Screenshot saved to proof/growth/2026-09-14-qs-report/screens/tablet-06-subtree-walls.png

"tagged download button; disabled=false"

✓ Done

✗ Download was canceled
