[agent-browser] launched browser
✓ X-Ray by Looplet
  http://127.0.0.1:8080/

✓ Done

true

✓ Done

true

true

{
  "cta": {},
  "launcher": {}
}

✓ Done

true

true

null

true

true

{
  "width": 370.748779296875
}

✓ Screenshot saved to proof/assistant/ios-mobile-assistant-open.png

✓ Done

true

true

✓ Screenshot saved to proof/assistant/ios-mobile-assistant-drafting.png

{
  "status": {
    "activeCategory": "Grid Axis",
    "activeElevation": -1.64,
    "activeStoreyLabel": "Construction Datum & Grid",
    "durationSeconds": 14,
    "mode": "drawing",
    "phase": "datum_grid",
    "progress": 0.009642857142857144,
    "speed": 1,
    "totalMeshCount": 198,
    "visibleMeshCount": 0
  }
}

