✓ Done

✓ Done

✓ Done

✓ Done

✓ Done

✓ Done

✓ Done

✓ Done

true

"ok"

"Takeoff type=fencing"

true

"Assembly / system=timber-paling"

"Profile / product=Standard paling"

"Height (m)=1.8"

"Bay width (m)=2.4"

"Ground=soil"

"Slope=level"

"Access=clear"

"Sleepers=none"

"Vertex 1 corner treatment=end"

"Vertex 2 corner treatment=end"

✓ Done

✓ Done

✓ Done

✓ Done

true

"Gate type=double"

"Clear width (m)=2"

"Gate height (m)=1.8"

"Ground clearance (m)=0.05"

"Opening direction=inward"

"Hinge side=double"

"Hardware=Training hinge set"

"Latch=Training drop latch"

"Gate post size=125x125 training"

"Finish=Natural"

✓ Done

true

"{\"gross\":51.58810380479735,\"net\":49.58810380479735,\"gate\":2}"

✓ Screenshot saved to proof/growth/2026-09-23-quote-handover/shots/e2-fence-gate.png
