[agent-browser] launched browser
✓ X-Ray by Looplet
  http://127.0.0.1:8080/

✓ Done

true

null

null

true

✓ Done

true

✓ Done

true

✓ Done

null

null

null

true

true

null

✓ Screenshot saved to screenshots/growth/local-app-tools-final-drawn-model.png

null

null

null

null

true

null

✓ Done

true

null

✓ Screenshot saved to screenshots/growth/local-app-tools-final-redo-saved.png

{
  "content": [
    {
      "text": "Design was not saved: Tool QA quota refused",
      "type": "text"
    }
  ],
  "isError": true
}

✓ Screenshot saved to screenshots/growth/local-app-tools-final-save-refused.png

null

true

{
  "counts": {
    "lines": 2,
    "openings": 2,
    "roomTags": 1,
    "walls": 4
  },
  "created": [
    {
      "id": "010e075b-b32c-45b6-92ac-0e989c42797a",
      "kind": "line"
    }
  ],
  "designRevision": 6,
  "notices": [],
  "projectId": "job-3a3c298a-11b9-47f6-8adb-c4374641a244",
  "readbackVerified": true,
  "saved": true
}

true

{
  "lines": 2,
  "openings": 2,
  "projectId": "job-3a3c298a-11b9-47f6-8adb-c4374641a244",
  "revision": 6,
  "sheets": 2,
  "walls": 4
}

✓ Screenshot saved to screenshots/growth/local-app-tools-final-retry.png


[debug] [vite] connecting...
[debug] [vite] connected.
[info] %cDownload the React DevTools for a better development experience: https://react.dev/link/react-devtools font-weight:bold
[warning] THREE.WebGLShadowMap: PCFSoftShadowMap has been deprecated. Using PCFShadowMap instead.
[warning] THREE.WebGLShadowMap: PCFSoftShadowMap has been deprecated. Using PCFShadowMap instead.
[warning] THREE.WebGLShadowMap: PCFSoftShadowMap has been deprecated. Using PCFShadowMap instead.
