✓ Done

"plan already mounted"

true

✓ Done

true

true

"panel"

✓ Done

✓ Done

true

"edits allowed"

✓ Done

✓ Done

true

{
  "paused": false,
  "tools": [
    "read_project_contextRunning read_project_context…Running read_project_context…",
    "read_project_contextTool result{\"projectId\":\"job-3244d346-dc0b-448a-8450-d3003cbb28ba\",\"projectName\":\"Other window revision\",\"projectRevision\":3,\"pane\":\"measure",
    "calibrate_source_sheetRunning calibrate_source_sheet…Running calibrate_source_sheet…",
    "calibrate_source_sheetTool result{\"projectId\":\"job-3244d346-dc0b-448a-8450-d3003cbb28ba\",\"sheet\":1,\"originalPage\":2,\"sourceKind\":\"web\",\"documentId\":\"document-23",
    "trace_takeoff_runRunning trace_takeoff_run…Running trace_takeoff_run…",
    "trace_takeoff_runTool result{\"projectId\":\"job-3244d346-dc0b-448a-8450-d3003cbb28ba\",\"sheet\":1,\"originalPage\":2,\"sourceKind\":\"web\",\"documentId\":\"document-23953bd",
    "read_takeoff_evidenceRunning read_takeoff_evidence…Running read_takeoff_evidence…",
    "read_takeoff_evidenceTool result{\"projectId\":\"job-3244d346-dc0b-448a-8450-d3003cbb28ba\",\"projectRevision\":6,\"activeDocument\":{\"id\":\"document-23953bd1-f654-475d-",
    "review_takeoff_itemRunning review_takeoff_item…Running review_takeoff_item…",
    "review_takeoff_itemTool result{\"projectId\":\"job-3244d346-dc0b-448a-8450-d3003cbb28ba\",\"sheet\":1,\"originalPage\":2,\"sourceKind\":\"web\",\"documentId\":\"document-23953"
  ]
}

"edits allowed"

1

✓ Done

✓ Done

true

{
  "errors": [],
  "replies": [
    "AssistantThe operations on **sheet index 1 (original page 2)** of document `21-08-26_Redburn_BR250157_Prelim_Council (1).pdf` have completed and verified:\n\n1. **Calibration**:\n   - **Points**: `(100, 100)` to `(600, 100)` (page units)\n   - **Known Distance**: 5.0 m\n   - **Scale**: 0.01 m/unit\n   - **State**: Locked (provenance recorded as scale bar)\n\n2. **Measured Run**:\n   - **Run ID**: `run-fa6bad3f-a845-443c-a4ff-c1e9b1c6c154` (`Run 01`)\n   - **Endpoints**: `(100, 300)` to `(600, 300)`\n   - **Run Length**: **5.0 m** (gross: 5.0 m, gate deduction: 0.0 m, net: 5.0 m)\n\n3. **Takeoff Review & Status**:\n   - **Review Status**: **`approved`** (decision recorded for Daniel Sivyer)\n   - **Item Revision**: 2\n   - **Project Revision**: 7 (saved and readback verified)\n   - **Outstanding Specification Blocker**: Run 01 currently lacks specification entries for trade/work package and quantity source reference.",
    "AssistantDONE"
  ],
  "tools": [
    "read_project_contextRunning read_project_context…Running read_project_context…",
    "read_project_contextTool result{\"projectId\":\"job-3244d346-dc0b-448a-8450-d3003cbb28ba\",\"projectName\":\"Other window revision\",\"projectRevision\":3,\"pane\":\"measure\",\"sourcePage\":1,\"documents\":[{\"id\":\"doc",
    "calibrate_source_sheetRunning calibrate_source_sheet…Running calibrate_source_sheet…",
    "calibrate_source_sheetTool result{\"projectId\":\"job-3244d346-dc0b-448a-8450-d3003cbb28ba\",\"sheet\":1,\"originalPage\":2,\"sourceKind\":\"web\",\"documentId\":\"document-23953bd1-f654-475d-acf7-e2f101fc45a4\",\"sou",
    "trace_takeoff_runRunning trace_takeoff_run…Running trace_takeoff_run…",
    "trace_takeoff_runTool result{\"projectId\":\"job-3244d346-dc0b-448a-8450-d3003cbb28ba\",\"sheet\":1,\"originalPage\":2,\"sourceKind\":\"web\",\"documentId\":\"document-23953bd1-f654-475d-acf7-e2f101fc45a4\",\"sourceSh",
    "read_takeoff_evidenceRunning read_takeoff_evidence…Running read_takeoff_evidence…",
    "read_takeoff_evidenceTool result{\"projectId\":\"job-3244d346-dc0b-448a-8450-d3003cbb28ba\",\"projectRevision\":6,\"activeDocument\":{\"id\":\"document-23953bd1-f654-475d-acf7-e2f101fc45a4\",\"name\":\"21-08-26_Redb",
    "review_takeoff_itemRunning review_takeoff_item…Running review_takeoff_item…",
    "review_takeoff_itemTool result{\"projectId\":\"job-3244d346-dc0b-448a-8450-d3003cbb28ba\",\"sheet\":1,\"originalPage\":2,\"sourceKind\":\"web\",\"documentId\":\"document-23953bd1-f654-475d-acf7-e2f101fc45a4\",\"source"
  ]
}

{
  "evidence": "according to the scale bar on that sheet",
  "jobRevision": 7,
  "lengthM": 5,
  "method": "Live assistant · scale bar",
  "metresPerUnit": 0.01,
  "review": {
    "decidedAt": "2026-09-09T03:19:38.417Z",
    "decidedBy": "Daniel Sivyer",
    "note": "Recorded through the Live assistant for Daniel Sivyer. Approved based on sheet scale bar calibration",
    "status": "approved"
  },
  "runId": "run-fa6bad3f-a845-443c-a4ff-c1e9b1c6c154"
}

✓ Screenshot saved to screenshots/growth/2026-09-09-az5-release/native-unlock-b-takeoff-desktop.png

