http://tauri.localhost/

true

✓ Done

true

✓ Done

true

✓ Done

true

✓ Done

✓ Done

true

✓ Done

true

"Before rename: {\"calibrations\":13,\"annotations\":0,\"runs\":0,\"gates\":0,\"order\":[0,1,2,3,4,5,6,7,8,9,10,11,12],\"bookmark\":{\"id\":\"db782e6a-8ba3-4634-abf4-4647098d0cd8\",\"name\":\"Entry detail\",\"createdAt\":\"2026-09-08T15:21:37.007Z\",\"zoom\":1,\"aspect\":1.4141361256544502,\"center\":{\"x\":0.5,\"y\":0.5}}}"

✓ Screenshot saved to screenshots/growth/2026-09-09-az3-release/native-sheets-A1-before-rename.png

✓ Done

true

✓ Done

✓ Done

✓ Done

true

"After rename: lifecycle key xray.sheet-lifecycle.v1:[\"job-d253b6d4-2cef-4c52-835d-ed399f579d69\",\"document-939013c5-968d-4305-8456-802b95b2b7b0\",\"b57956f76b5dc893ac2b28a021f3f92e345807e326d6b1f8313e373f9145ad38\",\"2026-09-08T15:21:25.650Z\",13] page2={\"name\":\"Ground floor plan\",\"discipline\":\"Architecture\",\"bookmarks\":1,\"archived\":false} job counts {\"calibrations\":13,\"annotations\":0,\"runs\":0,\"gates\":0} unchanged; order [0,1,2,3,4,5,6,7,8,9,10,11,12]"

"Heading and navigation show Ground floor plan"

✓ Screenshot saved to screenshots/growth/2026-09-09-az3-release/native-sheets-A2-after-rename.png

http://tauri.localhost/

true

✓ Done

true

"After reload: heading, navigation and lifecycle record keep Ground floor plan / Architecture with 1 saved view; job counts {\"calibrations\":13,\"annotations\":0}"

✓ Screenshot saved to screenshots/growth/2026-09-09-az3-release/native-sheets-A3-after-reload.png

