http://tauri.localhost/

true

{
  "designLevels": "none",
  "designWalls": "none",
  "jobId": "job-3244d346-dc0b-448a-8450-d3003cbb28ba",
  "revision": 3
}

✓ Done

true

"opened"

true

{
  "designId": "job-3244d346-dc0b-448a-8450-d3003cbb28ba",
  "designRevision": "1",
  "walls": "0 walls · 0 openings · 1 levels"
}

✓ Screenshot saved to screenshots/growth/2026-09-09-az5-release/native-wireframe-desktop-01-before.png

true

"panel"

✓ Done

✓ Done

true

"edits allowed for this message"

✓ Done

✓ Done

true

{
  "entries": [
    "is-user: YouDraw a 3-storey wireframe of a 20 m by 12 m building in the architectural workspace: three storeys of 3200 mm with slabs and a hip roof on top. Use the existing ground level as the base. Then tell ",
    "is-tool: read_project_contextRunning read_project_context…Running read_project_context…",
    "is-tool: read_project_contextTool result{\"projectId\":\"job-3244d346-dc0b-448a-8450-d3003cbb28ba\",\"projectName\":\"Other window revision\",\"projectRevision\":3,\"pane\":\"sketch\",\"sourcePage\":1,\"documents\":[{\"id\":\"doc-",
    "is-tool: read_architect_designRunning read_architect_design…Running read_architect_design…",
    "is-tool: read_architect_designTool result{\"project\":{\"schema\":\"xray.architect/v1\",\"id\":\"job-3244d346-dc0b-448a-8450-d3003cbb28ba\",\"revision\":1,\"name\":\"Untitled architectural design\",\"address\":\"\",\"designRevisio",
    "is-tool: read_workbench_structureRunning read_workbench_structure…Running read_workbench_structure…",
    "is-tool: read_workbench_structureTool result{\"units\":{\"architecturalDesign\":\"mm\",\"sourceBuilding\":\"m\",\"sourceSheets\":\"PDF page pixels\"},\"panes\":[\"overview\",\"sheets\",\"measure\",\"sketch\",\"components\",\"model\",\"ren",
    "is-tool: draw_architect_elementsRunning draw_architect_elements…Running draw_architect_elements…",
    "is-tool: draw_architect_elementsTool result{\"projectId\":\"job-3244d346-dc0b-448a-8450-d3003cbb28ba\",\"designRevision\":2,\"saved\":true,\"readbackVerified\":true,\"created\":[{\"kind\":\"wall\",\"id\":\"92b4737a-dbee-4fae-a4b",
    "is-tool: read_architect_designRunning read_architect_design…Running read_architect_design…",
    "is-tool: read_architect_designTool result{\"project\":{\"schema\":\"xray.architect/v1\",\"id\":\"job-3244d346-dc0b-448a-8450-d3003cbb28ba\",\"revision\":2,\"name\":\"Untitled architectural design\",\"address\":\"\",\"designRevisio",
    "is-assistant: AssistantThe 3-storey wireframe (20,000 mm × 12,000 mm) with slabs and a hip roof has been added using the existing Ground level as the base (Design Revision 2).\n\n### Current Counts\n- **Levels:** **3*"
  ],
  "reply": "AssistantThe 3-storey wireframe (20,000 mm × 12,000 mm) with slabs and a hip roof has been added using the existing Ground level as the base (Design Revision 2).\n\n### Current Counts\n- **Levels:** **3**\n  - **Ground**: Elevation 0 mm (height 2,700 mm)\n  - **Level 2**: Elevation 3,200 mm (height 3,200 mm)\n  - **Level 3**: Elevation 6,400 mm (height 3,200 mm)\n- **Walls:** **12** (4 walls per storey)\n\n### Additional Added Elements\n- **Slabs:** 3 concrete slabs (one per level: Ground slab, Level 2 slab, Level 3 slab)\n- **Roofs:** 1 hip roof placed on Level 3 (25° pitch on all 4 edges)"
}

{
  "designRevision": 2,
  "extentMm": [
    20000,
    12000
  ],
  "levels": [
    [
      "Ground",
      0,
      2700
    ],
    [
      "Level 2",
      3200,
      3200
    ],
    [
      "Level 3",
      6400,
      3200
    ]
  ],
  "roofs": 1,
  "slabs": 3,
  "uiRevision": "2",
  "walls": 12
}

{
  "allLevels": true
}

true

✓ Screenshot saved to screenshots/growth/2026-09-09-az5-release/native-wireframe-desktop-02-wireframe-3d.png

"minimised if control exists"

http://tauri.localhost/

true

✓ Done

true

"reopened"

true

{
  "afterReload": {
    "levels": 3,
    "revision": 2,
    "walls": 12
  },
  "summary": "12 walls · 0 openings · 3 levels"
}

✓ Screenshot saved to screenshots/growth/2026-09-09-az5-release/native-wireframe-desktop-03-after-reload.png

"ctrl+z sent"

{
  "afterUndoAttempt": {
    "levels": 3,
    "revision": 2,
    "walls": 12
  },
  "note": "session undo history does not survive reload; assistant undo tool needs same-session history"
}


[warning] THREE.WebGLShadowMap: PCFSoftShadowMap has been deprecated. Using PCFShadowMap instead.
[warning] THREE.WebGLShadowMap: PCFSoftShadowMap has been deprecated. Using PCFShadowMap instead.
