✓ Done

✓ X-Ray by Looplet
  http://127.0.0.1:8085/

true

"reloading-with-minimax"

true

"checking"

true

"{\"provider\":\"MiniMax\",\"model\":\"MiniMax-M3\",\"stored\":\"minimax\"}"

"seeding"

true

"{\"ok\":true,\"jobId\":\"job-b9ac9b63-9213-4e65-9e27-17ff018e92e4\",\"documents\":2,\"activeDocumentId\":\"doc-ground-floor\",\"calibrations\":3}"

"already-open"

true

"binding"

true

"menu opened"

true

"clicked New chat"

"awaiting empty conversation"

true

"{\"conversationEmptyBeforeTurn\":true,\"activeId\":\"c1cecf6a-c173-47af-9221-a6d5cad42d7b\"}"

"{\"script\":\"10-ask-mode-deny\",\"jobId\":\"job-b9ac9b63-9213-4e65-9e27-17ff018e92e4\"}"

"mode -> ask"

"reading-mode"

✗ Wait timed out after 30000ms
