http://127.0.0.1:8080/

true

✓ Done

"Open assistant"

✓ Done

✓ Done

"Deterministic provider fixture installed; no live AI requests"

✓ Done

✓ Done

true

"Default permissions enforced through real tool loop"

✓ Done

✓ Done

✓ Done

true

true

{
  "mode": "deterministic provider fixture, real workspace tools",
  "receipts": [
    {
      "id": "save-once",
      "name": "save_project",
      "response": {
        "images": 0,
        "isError": false,
        "text": "{\"saved\":true,\"projectId\":\"job-82462590-1b28-4052-a68f-5df24505655b\",\"projectRevision\":1,\"verified\":true,\"scope\":\"Main project record on this device. Use Backups for a portable complete workspace copy.\"}"
      }
    },
    {
      "id": "save-once",
      "name": "save_project",
      "response": {
        "images": 0,
        "isError": true,
        "text": "Duplicate tool call ID; not executed. Read current state before retrying."
      }
    }
  ]
}

✓ Screenshot saved to screenshots/growth/assistant-hardened-tool-guards.png

"Pending response fixture installed"

✓ Done

✓ Done

true

true

✓ Done

✗ Wait timed out after 25000ms
