{
  "current": "Overview:pane-tab  | Sheets:pane-tab  | Measure:pane-tab  | Sketch:pane-tab  | Components:pane-tab  | Model:pane-tab  | Render:pane-tab active | Review:pane-tab  | Cost:pane-tab  | Proof:pane-tab ",
  "dpr": 1.5,
  "hitAtCenter": "Model",
  "modelRect": [
    1516,
    8,
    69,
    44
  ],
  "navClientWidth": 1614,
  "navScrollLeft": 0,
  "navScrollWidth": 1614,
  "viewport": [
    2560,
    1370
  ]
}

✓ Done

{
  "afterFindClick": "MODEL · source-linked architectural reconstruction",
  "buildingPrimary": true,
  "current": []
}

{
  "afterDomClick": "MODEL · source-linked architectural reconstruction",
  "buildingPrimary": {
    "disabled": true,
    "text": "Open Redburn BR250157 plan in 3D"
  },
  "current": []
}

{
  "after2s": "MODEL · source-linked architectural reconstruction",
  "buildingPrimary": {
    "disabled": false,
    "text": "Open Redburn BR250157 plan in 3D"
  },
  "redburn": [
    {
      "disabled": false,
      "label": null,
      "text": "Redburn BR250157"
    },
    {
      "disabled": false,
      "label": null,
      "text": "Open Redburn BR250157 plan in 3D"
    }
  ]
}
