{
  "busy": false,
  "events": [
    {
      "kind": "intake",
      "payload": null
    },
    {
      "kind": "workflow-action-deferred",
      "payload": {
        "next": {
          "args": {
            "expectedJobId": "job-e09cbb4d-6580-46c8-8884-1770e4c5384e",
            "workflow": "inspect"
          },
          "reason": "Select the workflow matching the user request: discussion, inspect, architecture, takeoff, render or export. Selection is not edit permission.",
          "tool": "read_workflow_route"
        },
        "tool": "draw_architect_elements"
      }
    },
    {
      "kind": "tool-intent",
      "payload": null
    },
    {
      "kind": "tool-result",
      "payload": {
        "result": {
          "content": [
            {
              "text": "{\"version\":\"xray.workflow/1\",\"workflow\":\"architecture\",\"steps\":[\"Read project context.\",\"Open Sketch when its architectural controller is absent.\",\"Read the current design and IDs.\",\"Draw or edit a bounded batch through tools.\",\"Read back the new revision before another edit.\",\"Mount the current design in Model and capture actual pixels.\",\"Inspect the returned image; correct with tools or report limitations.\"],\"scope\":\"Workflow selection only; no geometry, evidence or authority changed.\"}",
              "type": "text"
            }
          ]
        },
        "tool": "read_workflow_route"
      }
    },
    {
      "kind": "tool-intent",
      "payload": null
    },
    {
      "kind": "tool-result",
      "payload": {
        "result": {
          "content": [
            {
              "text": "{\"projectId\":\"job-e09cbb4d-6580-46c8-8884-1770e4c5384e\",\"projectName\":\"WR-01 Routing regression\",\"projectRevision\":1,\"pane\":\"sheets\",\"sourcePage\":1,\"documents\":[{\"id\":\"doc-sample\",\"name\":\"No source plan\",\"kind\":\"pdf\",\"pageCount\":1,\"sha256\":null}],\"activeDocumentId\":\"doc-sample\",\"counts\":{\"annotations\":0,\"measuredTraces\":0,\"locatedItems\":0},\"hydration\":\"ready\",\"recoveryBlocked\":false,\"saveError\":null,\"savedProjectRevision\":1,\"architectControllerAvailable\":false}",
              "type": "text"
            }
          ]
        },
        "tool": "read_project_context"
      }
    },
    {
      "kind": "workflow-action-deferred",
      "payload": {
        "next": {
          "args": {
            "expectedJobId": "job-e09cbb4d-6580-46c8-8884-1770e4c5384e",
            "pane": "sketch"
          },
          "reason": "Mount the architectural workspace; no geometry edit is required.",
          "tool": "navigate_workspace"
        },
        "tool": "read_architect_design"
      }
    },
    {
      "kind": "tool-intent",
      "payload": null
    },
    {
      "kind": "tool-result",
      "payload": {
        "result": {
          "content": [
            {
              "text": "{\"projectId\":\"job-e09cbb4d-6580-46c8-8884-1770e4c5384e\",\"pane\":\"sketch\",\"selected\":true,\"subworkspace\":\"architect\",\"controllerReady\":true,\"note\":\"Pane selected. Read the active design before drawing.\"}",
              "type": "text"
            }
          ]
        },
        "tool": "navigate_workspace"
      }
    },
    {
      "kind": "tool-intent",
      "payload": null
    },
    {
      "kind": "tool-result",
      "payload": {
        "result": {
          "content": [
            {
              "text": "{\"project\":{\"schema\":\"xray.architect/v1\",\"id\":\"job-e09cbb4d-6580-46c8-8884-1770e4c5384e\",\"revision\":1,\"name\":\"Untitled architectural design\",\"address\":\"\",\"designRevision\":\"A\",\"units\":\"mm\",\"levels\":[{\"id\":\"1fefa336-be55-4891-a3ee-fd6520f82624\",\"name\":\"Ground\",\"elevation\":0,\"height\":2700}],\"walls\":[],\"openings\":[],\"slabs\":[],\"roofs\":[],\"lines\":[],\"circles\":[],\"arcs\":[],\"grids\":[],\"roomTags\":[],\"dimensions\":[],\"section\":{\"a\":[0,1800],\"b\":[9000,1800]},\"sheet\":{\"size\":\"A3\",\"scale\":\"50\",\"number\":\"A-101\",\"northAngle\":0,\"viewports\":[]},\"notes\":\"Authored design. Dimensions and assemblies require design review; no compliance certification.\"},\"ready\":true,\"blocked\":false,\"error\":null,\"pendingDraft\":false,\"canUndo\":false}",
              "type": "text"
            }
          ]
        },
        "tool": "read_architect_design"
      }
    },
    {
      "kind": "tool-intent",
      "payload": null
    },
    {
      "kind": "tool-result",
      "payload": {
        "result": {
          "_meta": {
            "xray.execution": {
              "designRevision": 1,
              "phase": "architect-preparation",
              "projectId": "job-e09cbb4d-6580-46c8-8884-1770e4c5384e",
              "status": "not-executed"
            }
          },
          "content": [
            {
              "text": "Choose an existing design level or an earlier level operation reference.",
              "type": "text"
            }
          ],
          "isError": true
        },
        "tool": "draw_architect_elements"
      }
    }
  ],
  "packet": {
    "acceptance": [
      {
        "name": "Project identity",
        "result": "pass"
      },
      {
        "name": "Governing revisions and suitability",
        "result": "unknown"
      },
      {
        "name": "Units, scale, coordinates and datum for source work",
        "result": "unknown"
      },
      {
        "name": "Professional issue authority",
        "result": "unknown"
      }
    ],
    "auditHead": "1c47f7883a60d080c339f136315ac749c185f9804d00447b51da1a07c56f6bdf",
    "createdAt": "2026-09-09T14:29:07.153Z",
    "decisionOwner": null,
    "discipline": null,
    "findings": [],
    "id": "c25dd525-a6fe-4738-afbe-a19267beba2c",
    "location": null,
    "nextAction": "Inspect the failed tool receipt and reconcile saved state before retrying.",
    "objective": "Routing regression",
    "pendingAction": null,
    "permittedScope": "internal-draft",
    "policyVersion": "xray.internal-draft/1",
    "professionalAuthority": "unverified",
    "projectId": "job-e09cbb4d-6580-46c8-8884-1770e4c5384e",
    "routing": {
      "captureView": null,
      "captured": null,
      "context": "[\"job-e09cbb4d-6580-46c8-8884-1770e4c5384e\",1,\"[\\\"doc-sample\\\",[{\\\"id\\\":\\\"doc-sample\\\",\\\"name\\\":\\\"No source plan\\\",\\\"sha256\\\":null,\\\"revision\\\":null,\\\"informationStatus\\\":\\\"unknown\\\",\\\"purpose\\\":null,\\\"discipline\\\":null,\\\"origin\\\":\\\"sample\\\"}]]\"]",
      "designChanged": false,
      "designRead": "[\"job-e09cbb4d-6580-46c8-8884-1770e4c5384e\",1]",
      "evidenceChanged": false,
      "evidenceRead": null,
      "exported": false,
      "failure": "draw_architect_elements failed; inspect its actual receipt. Do not claim this action completed.",
      "mounted": null,
      "mutationCount": 0,
      "rendered": false,
      "sceneSha256": null,
      "selected": "architecture",
      "sheetsRead": null,
      "version": "xray.workflow/1"
    },
    "schema": "xray.work-packet/v1",
    "sequence": 13,
    "snapshot": {
      "activeDocumentId": "doc-sample",
      "designRevision": 1,
      "page": 1,
      "projectId": "job-e09cbb4d-6580-46c8-8884-1770e4c5384e",
      "projectName": "WR-01 Routing regression",
      "projectRevision": 1,
      "recoveryBlocked": false,
      "site": null,
      "sources": [
        {
          "discipline": null,
          "id": "doc-sample",
          "informationStatus": "unknown",
          "name": "No source plan",
          "origin": "sample",
          "purpose": null,
          "revision": null,
          "sha256": null
        }
      ]
    },
    "state": "intake",
    "unresolved": [
      "Discipline and task location are unspecified; confirm when needed for the requested action.",
      "Governing source status/revision is unconfirmed for verified source conclusions. Professional authority and decision owner are unconfirmed for controlled approval or issue."
    ],
    "updatedAt": "2026-09-09T14:29:07.438Z"
  },
  "pane": "sketch",
  "panel": "Live assistant\nConnected\nOpen canvas\nWork packet Ready for a task\nYour drawing workspace\n\nAsk about your project, draw a layout, search the web or attach an image. Tool activity and source links appear here.\n\nSelect a shape to reference\nDraw a room 6 m × 4 m\nAdd a level above\nShow all levels in 3D\nWR-01 Routing regression\nWR-01 Routing regression\nAsk before edits\nEdit freely\nRead only\nMessage live assistant\nEnter to send\nInteraction ≈0 tokens\n\nReview AI suggestions against your source drawings.",
  "projectId": "job-e09cbb4d-6580-46c8-8884-1770e4c5384e"
}
