{
  "domPane": "sketch",
  "text": "XR\nX-RAY BY LOOPLET\nNo plans open\nOpen a plan to begin\nOverview\nSheets\nMeasure\nSketch\nComponents\nModel\nRender\nReview\nCost\nProof\nMore workbench modes are available by scrolling horizontally.\nBackups\nSettings\nLog in\nSKETCH · architectural design & source annotations\nMODELS\nSource building\nPROJECT SHEETS\n1\nOpen plan\nFit sheet\n01 No source plan\nEVIDENCE LAYERS\nLIVE\n\nMeasurements\n0\n\nTakeoff evidence\n0\n\nReview flags\n0\n\nArchitectural workspace\nSource annotations\nManual layer\nCommit trace Enter\nCancel Esc\n\nDraw source-linked annotation paths on the original plan, then commit the trace.\n\nCalibrate this source before drawing\nSketch points use the original page coordinates and its locked scale.\nOpen Measure to calibrate\nSave this page view\nSave view\nSaved views (0)\nPlan preview unavailable\nImport a PDF, DXF or SVG plan to view its source here.\nScope\nPage 1 / 1\n100%\nSnap ON\nVectors\nManual\n\nNo markups yet.\n\nLogs\n10\nConsole\n0\nErrors\n0\nStatus\nDevelopment\nMODEL READINESS\nCollapse\n\nTrack what the current pane can prove.\n\nVerified plan bytes\nMissing\nSource verification\nPending\nSemantic graph\nNot evidenced\nCURRENT BOUNDARY\n\nThe local presentation viewer is available. It does not prove that plan bytes, vector identities, or semantic solids are verified; those require the source-integrity and CAD/IFC contracts.\n\nON THIS SHEET\n\nOpen a source drawing to inspect its pages and evidence.\n\nLive assistant\nDrawing tools",
  "tool": {
    "activeDocumentId": "doc-sample",
    "architectControllerAvailable": false,
    "counts": {
      "annotations": 0,
      "locatedItems": 0,
      "measuredTraces": 0
    },
    "documents": [
      {
        "id": "doc-sample",
        "kind": "pdf",
        "name": "No source plan",
        "pageCount": 1,
        "sha256": null
      }
    ],
    "hydration": "ready",
    "pane": "sketch",
    "projectId": "job-3303bf6b-117e-4752-8b6b-c2ef5975cb66",
    "projectName": "New project",
    "projectRevision": 1,
    "recoveryBlocked": false,
    "saveError": null,
    "savedProjectRevision": 1,
    "sourcePage": 1
  }
}


[debug] [vite] connecting...
[debug] [vite] connected.
[info] %cDownload the React DevTools for a better development experience: https://react.dev/link/react-devtools font-weight:bold
[debug] [vite] connecting...
[debug] [vite] connected.
[info] %cDownload the React DevTools for a better development experience: https://react.dev/link/react-devtools font-weight:bold

- combobox "Current plan" [expanded=false, disabled, ref=e10]: Open a plan to begin
  - option "Open a plan to begin" [disabled, ref=e39]
- navigation "Panes" [ref=e1]
  - button "Overview" [ref=e11]
  - button "Sheets" [ref=e12]
  - button "Measure" [ref=e13]
  - button "Sketch" [ref=e14]
  - button "Components" [ref=e15]
  - button "Model" [ref=e16]
  - button "Render" [ref=e17]
  - button "Review" [ref=e18]
  - button "Cost" [ref=e19]
  - button "Proof" [ref=e20]
- button "Backups" [ref=e2]
- button "Settings" [ref=e3]
- button "Log in" [ref=e4]
- heading "MODELS" [level=2, ref=e21]
- button "Source building" [ref=e22]
- heading "PROJECT SHEETS 1" [level=2, ref=e23]
- button "Open plan" [ref=e24]
- button "Fit sheet" [ref=e25]
- button "Open source page 1" [ref=e26]
- heading "EVIDENCE LAYERS LIVE" [level=2, ref=e27]
- navigation "Sketch workspaces" [ref=e28]
  - button "Architectural workspace" [ref=e35]
  - button "Source annotations" [ref=e36]
- button "Manual layer" [disabled, ref=e29]
- button "Commit trace Enter" [disabled, ref=e30]
- button "Cancel Esc" [ref=e31]
- button "Open Measure to calibrate" [ref=e37]
- region "Saved source views" [ref=e32]
  - textbox "Saved view name" [ref=e43]
  - button "Save view" [disabled, ref=e40]
- button "Drawing scope" [disabled, ref=e48]
- button "Previous Page" [disabled, ref=e49]
- button "Next Page" [disabled, ref=e50]
- button "Zoom Out" [ref=e51]
- button "Zoom In" [ref=e52]
- button "Reset View" [ref=e53]
- button "Snap ON" [ref=e54]
- button "Vectors" [ref=e55]
- button "Manual" [ref=e56]
- generic "Logs10Console0Errors0StatusDevelopment" [ref=e38] clickable [onclick]
  - separator "Resize bottom panel" [ref=e41] focusable [tabindex]: 22
  - tab "Logs 10" [ref=e44]
  - tab "Console 0" [ref=e45]
  - tab "Errors 0" [ref=e46]
  - tab "Status" [selected, ref=e47]
  - button "Expand workspace diagnostics" [expanded=false, ref=e42]
- heading "MODEL READINESS" [level=2, ref=e33]
- button "Collapse" [ref=e34]
- button "Live assistant Drawing tools" [expanded=false, ref=e5]
- separator "Resize left menu" [ref=e6] focusable [tabindex]: 260
- button "Collapse left menu" [expanded=true, ref=e7]
- separator "Resize right menu" [ref=e8] focusable [tabindex]: 400
- button "Collapse right menu" [expanded=true, ref=e9]
