✓ X-Ray by Looplet
  http://tauri.localhost/

{
  "height": 1000,
  "native": true,
  "width": 1440
}

true

✓ Done

true

null

✓ Screenshot saved to screenshots/growth/2026-09-07-sheets/native-before.png

✓ Done

✓ Done

✓ Done

✓ Done

true

✓ Done

✓ Done

✓ Done

✓ Done

true

✓ Done

true

"Two named discipline groups sorted; original page indices retained"

✓ Screenshot saved to screenshots/growth/2026-09-07-sheets/native-groups.png

✓ Done

✓ Done

true

null

✓ Done

✓ Done

✓ Done

null

✓ Done

✓ Done

✓ Done

✓ Done

✓ Done

✓ Done

true

{
  "bookmark": {
    "aspect": 1.4141545313884945,
    "center": {
      "x": 0.4469613259668509,
      "y": 0.4624975593885924
    },
    "createdAt": "2026-09-07T13:19:58.157Z",
    "id": "14e25427-9458-4bb0-9f6a-5967f2ceea1d",
    "name": "Release drainage detail",
    "zoom": 1.5625
  },
  "identity": {
    "documentId": "document-3a0534b7-d0f3-44dd-81d5-6cfb0e3d866e",
    "importedAt": "2026-09-07T13:18:25.641Z",
    "jobId": "job-b5401e30-1f95-4e50-ae11-6ff6b20b1bd9",
    "pageCount": 13,
    "sha256": "b57956f76b5dc893ac2b28a021f3f92e345807e326d6b1f8313e373f9145ad38"
  }
}

✓ Done

true

✓ Done

✓ Done

✓ Done

true

"Correct original page and source centre restored after switching pages"

✓ Screenshot saved to screenshots/growth/2026-09-07-sheets/native-bookmark-desktop.png

http://tauri.localhost/

true

✓ Done

true

"Full reload retained names, discipline order and page-linked saved view"

✓ Done

true

✓ Done

✓ Done

true

✗ Evaluation error: Error: Reload desktop centre mismatch
    at <anonymous>:1:358
