✓ X-Ray by Looplet
  http://127.0.0.1:8096/

✓ Done

true

{
  "designLevels": "none",
  "designWalls": "none",
  "jobId": "job-23731594-28db-4bd6-9312-5d7a083e4784",
  "revision": 3
}

✓ Done

true

"opened"

true

{
  "designId": "job-23731594-28db-4bd6-9312-5d7a083e4784",
  "designRevision": "1",
  "walls": "0 walls · 0 openings · 1 levels"
}

✓ Screenshot saved to screenshots/growth/2026-09-09-az5-release/prod-wireframe-desktop-01-before.png

true

"panel"

✓ Done

✓ Done

true

"edits allowed for this message"

✓ Done

✓ Done

true

{
  "entries": [
    "is-user: YouDraw a 3-storey wireframe of a 20 m by 12 m building in the architectural workspace: three storeys of 3200 mm with slabs and a hip roof on top. Use the existing ground level as the base. Then tell ",
    "is-tool: read_project_contextRunning read_project_context…Running read_project_context…",
    "is-tool: read_project_contextTool result{\"projectId\":\"job-23731594-28db-4bd6-9312-5d7a083e4784\",\"projectName\":\"Other window revision\",\"projectRevision\":3,\"pane\":\"sketch\",\"sourcePage\":1,\"documents\":[{\"id\":\"doc-",
    "is-tool: read_architect_designRunning read_architect_design…Running read_architect_design…",
    "is-tool: read_architect_designTool result{\"project\":{\"schema\":\"xray.architect/v1\",\"id\":\"job-23731594-28db-4bd6-9312-5d7a083e4784\",\"revision\":1,\"name\":\"Untitled architectural design\",\"address\":\"\",\"designRevisio",
    "is-tool: read_workbench_structureRunning read_workbench_structure…Running read_workbench_structure…",
    "is-tool: read_workbench_structureTool result{\"units\":{\"architecturalDesign\":\"mm\",\"sourceBuilding\":\"m\",\"sourceSheets\":\"PDF page pixels\"},\"panes\":[\"overview\",\"sheets\",\"measure\",\"sketch\",\"components\",\"model\",\"ren",
    "is-tool: read_source_buildingRunning read_source_building…Running read_source_building…",
    "is-tool: read_source_buildingTool result{\"building\":\"redburn\",\"title\":\"Redburn BR250157\",\"sample\":false,\"sourceSha256\":\"b57956f76b5dc893ac2b28a021f3f92e345807e326d6b1f8313e373f9145ad38\",\"units\":\"m\",\"boundsM\":{",
    "is-tool: draw_architect_elementsRunning draw_architect_elements…Running draw_architect_elements…",
    "is-tool: draw_architect_elementsTool result{\"projectId\":\"job-23731594-28db-4bd6-9312-5d7a083e4784\",\"designRevision\":2,\"saved\":true,\"readbackVerified\":true,\"created\":[{\"kind\":\"wall\",\"id\":\"9a7d1557-5f12-4589-8e3",
    "is-tool: read_architect_designRunning read_architect_design…Running read_architect_design…",
    "is-tool: read_architect_designTool result{\"project\":{\"schema\":\"xray.architect/v1\",\"id\":\"job-23731594-28db-4bd6-9312-5d7a083e4784\",\"revision\":2,\"name\":\"Untitled architectural design\",\"address\":\"\",\"designRevisio",
    "is-assistant: AssistantThe 3-storey wireframe (20 m × 12 m) has been drawn and verified in the architectural workspace using the existing Ground level as the base:\n\n### Design Summary\n* **Levels (3 total):**\n  * **"
  ],
  "reply": "AssistantThe 3-storey wireframe (20 m × 12 m) has been drawn and verified in the architectural workspace using the existing Ground level as the base:\n\n### Design Summary\n* **Levels (3 total):**\n  * **Ground**: Elevation 0 mm, height 2,700 mm\n  * **Level 2**: Elevation 3,200 mm, height 3,200 mm\n  * **Level 3**: Elevation 6,400 mm, height 3,200 mm\n* **Walls (12 total):**\n  * **Ground (4 walls)**: 20 m × 12 m perimeter\n  * **Level 2 (4 walls)**: 20 m × 12 m perimeter\n  * **Level 3 (4 walls)**: 20 m × 12 m perimeter\n* **Slabs & Roof:**\n  * 3 concrete slabs (one per level: Ground, Level 2, Level 3; 150 mm thickness)\n  * 1 hip roof on Level 3 (22.5° pitch on all 4 edges, 450 mm eaves)\n\nThe architectural design is saved at revision **2**."
}

{
  "designRevision": 2,
  "extentMm": [
    20000,
    12000
  ],
  "levels": [
    [
      "Ground",
      0,
      2700
    ],
    [
      "Level 2",
      3200,
      3200
    ],
    [
      "Level 3",
      6400,
      3200
    ]
  ],
  "roofs": 1,
  "slabs": 3,
  "uiRevision": "2",
  "walls": 12
}

{
  "allLevels": true
}

true

✓ Screenshot saved to screenshots/growth/2026-09-09-az5-release/prod-wireframe-desktop-02-wireframe-3d.png

"minimised if control exists"

http://127.0.0.1:8096/

true

✓ Done

true

"reopened"

true

{
  "afterReload": {
    "levels": 3,
    "revision": 2,
    "walls": 12
  },
  "summary": "12 walls · 0 openings · 3 levels"
}

✓ Screenshot saved to screenshots/growth/2026-09-09-az5-release/prod-wireframe-desktop-03-after-reload.png

"ctrl+z sent"

{
  "afterUndoAttempt": {
    "levels": 3,
    "revision": 2,
    "walls": 12
  },
  "note": "session undo history does not survive reload; assistant undo tool needs same-session history"
}


[warning] THREE.WebGLShadowMap: PCFSoftShadowMap has been deprecated. Using PCFShadowMap instead.
[warning] THREE.WebGLShadowMap: PCFSoftShadowMap has been deprecated. Using PCFShadowMap instead.
