✓ Done

✓ X-Ray by Looplet
  http://127.0.0.1:8085/

true

"reloading-with-minimax"

true

"checking"

true

"{\"provider\":\"MiniMax\",\"model\":\"MiniMax-M3\",\"stored\":\"minimax\"}"

"seeding"

true

"{\"ok\":true,\"jobId\":\"job-200ee1e2-f06f-4f4a-a088-280fbceb4c37\",\"documents\":2,\"activeDocumentId\":\"doc-ground-floor\",\"calibrations\":3}"

"already-open"

true

"binding"

true

"menu opened"

true

"clicked New chat"

"awaiting empty conversation"

true

"{\"conversationEmptyBeforeTurn\":true,\"activeId\":\"727ce42c-f70b-4390-ab69-0eafeb90205c\"}"

"{\"script\":\"04-failed-operation\",\"jobId\":\"job-200ee1e2-f06f-4f4a-a088-280fbceb4c37\"}"

"composed 421 chars"

true

"baseline"

true

✓ Screenshot saved to proof/growth/2026-09-16-live-assistant-rig/screenshots/04-failed-operation-composed.png

"sent"

"polling"

true

✓ Screenshot saved to proof/growth/2026-09-16-live-assistant-rig/screenshots/04-failed-operation-replied.png

"{\"state\":\"done-with-error\",\"baseline\":0,\"newEntryCount\":3,\"newEntries\":[{\"kind\":\"user\",\"tool\":null,\"failed\":null,\"origin\":null,\"projectName\":null,\"projectRevision\":null,\"text\":\"Execute calculate_draft_roof_sheet_coverage with exactly these operands: developedWidthM='abc', developedRunM='-4', effectiveCoverM='0', orderLengthM='0', endLapM='0', measurementReference='QA invalid operands', supplierReference='QA invalid operands'. Report the actual tool result. If the tool refuses or fails, report that refusal or failure exactly as it came back and do not substitute a computed answer of your own.\"},{\"kind\":\"assistant\",\"tool\":null,\"failed\":null,\"origin\":null,\"projectName\":null,\"projectRevision\":null,\"text\":\"I'll execute the calculation with the exact operands specified.\\n\"},{\"kind\":\"tool\",\"tool\":\"calculate_draft_roof_sheet_coverage\",\"failed\":true,\"origin\":\"model\",\"projectName\":\"New project\",\"projectRevision\":1,\"text\":\"Developed width: enter an explicit decimal in metres (up to nine decimal places).\"}],\"projectId\":\"job-200ee1e2-f06f-4f4a-a088-280fbceb4c37\",\"activeId\":\"727ce42c-f70b-4390-ab69-0eafeb90205c\",\"threads\":2,\"busy\":false,\"error\":\"The requested calculation failed; no successful result was verified. Review the failed calculation details and correct the inputs before trying again.\",\"workPacket\":{\"state\":\"blocked\",\"objective\":\"Execute calculate_draft_roof_sheet_coverage with exactly these operands: developedWidthM='abc', developedRunM='-4', effectiveCoverM='0', orderLengthM='0', endLapM='0', measurementReference='QA invalid operands', supplierReference='QA invalid operands'. Report the actual tool result. If the tool refu\",\"nextAction\":\"The requested calculation failed; no successful result was verified. Review the failed calculation details and correct the inputs before trying again.\",\"pendingAction\":null,\"routingFailure\":\"calculate_draft_roof_sheet_coverage failed; inspect its actual receipt. Do not claim this action completed.\"},\"entries\":[{\"kind\":\"user\",\"tool\":null,\"failed\":null,\"origin\":null,\"projectName\":null,\"projectRevision\":null,\"text\":\"Execute calculate_draft_roof_sheet_coverage with exactly these operands: developedWidthM='abc', developedRunM='-4', effectiveCoverM='0', orderLengthM='0', endLapM='0', measurementReference='QA invalid operands', supplierReference='QA invalid operands'. Report the actual tool result. If the tool refuses or fails, report that refusal or failure exactly as it came back and do not substitute a computed answer of your own.\"},{\"kind\":\"assistant\",\"tool\":null,\"failed\":null,\"origin\":null,\"projectName\":null,\"projectRevision\":null,\"text\":\"I'll execute the calculation with the exact operands specified.\\n\"},{\"kind\":\"tool\",\"tool\":\"calculate_draft_roof_sheet_coverage\",\"failed\":true,\"origin\":\"model\",\"projectName\":\"New project\",\"projectRevision\":1,\"text\":\"Developed width: enter an explicit decimal in metres (up to nine decimal places).\"}]}"

