[agent-browser] launched browser
✓ X-Ray by Looplet
  http://127.0.0.1:8091/

✓ Done

true

✓ Done

true

"opened"

true

"confirm auto-accepted"

✓ Done

true

✓ Screenshot saved to screenshots/growth/2026-09-09-assistant-surface/desktop-visual-01-before.png

✓ Done

true

"scrolled the workspace so the right-hand menu is on screen"

true

{
  "composerVisible": true,
  "launcherHidden": true,
  "panel": {
    "h": 550,
    "l": 960,
    "t": 157,
    "w": 320
  },
  "pressed": "true",
  "rail": {
    "h": 550,
    "l": 1012,
    "t": 157,
    "w": 255
  },
  "railClass": "arch-inspector",
  "railHidden": true,
  "visible": {
    "h": 550,
    "t": 157
  }
}

✓ Screenshot saved to screenshots/growth/2026-09-09-assistant-surface/desktop-visual-02-rail-mode.png

"97253b28-fabd-47ab-8500-acc02fb97453"

true

{
  "focused": "canvas-context-item",
  "items": [
    "reference:Reference in chat",
    "explain:Explain this",
    "improve:Suggest improvements",
    "modify:Modify with AI…",
    "draw:Draw something like this here",
    "render:Real-life view of this",
    "pick:Select a shape to reference…"
  ],
  "target": "architect-plan"
}

✓ Screenshot saved to screenshots/growth/2026-09-09-assistant-surface/desktop-visual-03-context-menu.png

"reference clicked"

true

✓ Screenshot saved to screenshots/growth/2026-09-09-assistant-surface/desktop-visual-04-reference-in-draft.png

