http://localhost:8080/

null

true

{
  "eventCount": 8,
  "id": "4e80d3cd-c365-44d3-a54a-2a73216cacee",
  "project": "job-5e391766-ca9d-4760-abdd-2d1723ae9587"
}

{
  "racingWriters": "one accepted, one rejected",
  "sequence": 2
}

✓ Done

✓ Screenshot saved to screenshots/governed-memory-expanded.png

http://localhost:8080/

null

true

✓ Done

{
  "eventCount": 8,
  "id": "4e80d3cd-c365-44d3-a54a-2a73216cacee",
  "project": "job-5e391766-ca9d-4760-abdd-2d1723ae9587"
}

✓ Done

✓ Screenshot saved to screenshots/governed-memory-tablet.png

