"open"

true

"ok"

"Quote from=Affordable Fencing Gold Coast"

"Quote customer=QA test customer (training)"

"Quote reference=Q-QA-EMAIL-1"

"Quote validity days=30"

"Quote site address=74-78 Annie Street, Auchenflower QLD 4066 (Redburn sample survey)"

✓ Done

true

[
  "Download draft quote PDF",
  "Download handover package (ZIP)",
  "Save handover to a folder…",
  "Write email"
]

✓ Screenshot saved to proof/growth/2026-09-23-quote-handover/shots/t1-desktop-handover-buttons.png

✓ Done

true

[
  "Opened your mail app with quote Q-QA-EMAIL-1. Attach the PDF, check it and send it yourself; X-Ray sent nothing."
]
