[debug] [vite] connecting...
[debug] [vite] connected.
[info] %cDownload the React DevTools for a better development experience: https://react.dev/link/react-devtools font-weight:bold
[warning] THREE.WebGLShadowMap: PCFSoftShadowMap has been deprecated. Using PCFShadowMap instead.
[warning] THREE.WebGLShadowMap: PCFSoftShadowMap has been deprecated. Using PCFShadowMap instead.
[warning] THREE.WebGLShadowMap: PCFSoftShadowMap has been deprecated. Using PCFShadowMap instead.
[debug] [vite] css hot updated: /src/styles.css
[debug] [vite] hot updated: /src/studio/LiveAssistant.tsx
[debug] [vite] hot updated: /src/studio/assistant/WorkPacketPanel.tsx
[debug] [vite] hot updated: /src/studio/WorkspaceDiagnostics.tsx
[debug] [vite] hot updated: /src/studio/CanvasContextMenu.tsx
[debug] [vite] hot updated: /src/studio/LiveAssistant.tsx
[debug] [vite] css hot updated: /src/styles.css
[debug] [vite] connecting...
[debug] [vite] connected.
[info] %cDownload the React DevTools for a better development experience: https://react.dev/link/react-devtools font-weight:bold
[warning] THREE.WebGLShadowMap: PCFSoftShadowMap has been deprecated. Using PCFShadowMap instead.
[debug] [vite] css hot updated: /src/styles.css
[debug] [vite] hot updated: /src/studio/LiveAssistant.tsx
[debug] [vite] hot updated: /src/studio/assistant/WorkPacketPanel.tsx
[debug] [vite] hot updated: /src/studio/WorkspaceDiagnostics.tsx
[debug] [vite] hot updated: /src/studio/CanvasContextMenu.tsx
[debug] [vite] css hot updated: /src/styles.css
[debug] [vite] connecting...
[debug] [vite] connected.
[info] %cDownload the React DevTools for a better development experience: https://react.dev/link/react-devtools font-weight:bold

