✓ Done

true

{
  "interrupted": false
}

"Runtime event monitor installed"

✓ Console log cleared

null

✓ Done

true

null

✓ Done

true

null

true

null

true

✓ Screenshot saved to screenshots/growth/development-body-arm-architect-final-door-prompt.png

null

true

{
  "blocked": "true",
  "blockedFrames": 12,
  "done": true,
  "end": [
    5.711332205445977,
    1.6500000059604645,
    2.9987331081081092
  ],
  "feetEnd": [
    5.711332205445977,
    5.9604645663569045e-9,
    2.9987331081081092
  ],
  "feetStart": "4.68918918918919,5.9604645663569045e-9,2.9987331081081092",
  "frames": 68,
  "passed": true,
  "start": [
    4.68918918918919,
    1.6500000059604645,
    2.9987331081081092
  ]
}

true

✓ Screenshot saved to screenshots/growth/development-body-arm-architect-final-door-closed-block.png

null

true

true

✗ Evaluation error: Error: Body arm projection not visible {"engine":"three.js r185","walkArmAsset":"ready","walkArmVisible":"true","navigationCapture":"drag","navigationBlocked":"false","navigationTransition":"idle","navigation":"walk","projectRevision":"3","meshCount":"115","selected":"","cameraPosition":"5.711332205445977,1.6500000059604645,2.9987331081081092","frameCount":"212","walkArmAnimation":"grab.R","walkArmAnchor":"camera-body","walkDoor":"9a4b9c47-b85d-4052-bde8-73b067c0eeec","walkDoorProgress":"0.204","walkDoorBusy":"true","walkDoorOpen":"false","walkDoors":"[{\"id\":\"831d23de-d9d9-41e5-9a8a-bb2d6e673d2b\",\"open\":false,\"progress\":0},{\"id\":\"9a4b9c47-b85d-4052-bde8-73b067c0eeec\",\"open\":false,\"progress\":0.204}]","walkFeet":"5.711332205445977,5.9604645663569045e-9,2.9987331081081092","navigationTransitionProgress":"1","navigationYaw":"-1.5707963267948963","navigationPitch":"0","navigationSpeed":"0","navigationDirection":"1,0,-2.220446049250313e-16","walkArmHandProjection":"1.1791210867994826,-1.2579729890267064,0.7310290302368955","walkArmProgress":"0.204"}
    at <anonymous>:1:277
    at <anonymous>:1:448
