[agent-browser] launched browser
✓ X-Ray by Looplet
  http://127.0.0.1:8087/

✓ Done

✓ Done

true

✓ Done

true

✓ Done

{
  "bottomControls": 5,
  "parts": 198
}

✓ Screenshot saved to screenshots/growth/2026-09-07-tablet-built-model.png

✓ Done

true


true

✓ Done

true

null

✓ Screenshot saved to screenshots/growth/2026-09-07-sheets/stage05-built-before.png

✓ Done

✓ Done

✓ Done

✓ Done

true

✓ Done

✓ Done

✓ Done

✓ Done

true

✓ Done

true

"Two named discipline groups sorted; original page indices retained"

✓ Screenshot saved to screenshots/growth/2026-09-07-sheets/stage05-built-groups.png

✓ Done

✓ Done

true

null

✓ Done

✓ Done

✓ Done

null

✓ Done

✓ Done

✓ Done

✓ Done

✓ Done

✓ Done

true

{
  "bookmark": {
    "aspect": 1.4141453600796925,
    "center": {
      "x": 0.4469613259668509,
      "y": 0.4624978026056214
    },
    "createdAt": "2026-09-07T13:35:23.971Z",
    "id": "d5734c23-8628-422c-b97d-6464b77f81d8",
    "name": "Release drainage detail",
    "zoom": 1.5625
  },
  "identity": {
    "documentId": "document-01f93947-db53-401f-be33-8a7afacbe686",
    "importedAt": "2026-09-07T13:35:20.993Z",
    "jobId": "job-c74f1198-8054-4f40-a83a-f8c58ffb593d",
    "pageCount": 13,
    "sha256": "b57956f76b5dc893ac2b28a021f3f92e345807e326d6b1f8313e373f9145ad38"
  }
}

✓ Done

true

✓ Done

✓ Done

✓ Done

true

true

"Correct original page and source centre restored after switching pages"

✓ Screenshot saved to screenshots/growth/2026-09-07-sheets/stage05-built-bookmark-desktop.png

http://127.0.0.1:8087/

true

✓ Done

true

"Full reload retained names, discipline order and page-linked saved view"

✓ Done

true

✓ Done

✓ Done

true

true

"Reload retained exact source page and viewport centre"

✓ Screenshot saved to screenshots/growth/2026-09-07-sheets/stage05-built-bookmark-reloaded.png

✓ Done

true


✓ Done

✓ Done

true

null

✓ Screenshot saved to screenshots/growth/2026-09-07-sheets/stage05-built-tablet-landscape-sheets.png

✓ Done

true

null

✓ Done

true

null

✓ Screenshot saved to screenshots/growth/2026-09-07-sheets/stage05-built-tablet-landscape-bookmark.png

{
  "interrupted": false
}

{
  "controls": [
    {
      "height": 44,
      "label": "Previous Page",
      "reachable": true,
      "width": 44
    },
    {
      "height": 44,
      "label": "Next Page",
      "reachable": true,
      "width": 44
    },
    {
      "height": 44,
      "label": "Zoom Out",
      "reachable": true,
      "width": 44
    },
    {
      "height": 44,
      "label": "Zoom In",
      "reachable": true,
      "width": 44
    },
    {
      "height": 44,
      "label": "Reset View",
      "reachable": true,
      "width": 44
    },
    {
      "height": 44,
      "label": "Toggle Vector Snapping (S)",
      "reachable": true,
      "width": 80
    },
    {
      "height": 44,
      "label": "Toggle PDF Vector Layer",
      "reachable": true,
      "width": 64
    },
    {
      "height": 44,
      "label": "Toggle Manual Markup Layer",
      "reachable": true,
      "width": 58
    }
  ],
  "originalPage": 2,
  "viewport": [
    1024,
    768
  ]
}

✓ Screenshot saved to screenshots/growth/2026-09-07-sheets/stage05-built-tablet-landscape-canvas.png

✓ Done

true

null

✓ Screenshot saved to screenshots/growth/2026-09-07-sheets/stage05-built-tablet-portrait-bookmark.png

{
  "interrupted": false
}

{
  "controls": [
    {
      "height": 44,
      "label": "Previous Page",
      "reachable": true,
      "width": 44
    },
    {
      "height": 44,
      "label": "Next Page",
      "reachable": true,
      "width": 44
    },
    {
      "height": 44,
      "label": "Zoom Out",
      "reachable": true,
      "width": 44
    },
    {
      "height": 44,
      "label": "Zoom In",
      "reachable": true,
      "width": 44
    },
    {
      "height": 44,
      "label": "Reset View",
      "reachable": true,
      "width": 44
    },
    {
      "height": 44,
      "label": "Toggle Vector Snapping (S)",
      "reachable": true,
      "width": 80
    },
    {
      "height": 44,
      "label": "Toggle PDF Vector Layer",
      "reachable": true,
      "width": 64
    },
    {
      "height": 44,
      "label": "Toggle Manual Markup Layer",
      "reachable": true,
      "width": 58
    }
  ],
  "viewport": [
    768,
    1024
  ]
}

✓ Screenshot saved to screenshots/growth/2026-09-07-sheets/stage05-built-tablet-portrait-canvas.png

✓ Done

true

null

✓ Screenshot saved to screenshots/growth/2026-09-07-sheets/stage05-built-tablet-portrait-sheets.png

