✓ Done

✓ X-Ray by Looplet
  http://127.0.0.1:8085/

true

"reloading-with-minimax"

true

"checking"

true

"{\"provider\":\"MiniMax\",\"model\":\"MiniMax-M3\"}"

"seeding"

true

"{\"ok\":true,\"jobId\":\"job-7140b42b-bcea-4b24-8219-1e6709ce9934\",\"documents\":2,\"activeDocumentId\":\"doc-ground-floor\",\"calibrations\":3}"

"opened"

true

"checking-empty"

true

"{\"conversationEmptyBeforeTurn\":true,\"ok\":true,\"projectId\":null,\"activeId\":null,\"entries\":0}"

"composed 85 chars"

true

"sent"

"polling"

true

"{\"ok\":true,\"projectId\":\"job-7140b42b-bcea-4b24-8219-1e6709ce9934\",\"activeId\":\"a73eca33-3e45-426c-9d4e-7e2dac32e2d3\",\"threadId\":\"a73eca33-3e45-426c-9d4e-7e2dac32e2d3\",\"entries\":5,\"userHits\":1,\"assistantEntries\":1,\"toolEntries\":3,\"busy\":true,\"threadError\":null,\"lastAssistant\":\"I'll record this restart check value as an internal-draft finding, since no governing source is confirmed yet.\\n\\n\\n\"}"

✓ Screenshot saved to C:/Users/danie/repo/xray-by-looplet/screenshots/growth/21-restart-write-archive.png


✓ Browser closed
