✓ Done

✓ Done

true

"Capture refusal armed for this QA canvas"

✓ Done

true

"Await settled Fly telemetry"

true

"Drag-look check ready"

"Dragged 100px right"

true

✓ Screenshot saved to screenshots/growth/nav-built-final-fly-drag.png

"Original capture API restored"

✓ Done

true

true

{
  "settledAtFrame": 24
}

true

{
  "actualCamera": {
    "capture": "locked",
    "mode": "fly",
    "pitch": 0,
    "position": [
      10.206,
      3.4200000000000004,
      15.5305
    ],
    "speed": 0,
    "yaw": 0.3517952083868698
  },
  "mode": "fly",
  "ready": true,
  "selector": ".building-canvas canvas"
}

{
  "capture": "locked",
  "mode": "fly",
  "pitch": 0,
  "position": [
    10.206,
    3.4200000000000004,
    15.5305
  ],
  "speed": 0,
  "yaw": 0.3517952083868698
}

true

✓ Screenshot saved to screenshots/growth/nav-built-final-fly-before.png

{
  "before": {
    "capture": "locked",
    "mode": "fly",
    "pitch": 0,
    "position": [
      10.206,
      3.4200000000000004,
      15.5305
    ],
    "speed": 0,
    "yaw": 0.3517952083868698
  },
  "code": "KeyW"
}

true

{
  "observed": {
    "capture": "locked",
    "mode": "fly",
    "pitch": 0,
    "position": [
      10.077352982287296,
      3.4200000000000004,
      15.180024517791653
    ],
    "speed": 4.818723733072708,
    "yaw": 0.3517952083868698
  },
  "released": "KeyW"
}

true

{
  "after": {
    "capture": "locked",
    "mode": "fly",
    "pitch": 0,
    "position": [
      9.924820857437416,
      3.4200000000000004,
      14.764478390415343
    ],
    "speed": 0.0016165017266327733,
    "yaw": 0.3517952083868698
  },
  "before": {
    "capture": "locked",
    "mode": "fly",
    "pitch": 0,
    "position": [
      10.206,
      3.4200000000000004,
      15.5305
    ],
    "speed": 0,
    "yaw": 0.3517952083868698
  },
  "code": "KeyW",
  "delta": [
    -0.2811791425625838,
    0,
    -0.766021609584655
  ],
  "distance": 0.8159968238681419,
  "horizontalForwardDot": 0.815996823868142,
  "rightDot": -4.6074255521944004e-15,
  "signedCameraDot": 0.815996823868142
}

{
  "before": {
    "capture": "locked",
    "mode": "fly",
    "pitch": 0,
    "position": [
      9.924820857437416,
      3.4200000000000004,
      14.764478390415343
    ],
    "speed": 0.0016165017266327733,
    "yaw": 0.3517952083868698
  },
  "code": "KeyS"
}

true

{
  "observed": {
    "capture": "locked",
    "mode": "fly",
    "pitch": 0,
    "position": [
      10.053627477237072,
      3.4200000000000004,
      15.115388679581374
    ],
    "speed": 4.820400702933762,
    "yaw": 0.3517952083868698
  },
  "released": "KeyS"
}

true

{
  "after": {
    "capture": "locked",
    "mode": "fly",
    "pitch": 0,
    "position": [
      10.206197546161471,
      3.4200000000000004,
      15.531038178711253
    ],
    "speed": 0.002258300043183174,
    "yaw": 0.3517952083868698
  },
  "before": {
    "capture": "locked",
    "mode": "fly",
    "pitch": 0,
    "position": [
      9.924820857437416,
      3.4200000000000004,
      14.764478390415343
    ],
    "speed": 0.0016165017266327733,
    "yaw": 0.3517952083868698
  },
  "code": "KeyS",
  "delta": [
    0.2813766887240554,
    0,
    0.7665597882959077
  ],
  "distance": 0.8165701133335586,
  "horizontalForwardDot": -0.8165701133335587,
  "rightDot": 7.438494264988549e-15,
  "signedCameraDot": 0.8165701133335587
}

{
  "before": {
    "capture": "locked",
    "mode": "fly",
    "pitch": 0,
    "position": [
      10.206197546161471,
      3.4200000000000004,
      15.531038178711253
    ],
    "speed": 0.002258300043183174,
    "yaw": 0.3517952083868698
  },
  "code": "KeyA"
}

true

{
  "observed": {
    "capture": "locked",
    "mode": "fly",
    "pitch": 0,
    "position": [
      9.855241153313475,
      3.4200000000000004,
      15.66001396182986
    ],
    "speed": 4.82090397027423,
    "yaw": 0.3517952083868698
  },
  "released": "KeyA"
}

true

{
  "after": {
    "capture": "locked",
    "mode": "fly",
    "pitch": 0,
    "position": [
      9.439540480813058,
      3.4200000000000004,
      15.812671605471104
    ],
    "speed": 0.0019092619144993816,
    "yaw": 0.3517952083868698
  },
  "before": {
    "capture": "locked",
    "mode": "fly",
    "pitch": 0,
    "position": [
      10.206197546161471,
      3.4200000000000004,
      15.531038178711253
    ],
    "speed": 0.002258300043183174,
    "yaw": 0.3517952083868698
  },
  "code": "KeyA",
  "delta": [
    -0.7666570653484133,
    0,
    0.2816334267598499
  ],
  "distance": 0.816749926793469,
  "horizontalForwardDot": -0.00020749419637422495,
  "rightDot": -0.8167499004366608,
  "signedCameraDot": 0.8167499004366608
}

{
  "before": {
    "capture": "locked",
    "mode": "fly",
    "pitch": 0,
    "position": [
      9.439540480813058,
      3.4200000000000004,
      15.812671605471104
    ],
    "speed": 0.0019092619144993816,
    "yaw": 0.3517952083868698
  },
  "code": "KeyD"
}

true

{
  "observed": {
    "capture": "locked",
    "mode": "fly",
    "pitch": 0,
    "position": [
      9.790402541948396,
      3.4200000000000004,
      15.683882707227571
    ],
    "speed": 4.820309566857505,
    "yaw": 0.3517952083868698
  },
  "released": "KeyD"
}

true

{
  "after": {
    "capture": "locked",
    "mode": "fly",
    "pitch": 0,
    "position": [
      10.2060751797746,
      3.4200000000000004,
      15.531304153396112
    ],
    "speed": 0.002258257347022081,
    "yaw": 0.3517952083868698
  },
  "before": {
    "capture": "locked",
    "mode": "fly",
    "pitch": 0,
    "position": [
      9.439540480813058,
      3.4200000000000004,
      15.812671605471104
    ],
    "speed": 0.0019092619144993816,
    "yaw": 0.3517952083868698
  },
  "code": "KeyD",
  "delta": [
    0.7665346989615429,
    0,
    -0.28136745207499025
  ],
  "distance": 0.8165433777817533,
  "horizontalForwardDot": -2.558251849249515e-8,
  "rightDot": 0.816543377781753,
  "signedCameraDot": 0.816543377781753
}

✓ Screenshot saved to screenshots/growth/nav-built-final-fly-moved.png

{
  "keysReleased": true,
  "movements": [
    {
      "after": {
        "capture": "locked",
        "mode": "fly",
        "pitch": 0,
        "position": [
          9.924820857437416,
          3.4200000000000004,
          14.764478390415343
        ],
        "speed": 0.0016165017266327733,
        "yaw": 0.3517952083868698
      },
      "before": {
        "capture": "locked",
        "mode": "fly",
        "pitch": 0,
        "position": [
          10.206,
          3.4200000000000004,
          15.5305
        ],
        "speed": 0,
        "yaw": 0.3517952083868698
      },
      "code": "KeyW",
      "delta": [
        -0.2811791425625838,
        0,
        -0.766021609584655
      ],
      "distance": 0.8159968238681419,
      "horizontalForwardDot": 0.815996823868142,
      "rightDot": -4.6074255521944004e-15,
      "signedCameraDot": 0.815996823868142
    },
    {
      "after": {
        "capture": "locked",
        "mode": "fly",
        "pitch": 0,
        "position": [
          10.206197546161471,
          3.4200000000000004,
          15.531038178711253
        ],
        "speed": 0.002258300043183174,
        "yaw": 0.3517952083868698
      },
      "before": {
        "capture": "locked",
        "mode": "fly",
        "pitch": 0,
        "position": [
          9.924820857437416,
          3.4200000000000004,
          14.764478390415343
        ],
        "speed": 0.0016165017266327733,
        "yaw": 0.3517952083868698
      },
      "code": "KeyS",
      "delta": [
        0.2813766887240554,
        0,
        0.7665597882959077
      ],
      "distance": 0.8165701133335586,
      "horizontalForwardDot": -0.8165701133335587,
      "rightDot": 7.438494264988549e-15,
      "signedCameraDot": 0.8165701133335587
    },
    {
      "after": {
        "capture": "locked",
        "mode": "fly",
        "pitch": 0,
        "position": [
          9.439540480813058,
          3.4200000000000004,
          15.812671605471104
        ],
        "speed": 0.0019092619144993816,
        "yaw": 0.3517952083868698
      },
      "before": {
        "capture": "locked",
        "mode": "fly",
        "pitch": 0,
        "position": [
          10.206197546161471,
          3.4200000000000004,
          15.531038178711253
        ],
        "speed": 0.002258300043183174,
        "yaw": 0.3517952083868698
      },
      "code": "KeyA",
      "delta": [
        -0.7666570653484133,
        0,
        0.2816334267598499
      ],
      "distance": 0.816749926793469,
      "horizontalForwardDot": -0.00020749419637422495,
      "rightDot": -0.8167499004366608,
      "signedCameraDot": 0.8167499004366608
    },
    {
      "after": {
        "capture": "locked",
        "mode": "fly",
        "pitch": 0,
        "position": [
          10.2060751797746,
          3.4200000000000004,
          15.531304153396112
        ],
        "speed": 0.002258257347022081,
        "yaw": 0.3517952083868698
      },
      "before": {
        "capture": "locked",
        "mode": "fly",
        "pitch": 0,
        "position": [
          9.439540480813058,
          3.4200000000000004,
          15.812671605471104
        ],
        "speed": 0.0019092619144993816,
        "yaw": 0.3517952083868698
      },
      "code": "KeyD",
      "delta": [
        0.7665346989615429,
        0,
        -0.28136745207499025
      ],
      "distance": 0.8165433777817533,
      "horizontalForwardDot": -2.558251849249515e-8,
      "rightDot": 0.816543377781753,
      "signedCameraDot": 0.816543377781753
    }
  ]
}

true

✓ Screenshot saved to screenshots/growth/nav-built-final-fly-escaped.png


✓ Done

true

"Unsupported edge selected"

true

"Unsupported placement blocked without losing the previous recommendation"

✓ Screenshot saved to screenshots/growth/nav-built-final-invalid-start.png

✓ Done

true

✓ Screenshot saved to screenshots/growth/nav-built-final-ground-picker.png

✓ Done

true

{
  "settledAtFrame": 362
}

true

{
  "actualCamera": {
    "capture": "locked",
    "mode": "walk",
    "pitch": 0,
    "position": [
      -1.3925,
      1.6649999999999998,
      -1.370000000000001
    ],
    "speed": 0,
    "yaw": -1.9634954084936211
  },
  "mode": "walk",
  "ready": true,
  "selector": ".building-canvas canvas"
}

{
  "capture": "locked",
  "mode": "walk",
  "pitch": 0,
  "position": [
    -1.3925,
    1.6649999999999998,
    -1.370000000000001
  ],
  "speed": 0,
  "yaw": -1.9634954084936211
}

true

✓ Screenshot saved to screenshots/growth/nav-built-final-ground-before.png

{
  "before": {
    "capture": "locked",
    "mode": "walk",
    "pitch": 0,
    "position": [
      -1.3925,
      1.6649999999999998,
      -1.370000000000001
    ],
    "speed": 0,
    "yaw": -1.9634954084936211
  },
  "code": "KeyW"
}

true

{
  "observed": {
    "capture": "locked",
    "mode": "walk",
    "pitch": 0,
    "position": [
      -1.224123960290118,
      1.6649999999999998,
      -1.3002563607734972
    ],
    "speed": 1.2393807681926827,
    "yaw": -1.9634954084936211
  },
  "released": "KeyW"
}

true

{
  "after": {
    "capture": "locked",
    "mode": "walk",
    "pitch": 0,
    "position": [
      -1.005029650921698,
      1.6649999999999998,
      -1.209504526394331
    ],
    "speed": 0.0028260137601104083,
    "yaw": -1.9634954084936211
  },
  "before": {
    "capture": "locked",
    "mode": "walk",
    "pitch": 0,
    "position": [
      -1.3925,
      1.6649999999999998,
      -1.370000000000001
    ],
    "speed": 0,
    "yaw": -1.9634954084936211
  },
  "code": "KeyW",
  "delta": [
    0.387470349078302,
    0,
    0.16049547360567007
  ],
  "distance": 0.4193948836869253,
  "horizontalForwardDot": 0.4193948836869253,
  "rightDot": -2.498001805406602e-16,
  "signedCameraDot": 0.4193948836869253
}

{
  "before": {
    "capture": "locked",
    "mode": "walk",
    "pitch": 0,
    "position": [
      -1.005029650921698,
      1.6649999999999998,
      -1.209504526394331
    ],
    "speed": 0.0028260137601104083,
    "yaw": -1.9634954084936211
  },
  "code": "KeyS"
}

true

{
  "observed": {
    "capture": "locked",
    "mode": "walk",
    "pitch": 0,
    "position": [
      -1.154065470873874,
      1.6649999999999998,
      -1.271237184297917
    ],
    "speed": 1.1899074174279918,
    "yaw": -1.9634954084936211
  },
  "released": "KeyS"
}

true

{
  "after": {
    "capture": "locked",
    "mode": "walk",
    "pitch": 0,
    "position": [
      -1.3640350417856035,
      1.6649999999999998,
      -1.3582094282552155
    ],
    "speed": 0.004862879647961256,
    "yaw": -1.9634954084936211
  },
  "before": {
    "capture": "locked",
    "mode": "walk",
    "pitch": 0,
    "position": [
      -1.005029650921698,
      1.6649999999999998,
      -1.209504526394331
    ],
    "speed": 0.0028260137601104083,
    "yaw": -1.9634954084936211
  },
  "code": "KeyS",
  "delta": [
    -0.3590053908639055,
    0,
    -0.1487049018608846
  ],
  "distance": 0.3885846349340139,
  "horizontalForwardDot": -0.3885846349340139,
  "rightDot": -6.938893903907228e-16,
  "signedCameraDot": 0.3885846349340139
}

{
  "before": {
    "capture": "locked",
    "mode": "walk",
    "pitch": 0,
    "position": [
      -1.3640350417856035,
      1.6649999999999998,
      -1.3582094282552155
    ],
    "speed": 0.004862879647961256,
    "yaw": -1.9634954084936211
  },
  "code": "KeyA"
}

true

{
  "observed": {
    "capture": "locked",
    "mode": "walk",
    "pitch": 0,
    "position": [
      -1.302780658937339,
      1.6649999999999998,
      -1.5077024806942767
    ],
    "speed": 1.1905602601720653,
    "yaw": -1.9634954084936211
  },
  "released": "KeyA"
}

true

{
  "after": {
    "capture": "locked",
    "mode": "walk",
    "pitch": 0,
    "position": [
      -1.216023724187418,
      1.6649999999999998,
      -1.7179742626280998
    ],
    "speed": 0.004475773930618852,
    "yaw": -1.9634954084936211
  },
  "before": {
    "capture": "locked",
    "mode": "walk",
    "pitch": 0,
    "position": [
      -1.3640350417856035,
      1.6649999999999998,
      -1.3582094282552155
    ],
    "speed": 0.004862879647961256,
    "yaw": -1.9634954084936211
  },
  "code": "KeyA",
  "delta": [
    0.14801131759818564,
    0,
    -0.3597648343728843
  ],
  "distance": 0.3890219610619686,
  "horizontalForwardDot": -0.0009314147530821992,
  "rightDot": -0.389020846041774,
  "signedCameraDot": 0.389020846041774
}

{
  "before": {
    "capture": "locked",
    "mode": "walk",
    "pitch": 0,
    "position": [
      -1.216023724187418,
      1.6649999999999998,
      -1.7179742626280998
    ],
    "speed": 0.004475773930618852,
    "yaw": -1.9634954084936211
  },
  "code": "KeyD"
}

true

{
  "observed": {
    "capture": "locked",
    "mode": "walk",
    "pitch": 0,
    "position": [
      -1.277678635380291,
      1.6649999999999998,
      -1.5691281920361448
    ],
    "speed": 1.1893491251574877,
    "yaw": -1.9634954084936211
  },
  "released": "KeyD"
}

true

{
  "after": {
    "capture": "locked",
    "mode": "walk",
    "pitch": 0,
    "position": [
      -1.3646107513136958,
      1.6649999999999998,
      -1.3592565441885016
    ],
    "speed": 0.004858168343566112,
    "yaw": -1.9634954084936211
  },
  "before": {
    "capture": "locked",
    "mode": "walk",
    "pitch": 0,
    "position": [
      -1.216023724187418,
      1.6649999999999998,
      -1.7179742626280998
    ],
    "speed": 0.004475773930618852,
    "yaw": -1.9634954084936211
  },
  "code": "KeyD",
  "delta": [
    -0.14858702712627792,
    0,
    0.3587177184395982
  ],
  "distance": 0.38827375156290966,
  "horizontalForwardDot": -1.185416028087749e-6,
  "rightDot": 0.3882737515611001,
  "signedCameraDot": 0.3882737515611001
}

✓ Screenshot saved to screenshots/growth/nav-built-final-ground-moved.png

{
  "keysReleased": true,
  "movements": [
    {
      "after": {
        "capture": "locked",
        "mode": "walk",
        "pitch": 0,
        "position": [
          -1.005029650921698,
          1.6649999999999998,
          -1.209504526394331
        ],
        "speed": 0.0028260137601104083,
        "yaw": -1.9634954084936211
      },
      "before": {
        "capture": "locked",
        "mode": "walk",
        "pitch": 0,
        "position": [
          -1.3925,
          1.6649999999999998,
          -1.370000000000001
        ],
        "speed": 0,
        "yaw": -1.9634954084936211
      },
      "code": "KeyW",
      "delta": [
        0.387470349078302,
        0,
        0.16049547360567007
      ],
      "distance": 0.4193948836869253,
      "horizontalForwardDot": 0.4193948836869253,
      "rightDot": -2.498001805406602e-16,
      "signedCameraDot": 0.4193948836869253
    },
    {
      "after": {
        "capture": "locked",
        "mode": "walk",
        "pitch": 0,
        "position": [
          -1.3640350417856035,
          1.6649999999999998,
          -1.3582094282552155
        ],
        "speed": 0.004862879647961256,
        "yaw": -1.9634954084936211
      },
      "before": {
        "capture": "locked",
        "mode": "walk",
        "pitch": 0,
        "position": [
          -1.005029650921698,
          1.6649999999999998,
          -1.209504526394331
        ],
        "speed": 0.0028260137601104083,
        "yaw": -1.9634954084936211
      },
      "code": "KeyS",
      "delta": [
        -0.3590053908639055,
        0,
        -0.1487049018608846
      ],
      "distance": 0.3885846349340139,
      "horizontalForwardDot": -0.3885846349340139,
      "rightDot": -6.938893903907228e-16,
      "signedCameraDot": 0.3885846349340139
    },
    {
      "after": {
        "capture": "locked",
        "mode": "walk",
        "pitch": 0,
        "position": [
          -1.216023724187418,
          1.6649999999999998,
          -1.7179742626280998
        ],
        "speed": 0.004475773930618852,
        "yaw": -1.9634954084936211
      },
      "before": {
        "capture": "locked",
        "mode": "walk",
        "pitch": 0,
        "position": [
          -1.3640350417856035,
          1.6649999999999998,
          -1.3582094282552155
        ],
        "speed": 0.004862879647961256,
        "yaw": -1.9634954084936211
      },
      "code": "KeyA",
      "delta": [
        0.14801131759818564,
        0,
        -0.3597648343728843
      ],
      "distance": 0.3890219610619686,
      "horizontalForwardDot": -0.0009314147530821992,
      "rightDot": -0.389020846041774,
      "signedCameraDot": 0.389020846041774
    },
    {
      "after": {
        "capture": "locked",
        "mode": "walk",
        "pitch": 0,
        "position": [
          -1.3646107513136958,
          1.6649999999999998,
          -1.3592565441885016
        ],
        "speed": 0.004858168343566112,
        "yaw": -1.9634954084936211
      },
      "before": {
        "capture": "locked",
        "mode": "walk",
        "pitch": 0,
        "position": [
          -1.216023724187418,
          1.6649999999999998,
          -1.7179742626280998
        ],
        "speed": 0.004475773930618852,
        "yaw": -1.9634954084936211
      },
      "code": "KeyD",
      "delta": [
        -0.14858702712627792,
        0,
        0.3587177184395982
      ],
      "distance": 0.38827375156290966,
      "horizontalForwardDot": -1.185416028087749e-6,
      "rightDot": 0.3882737515611001,
      "signedCameraDot": 0.3882737515611001
    }
  ]
}

true

✓ Screenshot saved to screenshots/growth/nav-built-final-ground-escaped.png


✓ Done

"Top Fly/Walk and all five bottom buttons reachable"

✓ Screenshot saved to screenshots/growth/nav-built-final-controls.png


✓ Done

✓ Done

true

✓ Screenshot saved to screenshots/growth/nav-built-final-upper-picker.png

✓ Done

true

{
  "settledAtFrame": 811
}

true

{
  "actualCamera": {
    "capture": "locked",
    "mode": "walk",
    "pitch": 0,
    "position": [
      0,
      4.785,
      0
    ],
    "speed": 0,
    "yaw": -1.5707963267948968
  },
  "mode": "walk",
  "ready": true,
  "selector": ".building-canvas canvas"
}

{
  "capture": "locked",
  "mode": "walk",
  "pitch": 0,
  "position": [
    0,
    4.785,
    0
  ],
  "speed": 0,
  "yaw": -1.5707963267948968
}

true

✓ Screenshot saved to screenshots/growth/nav-built-final-upper-before.png

{
  "before": {
    "capture": "locked",
    "mode": "walk",
    "pitch": 0,
    "position": [
      0,
      4.785,
      0
    ],
    "speed": 0,
    "yaw": -1.5707963267948968
  },
  "code": "KeyW"
}

true

{
  "observed": {
    "capture": "locked",
    "mode": "walk",
    "pitch": 0,
    "position": [
      0.16154728093529488,
      4.785,
      2.597878414657224e-17
    ],
    "speed": 1.190559121707037,
    "yaw": -1.5707963267948968
  },
  "released": "KeyW"
}

true

{
  "after": {
    "capture": "locked",
    "mode": "walk",
    "pitch": 0,
    "position": [
      0.3890871075116142,
      4.785,
      6.256997902865952e-17
    ],
    "speed": 0.004119279732829186,
    "yaw": -1.5707963267948968
  },
  "before": {
    "capture": "locked",
    "mode": "walk",
    "pitch": 0,
    "position": [
      0,
      4.785,
      0
    ],
    "speed": 0,
    "yaw": -1.5707963267948968
  },
  "code": "KeyW",
  "delta": [
    0.3890871075116142,
    0,
    6.256997902865952e-17
  ],
  "distance": 0.3890871075116142,
  "horizontalForwardDot": 0.3890871075116142,
  "rightDot": 0,
  "signedCameraDot": 0.3890871075116142
}

{
  "before": {
    "capture": "locked",
    "mode": "walk",
    "pitch": 0,
    "position": [
      0.3890871075116142,
      4.785,
      6.256997902865952e-17
    ],
    "speed": 0.004119279732829186,
    "yaw": -1.5707963267948968
  },
  "code": "KeyS"
}

true

{
  "observed": {
    "capture": "locked",
    "mode": "walk",
    "pitch": 0,
    "position": [
      0.22781091824195415,
      4.785,
      3.663478974685188e-17
    ],
    "speed": 1.189774953377687,
    "yaw": -1.5707963267948968
  },
  "released": "KeyS"
}

true

{
  "after": {
    "capture": "locked",
    "mode": "walk",
    "pitch": 0,
    "position": [
      0.0005612390424848465,
      4.785,
      9.025412161025217e-20
    ],
    "speed": 0.004859907736169808,
    "yaw": -1.5707963267948968
  },
  "before": {
    "capture": "locked",
    "mode": "walk",
    "pitch": 0,
    "position": [
      0.3890871075116142,
      4.785,
      6.256997902865952e-17
    ],
    "speed": 0.004119279732829186,
    "yaw": -1.5707963267948968
  },
  "code": "KeyS",
  "delta": [
    -0.38852586846912934,
    0,
    -6.247972490704928e-17
  ],
  "distance": 0.38852586846912934,
  "horizontalForwardDot": -0.38852586846912934,
  "rightDot": -1.232595164407831e-32,
  "signedCameraDot": 0.38852586846912934
}

{
  "before": {
    "capture": "locked",
    "mode": "walk",
    "pitch": 0,
    "position": [
      0.0005612390424848465,
      4.785,
      9.025412161025217e-20
    ],
    "speed": 0.004859907736169808,
    "yaw": -1.5707963267948968
  },
  "code": "KeyA"
}

true

{
  "observed": {
    "capture": "locked",
    "mode": "walk",
    "pitch": 0,
    "position": [
      -0.00008039797252079614,
      4.785,
      -0.18211214952311755
    ],
    "speed": 1.2391013139262896,
    "yaw": -1.5707963267948968
  },
  "released": "KeyA"
}

true

{
  "after": {
    "capture": "locked",
    "mode": "walk",
    "pitch": 0,
    "position": [
      -0.00036983043473748785,
      4.785,
      -0.4189292578549904
    ],
    "speed": 0.004287233482336466,
    "yaw": -1.5707963267948968
  },
  "before": {
    "capture": "locked",
    "mode": "walk",
    "pitch": 0,
    "position": [
      0.0005612390424848465,
      4.785,
      9.025412161025217e-20
    ],
    "speed": 0.004859907736169808,
    "yaw": -1.5707963267948968
  },
  "code": "KeyA",
  "delta": [
    -0.0009310694772223344,
    0,
    -0.4189292578549904
  ],
  "distance": 0.4189302925037821,
  "horizontalForwardDot": -0.0009310694772224018,
  "rightDot": -0.4189292578549904,
  "signedCameraDot": 0.4189292578549904
}

{
  "before": {
    "capture": "locked",
    "mode": "walk",
    "pitch": 0,
    "position": [
      -0.00036983043473748785,
      4.785,
      -0.4189292578549904
    ],
    "speed": 0.004287233482336466,
    "yaw": -1.5707963267948968
  },
  "code": "KeyD"
}

true

{
  "observed": {
    "capture": "locked",
    "mode": "walk",
    "pitch": 0,
    "position": [
      -0.0003704954210508536,
      4.785,
      -0.2576744536159892
    ],
    "speed": 1.189718145809872,
    "yaw": -1.5707963267948968
  },
  "released": "KeyD"
}

true

{
  "after": {
    "capture": "locked",
    "mode": "walk",
    "pitch": 0,
    "position": [
      -0.0003708339339517658,
      4.785,
      -0.030435096646464845
    ],
    "speed": 0.004864537799088084,
    "yaw": -1.5707963267948968
  },
  "before": {
    "capture": "locked",
    "mode": "walk",
    "pitch": 0,
    "position": [
      -0.00036983043473748785,
      4.785,
      -0.4189292578549904
    ],
    "speed": 0.004287233482336466,
    "yaw": -1.5707963267948968
  },
  "code": "KeyD",
  "delta": [
    -1.003499214277952e-6,
    0,
    0.3884941612085256
  ],
  "distance": 0.3884941612098216,
  "horizontalForwardDot": -1.0034992142154773e-6,
  "rightDot": 0.3884941612085256,
  "signedCameraDot": 0.3884941612085256
}

✓ Screenshot saved to screenshots/growth/nav-built-final-upper-moved.png

{
  "keysReleased": true,
  "movements": [
    {
      "after": {
        "capture": "locked",
        "mode": "walk",
        "pitch": 0,
        "position": [
          0.3890871075116142,
          4.785,
          6.256997902865952e-17
        ],
        "speed": 0.004119279732829186,
        "yaw": -1.5707963267948968
      },
      "before": {
        "capture": "locked",
        "mode": "walk",
        "pitch": 0,
        "position": [
          0,
          4.785,
          0
        ],
        "speed": 0,
        "yaw": -1.5707963267948968
      },
      "code": "KeyW",
      "delta": [
        0.3890871075116142,
        0,
        6.256997902865952e-17
      ],
      "distance": 0.3890871075116142,
      "horizontalForwardDot": 0.3890871075116142,
      "rightDot": 0,
      "signedCameraDot": 0.3890871075116142
    },
    {
      "after": {
        "capture": "locked",
        "mode": "walk",
        "pitch": 0,
        "position": [
          0.0005612390424848465,
          4.785,
          9.025412161025217e-20
        ],
        "speed": 0.004859907736169808,
        "yaw": -1.5707963267948968
      },
      "before": {
        "capture": "locked",
        "mode": "walk",
        "pitch": 0,
        "position": [
          0.3890871075116142,
          4.785,
          6.256997902865952e-17
        ],
        "speed": 0.004119279732829186,
        "yaw": -1.5707963267948968
      },
      "code": "KeyS",
      "delta": [
        -0.38852586846912934,
        0,
        -6.247972490704928e-17
      ],
      "distance": 0.38852586846912934,
      "horizontalForwardDot": -0.38852586846912934,
      "rightDot": -1.232595164407831e-32,
      "signedCameraDot": 0.38852586846912934
    },
    {
      "after": {
        "capture": "locked",
        "mode": "walk",
        "pitch": 0,
        "position": [
          -0.00036983043473748785,
          4.785,
          -0.4189292578549904
        ],
        "speed": 0.004287233482336466,
        "yaw": -1.5707963267948968
      },
      "before": {
        "capture": "locked",
        "mode": "walk",
        "pitch": 0,
        "position": [
          0.0005612390424848465,
          4.785,
          9.025412161025217e-20
        ],
        "speed": 0.004859907736169808,
        "yaw": -1.5707963267948968
      },
      "code": "KeyA",
      "delta": [
        -0.0009310694772223344,
        0,
        -0.4189292578549904
      ],
      "distance": 0.4189302925037821,
      "horizontalForwardDot": -0.0009310694772224018,
      "rightDot": -0.4189292578549904,
      "signedCameraDot": 0.4189292578549904
    },
    {
      "after": {
        "capture": "locked",
        "mode": "walk",
        "pitch": 0,
        "position": [
          -0.0003708339339517658,
          4.785,
          -0.030435096646464845
        ],
        "speed": 0.004864537799088084,
        "yaw": -1.5707963267948968
      },
      "before": {
        "capture": "locked",
        "mode": "walk",
        "pitch": 0,
        "position": [
          -0.00036983043473748785,
          4.785,
          -0.4189292578549904
        ],
        "speed": 0.004287233482336466,
        "yaw": -1.5707963267948968
      },
      "code": "KeyD",
      "delta": [
        -1.003499214277952e-6,
        0,
        0.3884941612085256
      ],
      "distance": 0.3884941612098216,
      "horizontalForwardDot": -1.0034992142154773e-6,
      "rightDot": 0.3884941612085256,
      "signedCameraDot": 0.3884941612085256
    }
  ]
}

true

✓ Screenshot saved to screenshots/growth/nav-built-final-upper-escaped.png


✓ Done

"Camera sampled before zoom"

✓ Done

true

"Zoom in moved camera"

✓ Done

true

✓ Done

"Front viewpoint sampled"

✓ Done

true

✓ Done

✓ Screenshot saved to screenshots/growth/nav-built-final-bottom-actions.png

