[
  {
    "events": [
      {
        "at": "2026-09-09T13:14:10.528Z",
        "kind": "tool-result",
        "tool": "read_architect_design"
      },
      {
        "at": "2026-09-09T13:14:10.553Z",
        "kind": "model-checkpoint"
      },
      {
        "at": "2026-09-09T13:14:12.577Z",
        "kind": "model-response-unreviewed",
        "parts": [
          {
            "tool": "read_workbench_structure"
          }
        ]
      },
      {
        "at": "2026-09-09T13:14:12.590Z",
        "kind": "tool-intent",
        "tool": "read_workbench_structure"
      },
      {
        "at": "2026-09-09T13:14:12.608Z",
        "kind": "tool-result",
        "tool": "read_workbench_structure"
      },
      {
        "at": "2026-09-09T13:14:12.631Z",
        "kind": "model-checkpoint"
      }
    ],
    "id": "1485dcf8-aa9b-41b1-8e04-9245597c0803",
    "next": "Read the tool receipt, inspect evidence and validate the draft before any further action.",
    "pending": null,
    "state": "working"
  }
]
