[agent-browser] launched browser
✓ X-Ray by Looplet
  http://127.0.0.1:8091/

✓ Done

true

✓ Done

true

"opened"

true

"confirm auto-accepted"

✓ Done

true

✓ Screenshot saved to screenshots/growth/2026-09-09-assistant-surface/desktop-01-before.png

✓ Done

true

{
  "composerVisible": true,
  "launcherHidden": true,
  "panel": {
    "h": 333,
    "l": 960,
    "t": 467,
    "w": 320
  },
  "pressed": "true",
  "rail": {
    "h": 550,
    "l": 1012,
    "t": 467,
    "w": 255
  },
  "railClass": "arch-inspector",
  "railHidden": true,
  "visible": {
    "h": 333,
    "t": 467
  }
}

✓ Screenshot saved to screenshots/growth/2026-09-09-assistant-surface/desktop-02-rail-mode.png

"c33423cc-d579-4b3e-a080-f6718fb0f7aa"

true

{
  "focused": "canvas-context-item",
  "items": [
    "reference:Reference in chat",
    "explain:Explain this",
    "improve:Suggest improvements",
    "modify:Modify with AI…",
    "draw:Draw something like this here",
    "render:Real-life view of this",
    "pick:Select a shape to reference…"
  ],
  "target": "architect-plan"
}

✓ Screenshot saved to screenshots/growth/2026-09-09-assistant-surface/desktop-03-context-menu.png

✓ Done

✗ Wait timed out after 25000ms
