✓ X-Ray by Looplet
  http://tauri.localhost/

true

{
  "bookmark": "Release drainage detail",
  "books": 2,
  "native": true,
  "retainedJob": "job-b5401e30-1f95-4e50-ae11-6ff6b20b1bd9",
  "sheets": 13
}

✓ Done

true

✓ Screenshot saved to screenshots/growth/walkthrough-polish-production-native-01-retained-sheets.png

✓ Done

true

✓ Done

✓ Done

true

"Prior source page, zoom and centre restored in new executable"

✓ Screenshot saved to screenshots/growth/walkthrough-polish-production-native-01-retained-view.png

✓ Done

true

✓ Done

true

✓ Done

true

✓ Done

true

"Prior backup verified against retained workspace and original bytes"

✓ Screenshot saved to screenshots/growth/walkthrough-polish-production-native-01-retained-backup.png


✓ Done

✓ Done

✓ Done

true

true

"Drag testing armed"

✓ Done

true

true

"Exact title and Close target checked; SVG world point scrolled into view"

true

{
  "actual": [
    -0.011128753794661606,
    2.0723568934340495
  ],
  "requested": [
    0,
    2.1
  ]
}

true

"Start action scrolled into view"

true

✓ Done

true

106

true

"Look direction set through drag input"

true

✓ Screenshot saved to screenshots/growth/walkthrough-polish-production-native-01-slide-before.png

"Movement pressed"

true

"Movement released"

{
  "closedDoorStopped": [
    -0.011128753794661729,
    0.014999999664723871,
    3.0485205461440557
  ]
}

✓ Screenshot saved to screenshots/growth/walkthrough-polish-production-native-01-closed-door-block.png

{
  "doorSafety": "Step back requested"
}

"Movement pressed"

true

"Movement released"

true

"Interaction pressed"

true

{
  "bodyArmBeforeScreenshot": {
    "anchor": "camera-body",
    "armProgress": 0.34,
    "asset": "ready",
    "doorProgress": 0.34,
    "frame": 268,
    "visible": "true"
  }
}

✓ Screenshot saved to screenshots/growth/walkthrough-polish-production-native-01-reach.png

{
  "bodyArmAfterScreenshot": {
    "anchor": "camera-body",
    "asset": "ready",
    "frame": 276,
    "note": "Capture latency may advance animation; inspect the actual screenshot for visible attached arm",
    "progress": 0.657,
    "visible": "true"
  }
}

true

✓ Screenshot saved to screenshots/growth/walkthrough-polish-production-native-01-slide-open.png

true

✓ Done

true

"Door pose retained in Wireframe"

✓ Screenshot saved to screenshots/growth/walkthrough-polish-production-native-01-open-wireframe.png

✓ Done

✓ Done

"Door pose retained with roof hidden"

✓ Done

"Movement pressed"

true

"Movement released"

true

{
  "doorPassed": [
    -0.011128753794661874,
    -0.07000000029802322,
    4.218350800497068
  ],
  "eye": [
    -0.011128753794661874,
    1.579999999701977,
    4.218350800497068
  ]
}

✓ Screenshot saved to screenshots/growth/walkthrough-polish-production-native-01-terrace-stepdown.png

"Look direction set through drag input"

true

✓ Done

true

✓ Screenshot saved to screenshots/growth/walkthrough-polish-production-native-01-closed-from-terrace.png

"Movement pressed"

true

"Movement released"

{
  "outsideClosedStop": [
    -0.01112875379466215,
    -0.07000000029802322,
    3.6015722454668877
  ]
}

"Movement pressed"

true

"Movement released"

true

✓ Done

true

"Movement pressed"

true

"Movement released"

true

{
  "stepup": [
    -0.011128753794662704,
    0.014999999664723871,
    2.371581617097844
  ]
}

✓ Screenshot saved to screenshots/growth/walkthrough-polish-production-native-01-threshold-return.png

"Interaction pressed"

✓ Done

true

true

"Exact title and Close target checked; SVG world point scrolled into view"

true

{
  "actual": [
    -6.201482697006146,
    2.7970812575173465
  ],
  "requested": [
    -6.2,
    2.8
  ]
}

true

"Start action scrolled into view"

true

✓ Done

true

895

true

"Look direction set through drag input"

true

✓ Screenshot saved to screenshots/growth/walkthrough-polish-production-native-01-stairs-before.png

"Movement pressed"

true

"Movement released"

true

{
  "stairAscent": [
    -6.201482697006146,
    3.1199998855590816,
    -2.1360969928828815
  ]
}

✓ Screenshot saved to screenshots/growth/walkthrough-polish-production-native-01-stairs-upper.png

"Movement pressed"

true

"Movement released"

true

✓ Screenshot saved to screenshots/growth/walkthrough-polish-production-native-01-stairs-return.png

"Interaction pressed"

✓ Done

"Bottom controls retained; no observed runtime errors; capture API restored"

✓ Screenshot saved to screenshots/growth/walkthrough-polish-production-native-01-controls.png


✓ Done

true

{
  "settledAtFrame": 1371
}

true

{
  "actualCamera": {
    "capture": "locked",
    "mode": "fly",
    "pitch": 0,
    "position": [
      10.206,
      3.4200000000000004,
      15.5305
    ],
    "speed": 0,
    "yaw": 0.5517952083868698
  },
  "mode": "fly",
  "ready": true,
  "selector": ".building-canvas canvas"
}

{
  "capture": "locked",
  "mode": "fly",
  "pitch": 0,
  "position": [
    10.206,
    3.4200000000000004,
    15.5305
  ],
  "speed": 0,
  "yaw": 0.5517952083868698
}

true

✓ Screenshot saved to screenshots/growth/walkthrough-polish-production-native-01-fly-before.png

{
  "before": {
    "capture": "locked",
    "mode": "fly",
    "pitch": 0,
    "position": [
      10.206,
      3.4200000000000004,
      15.5305
    ],
    "speed": 0,
    "yaw": 0.5517952083868698
  },
  "code": "KeyW"
}

true

{
  "observed": {
    "capture": "locked",
    "mode": "fly",
    "pitch": 0,
    "position": [
      10.010286397435475,
      3.4200000000000004,
      15.212565286776796
    ],
    "speed": 4.818723733072706,
    "yaw": 0.5517952083868698
  },
  "released": "KeyW"
}

true

{
  "after": {
    "capture": "locked",
    "mode": "fly",
    "pitch": 0,
    "position": [
      9.77826464478505,
      3.4200000000000004,
      14.8356483611066
    ],
    "speed": 0.002255258016900288,
    "yaw": 0.5517952083868698
  },
  "before": {
    "capture": "locked",
    "mode": "fly",
    "pitch": 0,
    "position": [
      10.206,
      3.4200000000000004,
      15.5305
    ],
    "speed": 0,
    "yaw": 0.5517952083868698
  },
  "code": "KeyW",
  "delta": [
    -0.4277353552149492,
    0,
    -0.6948516388933985
  ],
  "distance": 0.8159511836952629,
  "horizontalForwardDot": 0.815951183695263,
  "rightDot": -1.3877787807814457e-15,
  "signedCameraDot": 0.815951183695263
}

{
  "before": {
    "capture": "locked",
    "mode": "fly",
    "pitch": 0,
    "position": [
      9.77826464478505,
      3.4200000000000004,
      14.8356483611066
    ],
    "speed": 0.002255258016900288,
    "yaw": 0.5517952083868698
  },
  "code": "KeyS"
}

true

{
  "observed": {
    "capture": "locked",
    "mode": "fly",
    "pitch": 0,
    "position": [
      9.974190136048792,
      3.4200000000000004,
      15.153927285319426
    ],
    "speed": 4.820201858458216,
    "yaw": 0.5517952083868698
  },
  "released": "KeyS"
}

true

{
  "after": {
    "capture": "locked",
    "mode": "fly",
    "pitch": 0,
    "position": [
      10.206299313126909,
      3.4200000000000004,
      15.530986231063762
    ],
    "speed": 0.002258206886925968,
    "yaw": 0.5517952083868698
  },
  "before": {
    "capture": "locked",
    "mode": "fly",
    "pitch": 0,
    "position": [
      9.77826464478505,
      3.4200000000000004,
      14.8356483611066
    ],
    "speed": 0.002255258016900288,
    "yaw": 0.5517952083868698
  },
  "code": "KeyS",
  "delta": [
    0.42803466834185855,
    0,
    0.6953378699571608
  ],
  "distance": 0.8165221556694504,
  "horizontalForwardDot": -0.8165221556694506,
  "rightDot": 1.7763568394002505e-15,
  "signedCameraDot": 0.8165221556694506
}

{
  "before": {
    "capture": "locked",
    "mode": "fly",
    "pitch": 0,
    "position": [
      10.206299313126909,
      3.4200000000000004,
      15.530986231063762
    ],
    "speed": 0.002258206886925968,
    "yaw": 0.5517952083868698
  },
  "code": "KeyA"
}

true

{
  "observed": {
    "capture": "locked",
    "mode": "fly",
    "pitch": 0,
    "position": [
      9.887994144824615,
      3.4200000000000004,
      15.727095708976517
    ],
    "speed": 4.82090397027,
    "yaw": 0.5517952083868698
  },
  "released": "KeyA"
}

true

{
  "after": {
    "capture": "locked",
    "mode": "fly",
    "pitch": 0,
    "position": [
      9.510966997079288,
      3.4200000000000004,
      15.959261129393314
    ],
    "speed": 0.0026663666359399724,
    "yaw": 0.5517952083868698
  },
  "before": {
    "capture": "locked",
    "mode": "fly",
    "pitch": 0,
    "position": [
      10.206299313126909,
      3.4200000000000004,
      15.530986231063762
    ],
    "speed": 0.002258206886925968,
    "yaw": 0.5517952083868698
  },
  "code": "KeyA",
  "delta": [
    -0.6953323160476224,
    0,
    0.4282748983295512
  ],
  "distance": 0.8166433850092328,
  "horizontalForwardDot": -0.00020748766288153364,
  "rightDot": -0.8166433586506461,
  "signedCameraDot": 0.8166433586506461
}

{
  "before": {
    "capture": "locked",
    "mode": "fly",
    "pitch": 0,
    "position": [
      9.510966997079288,
      3.4200000000000004,
      15.959261129393314
    ],
    "speed": 0.0026663666359399724,
    "yaw": 0.5517952083868698
  },
  "code": "KeyD"
}

true

{
  "observed": {
    "capture": "locked",
    "mode": "fly",
    "pitch": 0,
    "position": [
      9.902061877223495,
      3.4200000000000004,
      15.718511771327892
    ],
    "speed": 5.153501789765164,
    "yaw": 0.5517952083868698
  },
  "released": "KeyD"
}

true

{
  "after": {
    "capture": "locked",
    "mode": "fly",
    "pitch": 0,
    "position": [
      10.30461193684412,
      3.4200000000000004,
      15.47071083738362
    ],
    "speed": 0.0028474723947998293,
    "yaw": 0.5517952083868698
  },
  "before": {
    "capture": "locked",
    "mode": "fly",
    "pitch": 0,
    "position": [
      9.510966997079288,
      3.4200000000000004,
      15.959261129393314
    ],
    "speed": 0.0026663666359399724,
    "yaw": 0.5517952083868698
  },
  "code": "KeyD",
  "delta": [
    0.7936449397648335,
    0,
    -0.4885502920096929
  ],
  "distance": 0.931962272968752,
  "horizontalForwardDot": -3.5713010493321213e-8,
  "rightDot": 0.9319622729687512,
  "signedCameraDot": 0.9319622729687512
}

✓ Screenshot saved to screenshots/growth/walkthrough-polish-production-native-01-fly-moved.png

{
  "keysReleased": true,
  "movements": [
    {
      "after": {
        "capture": "locked",
        "mode": "fly",
        "pitch": 0,
        "position": [
          9.77826464478505,
          3.4200000000000004,
          14.8356483611066
        ],
        "speed": 0.002255258016900288,
        "yaw": 0.5517952083868698
      },
      "before": {
        "capture": "locked",
        "mode": "fly",
        "pitch": 0,
        "position": [
          10.206,
          3.4200000000000004,
          15.5305
        ],
        "speed": 0,
        "yaw": 0.5517952083868698
      },
      "code": "KeyW",
      "delta": [
        -0.4277353552149492,
        0,
        -0.6948516388933985
      ],
      "distance": 0.8159511836952629,
      "horizontalForwardDot": 0.815951183695263,
      "rightDot": -1.3877787807814457e-15,
      "signedCameraDot": 0.815951183695263
    },
    {
      "after": {
        "capture": "locked",
        "mode": "fly",
        "pitch": 0,
        "position": [
          10.206299313126909,
          3.4200000000000004,
          15.530986231063762
        ],
        "speed": 0.002258206886925968,
        "yaw": 0.5517952083868698
      },
      "before": {
        "capture": "locked",
        "mode": "fly",
        "pitch": 0,
        "position": [
          9.77826464478505,
          3.4200000000000004,
          14.8356483611066
        ],
        "speed": 0.002255258016900288,
        "yaw": 0.5517952083868698
      },
      "code": "KeyS",
      "delta": [
        0.42803466834185855,
        0,
        0.6953378699571608
      ],
      "distance": 0.8165221556694504,
      "horizontalForwardDot": -0.8165221556694506,
      "rightDot": 1.7763568394002505e-15,
      "signedCameraDot": 0.8165221556694506
    },
    {
      "after": {
        "capture": "locked",
        "mode": "fly",
        "pitch": 0,
        "position": [
          9.510966997079288,
          3.4200000000000004,
          15.959261129393314
        ],
        "speed": 0.0026663666359399724,
        "yaw": 0.5517952083868698
      },
      "before": {
        "capture": "locked",
        "mode": "fly",
        "pitch": 0,
        "position": [
          10.206299313126909,
          3.4200000000000004,
          15.530986231063762
        ],
        "speed": 0.002258206886925968,
        "yaw": 0.5517952083868698
      },
      "code": "KeyA",
      "delta": [
        -0.6953323160476224,
        0,
        0.4282748983295512
      ],
      "distance": 0.8166433850092328,
      "horizontalForwardDot": -0.00020748766288153364,
      "rightDot": -0.8166433586506461,
      "signedCameraDot": 0.8166433586506461
    },
    {
      "after": {
        "capture": "locked",
        "mode": "fly",
        "pitch": 0,
        "position": [
          10.30461193684412,
          3.4200000000000004,
          15.47071083738362
        ],
        "speed": 0.0028474723947998293,
        "yaw": 0.5517952083868698
      },
      "before": {
        "capture": "locked",
        "mode": "fly",
        "pitch": 0,
        "position": [
          9.510966997079288,
          3.4200000000000004,
          15.959261129393314
        ],
        "speed": 0.0026663666359399724,
        "yaw": 0.5517952083868698
      },
      "code": "KeyD",
      "delta": [
        0.7936449397648335,
        0,
        -0.4885502920096929
      ],
      "distance": 0.931962272968752,
      "horizontalForwardDot": -3.5713010493321213e-8,
      "rightDot": 0.9319622729687512,
      "signedCameraDot": 0.9319622729687512
    }
  ]
}

true

✓ Screenshot saved to screenshots/growth/walkthrough-polish-production-native-01-fly-escaped.png


"10.299593186733706,3.7339525976465677,15.46221439126631"

✓ Done

true

"3.2667539287587,14.290802798149635,-33.947949406322444"

✓ Done

true

"3.266753928758693,14.290802798149635,29.997949406322448"

✓ Done

true

"3.266753928758693,14.290802798149635,29.997949406322455"

✓ Done

true

"-14.351410375459087,12.148226571124088,29.033173344782956"

✓ Done

true

✓ Screenshot saved to screenshots/growth/walkthrough-polish-production-native-01-final-controls.png

"Release movement and bottom camera controls passed"

