null

✓ Done

true

[
  12.636000043153762,
  1.8963203877210617,
  13.19550004899502
]

null

true

{
  "blocked": "false",
  "blockedFrames": 0,
  "done": true,
  "end": [
    1.2480926360006237,
    1.8963203877210617,
    -1.0750764010617428
  ],
  "feetEnd": [
    0
  ],
  "frames": 162,
  "passed": true,
  "start": [
    12.636000043153762,
    1.8963203877210617,
    13.19550004899502
  ]
}

true

✓ Screenshot saved to screenshots/growth/walk-boundaries-architect-fly-through-building-attempt1.png

{
  "cameraPosition": "0.8468837932390283,1.8963203877210617,-1.5778449307278493",
  "engine": "three.js r185",
  "frameCount": "1218",
  "meshCount": "123",
  "navigation": "fly",
  "navigationBlocked": "false",
  "navigationCapture": "drag",
  "navigationDirection": "-0.6237409522027134,0,-0.7816311307421505",
  "navigationPitch": "0",
  "navigationSpeed": "0.0008621426179403563",
  "navigationTransition": "idle",
  "navigationTransitionProgress": "1",
  "navigationYaw": "0.673519700278395",
  "projectRevision": "2",
  "selected": "",
  "walkDoor": "",
  "walkDoorBusy": "false",
  "walkDoorOpen": "false",
  "walkDoorProgress": ""
}

null

true

{
  "door-button-through": {
    "blocked": "false",
    "blockedFrames": 0,
    "done": true,
    "end": [
      6.519303894194975,
      1.6500000059604645,
      2.9901641187050356
    ],
    "feetEnd": [
      6.519303894194975,
      5.9604645663569045e-9,
      2.9901641187050356
    ],
    "feetStart": "4.676258992805751,5.9604645663569045e-9,2.9901641187050356",
    "frames": 73,
    "passed": true,
    "start": [
      4.676258992805751,
      1.6500000059604645,
      2.9901641187050356
    ]
  },
  "door-closed": {
    "blocked": "true",
    "blockedFrames": 12,
    "done": true,
    "end": [
      5.7114018023696955,
      1.6500000059604645,
      2.9901641187050356
    ],
    "feetEnd": [
      5.7114018023696955,
      5.9604645663569045e-9,
      2.9901641187050356
    ],
    "feetStart": "4.676258992805751,5.9604645663569045e-9,2.9901641187050356",
    "frames": 62,
    "passed": true,
    "start": [
      4.676258992805751,
      1.6500000059604645,
      2.9901641187050356
    ]
  },
  "door-through": {
    "blocked": "false",
    "blockedFrames": 0,
    "done": true,
    "end": [
      6.520882381272168,
      1.6500000059604645,
      2.9901641187050356
    ],
    "feetEnd": [
      6.520882381272168,
      5.9604645663569045e-9,
      2.9901641187050356
    ],
    "feetStart": "5.7114018023696955,5.9604645663569045e-9,2.9901641187050356",
    "frames": 38,
    "passed": true,
    "start": [
      5.7114018023696955,
      1.6500000059604645,
      2.9901641187050356
    ]
  },
  "fly-through-building": {
    "blocked": "false",
    "blockedFrames": 0,
    "done": true,
    "end": [
      1.2480926360006237,
      1.8963203877210617,
      -1.0750764010617428
    ],
    "feetEnd": [
      0
    ],
    "frames": 162,
    "passed": true,
    "start": [
      12.636000043153762,
      1.8963203877210617,
      13.19550004899502
    ]
  },
  "wall-block": {
    "blocked": "true",
    "blockedFrames": 12,
    "done": true,
    "end": [
      0.3980992263322302,
      1.6500000059604645,
      2.9901641187050356
    ],
    "feetEnd": [
      0.3980992263322302,
      5.9604645663569045e-9,
      2.9901641187050356
    ],
    "feetStart": "0.9999999999999982,5.9604645663569045e-9,2.9901641187050356",
    "frames": 50,
    "passed": true,
    "start": [
      0.9999999999999982,
      1.6500000059604645,
      2.9901641187050356
    ]
  },
  "window-block": {
    "blocked": "true",
    "blockedFrames": 12,
    "done": true,
    "end": [
      2.9892086330935217,
      1.6500000059604645,
      0.4000863226975761
    ],
    "feetEnd": [
      2.9892086330935217,
      5.9604645663569045e-9,
      0.4000863226975761
    ],
    "feetStart": "2.9892086330935217,5.9604645663569045e-9,1.0764950539568345",
    "frames": 50,
    "passed": true,
    "start": [
      2.9892086330935217,
      1.6500000059604645,
      1.0764950539568343
    ]
  }
}

✓ Screenshot saved to screenshots/growth/walk-boundaries-architect-fly-escape-attempt1.png

✗ 
✗ 
✗ 

[warning] THREE.WebGLShadowMap: PCFSoftShadowMap has been deprecated. Using PCFShadowMap instead.
