[agent-browser] launched browser
✓ Done

✓ X-Ray by Looplet
  http://127.0.0.1:8085/

true

"reloading-with-minimax"

true

"checking"

true

"{\"provider\":\"MiniMax\",\"model\":\"MiniMax-M3\",\"stored\":\"minimax\"}"

"seeding"

true

"{\"ok\":true,\"jobId\":\"job-b9ac9b63-9213-4e65-9e27-17ff018e92e4\",\"documents\":2,\"activeDocumentId\":\"doc-ground-floor\",\"calibrations\":3}"

"opened"

true

"binding"

true

"menu opened"

true

"clicked New chat"

"awaiting empty conversation"

true

"{\"conversationEmptyBeforeTurn\":true,\"activeId\":\"d1b6116c-6fda-4dac-a9c4-044f4f140c8a\"}"

"{\"script\":\"10-ask-mode-deny\",\"jobId\":\"job-b9ac9b63-9213-4e65-9e27-17ff018e92e4\"}"

✗ Evaluation error: Error: No permission mode button: Ask before edits
    at <anonymous>:1:145
    at <anonymous>:1:331
