"opened"

true

- combobox "Current plan" [expanded=false, ref=e55]: Open a plan to begin
  - option "Open a plan to begin" [disabled, ref=e70]
  - option "📂 Open plan file (PDF, CAD, Image)…" [disabled, ref=e71]
  - option "📄 Load sample plan (Redburn BR250157 PDF)…" [disabled, ref=e72]
- button "Open" [ref=e56]
- button "Backups" [ref=e24]
- button "Settings" [ref=e25]
- button "Log in" [ref=e26]
- button "Collapse header" [expanded=true, ref=e2]
- separator "Resize header" [ref=e3] focusable [tabindex]: 54
- navigation "Panes" [ref=e13]
  - button "Overview" [ref=e27]
  - button "Sheets" [ref=e28]
  - button "Measure" [ref=e29]
  - button "Sketch" [ref=e30]
  - button "Components" [ref=e31]
  - button "Model" [ref=e32]
  - button "Render" [ref=e33]
  - button "Review" [ref=e34]
  - button "Cost" [ref=e35]
  - button "Proof" [ref=e36]
- button "Collapse navigation" [expanded=true, ref=e4]
- separator "Resize navigation" [ref=e5] focusable [tabindex]: 44
- button "Collapse workspace info" [expanded=true, ref=e6]
- separator "Resize workspace info" [ref=e7] focusable [tabindex]: 28
- heading "MODELS" [level=2, ref=e14]
- button "Source building" [ref=e15]
- heading "PROJECT SHEETS 1" [level=2, ref=e16]
- button "Open plan" [ref=e17]
- button "Fit sheet" [ref=e18]
- button "Open source page 1" [ref=e19]
- heading "EVIDENCE LAYERS LIVE" [level=2, ref=e20]
- region "Current project" [ref=e37]
  - heading "New project" [level=2, ref=e57]
  - button "Rename project" [ref=e58]
- region "Manage source sheets" [ref=e38]
  - heading "Sheet register" [level=2, ref=e59]
  - button "Reload list" [ref=e60]
- heading "Your drawing starts here" [level=1, ref=e39]
- region "Open a drawing" [ref=e40]
  - heading "Open a drawing" [level=2, ref=e61]
  - button "Choose a file" [ref=e62]
- generic "Logs9Console0Errors0StatusDevelopment" [ref=e41] clickable [onclick]
  - separator "Resize bottom panel" [ref=e63] focusable [tabindex]: 22
  - tab "Logs 9" [ref=e66]
  - tab "Console 0" [ref=e67]
  - tab "Errors 0" [ref=e68]
  - tab "Status" [selected, ref=e69]
  - button "Expand workspace diagnostics" [expanded=false, ref=e64]
- heading "MODEL READINESS" [level=2, ref=e21]
- button "Collapse" [ref=e22]
- separator "Resize left menu" [ref=e8] focusable [tabindex]: 260
- button "Collapse left menu" [expanded=true, ref=e9]
- separator "Resize right menu" [ref=e10] focusable [tabindex]: 400
- button "Collapse right menu" [expanded=true, ref=e11]
- button "Assistant mode" [ref=e1]
- region "Drawing assistant panel" [ref=e12]
  - button "Move live assistant" [ref=e42]
  - button "Assistant settings" [expanded=false, ref=e43]
  - button "Dock into the right menu" [ref=e44]
  - button "Collapse live assistant" [ref=e45]
  - button "Open canvas" [ref=e23]
  - button "Summarise this sheet" [ref=e46]
  - button "Find the site plan" [ref=e47]
  - button "What can you do here?" [ref=e48]
  - button "Describe the current view" [ref=e49]
  - radio "Ask before edits" [checked=true, ref=e50]
  - radio "Edit freely" [checked=false, ref=e51]
  - radio "Read only" [checked=false, ref=e52]
  - textbox "Message live assistant" [ref=e53]
  - button "Add to assistant" [expanded=false, ref=e65]
  - button "Send assistant message" [disabled, ref=e54]

