- combobox "Current plan" [expanded=false, ref=e41]: Open a plan to begin
  - option "Open a plan to begin" [disabled, ref=e55]
  - option "📂 Open plan file (PDF, CAD, Image)…" [disabled, ref=e56]
  - option "📄 Load sample plan (Redburn BR250157 PDF)…" [disabled, ref=e57]
- button "Open" [ref=e42]
- button "Backups" [ref=e23]
- button "Settings" [ref=e24]
- button "Log in" [ref=e25]
- button "Collapse header" [expanded=true, ref=e2]
- separator "Resize header" [ref=e3] focusable [tabindex]: 54
- navigation "Panes" [ref=e13]
  - button "Overview" [ref=e26]
  - button "Sheets" [ref=e27]
  - button "Measure" [ref=e28]
  - button "Sketch" [ref=e29]
  - button "Components" [ref=e30]
  - button "Model" [ref=e31]
  - button "Render" [ref=e32]
  - button "Review" [ref=e33]
  - button "Cost" [ref=e34]
  - button "Proof" [ref=e35]
- button "Collapse navigation" [expanded=true, ref=e4]
- separator "Resize navigation" [ref=e5] focusable [tabindex]: 44
- button "Collapse workspace info" [expanded=true, ref=e6]
- separator "Resize workspace info" [ref=e7] focusable [tabindex]: 28
- heading "MODELS" [level=2, ref=e14]
- button "Source building" [ref=e15]
- heading "PROJECT SHEETS 1" [level=2, ref=e16]
- button "Open plan" [ref=e17]
- button "Fit sheet" [ref=e18]
- button "Open source page 1" [ref=e19]
- heading "EVIDENCE LAYERS LIVE" [level=2, ref=e20]
- region "Current project" [ref=e36]
  - heading "New project" [level=2, ref=e43]
  - button "Rename project" [ref=e44]
- region "Manage source sheets" [ref=e37]
  - heading "Sheet register" [level=2, ref=e45]
  - button "Reload list" [ref=e46]
- heading "Your drawing starts here" [level=1, ref=e38]
- region "Open a drawing" [ref=e39]
  - heading "Open a drawing" [level=2, ref=e47]
  - button "Choose a file" [ref=e48]
- generic "Logs9Console0Errors0StatusDevelopment" [ref=e40] clickable [onclick]
  - separator "Resize bottom panel" [ref=e49] focusable [tabindex]: 22
  - tab "Logs 9" [ref=e51]
  - tab "Console 0" [ref=e52]
  - tab "Errors 0" [ref=e53]
  - tab "Status" [selected, ref=e54]
  - button "Expand workspace diagnostics" [expanded=false, ref=e50]
- heading "MODEL READINESS" [level=2, ref=e21]
- button "Collapse" [ref=e22]
- separator "Resize left menu" [ref=e8] focusable [tabindex]: 260
- button "Collapse left menu" [expanded=true, ref=e9]
- separator "Resize right menu" [ref=e10] focusable [tabindex]: 400
- button "Collapse right menu" [expanded=true, ref=e11]
- button "Assistant mode" [ref=e1]
- button "Live assistant Assistant connected" [expanded=false, ref=e12]
