true

{
  "build": "",
  "buttons": [
    "Resize from the top-left corner",
    "Resize from the top-right corner",
    "Resize from the bottom-left corner",
    "Resize from the bottom-right corner",
    "Move live assistant",
    "Assistant settings",
    "Undock from the right menu",
    "Collapse live assistant",
    "Open canvas",
    "Task history",
    "Open chat history",
    "Summarise this sheet",
    "Find the site plan",
    "What can you do here?",
    "Describe the current view",
    "Provider: MiniMax. Unavailable in this desktop build. Change provider",
    "Add to assistant",
    "Send assistant message"
  ],
  "panel": true,
  "selects": [
    "Assistant project: New project",
    "Assistant permissions: Ask before edits | Edit freely | Read only"
  ]
}

✓ Screenshot saved to proof/growth/2026-09-23-desktop-refresh/candidate-start.png

