✓ X-Ray by Looplet
  http://127.0.0.1:8090/

✓ Done

true

"cleared"

✓ Done

true

✓ Done

true

✓ Done

true

true

✓ Done

true

true

"{\"label\":\"AFTER desktop 1280x800 measure\",\"viewport\":[1280,800],\"stage\":{\"left\":260,\"width\":620,\"top\":311,\"height\":403},\"dock\":{\"left\":268,\"top\":609,\"width\":520,\"height\":95,\"bottom\":704},\"dockX\":\"8\",\"grip\":{\"cx\":297,\"cy\":634,\"w\":44,\"h\":44},\"controls\":12}"

"{\"label\":\"AFTER desktop 1280x800 invariants\",\"viewport\":[1280,800],\"stage\":{\"left\":260,\"width\":620},\"dock\":{\"left\":268,\"top\":609,\"width\":520,\"height\":95,\"bottom\":704},\"rows\":[44,45],\"dockX\":\"8\",\"tools\":\"closed\",\"controls\":12,\"minHit\":44,\"faceHeights\":[28,30],\"scrubberWidth\":107,\"dockScroll\":[518,518],\"docScrollWidth\":1280,\"stored\":null}"

✓ Done

true

"{\"label\":\"AFTER tablet 1024x768 measure\",\"viewport\":[1024,768],\"stage\":{\"left\":0,\"width\":1024,\"top\":223,\"height\":459},\"dock\":{\"left\":8,\"top\":527,\"width\":520,\"height\":95,\"bottom\":622},\"dockX\":\"8\",\"grip\":{\"cx\":37,\"cy\":552,\"w\":44,\"h\":44},\"controls\":12}"

"{\"label\":\"AFTER tablet 1024x768 invariants\",\"viewport\":[1024,768],\"stage\":{\"left\":0,\"width\":1024},\"dock\":{\"left\":8,\"top\":527,\"width\":520,\"height\":95,\"bottom\":622},\"rows\":[44,45],\"dockX\":\"8\",\"tools\":\"closed\",\"controls\":12,\"minHit\":44,\"faceHeights\":[28,30],\"scrubberWidth\":107,\"dockScroll\":[518,518],\"docScrollWidth\":1024,\"stored\":null}"

✓ Screenshot saved to screenshots/growth/2026-09-09-draftsman-dock/after-measure-tablet-1024x768.png

