true

✓ Done

✓ Done

true

✓ Done

- combobox "Current plan" [expanded=false, ref=e53]: Open a plan to begin
  - option "Open a plan to begin" [disabled, ref=e68]
  - option "📂 Open plan file (PDF, CAD, Image)…" [disabled, ref=e69]
  - option "📄 Load sample plan (Redburn BR250157 PDF)…" [disabled, ref=e70]
- button "Open" [ref=e54]
- button "Backups" [ref=e23]
- button "Settings" [ref=e24]
- button "Log in" [ref=e25]
- button "Collapse header" [expanded=true, ref=e2]
- separator "Resize header" [ref=e3] focusable [tabindex]: 54
- navigation "Panes" [ref=e13]
  - button "Overview" [ref=e26]
  - button "Sheets" [ref=e27]
  - button "Measure" [ref=e28]
  - button "Sketch" [ref=e29]
  - button "Components" [ref=e30]
  - button "Model" [ref=e31]
  - button "Render" [ref=e32]
  - button "Review" [ref=e33]
  - button "Cost" [ref=e34]
  - button "Proof" [ref=e35]
- button "Collapse navigation" [expanded=true, ref=e4]
- separator "Resize navigation" [ref=e5] focusable [tabindex]: 44
- button "Collapse workspace info" [expanded=true, ref=e6]
- separator "Resize workspace info" [ref=e7] focusable [tabindex]: 28
- heading "MODELS" [level=2, ref=e14]
- button "Source building" [ref=e15]
- heading "PROJECT SHEETS 1" [level=2, ref=e16]
- button "Open plan" [ref=e17]
- button "Fit sheet" [ref=e18]
- button "Open source page 1" [ref=e19]
- heading "EVIDENCE LAYERS LIVE" [level=2, ref=e20]
- region "Current project" [ref=e36]
  - heading "AB-01 Courtyard Learning Centre - fixed" [level=2, ref=e55]
  - button "Rename project" [ref=e56]
- region "Manage source sheets" [ref=e37]
  - heading "Sheet register" [level=2, ref=e57]
  - button "Reload list" [ref=e58]
- heading "Your drawing starts here" [level=1, ref=e38]
- region "Open a drawing" [ref=e39]
  - heading "Open a drawing" [level=2, ref=e59]
  - button "Choose a file" [ref=e60]
- generic "Logs9Console0Errors0StatusDevelopment" [ref=e40] clickable [onclick]
  - separator "Resize bottom panel" [ref=e61] focusable [tabindex]: 22
  - tab "Logs 9" [ref=e64]
  - tab "Console 0" [ref=e65]
  - tab "Errors 0" [ref=e66]
  - tab "Status" [selected, ref=e67]
  - button "Expand workspace diagnostics" [expanded=false, ref=e62]
- separator "Resize left menu" [ref=e8] focusable [tabindex]: 260
- button "Collapse left menu" [expanded=true, ref=e9]
- separator "Resize right menu" [ref=e10] focusable [tabindex]: 400
- button "Collapse right menu" [expanded=true, ref=e11]
- button "Exit assistant mode" [ref=e1]
- region "Drawing assistant panel" [ref=e12]
  - button "Move live assistant" [ref=e41]
  - button "Assistant settings" [expanded=false, ref=e42]
  - button "Undock from the right menu" [ref=e43]
  - button "Collapse live assistant" [ref=e44]
  - button "Open canvas" [disabled, ref=e21]
  - button "Close project tab" [ref=e22]
  - tab "AB-01 Courtyard Learning Centre" [ref=e45]
  - tab "AB-01 Recovery Regression" [ref=e46]
  - tab "AB-01 Courtyard Learning Centre - fixed" [selected, ref=e47]
  - radio "Ask before edits" [checked=false, ref=e48]
  - radio "Edit freely" [checked=true, ref=e49]
  - radio "Read only" [checked=false, ref=e50]
  - textbox "Message live assistant" [disabled, ref=e51]: Architectural benchmark AB-01: Courtyard Learning Centre. This is an illustrative, unverified design exercise, not a measured reconstruction or construction issue. Work in Model view using actual architectural tool calls. Never draw geometry by writing code or provide a raster substitute.

Stage 1: Build the complete structural wireframe. Use metres in this brief and millimetres in the tools. Plan north is positive Y, east positive X, with the southwest outside corner at (0,0). The building's outer dimensions are 24 m east-west by 18 m north-south. It is U-shaped: west and east wings are each 6 m wide, linked by a north wing 6 m deep, leaving a 12 m wide by 12 m deep courtyard open to the south. Two levels at 0 and 3.6 m, each 3.6 m high. Exactly the eight exterior boundary walls on each level; no internal partitions. Ground floor slab 250 mm thick under the U footprint, with its top at 0. Upper floor slab 250 mm thick with its top at 3.6 m. Flat roof at 7.2 m, with zero eaves and the same U footprint; do not cover the courtyard.

Reserve a 1.2 m by 7.2 m straight stairwell wholly inside the west wing, open through the upper floor, with adequate space at both ends. Build the upper floor around this opening using supported geometry. Stairs and openings come in stage 2. Read back your geometry and verify dimensions, levels and courtyard/stairwell openings. Save it, mount it in Model mode as wireframe and capture the real view. Explain unsupported items and actual failures hones
  - button "Add to assistant" [expanded=false, ref=e63]
  - button "Stop assistant response" [ref=e52]
