✓ X-Ray by Looplet
  http://127.0.0.1:8091/

✓ Done

true

✓ Done

true

"opened"

true

true

"panel"

✓ Done

✓ Done

true

"edits allowed"

✓ Done

✓ Done

true

{
  "paused": false,
  "tools": [
    "read_project_contextRunning read_project_context…Running read_project_context…",
    "read_project_contextTool result{\"projectId\":\"job-0ea0dd3d-b9f0-473a-8580-1ebe7156a0bb\",\"projectName\":\"New project\",\"projectRevision\":1,\"pane\":\"sketch\",\"sourcePa",
    "read_architect_designRunning read_architect_design…Running read_architect_design…",
    "read_architect_designTool result{\"project\":{\"schema\":\"xray.architect/v1\",\"id\":\"job-0ea0dd3d-b9f0-473a-8580-1ebe7156a0bb\",\"revision\":1,\"name\":\"Untitled architect",
    "read_workbench_structureRunning read_workbench_structure…Running read_workbench_structure…",
    "read_workbench_structureTool result{\"units\":{\"architecturalDesign\":\"mm\",\"sourceBuilding\":\"m\",\"sourceSheets\":\"PDF page pixels\"},\"panes\":[\"overview\",\"sheets\",\"mea",
    "draw_architect_elementsRunning draw_architect_elements…Running draw_architect_elements…",
    "draw_architect_elementsTool result{\"projectId\":\"job-0ea0dd3d-b9f0-473a-8580-1ebe7156a0bb\",\"designRevision\":2,\"saved\":true,\"readbackVerified\":true,\"created\":[{\"k",
    "read_architect_designRunning read_architect_design…Running read_architect_design…",
    "read_architect_designTool result{\"project\":{\"schema\":\"xray.architect/v1\",\"id\":\"job-0ea0dd3d-b9f0-473a-8580-1ebe7156a0bb\",\"revision\":2,\"name\":\"Untitled architect",
    "edit_architect_elementsRunning edit_architect_elements…Running edit_architect_elements…",
    "edit_architect_elementsTool result{\"projectId\":\"job-0ea0dd3d-b9f0-473a-8580-1ebe7156a0bb\",\"designRevision\":3,\"saved\":true,\"readbackVerified\":true,\"changed\":[{\"k",
    "read_architect_designRunning read_architect_design…Running read_architect_design…",
    "read_architect_designTool result{\"project\":{\"schema\":\"xray.architect/v1\",\"id\":\"job-0ea0dd3d-b9f0-473a-8580-1ebe7156a0bb\",\"revision\":3,\"name\":\"Unlock test\",\"addr"
  ]
}

"edits allowed"

1

✓ Done

✓ Done

true

{
  "errors": [],
  "replies": [
    "AssistantThe requested architectural changes have been applied and verified in project `job-0ea0dd3d-b9f0-473a-8580-1ebe7156a0bb`:\n\n1. **Initial Extrusion:**\n   - Extruded a two-storey building (10,000 mm × 8,000 mm) across 2 storeys at 3,000 mm height based on the Ground level, including a hip roof.\n\n2. **Modifications via `edit_architect_elements` (Revision 3):**\n   - **Roof:** Removed roof entity (`a7ec4e5e-bbbf-4b71-8de4-cbc67f6459c7`).\n   - **Ground-floor wall:** Moved Wall 1 (`b0edaf7b-ce94-486d-b91e-fbe8b6f17af3`) from `(0, 0) → (10000, 0)` to `(0, -2000) → (10000, -2000)`.\n   - **Design Name:** Renamed the design to **\"Unlock test\"**.\n\n### Current Entity Counts:\n- **Walls:** 8 (4 on Ground, 4 on Level 2)\n- **Roofs:** 0\n- **Levels:** 2 (Ground at 0 mm, Level 2 at 3,000 mm)",
    "AssistantDONE"
  ],
  "tools": [
    "read_project_contextRunning read_project_context…Running read_project_context…",
    "read_project_contextTool result{\"projectId\":\"job-0ea0dd3d-b9f0-473a-8580-1ebe7156a0bb\",\"projectName\":\"New project\",\"projectRevision\":1,\"pane\":\"sketch\",\"sourcePage\":1,\"documents\":[{\"id\":\"doc-sample\",\"n",
    "read_architect_designRunning read_architect_design…Running read_architect_design…",
    "read_architect_designTool result{\"project\":{\"schema\":\"xray.architect/v1\",\"id\":\"job-0ea0dd3d-b9f0-473a-8580-1ebe7156a0bb\",\"revision\":1,\"name\":\"Untitled architectural design\",\"address\":\"\",\"designRevisio",
    "read_workbench_structureRunning read_workbench_structure…Running read_workbench_structure…",
    "read_workbench_structureTool result{\"units\":{\"architecturalDesign\":\"mm\",\"sourceBuilding\":\"m\",\"sourceSheets\":\"PDF page pixels\"},\"panes\":[\"overview\",\"sheets\",\"measure\",\"sketch\",\"components\",\"model\",\"ren",
    "draw_architect_elementsRunning draw_architect_elements…Running draw_architect_elements…",
    "draw_architect_elementsTool result{\"projectId\":\"job-0ea0dd3d-b9f0-473a-8580-1ebe7156a0bb\",\"designRevision\":2,\"saved\":true,\"readbackVerified\":true,\"created\":[{\"kind\":\"wall\",\"id\":\"b0edaf7b-ce94-486d-b91",
    "read_architect_designRunning read_architect_design…Running read_architect_design…",
    "read_architect_designTool result{\"project\":{\"schema\":\"xray.architect/v1\",\"id\":\"job-0ea0dd3d-b9f0-473a-8580-1ebe7156a0bb\",\"revision\":2,\"name\":\"Untitled architectural design\",\"address\":\"\",\"designRevisio",
    "edit_architect_elementsRunning edit_architect_elements…Running edit_architect_elements…",
    "edit_architect_elementsTool result{\"projectId\":\"job-0ea0dd3d-b9f0-473a-8580-1ebe7156a0bb\",\"designRevision\":3,\"saved\":true,\"readbackVerified\":true,\"changed\":[{\"kind\":\"wall\",\"id\":\"b0edaf7b-ce94-486d-b91",
    "read_architect_designRunning read_architect_design…Running read_architect_design…",
    "read_architect_designTool result{\"project\":{\"schema\":\"xray.architect/v1\",\"id\":\"job-0ea0dd3d-b9f0-473a-8580-1ebe7156a0bb\",\"revision\":3,\"name\":\"Unlock test\",\"address\":\"\",\"designRevision\":\"A\",\"units\":\"mm"
  ]
}

{
  "levels": 2,
  "movedWall": [
    [
      0,
      -2000
    ],
    [
      10000,
      -2000
    ]
  ],
  "name": "Unlock test",
  "revision": 3,
  "roofs": 0,
  "walls": 8
}

"all levels"

true

✓ Screenshot saved to screenshots/growth/2026-09-09-assistant-unlock/a-design-edit-desktop.png

