✓ Done

true

true

"panel"

✓ Done

✓ Done

true

"edits allowed"

✓ Done

✓ Done

true

{
  "paused": false,
  "tools": [
    "read_project_contextRunning read_project_context…Running read_project_context…",
    "read_project_contextTool result{\"projectId\":\"job-3244d346-dc0b-448a-8450-d3003cbb28ba\",\"projectName\":\"Other window revision\",\"projectRevision\":3,\"pane\":\"cost\",\"",
    "read_price_booksRunning read_price_books…Running read_price_books…",
    "read_price_booksTool result{\"jobId\":\"job-3244d346-dc0b-448a-8450-d3003cbb28ba\",\"libraryRevision\":0,\"blocked\":false,\"error\":null,\"books\":[],\"worksheetLines\":0,\"s",
    "import_price_bookRunning import_price_book…Running import_price_book…",
    "import_price_bookTool result{\"jobId\":\"job-3244d346-dc0b-448a-8450-d3003cbb28ba\",\"bookId\":\"71d1aae5-9d4c-40e2-a6cf-e1136cb35b68\",\"bookName\":\"Timber Co 2026\",\"cre",
    "read_price_booksRunning read_price_books…Running read_price_books…",
    "read_price_booksTool result{\"jobId\":\"job-3244d346-dc0b-448a-8450-d3003cbb28ba\",\"libraryRevision\":1,\"blocked\":false,\"error\":null,\"books\":[{\"id\":\"71d1aae5-9d4c-40"
  ]
}

"edits allowed"

1

✓ Done

✓ Done

true

{
  "errors": [],
  "replies": [
    "AssistantThe price book **\"Timber Co 2026\"** has been imported and verified:\n\n- **Book ID:** `71d1aae5-9d4c-40e2-a6cf-e1136cb35b68`\n- **Revision:** 1 (Library Revision: 1)\n- **Rows imported:** 3\n  - `P100` — Treated pine post 100x100 (`each` @ $18.50)\n  - `R75` — Rail 75x50 (`m` @ $4.20)\n  - `PAL` — Paling 100x12 (`each` @ $1.15)\n- **Supplier:** Timber Co\n- **Currency:** AUD\n- **Tax basis:** Exclusive (10%)\n- **Effective date:** 2026-09-01\n- **Source reference:** Live assistant paste · Quote Q-1234\n- **Readback verified:** Yes\n\n*(Note: Rates imported only; no quantities, quotes, or currency conversions applied. If the Cost pane is open, click \"Reload library\" or reopen the pane to view the updated library).*",
    "AssistantDONE"
  ],
  "tools": [
    "read_project_contextRunning read_project_context…Running read_project_context…",
    "read_project_contextTool result{\"projectId\":\"job-3244d346-dc0b-448a-8450-d3003cbb28ba\",\"projectName\":\"Other window revision\",\"projectRevision\":3,\"pane\":\"cost\",\"sourcePage\":1,\"documents\":[{\"id\":\"doc-sa",
    "read_price_booksRunning read_price_books…Running read_price_books…",
    "read_price_booksTool result{\"jobId\":\"job-3244d346-dc0b-448a-8450-d3003cbb28ba\",\"libraryRevision\":0,\"blocked\":false,\"error\":null,\"books\":[],\"worksheetLines\":0,\"scope\":\"Imported supplier rates and their",
    "import_price_bookRunning import_price_book…Running import_price_book…",
    "import_price_bookTool result{\"jobId\":\"job-3244d346-dc0b-448a-8450-d3003cbb28ba\",\"bookId\":\"71d1aae5-9d4c-40e2-a6cf-e1136cb35b68\",\"bookName\":\"Timber Co 2026\",\"created\":true,\"revision\":1,\"rows\":3,\"import",
    "read_price_booksRunning read_price_books…Running read_price_books…",
    "read_price_booksTool result{\"jobId\":\"job-3244d346-dc0b-448a-8450-d3003cbb28ba\",\"libraryRevision\":1,\"blocked\":false,\"error\":null,\"books\":[{\"id\":\"71d1aae5-9d4c-40e2-a6cf-e1136cb35b68\",\"name\":\"Timber Co "
  ]
}

{
  "book": "Timber Co 2026",
  "fileName": "assistant-paste.csv",
  "libraryRevision": 1,
  "rows": [
    [
      "P100",
      18.5
    ],
    [
      "R75",
      4.2
    ],
    [
      "PAL",
      1.15
    ]
  ],
  "sourceReference": "Live assistant paste · Quote Q-1234"
}

✓ Done

✓ Done

true

✓ Screenshot saved to screenshots/growth/2026-09-09-az5-release/native-unlock-c-price-import-desktop.png

