✓ X-Ray by Looplet
  http://tauri.localhost/

{
  "native": true
}

true

✓ Done

true

✓ Done

true

✓ Done

true

true

{
  "d": 200.44899369300495,
  "frame": 3,
  "p": [
    100.34856596716445,
    141.31006699750026,
    152.7498739507467
  ],
  "t": [
    -0.4903200000000006,
    56.8575,
    1.4915449999999986
  ]
}

✓ Done

true

{
  "d": 160.35919495440402,
  "frame": 4,
  "p": [
    80.18078877373158,
    124.4195535980002,
    122.49820816059736
  ],
  "t": [
    -0.4903200000000006,
    56.8575,
    1.4915449999999986
  ]
}

✓ Done

true

✓ Done

true

{
  "d": 193.30159084600913,
  "frame": 6,
  "p": [
    21.330820848070584,
    118.68406573620013,
    -180.35129540058855
  ],
  "t": [
    -0.4903200000000006,
    56.8575,
    1.4915449999999986
  ]
}

✓ Done

true

{
  "d": 193.3015908460092,
  "frame": 7,
  "p": [
    21.330820848070623,
    118.68406573620013,
    183.33438540058856
  ],
  "t": [
    -0.4903200000000006,
    56.8575,
    1.4915449999999986
  ]
}

✓ Done

true

"{\"initial\":{\"p\":[100.34856596716445,141.31006699750026,152.7498739507467],\"t\":[-0.4903200000000006,56.8575,1.4915449999999986],\"d\":200.44899369300498,\"frame\":3},\"zoomIn\":{\"p\":[80.18078877373158,124.4195535980002,122.49820816059736],\"t\":[-0.4903200000000006,56.8575,1.4915449999999986],\"d\":160.35919495440402,\"frame\":4},\"front\":{\"p\":[21.330820848070584,118.68406573620013,-180.35129540058855],\"t\":[-0.4903200000000006,56.8575,1.4915449999999986],\"d\":193.30159084600913,\"frame\":6},\"rear\":{\"p\":[21.330820848070623,118.68406573620013,183.33438540058856],\"t\":[-0.4903200000000006,56.8575,1.4915449999999986],\"d\":193.3015908460092,\"frame\":7},\"reset\":{\"p\":[100.34856596716445,141.31006699750026,152.7498739507467],\"t\":[-0.4903200000000006,56.8575,1.4915449999999986],\"d\":200.44899369300498,\"frame\":8}}"

true

{
  "controls": [
    {
      "bottom": 868.6666870117188,
      "height": 44,
      "name": "Zoom out model",
      "right": 535.2395935058594,
      "width": 44,
      "x": 491.2395935058594,
      "y": 824.6666870117188
    },
    {
      "bottom": 868.6666870117188,
      "height": 44,
      "name": "Zoom in model",
      "right": 579.2396240234375,
      "width": 44,
      "x": 535.2396240234375,
      "y": 824.6666870117188
    },
    {
      "bottom": 868.6666870117188,
      "height": 44,
      "name": "Reset model view",
      "right": 715.2917175292969,
      "width": 136.05209350585938,
      "x": 579.2396240234375,
      "y": 824.6666870117188
    },
    {
      "bottom": 868.6666870117188,
      "height": 44,
      "name": "Front",
      "right": 763.8541870117188,
      "width": 48.5625,
      "x": 715.2916870117188,
      "y": 824.6666870117188
    },
    {
      "bottom": 868.6666870117188,
      "height": 44,
      "name": "Rear",
      "right": 808.7604370117188,
      "width": 44.90625,
      "x": 763.8541870117188,
      "y": 824.6666870117188
    },
    {
      "bottom": 807.34375,
      "height": 44,
      "name": "Live assistantDrawing tools",
      "right": 1440,
      "width": 400,
      "x": 1040,
      "y": 763.34375
    }
  ],
  "navigation": {
    "bottom": 877.3333740234375,
    "height": 62,
    "right": 1040,
    "width": 780,
    "x": 260,
    "y": 815.3333740234375
  },
  "viewport": [
    1440,
    900
  ]
}

✓ Done

true

✓ Done

true

{
  "controls": [
    {
      "bottom": 600,
      "height": 44,
      "name": "Floor level selector",
      "right": 710.0104370117188,
      "width": 184,
      "x": 526.0104370117188,
      "y": 556
    },
    {
      "bottom": 658.6666870117188,
      "height": 44,
      "name": "Tour",
      "right": 358.6562728881836,
      "width": 59.98958587646485,
      "x": 298.66668701171875,
      "y": 614.6666870117188
    },
    {
      "bottom": 658.6666870117188,
      "height": 44,
      "name": "Blueprint",
      "right": 449.65625,
      "width": 85,
      "x": 364.65625,
      "y": 614.6666870117188
    },
    {
      "bottom": 658.6666870117188,
      "height": 44,
      "name": "Model sheets PDF",
      "right": 584.15625,
      "width": 128.5,
      "x": 455.65625,
      "y": 614.6666870117188
    },
    {
      "bottom": 658.6666870117188,
      "height": 44,
      "name": "Solid Finish",
      "right": 688.6875,
      "width": 98.53125,
      "x": 590.15625,
      "y": 614.6666870117188
    },
    {
      "bottom": 658.6666870117188,
      "height": 44,
      "name": "Close Draftsman mode",
      "right": 738.6875,
      "width": 44,
      "x": 694.6875,
      "y": 614.6666870117188
    },
    {
      "bottom": 716.3333740234375,
      "height": 44,
      "name": "Play drawing",
      "right": 342.66668701171875,
      "width": 44,
      "x": 298.66668701171875,
      "y": 672.3333740234375
    },
    {
      "bottom": 716.3333740234375,
      "height": 44,
      "name": "Replay drafting sequence",
      "right": 396.6666870117187,
      "width": 44,
      "x": 352.66668701171875,
      "y": 672.3333740234375
    },
    {
      "bottom": 716.3333740234375,
      "height": 44,
      "name": "0.5x",
      "right": 853.6666870117188,
      "width": 44,
      "x": 809.6666870117188,
      "y": 672.3333740234375
    },
    {
      "bottom": 716.3333740234375,
      "height": 44,
      "name": "1x",
      "right": 900.6666870117188,
      "width": 44,
      "x": 856.6666870117188,
      "y": 672.3333740234375
    },
    {
      "bottom": 716.3333740234375,
      "height": 44,
      "name": "2x",
      "right": 947.6666870117188,
      "width": 44,
      "x": 903.6666870117188,
      "y": 672.3333740234375
    },
    {
      "bottom": 716.3333740234375,
      "height": 44,
      "name": "5x",
      "right": 994.6666870117188,
      "width": 44,
      "x": 950.6666870117188,
      "y": 672.3333740234375
    },
    {
      "bottom": 782.6666870117188,
      "height": 44,
      "name": "1. Datum Grid",
      "right": 468.3333587646485,
      "width": 169.6666717529297,
      "x": 298.66668701171875,
      "y": 738.6666870117188
    },
    {
      "bottom": 782.6666870117188,
      "height": 44,
      "name": "2. Wireframe Ascend",
      "right": 646.0000152587891,
      "width": 169.6666717529297,
      "x": 476.3333435058594,
      "y": 738.6666870117188
    },
    {
      "bottom": 782.6666870117188,
      "height": 44,
      "name": "3. Technical Ink",
      "right": 823.6666717529297,
      "width": 169.6666717529297,
      "x": 654,
      "y": 738.6666870117188
    },
    {
      "bottom": 782.6666870117188,
      "height": 44,
      "name": "4. Material Wash",
      "right": 1001.3333587646484,
      "width": 169.6666717529297,
      "x": 831.6666870117188,
      "y": 738.6666870117188
    },
    {
      "bottom": 868.6666870117188,
      "height": 44,
      "name": "Zoom out model",
      "right": 535.2395935058594,
      "width": 44,
      "x": 491.2395935058594,
      "y": 824.6666870117188
    },
    {
      "bottom": 868.6666870117188,
      "height": 44,
      "name": "Zoom in model",
      "right": 579.2396240234375,
      "width": 44,
      "x": 535.2396240234375,
      "y": 824.6666870117188
    },
    {
      "bottom": 868.6666870117188,
      "height": 44,
      "name": "Reset model view",
      "right": 715.2917175292969,
      "width": 136.05209350585938,
      "x": 579.2396240234375,
      "y": 824.6666870117188
    },
    {
      "bottom": 868.6666870117188,
      "height": 44,
      "name": "Front",
      "right": 763.8541870117188,
      "width": 48.5625,
      "x": 715.2916870117188,
      "y": 824.6666870117188
    },
    {
      "bottom": 868.6666870117188,
      "height": 44,
      "name": "Rear",
      "right": 808.7604370117188,
      "width": 44.90625,
      "x": 763.8541870117188,
      "y": 824.6666870117188
    },
    {
      "bottom": 807.34375,
      "height": 44,
      "name": "Live assistantDrawing tools",
      "right": 1440,
      "width": 400,
      "x": 1040,
      "y": 763.34375
    }
  ],
  "navigation": {
    "bottom": 877.3333740234375,
    "height": 62,
    "right": 1040,
    "width": 780,
    "x": 260,
    "y": 815.3333740234375
  },
  "viewport": [
    1440,
    900
  ]
}

✓ Screenshot saved to screenshots/growth/2026-09-08-native-71f5b012342b-controls-desktop.png

