[agent-browser] launched browser
✓ X-Ray by Looplet
  http://127.0.0.1:8090/

✓ Done

true

"cleared"

✓ Done

true

✓ Done

true

✓ Done

true

true

✓ Done

true

true

"{\"label\":\"AFTER desktop 1280x800\",\"viewport\":[1280,800],\"stage\":{\"left\":260,\"width\":620},\"dock\":{\"left\":268,\"top\":617,\"width\":520,\"height\":95,\"bottom\":712},\"rows\":[44,45],\"dockX\":\"8\",\"tools\":\"closed\",\"controls\":12,\"minHit\":44,\"faceHeights\":[28,30],\"scrubberWidth\":107,\"dockScroll\":[518,518],\"docScrollWidth\":1280,\"stored\":null}"

✓ Screenshot saved to screenshots/growth/2026-09-09-draftsman-dock/after-desktop-1280x800.png

✓ Done

✓ Done

✓ Done

✓ Done

✓ Done

✓ Done

"{\"step\":\"desktop drag +300 clamps at right edge\",\"dockX\":92,\"renderedLeft\":92,\"gapToStageRight\":8,\"stored\":\"{\\\"v\\\":1,\\\"x\\\":92}\",\"focusOnGrip\":true}"

✓ Screenshot saved to screenshots/growth/2026-09-09-draftsman-dock/after-desktop-drag-right-clamped.png

✓ Done

✓ Done

✓ Done

✓ Done

✓ Done

✓ Done

"{\"step\":\"desktop drag -600 (pointer stops at viewport x=0) clamps at left edge\",\"dockX\":8,\"renderedLeft\":8,\"gapToStageRight\":92,\"stored\":\"{\\\"v\\\":1,\\\"x\\\":8}\",\"focusOnGrip\":true}"

✓ Done

✓ Done

"{\"step\":\"desktop ArrowRight\",\"dockX\":24,\"renderedLeft\":24,\"gapToStageRight\":76,\"stored\":\"{\\\"v\\\":1,\\\"x\\\":24}\",\"focusOnGrip\":true}"

✓ Done

"{\"step\":\"desktop ArrowRight x2\",\"dockX\":40,\"renderedLeft\":40,\"gapToStageRight\":60,\"stored\":\"{\\\"v\\\":1,\\\"x\\\":40}\",\"focusOnGrip\":true}"

✓ Done

"{\"step\":\"desktop ArrowLeft\",\"dockX\":24,\"renderedLeft\":24,\"gapToStageRight\":76,\"stored\":\"{\\\"v\\\":1,\\\"x\\\":24}\",\"focusOnGrip\":true}"

✓ Done

"{\"step\":\"desktop End\",\"dockX\":92,\"renderedLeft\":92,\"gapToStageRight\":8,\"stored\":\"{\\\"v\\\":1,\\\"x\\\":92}\",\"focusOnGrip\":true}"

✓ Done

"{\"step\":\"desktop Home\",\"dockX\":8,\"renderedLeft\":8,\"gapToStageRight\":92,\"stored\":\"{\\\"v\\\":1,\\\"x\\\":8}\",\"focusOnGrip\":true}"

✓ Done

✓ Done

"{\"step\":\"desktop ArrowRight x2 before reload\",\"dockX\":40,\"renderedLeft\":40,\"gapToStageRight\":60,\"stored\":\"{\\\"v\\\":1,\\\"x\\\":40}\",\"focusOnGrip\":true}"

✓ Screenshot saved to screenshots/growth/2026-09-09-draftsman-dock/after-desktop-grip-focus-x40.png

✓ Done

true

"{\"label\":\"AFTER desktop tools strip open\",\"viewport\":[1280,800],\"stage\":{\"left\":260,\"width\":620},\"dock\":{\"left\":300,\"top\":508,\"width\":520,\"height\":194,\"bottom\":702},\"rows\":[44,45,99],\"dockX\":\"40\",\"tools\":\"open\",\"controls\":19,\"minHit\":44,\"faceHeights\":[26,30],\"scrubberWidth\":107,\"dockScroll\":[518,518],\"docScrollWidth\":1280,\"stored\":\"{\\\"v\\\":1,\\\"x\\\":40}\"}"

✓ Screenshot saved to screenshots/growth/2026-09-09-draftsman-dock/after-desktop-tools-open.png

✓ Done

true

http://127.0.0.1:8090/

true

✓ Done

true

✓ Done

true

✓ Done

true

true

✓ Done

true

true

"{\"step\":\"desktop reload persistence\",\"dockX\":40,\"renderedLeft\":40,\"gapToStageRight\":60,\"stored\":\"{\\\"v\\\":1,\\\"x\\\":40}\",\"focusOnGrip\":false}"

✓ Screenshot saved to screenshots/growth/2026-09-09-draftsman-dock/after-desktop-reload-persisted-x40.png

✓ Done

true

✓ Done

✓ Done

"{\"step\":\"tablet End before shrinking back to desktop\",\"dockX\":496,\"renderedLeft\":496,\"gapToStageRight\":8,\"stored\":\"{\\\"v\\\":1,\\\"x\\\":496}\",\"focusOnGrip\":true}"

✓ Done

true

true

"{\"step\":\"resize re-clamp 1024->1280 (stage 620) clamps 496 -> 92\",\"dockX\":92,\"renderedLeft\":92,\"gapToStageRight\":8,\"stored\":\"{\\\"v\\\":1,\\\"x\\\":496}\",\"focusOnGrip\":true}"

"{\"label\":\"AFTER desktop after resize re-clamp\",\"viewport\":[1280,800],\"stage\":{\"left\":260,\"width\":620},\"dock\":{\"left\":352,\"top\":607,\"width\":520,\"height\":95,\"bottom\":702},\"rows\":[44,45],\"dockX\":\"92\",\"tools\":\"closed\",\"controls\":12,\"minHit\":44,\"faceHeights\":[28,30],\"scrubberWidth\":107,\"dockScroll\":[518,518],\"docScrollWidth\":1280,\"stored\":\"{\\\"v\\\":1,\\\"x\\\":496}\"}"

