[agent-browser] launched browser
✓ X-Ray by Looplet
  http://127.0.0.1:8091/

✓ Done

true

✓ Done

true

"workspace"

true

"confirm auto-accepted"

✓ Done

true

"panel"

true

"mode Read only"

true

{
  "mode": "readonly",
  "walls": 5
}

127

{
  "errors": 0,
  "replies": 0
}

✓ Done

true

{
  "refusedReceipt": false,
  "reply": "AssistantI cannot draw the wall because the tool required to create or edit architectural elements (draw_architect_elements) is not available in my current toolset.",
  "rows": [],
  "walls": 5
}

✓ Screenshot saved to screenshots/growth/2026-09-09-assistant-surface/perm-tail-01-read-only.png

"mode Edit freely"

true

{
  "mirror": true,
  "mode": "auto",
  "walls": 5
}

111

{
  "errors": 0,
  "replies": 1
}

✓ Done

true

{
  "before": 5,
  "rows": [
    "Drew design elements · Working…",
    "Drew design elements · created 1 element · design revision 3 · saved"
  ],
  "walls": 6
}

✓ Screenshot saved to screenshots/growth/2026-09-09-assistant-surface/perm-tail-02-edit-freely.png

"mode Ask before edits"

