[agent-browser] launched browser
✓ X-Ray by Looplet
  http://127.0.0.1:8091/

✓ Done

true

✓ Done

true

"opened"

true

"confirm auto-accepted"

✓ Done

true

✓ Screenshot saved to screenshots/growth/2026-09-09-assistant-surface/tablet-01-before.png

✓ Done

true

"scrolled the workspace so the right-hand menu is on screen"

true

{
  "composerVisible": true,
  "launcherHidden": true,
  "panel": {
    "h": 518,
    "l": 704,
    "t": 151,
    "w": 320
  },
  "pressed": "true",
  "rail": {
    "h": 518,
    "l": 786,
    "t": 151,
    "w": 225
  },
  "railClass": "arch-inspector",
  "railHidden": true,
  "visible": {
    "h": 518,
    "t": 151
  }
}

✓ Screenshot saved to screenshots/growth/2026-09-09-assistant-surface/tablet-02-rail-mode.png

"f7c68fcb-0e35-4eb1-807b-558619ca7ebe"

true

{
  "focused": "canvas-context-item",
  "items": [
    "reference:Reference in chat",
    "explain:Explain this",
    "improve:Suggest improvements",
    "modify:Modify with AI…",
    "draw:Draw something like this here",
    "render:Real-life view of this",
    "pick:Select a shape to reference…"
  ],
  "target": "architect-plan"
}

✓ Screenshot saved to screenshots/growth/2026-09-09-assistant-surface/tablet-03-context-menu.png

✓ Done

true

{
  "draft": "[Reference · wall id f7c68fcb-0e35-4eb1-807b-558619ca7ebe on level \"Ground\" (9cc807fa-230f-4147-9634-c10ab8e98bad) · Wall 1, from (0, 0) to (9000, 0) mm, length 9000 mm, height 2700 mm, 4 layers]",
  "focusOnPrompt": false,
  "menuClosed": true,
  "panelOpen": true
}

✓ Screenshot saved to screenshots/growth/2026-09-09-assistant-surface/tablet-04-reference-in-draft.png

"edits allowed"

"[Reference · wall id f7c68fcb-0e35-4eb1-807b-558619ca7ebe on level \"Ground\" (9cc807fa-230f-4147-9634-c10ab8e98bad) · Wall 1, from (0, 0) to (9000, 0) mm, length 9000 mm, height 2700 mm, 4 layers]\nMake this wall 400 mm longer by moving its end point b further along its own direction. Change nothing else. Then tell me the wall's new length in mm."

0

✓ Done

true

{
  "errors": [],
  "newLength": 9400,
  "refId": "f7c68fcb-0e35-4eb1-807b-558619ca7ebe",
  "reply": "AssistantWall 1 (`f7c68fcb-0e35-4eb1-807b-558619ca7ebe`) has been updated in the Architectural design (revision 3):\n\n- **Start point $a$:** $(0, 0)\\text{ mm}$\n- **End point $b$:** $(9400, 0)\\text{ mm}$ (extended $+400\\text{ mm}$ along its direction)\n- **New wall length:** **9400 mm**",
  "revision": 3
}

✓ Screenshot saved to screenshots/growth/2026-09-09-assistant-surface/tablet-05-after-referenced-edit.png

158

1

✓ Done

true

true

{
  "meter": "Context 2%",
  "meterTitle": "≈5,104 of 300,000 tokens",
  "pills": [
    "22.5° Hipped Roof: Four-way hip with 450 mm eaves overhang and perimete…",
    "Dual-Pitch Gable Roof: 22.5° pitch along the longitudinal axis with ver…",
    "Skillion / Mono-Pitch Roof: Single low-pitch plane (e.g. 7.5°) sloping…",
    "Other…"
  ],
  "suggestions": [
    "Select a shape to reference",
    "Show all levels in 3D",
    "Export as DXF",
    "Undo that"
  ]
}

✓ Screenshot saved to screenshots/growth/2026-09-09-assistant-surface/tablet-06-option-pills.png

"other opened"

true

✓ Screenshot saved to screenshots/growth/2026-09-09-assistant-surface/tablet-07-inline-input.png

"escape sent"

true

"22.5° Hipped Roof: Four-way hip with 450 mm eaves overhang and perimeter guttering."

true

true

{
  "reply": "AssistantOption 1 (**22.5° Hipped Roof**) is the active roof configuration for **Main roof** (`5e1d5af5-ef8c-489d-ac43-b23232a962c9`):\n\n- **Geometry:** 4-way hip (all 4 edges set to 22.5° pitch, `gable: false`)\n- **Eaves overhang:** 450 mm\n- **Plate offset / height:** 2700 mm (matching the 2700 mm G",
  "sentAsUser": "You22.5° Hipped Roof: Four-way hip with 450 mm eaves overhang and perimeter guttering.",
  "stalePills": 3
}

✓ Screenshot saved to screenshots/growth/2026-09-09-assistant-surface/tablet-08-after-pill.png

"floor set"

31

3

✓ Done

true

true

{
  "banner": "This chat is full (≈300,000 tokens). Continue in a new chat to carry your work over.Continue this in a new chat",
  "meter": "Context 100%",
  "promptDisabled": true,
  "sendDisabled": true
}

✓ Screenshot saved to screenshots/growth/2026-09-09-assistant-surface/tablet-09-context-full.png

"floor removed"

✓ Done

true

{
  "entries": 1,
  "handover": "AssistantContinued from the previous chat.\nHandover from the previous chat\nProject: job-c2ff8b8d-22f3-4736-b338-4205aef7e727\nRequests (oldest first):\n1. [Reference · wall id f7c68fcb-0e35-4eb1-807b-558619ca7ebe on level \"Ground\" (9cc807fa-230f-4147-9634-c10ab8e98bad) · Wall 1, from (0, 0) to (9000, 0) mm, length 9000 mm, height 2700 mm, 4 layers] Make this wall 400 mm longer by moving its end point b further along its own direction. Change nothing…\n2. Give me exactly three numbered roof options for this design, formatted as 1. 2. 3. each on its own line, then ask me which one I want. Do not change anything.\n3. 22.5° Hipped Roof: Four-way hip with 450 mm eaves overhang and perimeter guttering.\n4. Reply with exactly the word OK.\nChanges made (tool receipts):\n- edit_architect_elements: {\"projectId\":\"job-c2ff8b8d-22f3-4736-b338-4205aef7e727\",\"designRevision\":3,\"saved\":true,\"readbackVerified\"",
  "meter": "Context 0%"
}

✓ Screenshot saved to screenshots/growth/2026-09-09-assistant-surface/tablet-10-continued-new-chat.png

✓ Done

true

{
  "launcherVisible": true,
  "railBack": "visible",
  "stored": "0"
}

✓ Done

true

http://127.0.0.1:8091/

true

true

{
  "l": 655,
  "restored": true,
  "w": 369
}

✓ Screenshot saved to screenshots/growth/2026-09-09-assistant-surface/tablet-11-rail-restored-after-reload.png

✓ Done

