✓ Done

✓ X-Ray by Looplet
  http://127.0.0.1:8085/

true

"reloading-with-minimax"

true

"checking"

true

"{\"provider\":\"MiniMax\",\"model\":\"MiniMax-M3\",\"stored\":\"minimax\"}"

"seeding"

true

"{\"ok\":true,\"jobId\":\"job-b9ac9b63-9213-4e65-9e27-17ff018e92e4\",\"documents\":2,\"activeDocumentId\":\"doc-ground-floor\",\"calibrations\":3}"

"already-open"

true

"binding"

true

"menu opened"

true

"clicked New chat"

"awaiting empty conversation"

true

"{\"conversationEmptyBeforeTurn\":true,\"activeId\":\"51ccdfa0-66f3-4884-bd6f-5fb0c4298595\"}"

"{\"script\":\"10-ask-mode-deny\",\"jobId\":\"job-b9ac9b63-9213-4e65-9e27-17ff018e92e4\"}"

"mode -> ask"

"reading-mode"

true

"permission mode confirmed: ask"

"reading revision"

true

"{\"id\":\"job-b9ac9b63-9213-4e65-9e27-17ff018e92e4\",\"revision\":1,\"name\":\"New project\"}"

"composed 49 chars"

true

"baseline"

true

"sent"

"polling-permission"

true

✓ Screenshot saved to proof/growth/2026-09-16-live-assistant-rig/screenshots/10-ask-mode-prompt.png

"{\"outcome\":\"prompt\",\"toolName\":\"save_project\",\"title\":\"Save the project\",\"summary\":\"on design revision 1\",\"mode\":\"ask\"}"

"denied"

"reading revision"

true

"{\"label\":\"deny\",\"projectId\":\"job-b9ac9b63-9213-4e65-9e27-17ff018e92e4\",\"revision\":1,\"unchanged\":true}"

"awaiting final reply"

"polling-permission"

true

✓ Screenshot saved to proof/growth/2026-09-16-live-assistant-rig/screenshots/10-ask-mode-denied.png

"{\"outcome\":\"finished-without-prompt\",\"mode\":\"ask\",\"busy\":null,\"replyChars\":1430,\"reply\":\"I'll re-check current project state first, then confirm before retrying the save.\\n\\n\\nThe user is asking again to save the project. The prior checkpoint recorded a decline, but the current message is a fresh request — I'll attempt the save now.\\n\\n\\nThe save was declined again — I won't retry without your go-ahead.\\n\\n## Current state\\n- Project: **New project** · revision **1**\\n- Pane: **cost** · hydration ready · no save error\\n- Sources on file: *No source plan* (sample) and *Ground floor plan rev C.pdf* (sha256 matches work packet)\\n- 0 annotations, 0 measured traces, 0 located items\\n\\n## On the save\"}"

"reading revision"

true

"{\"label\":\"after deny\",\"projectId\":\"job-b9ac9b63-9213-4e65-9e27-17ff018e92e4\",\"revision\":1,\"unchanged\":true}"

"polling"

true

"{\"state\":\"done\",\"tools\":[{\"tool\":\"read_project_context\",\"failed\":false,\"text\":\"{\\\"projectId\\\":\\\"job-b9ac9b63-9213-4e65-9e27-17ff018e92e4\\\",\\\"projectName\\\":\\\"New project\\\",\\\"projectRevision\\\":1,\\\"pane\\\":\\\"cost\\\",\\\"sourcePage\\\":1,\\\"documents\\\":[{\\\"id\\\":\\\"doc-sample\\\",\\\"name\\\":\\\"No source plan\\\",\\\"kind\\\":\\\"pdf\\\",\\\"pageCount\\\":1,\\\"sha256\\\":null},{\\\"id\\\":\\\"doc-ground-floor\\\",\\\"name\\\":\\\"Ground floor plan rev C.pdf\\\",\\\"kind\\\":\"},{\"tool\":\"save_project\",\"failed\":true,\"text\":\"{\\\"status\\\":\\\"not-executed\\\",\\\"reason\\\":\\\"Workflow prerequisite missing.\\\",\\\"requestedTool\\\":\\\"save_project\\\",\\\"next\\\":{\\\"tool\\\":\\\"read_workflow_route\\\",\\\"args\\\":{\\\"expectedJobId\\\":\\\"job-b9ac9b63-9213-4e65-9e27-17ff018e92e4\\\",\\\"workflow\\\":\\\"inspect\\\"},\\\"reason\\\":\\\"Select the workflow for this requested tool. Use discussion for a \"},{\"tool\":\"read_workflow_route\",\"failed\":false,\"text\":\"{\\\"version\\\":\\\"xray.workflow/1\\\",\\\"workflow\\\":\\\"inspect\\\",\\\"steps\\\":[\\\"Read project context.\\\",\\\"Retrieve the relevant design, source sheets, attachments or evidence.\\\",\\\"Answer with source/revision and unknowns.\\\"],\\\"scope\\\":\\\"Workflow selection only; no geometry, evidence or authority changed.\\\"}\"},{\"tool\":\"save_project\",\"failed\":true,\"text\":\"The user declined this action. Nothing was changed; ask before retrying.\"}],\"denialReachedModel\":true,\"saveToolsSucceeded\":0,\"replyLength\":1430,\"error\":null}"

