✓ Done

true

"opened"

true

true

"panel"

✓ Done

✓ Done

true

"edits allowed"

✓ Done

✓ Done

true

{
  "paused": false,
  "tools": [
    "read_project_contextRunning read_project_context…Running read_project_context…",
    "read_project_contextTool result{\"projectId\":\"job-3244d346-dc0b-448a-8450-d3003cbb28ba\",\"projectName\":\"Other window revision\",\"projectRevision\":7,\"pane\":\"sketch\"",
    "read_architect_designRunning read_architect_design…Running read_architect_design…",
    "read_architect_designTool result{\"project\":{\"schema\":\"xray.architect/v1\",\"id\":\"job-3244d346-dc0b-448a-8450-d3003cbb28ba\",\"revision\":5,\"name\":\"Unlock test\",\"addr",
    "export_design_fileRunning export_design_file…Running export_design_file…",
    "export_design_fileTool result{\"levels\":4,\"units\":\"mm\",\"note\":\"AC1027 DXF with the parametric model embedded in comment lines; the same design produces identical",
    "export_design_fileRunning export_design_file…Running export_design_file…",
    "export_design_fileTool result{\"schema\":\"IFC4\",\"note\":\"The IFC header carries the export timestamp, so repeated exports of the same design differ in sha256.\",\"de"
  ]
}

"edits allowed"

1

✓ Done

✓ Done

true

{
  "errors": [],
  "replies": [
    "AssistantThe current architectural design (Design Revision: 5, \"Unlock test\") has been exported in both DXF and IFC formats:\n\n### **DXF Export (`architect-design.dxf`)**\n* **Format:** AC1027 DXF\n* **Byte Length:** 270,465 bytes\n* **SHA-256:** `d656cb925f2cffeff3aae1bdff4718ca86d19d00b374f427c22236b6298f42c5`\n\n### **IFC Export (`architect-design.ifc`)**\n* **Format:** IFC4 (`application/x-step`)\n* **Byte Length:** 60,074 bytes\n* **SHA-256:** `a054adf7c5be57aac76e6f5ba2453a84b845be8479950b6acbabe8ca6b236a86`",
    "AssistantDONE"
  ],
  "tools": [
    "read_project_contextRunning read_project_context…Running read_project_context…",
    "read_project_contextTool result{\"projectId\":\"job-3244d346-dc0b-448a-8450-d3003cbb28ba\",\"projectName\":\"Other window revision\",\"projectRevision\":7,\"pane\":\"sketch\",\"sourcePage\":2,\"documents\":[{\"id\":\"doc-",
    "read_architect_designRunning read_architect_design…Running read_architect_design…",
    "read_architect_designTool result{\"project\":{\"schema\":\"xray.architect/v1\",\"id\":\"job-3244d346-dc0b-448a-8450-d3003cbb28ba\",\"revision\":5,\"name\":\"Unlock test\",\"address\":\"\",\"designRevision\":\"A\",\"units\":\"mm",
    "export_design_fileRunning export_design_file…Running export_design_file…",
    "export_design_fileTool result{\"levels\":4,\"units\":\"mm\",\"note\":\"AC1027 DXF with the parametric model embedded in comment lines; the same design produces identical bytes.\",\"designName\":\"Unlock test\",\"dem",
    "export_design_fileRunning export_design_file…Running export_design_file…",
    "export_design_fileTool result{\"schema\":\"IFC4\",\"note\":\"The IFC header carries the export timestamp, so repeated exports of the same design differ in sha256.\",\"designName\":\"Unlock test\",\"demonstration\":"
  ]
}

[
  {
    "bytes": 270465,
    "format": "dxf",
    "sha256": "d656cb925f2cffeff3aae1bdff4718ca86d19d00b374f427c22236b6298f42c5"
  },
  {
    "bytes": 60074,
    "format": "ifc",
    "sha256": "a054adf7c5be57aac76e6f5ba2453a84b845be8479950b6acbabe8ca6b236a86"
  }
]

✓ Screenshot saved to screenshots/growth/2026-09-09-az5-release/native-unlock-d-export-desktop.png

