{
  "bottomDockPresent": false,
  "build": "4e6d1ebd3a62",
  "display": null,
  "rect": null
}

✓ Done

true

✓ Done

true

✓ Done

true

{
  "assistant": {
    "bottom": 734,
    "height": 44,
    "left": 0,
    "right": 1024,
    "top": 690,
    "width": 1024
  },
  "controls": [
    {
      "bottom": 468,
      "height": 44,
      "left": 437.328125,
      "name": "Floor level selector",
      "right": 621.328125,
      "top": 424,
      "width": 184
    },
    {
      "bottom": 527,
      "height": 44,
      "left": 111,
      "name": "Tour",
      "right": 171.65625,
      "top": 483,
      "width": 60.65625
    },
    {
      "bottom": 527,
      "height": 44,
      "left": 177.65625,
      "name": "Blueprint",
      "right": 263.328125,
      "top": 483,
      "width": 85.671875
    },
    {
      "bottom": 527,
      "height": 44,
      "left": 269.328125,
      "name": "Model sheets PDF",
      "right": 398.5,
      "top": 483,
      "width": 129.171875
    },
    {
      "bottom": 527,
      "height": 44,
      "left": 404.5,
      "name": "Solid Finish",
      "right": 503.703125,
      "top": 483,
      "width": 99.203125
    },
    {
      "bottom": 527,
      "height": 44,
      "left": 509.703125,
      "name": "Close Draftsman mode",
      "right": 553.703125,
      "top": 483,
      "width": 44
    },
    {
      "bottom": 585,
      "height": 44,
      "left": 111,
      "name": "Play drawing",
      "right": 155,
      "top": 541,
      "width": 44
    },
    {
      "bottom": 585,
      "height": 44,
      "left": 165,
      "name": "Replay drafting sequence",
      "right": 209,
      "top": 541,
      "width": 44
    },
    {
      "bottom": 585,
      "height": 44,
      "left": 721,
      "name": "0.5x",
      "right": 765,
      "top": 541,
      "width": 44
    },
    {
      "bottom": 585,
      "height": 44,
      "left": 768,
      "name": "1x",
      "right": 812,
      "top": 541,
      "width": 44
    },
    {
      "bottom": 585,
      "height": 44,
      "left": 815,
      "name": "2x",
      "right": 859,
      "top": 541,
      "width": 44
    },
    {
      "bottom": 585,
      "height": 44,
      "left": 862,
      "name": "5x",
      "right": 906,
      "top": 541,
      "width": 44
    },
    {
      "bottom": 652,
      "height": 44,
      "left": 111,
      "name": "1. Datum Grid",
      "right": 305.5,
      "top": 608,
      "width": 194.5
    },
    {
      "bottom": 652,
      "height": 44,
      "left": 313.5,
      "name": "2. Wireframe Ascend",
      "right": 508,
      "top": 608,
      "width": 194.5
    },
    {
      "bottom": 652,
      "height": 44,
      "left": 516,
      "name": "3. Technical Ink",
      "right": 710.5,
      "top": 608,
      "width": 194.5
    },
    {
      "bottom": 652,
      "height": 44,
      "left": 718.5,
      "name": "4. Material Wash",
      "right": 913,
      "top": 608,
      "width": 194.5
    }
  ],
  "dock": {
    "bottom": 665,
    "height": 294.9375,
    "left": 92,
    "right": 932,
    "top": 370.0625,
    "width": 840
  },
  "viewport": [
    1024,
    768
  ]
}

✓ Screenshot saved to screenshots/growth/2026-09-08-8093-pencil-01-tablet-landscape-solid-supplement.png

✓ Done

true

{
  "assistant": {
    "bottom": 990,
    "height": 44,
    "left": -256,
    "right": 768,
    "top": 946,
    "width": 1024
  },
  "controls": [
    {
      "bottom": 724,
      "height": 44,
      "left": 253.328125,
      "name": "Floor level selector",
      "right": 437.328125,
      "top": 680,
      "width": 184
    },
    {
      "bottom": 783,
      "height": 44,
      "left": 39,
      "name": "Tour",
      "right": 99.65625,
      "top": 739,
      "width": 60.65625
    },
    {
      "bottom": 783,
      "height": 44,
      "left": 105.65625,
      "name": "Blueprint",
      "right": 191.328125,
      "top": 739,
      "width": 85.671875
    },
    {
      "bottom": 783,
      "height": 44,
      "left": 197.328125,
      "name": "Model sheets PDF",
      "right": 326.5,
      "top": 739,
      "width": 129.171875
    },
    {
      "bottom": 783,
      "height": 44,
      "left": 332.5,
      "name": "Solid Finish",
      "right": 431.703125,
      "top": 739,
      "width": 99.203125
    },
    {
      "bottom": 783,
      "height": 44,
      "left": 437.703125,
      "name": "Close Draftsman mode",
      "right": 481.703125,
      "top": 739,
      "width": 44
    },
    {
      "bottom": 841,
      "height": 44,
      "left": 39,
      "name": "Play drawing",
      "right": 83,
      "top": 797,
      "width": 44
    },
    {
      "bottom": 841,
      "height": 44,
      "left": 93,
      "name": "Replay drafting sequence",
      "right": 137,
      "top": 797,
      "width": 44
    },
    {
      "bottom": 841,
      "height": 44,
      "left": 537,
      "name": "0.5x",
      "right": 581,
      "top": 797,
      "width": 44
    },
    {
      "bottom": 841,
      "height": 44,
      "left": 584,
      "name": "1x",
      "right": 628,
      "top": 797,
      "width": 44
    },
    {
      "bottom": 841,
      "height": 44,
      "left": 631,
      "name": "2x",
      "right": 675,
      "top": 797,
      "width": 44
    },
    {
      "bottom": 841,
      "height": 44,
      "left": 678,
      "name": "5x",
      "right": 722,
      "top": 797,
      "width": 44
    },
    {
      "bottom": 908,
      "height": 44,
      "left": 39,
      "name": "1. Datum Grid",
      "right": 205.5,
      "top": 864,
      "width": 166.5
    },
    {
      "bottom": 908,
      "height": 44,
      "left": 213.5,
      "name": "2. Wireframe Ascend",
      "right": 380,
      "top": 864,
      "width": 166.5
    },
    {
      "bottom": 908,
      "height": 44,
      "left": 388,
      "name": "3. Technical Ink",
      "right": 554.5,
      "top": 864,
      "width": 166.5
    },
    {
      "bottom": 908,
      "height": 44,
      "left": 562.5,
      "name": "4. Material Wash",
      "right": 729,
      "top": 864,
      "width": 166.5
    }
  ],
  "dock": {
    "bottom": 921,
    "height": 294.9375,
    "left": 20,
    "right": 748,
    "top": 626.0625,
    "width": 728
  },
  "viewport": [
    768,
    1024
  ]
}

✓ Screenshot saved to screenshots/growth/2026-09-08-8093-pencil-01-tablet-portrait-solid-supplement.png

✓ Done

