✓ X-Ray by Looplet
  http://127.0.0.1:8080/

✓ Done

true

✓ Done

true

{
  "bytes": 817,
  "name": "New project",
  "revision": 1
}

✓ Screenshot saved to screenshots/growth/2026-09-08-az3-protected-saves/v2-s3-01-before-tablet.png

✓ Done

true

✓ Done

"quota-injected"

✓ Done

true

{
  "alert": "Could not save the project: Injected quota failure",
  "buttons": [
    {
      "height": 44,
      "text": "Retry saving project",
      "width": 131
    }
  ],
  "storedEqualsBefore": true,
  "viewport": [
    1024,
    768
  ],
  "visibleName": "Quota retry name"
}

✓ Screenshot saved to screenshots/growth/2026-09-08-az3-protected-saves/v2-s3-02-quota-unsaved-tablet.png

"quota-restored"

✓ Done

true

✓ Done

{
  "previousRevision": 1,
  "status": "Project record saved on this device · revision 2",
  "storedName": "Quota retry name",
  "storedRevision": 2
}

✓ Screenshot saved to screenshots/growth/2026-09-08-az3-protected-saves/v2-s3-03-quota-recovered-tablet.png

