✓ X-Ray by Looplet
  http://127.0.0.1:8096/

✓ Done

true

✓ Done

true

{
  "bytes": 1069,
  "name": "Second window name",
  "revision": 3
}

✓ Screenshot saved to screenshots/growth/2026-09-09-az3-release/prod-saves-v2-s3-01-before-tablet.png

✓ Done

true

✓ Done

"quota-injected"

✓ Done

true

{
  "alert": "Could not save the project: Injected quota failure",
  "buttons": [
    {
      "height": 44,
      "text": "Retry saving project",
      "width": 131
    }
  ],
  "storedEqualsBefore": true,
  "viewport": [
    1024,
    768
  ],
  "visibleName": "Quota retry name"
}

✓ Screenshot saved to screenshots/growth/2026-09-09-az3-release/prod-saves-v2-s3-02-quota-unsaved-tablet.png

"quota-restored"

✓ Done

true

✓ Done

{
  "previousRevision": 3,
  "status": "Project record saved on this device · revision 4",
  "storedName": "Quota retry name",
  "storedRevision": 4
}

✓ Screenshot saved to screenshots/growth/2026-09-09-az3-release/prod-saves-v2-s3-03-quota-recovered-tablet.png

