http://tauri.localhost/

true

true

✓ Done

true

"opened"

true

true

"panel"

✓ Done

✓ Done

true

"edits allowed"

✓ Done

✓ Done

true

{
  "paused": false,
  "tools": [
    "read_project_contextRunning read_project_context…Running read_project_context…",
    "read_project_contextTool result{\"projectId\":\"job-3244d346-dc0b-448a-8450-d3003cbb28ba\",\"projectName\":\"Other window revision\",\"projectRevision\":3,\"pane\":\"sketch\"",
    "read_architect_designRunning read_architect_design…Running read_architect_design…",
    "read_architect_designTool result{\"project\":{\"schema\":\"xray.architect/v1\",\"id\":\"job-3244d346-dc0b-448a-8450-d3003cbb28ba\",\"revision\":2,\"name\":\"Untitled architect",
    "read_workbench_structureRunning read_workbench_structure…Running read_workbench_structure…",
    "read_workbench_structureTool result{\"units\":{\"architecturalDesign\":\"mm\",\"sourceBuilding\":\"m\",\"sourceSheets\":\"PDF page pixels\"},\"panes\":[\"overview\",\"sheets\",\"mea",
    "draw_architect_elementsRunning draw_architect_elements…Running draw_architect_elements…",
    "draw_architect_elementsTool result{\"projectId\":\"job-3244d346-dc0b-448a-8450-d3003cbb28ba\",\"designRevision\":3,\"saved\":true,\"readbackVerified\":true,\"created\":[{\"k",
    "read_architect_designRunning read_architect_design…Running read_architect_design…",
    "read_architect_designTool result{\"project\":{\"schema\":\"xray.architect/v1\",\"id\":\"job-3244d346-dc0b-448a-8450-d3003cbb28ba\",\"revision\":3,\"name\":\"Untitled architect",
    "edit_architect_elementsRunning edit_architect_elements…Running edit_architect_elements…",
    "edit_architect_elementsTool result{\"projectId\":\"job-3244d346-dc0b-448a-8450-d3003cbb28ba\",\"designRevision\":4,\"saved\":true,\"readbackVerified\":true,\"changed\":[{\"k",
    "read_architect_designRunning read_architect_design…Running read_architect_design…",
    "read_architect_designTool result{\"project\":{\"schema\":\"xray.architect/v1\",\"id\":\"job-3244d346-dc0b-448a-8450-d3003cbb28ba\",\"revision\":4,\"name\":\"Unlock test\",\"addr"
  ]
}

"edits allowed"

1

✓ Done

✓ Done

true

{
  "errors": [],
  "replies": [
    "AssistantThe operations have been completed and verified in project `job-3244d346-dc0b-448a-8450-d3003cbb28ba` (Design Revision 4):\n\n1. **Extruded building**: Drew a 2-storey 10 m × 8 m building based on the Ground level with 3,000 mm storey heights and a hip roof (created new Level 4 and 8 new walls).\n2. **Edited elements**:\n   - Removed the newly created roof on Level 4 (`eee69f94-11e5-4a66-8bae-422fdc719a1e`).\n   - Moved the ground-floor wall (`592b4401-1619-4828-bec4-a635a67ad4ee`) from `(0, 0) → (10000, 0)` to `(0, -2000) → (10000, -2000)`.\n   - Renamed the design to **\"Unlock test\"**.\n\n### Current Counts:\n- **Walls**: 20\n- **Roofs**: 1\n- **Levels**: 4",
    "AssistantDONE"
  ],
  "tools": [
    "read_project_contextRunning read_project_context…Running read_project_context…",
    "read_project_contextTool result{\"projectId\":\"job-3244d346-dc0b-448a-8450-d3003cbb28ba\",\"projectName\":\"Other window revision\",\"projectRevision\":3,\"pane\":\"sketch\",\"sourcePage\":1,\"documents\":[{\"id\":\"doc-",
    "read_architect_designRunning read_architect_design…Running read_architect_design…",
    "read_architect_designTool result{\"project\":{\"schema\":\"xray.architect/v1\",\"id\":\"job-3244d346-dc0b-448a-8450-d3003cbb28ba\",\"revision\":2,\"name\":\"Untitled architectural design\",\"address\":\"\",\"designRevisio",
    "read_workbench_structureRunning read_workbench_structure…Running read_workbench_structure…",
    "read_workbench_structureTool result{\"units\":{\"architecturalDesign\":\"mm\",\"sourceBuilding\":\"m\",\"sourceSheets\":\"PDF page pixels\"},\"panes\":[\"overview\",\"sheets\",\"measure\",\"sketch\",\"components\",\"model\",\"ren",
    "draw_architect_elementsRunning draw_architect_elements…Running draw_architect_elements…",
    "draw_architect_elementsTool result{\"projectId\":\"job-3244d346-dc0b-448a-8450-d3003cbb28ba\",\"designRevision\":3,\"saved\":true,\"readbackVerified\":true,\"created\":[{\"kind\":\"wall\",\"id\":\"592b4401-1619-4828-bec",
    "read_architect_designRunning read_architect_design…Running read_architect_design…",
    "read_architect_designTool result{\"project\":{\"schema\":\"xray.architect/v1\",\"id\":\"job-3244d346-dc0b-448a-8450-d3003cbb28ba\",\"revision\":3,\"name\":\"Untitled architectural design\",\"address\":\"\",\"designRevisio",
    "edit_architect_elementsRunning edit_architect_elements…Running edit_architect_elements…",
    "edit_architect_elementsTool result{\"projectId\":\"job-3244d346-dc0b-448a-8450-d3003cbb28ba\",\"designRevision\":4,\"saved\":true,\"readbackVerified\":true,\"changed\":[{\"kind\":\"wall\",\"id\":\"592b4401-1619-4828-bec",
    "read_architect_designRunning read_architect_design…Running read_architect_design…",
    "read_architect_designTool result{\"project\":{\"schema\":\"xray.architect/v1\",\"id\":\"job-3244d346-dc0b-448a-8450-d3003cbb28ba\",\"revision\":4,\"name\":\"Unlock test\",\"address\":\"\",\"designRevision\":\"A\",\"units\":\"mm"
  ]
}

✗ Evaluation error: Error: Roof still present
    at <anonymous>:1:319
    at <anonymous>:1:597
