http://127.0.0.1:8080/

true

✓ Done

true

✓ Done

true

- combobox "Current plan" [expanded=false, disabled, ref=e6]: Open a plan to begin
  - option "Open a plan to begin" [disabled, ref=e19]
- navigation "Panes" [ref=e1]
  - button "Overview" [ref=e7]
  - button "Sheets" [ref=e8]
  - button "Measure" [ref=e9]
  - button "Sketch" [ref=e10]
  - button "Components" [ref=e11]
  - button "Model" [ref=e12]
  - button "Render" [ref=e13]
  - button "Review" [ref=e14]
  - button "Cost" [ref=e15]
  - button "Proof" [ref=e16]
- button "Backups" [ref=e2]
- button "Settings" [ref=e3]
- button "Log in" [ref=e4]
- navigation "Sketch workspaces" [ref=e17]
  - button "Architectural workspace" [ref=e20]
  - button "Source annotations" [ref=e21]
- heading "Untitled architectural design" [level=1, ref=e30]
- button "Load demonstration" [ref=e31]
- button "Backup" [ref=e32]
- button "Restore" [ref=e33]
- navigation "Architectural views" [ref=e22]
  - button "Drawing studio" [ref=e34]
  - button "Door & window schedule" [ref=e35]
  - button "Materials & cost" [ref=e36]
  - button "Drawing sheets" [ref=e37]
  - button "AI layout" [ref=e38]
  - combobox "Design level" [expanded=false, ref=e39]: Ground · FFL 0.000
    - option "Ground · FFL 0.000" [selected, ref=e85]
  - button "Level" [ref=e40]
- button "Select" [ref=e41]
- button "Wall" [ref=e42]
- button "Door" [ref=e43]
- button "Window" [ref=e44]
- button "Slab" [ref=e45]
- button "Roof" [ref=e46]
- button "Line" [ref=e47]
- button "Circle" [ref=e48]
- button "Dimension" [ref=e49]
- button "Room tag" [ref=e50]
- button "Section" [ref=e51]
- button "Grid" [ref=e52]
- button "Undo design edit" [disabled, ref=e53]
- button "Redo design edit" [disabled, ref=e54]
- button "Fit" [ref=e55]
- combobox "Tracking" [expanded=false, ref=e56]: Ortho 90°
  - option "Free angle" [ref=e86]
  - option "Ortho 90°" [selected, ref=e87]
  - option "Polar" [ref=e88]
- spinbutton "Exact drawing length mm" [ref=e57]
- combobox "Drawing projection" [expanded=false, ref=e23]: plan
  - option "plan" [selected, ref=e69]
  - option "north" [ref=e70]
  - option "south" [ref=e71]
  - option "east" [ref=e72]
  - option "west" [ref=e73]
  - option "section" [ref=e74]
- checkbox "Live 3D" [checked=true, ref=e24]
- checkbox "Roof" [checked=true, ref=e25]
- checkbox "All levels in 3D" [checked=false, ref=e26]
- image "Editable architectural plan" [ref=e27] focusable [tabindex]
  - generic "A" [ref=e58] clickable [onclick]
  - generic "A" [ref=e59] clickable [onclick]
- image "Live architectural 3D model" [ref=e60] focusable [tabindex]
- button "Orbit" [ref=e75]
- button "Fly" [ref=e76]
- button "Walk-through" [ref=e77]
- heading "Design settings" [level=2, ref=e78]
- textbox "Design name" [ref=e79]: Untitled architectural design
- textbox "Project address" [ref=e80]
- textbox "Drawing revision" [ref=e81]: A
- textbox "Level name" [ref=e82]: Ground
- spinbutton "Level FFL mm" [ref=e83]: 0
- spinbutton "Default ceiling height mm" [ref=e84]: 2700
- button "Export DXF" [ref=e61]
- button "Export DWG" [disabled, ref=e62]
- LabelText "Import DXF" [ref=e63] clickable [cursor:pointer]
- button "Export IFC" [ref=e64]
- generic "Logs11Console1Errors0StatusDevelopment" [ref=e18] clickable [onclick]
  - separator "Resize bottom panel" [ref=e28] focusable [tabindex]: 22
  - tab "Logs 11" [ref=e65]
  - tab "Console 1" [ref=e66]
  - tab "Errors 0" [ref=e67]
  - tab "Status" [selected, ref=e68]
  - button "Expand workspace diagnostics" [expanded=false, ref=e29]
- button "Live assistant Drawing tools" [expanded=false, ref=e5]

✓ Done

true

✓ Done

true

"Legacy design ready"

✓ Screenshot saved to screenshots/growth/authored-sheets-legacy-before.png

✓ Done

true

✓ Done

✓ Done

true

✓ Done

true

{
  "id": "a26956d5-4ce0-407d-8065-26ccf795b299",
  "viewports": [
    {
      "height": 113.5,
      "id": "b900379d-5a16-4349-9287-c6bbb033bc46",
      "levelId": "0f46c57e-796e-49d2-8080-a8ebfeb87638",
      "scale": "50",
      "view": "plan",
      "width": 192,
      "x": 12,
      "y": 12
    },
    {
      "height": 113.5,
      "id": "90199c8f-4ba5-4f64-9d02-49faa2608946",
      "levelId": "0f46c57e-796e-49d2-8080-a8ebfeb87638",
      "scale": "50",
      "view": "plan",
      "width": 194,
      "x": 210,
      "y": 12
    }
  ]
}

✓ Done

true

✓ Done

true

"Paper resize preserves viewports"

✓ Done

true

✓ Done

true

✓ Screenshot saved to screenshots/growth/authored-sheets-archive-review.png

"Archive review captured"

✓ Done

true

"Archived fixture retained for reopen"

✓ Screenshot saved to screenshots/growth/authored-sheets-archived.png

http://127.0.0.1:8080/

true

✓ Done

true

✓ Done

true

✓ Done

true

"Exact archived project bytes reopened"

✓ Done

true

✗ Evaluation error: SyntaxError: Illegal return statement
