✓ Done

true

{
  "active": 12,
  "names": [
    "UngroupedSheet 1Original",
    "ArchitectureGround floor",
    "Level 1 planOriginal pag",
    "UngroupedSheet 4Original",
    "Sheet 5Original page 5Vi",
    "Sheet 6Original page 6Vi",
    "Sheet 7Original page 7Vi",
    "Sheet 8Original page 8Vi",
    "Sheet 9Original page 9Vi",
    "Sheet 10Original page 10",
    "Sheet 11Original page 11",
    "Sheet 13Original page 13"
  ]
}

✓ Screenshot saved to screenshots/growth/2026-09-09-az4-release/native-workbench-desktop-02-after-assistant.png

{
  "backups": 1,
  "found": {
    "jobId": "job-32058214-c24c-4e1b-89e6-28a13a7f3642",
    "jobRevision": 3,
    "name": "Assistant checkpoint",
    "plans": 1,
    "sha256": "5b1416a00830317574996bf3338c63bc0555e91609ed81b8581abac4c9eb63b4",
    "sizeBytes": 9357322
  }
}

✓ Done

true

✓ Screenshot saved to screenshots/growth/2026-09-09-az4-release/native-workbench-desktop-03-backups.png

✗ 10 elements have role "button", but none match name "Close". Names seen: "Close Project backups", "Save project backup", "Import backup", "Active (1)", "Archived (0)", ...
