✓ Done

✓ Done

true

true

"Drag testing armed"

✓ Done

true

true

"Exact title and Close target checked; SVG world point scrolled into view"

true

{
  "actual": [
    -0.0002852627669511776,
    2.0735734838086213
  ],
  "requested": [
    0,
    2.1
  ]
}

true

"Start action scrolled into view"

true

✓ Done

true

105

true

"Look direction set through drag input"

true

✓ Screenshot saved to screenshots/growth/walkthrough-polish-production-source-01-slide-before.png

"Movement pressed"

true

"Movement released"

{
  "closedDoorStopped": [
    -0.00028526276695129717,
    0.014999999664723871,
    3.0495535833860976
  ]
}

✓ Screenshot saved to screenshots/growth/walkthrough-polish-production-source-01-closed-door-block.png

{
  "doorSafety": "Step back requested"
}

"Movement pressed"

true

"Movement released"

true

"Interaction pressed"

true

{
  "bodyArmBeforeScreenshot": {
    "anchor": "camera-body",
    "armProgress": 0.355,
    "asset": "ready",
    "doorProgress": 0.355,
    "frame": 268,
    "visible": "true"
  }
}

✓ Screenshot saved to screenshots/growth/walkthrough-polish-production-source-01-reach.png

{
  "bodyArmAfterScreenshot": {
    "anchor": "camera-body",
    "asset": "ready",
    "frame": 276,
    "note": "Capture latency may advance animation; inspect the actual screenshot for visible attached arm",
    "progress": 0.672,
    "visible": "true"
  }
}

true

✓ Screenshot saved to screenshots/growth/walkthrough-polish-production-source-01-slide-open.png

true

✓ Done

true

"Door pose retained in Wireframe"

✓ Screenshot saved to screenshots/growth/walkthrough-polish-production-source-01-open-wireframe.png

✓ Done

✓ Done

"Door pose retained with roof hidden"

✓ Done

"Movement pressed"

true

"Movement released"

true

{
  "doorPassed": [
    -0.0002852627669514479,
    -0.07000000029802322,
    4.279258219158141
  ],
  "eye": [
    -0.0002852627669514479,
    1.579999999701977,
    4.279258219158141
  ]
}

✓ Screenshot saved to screenshots/growth/walkthrough-polish-production-source-01-terrace-stepdown.png

"Look direction set through drag input"

true

✓ Done

true

✓ Screenshot saved to screenshots/growth/walkthrough-polish-production-source-01-closed-from-terrace.png

"Movement pressed"

true

"Movement released"

{
  "outsideClosedStop": [
    -0.0002852627669517481,
    -0.07000000029802324,
    3.60407381163782
  ]
}

"Movement pressed"

true

"Movement released"

true

✓ Done

true

"Movement pressed"

true

"Movement released"

true

{
  "stepup": [
    -0.00028526276695228054,
    0.014999999664723871,
    2.405508799427696
  ]
}

✓ Screenshot saved to screenshots/growth/walkthrough-polish-production-source-01-threshold-return.png

"Interaction pressed"

✓ Done

true

true

"Exact title and Close target checked; SVG world point scrolled into view"

true

{
  "actual": [
    -6.228842341301522,
    2.7992306191718708
  ],
  "requested": [
    -6.2,
    2.8
  ]
}

true

"Start action scrolled into view"

true

✓ Done

true

898

true

"Look direction set through drag input"

true

✓ Screenshot saved to screenshots/growth/walkthrough-polish-production-source-01-stairs-before.png

"Movement pressed"

true

"Movement released"

true

{
  "stairAscent": [
    -6.228842341301522,
    3.1199998855590816,
    -2.135962601306016
  ]
}

✓ Screenshot saved to screenshots/growth/walkthrough-polish-production-source-01-stairs-upper.png

"Movement pressed"

true

"Movement released"

true

✓ Screenshot saved to screenshots/growth/walkthrough-polish-production-source-01-stairs-return.png

"Interaction pressed"

✓ Done

"Bottom controls retained; no observed runtime errors; capture API restored"

✓ Screenshot saved to screenshots/growth/walkthrough-polish-production-source-01-controls.png


✓ Done

true

{
  "settledAtFrame": 1377
}

true

{
  "actualCamera": {
    "capture": "locked",
    "mode": "fly",
    "pitch": 0,
    "position": [
      10.206,
      3.4200000000000004,
      15.5305
    ],
    "speed": 0,
    "yaw": 0.5517952083868698
  },
  "mode": "fly",
  "ready": true,
  "selector": ".building-canvas canvas"
}

{
  "capture": "locked",
  "mode": "fly",
  "pitch": 0,
  "position": [
    10.206,
    3.4200000000000004,
    15.5305
  ],
  "speed": 0,
  "yaw": 0.5517952083868698
}

true

✓ Screenshot saved to screenshots/growth/walkthrough-polish-production-source-01-fly-before.png

{
  "before": {
    "capture": "locked",
    "mode": "fly",
    "pitch": 0,
    "position": [
      10.206,
      3.4200000000000004,
      15.5305
    ],
    "speed": 0,
    "yaw": 0.5517952083868698
  },
  "code": "KeyW"
}

true

{
  "observed": {
    "capture": "locked",
    "mode": "fly",
    "pitch": 0,
    "position": [
      10.010295580568089,
      3.4200000000000004,
      15.212580204680286
    ],
    "speed": 4.818723733072706,
    "yaw": 0.5517952083868698
  },
  "released": "KeyW"
}

true

{
  "after": {
    "capture": "locked",
    "mode": "fly",
    "pitch": 0,
    "position": [
      9.77830940750802,
      3.4200000000000004,
      14.835721077684823
    ],
    "speed": 0.0026678272746682064,
    "yaw": 0.5517952083868698
  },
  "before": {
    "capture": "locked",
    "mode": "fly",
    "pitch": 0,
    "position": [
      10.206,
      3.4200000000000004,
      15.5305
    ],
    "speed": 0,
    "yaw": 0.5517952083868698
  },
  "code": "KeyW",
  "delta": [
    -0.42769059249198094,
    0,
    -0.6947789223151766
  ],
  "distance": 0.815865793987945,
  "horizontalForwardDot": 0.815865793987945,
  "rightDot": -1.27675647831893e-15,
  "signedCameraDot": 0.815865793987945
}

{
  "before": {
    "capture": "locked",
    "mode": "fly",
    "pitch": 0,
    "position": [
      9.77830940750802,
      3.4200000000000004,
      14.835721077684823
    ],
    "speed": 0.0026678272746682064,
    "yaw": 0.5517952083868698
  },
  "code": "KeyS"
}

true

{
  "observed": {
    "capture": "locked",
    "mode": "fly",
    "pitch": 0,
    "position": [
      9.93202388176711,
      3.4200000000000004,
      15.085428643492405
    ],
    "speed": 4.4238624729929565,
    "yaw": 0.5517952083868698
  },
  "released": "KeyS"
}

true

{
  "after": {
    "capture": "locked",
    "mode": "fly",
    "pitch": 0,
    "position": [
      10.144894822749285,
      3.4200000000000004,
      15.431235274650852
    ],
    "speed": 0.004762479595917193,
    "yaw": 0.5517952083868698
  },
  "before": {
    "capture": "locked",
    "mode": "fly",
    "pitch": 0,
    "position": [
      9.77830940750802,
      3.4200000000000004,
      14.835721077684823
    ],
    "speed": 0.0026678272746682064,
    "yaw": 0.5517952083868698
  },
  "code": "KeyS",
  "delta": [
    0.3665854152412642,
    0,
    0.5955141969660289
  ],
  "distance": 0.6993010978510648,
  "horizontalForwardDot": -0.6993010978510648,
  "rightDot": 9.992007221626409e-16,
  "signedCameraDot": 0.6993010978510648
}

{
  "before": {
    "capture": "locked",
    "mode": "fly",
    "pitch": 0,
    "position": [
      10.144894822749285,
      3.4200000000000004,
      15.431235274650852
    ],
    "speed": 0.004762479595917193,
    "yaw": 0.5517952083868698
  },
  "code": "KeyA"
}

true

{
  "observed": {
    "capture": "locked",
    "mode": "fly",
    "pitch": 0,
    "position": [
      9.826668914465438,
      3.4200000000000004,
      15.627482077388434
    ],
    "speed": 4.820904146979296,
    "yaw": 0.5517952083868698
  },
  "released": "KeyA"
}

true

{
  "after": {
    "capture": "locked",
    "mode": "fly",
    "pitch": 0,
    "position": [
      9.45062569471922,
      3.4200000000000004,
      15.859125490958707
    ],
    "speed": 0.0019092619844813304,
    "yaw": 0.5517952083868698
  },
  "before": {
    "capture": "locked",
    "mode": "fly",
    "pitch": 0,
    "position": [
      10.144894822749285,
      3.4200000000000004,
      15.431235274650852
    ],
    "speed": 0.004762479595917193,
    "yaw": 0.5517952083868698
  },
  "code": "KeyA",
  "delta": [
    -0.6942691280300632,
    0,
    0.4278902163078549
  ],
  "distance": 0.8155364242923838,
  "horizontalForwardDot": -0.0004372393623316984,
  "rightDot": -0.8155363070822458,
  "signedCameraDot": 0.8155363070822458
}

{
  "before": {
    "capture": "locked",
    "mode": "fly",
    "pitch": 0,
    "position": [
      9.45062569471922,
      3.4200000000000004,
      15.859125490958707
    ],
    "speed": 0.0019092619844813304,
    "yaw": 0.5517952083868698
  },
  "code": "KeyD"
}

true

{
  "observed": {
    "capture": "locked",
    "mode": "fly",
    "pitch": 0,
    "position": [
      9.70033338049287,
      3.4200000000000004,
      15.705410982906104
    ],
    "speed": 4.4241415336012215,
    "yaw": 0.5517952083868698
  },
  "released": "KeyD"
}

true

{
  "after": {
    "capture": "locked",
    "mode": "fly",
    "pitch": 0,
    "position": [
      10.046368416061595,
      3.4200000000000004,
      15.492399464499144
    ],
    "speed": 0.0017573931300212547,
    "yaw": 0.5517952083868698
  },
  "before": {
    "capture": "locked",
    "mode": "fly",
    "pitch": 0,
    "position": [
      9.45062569471922,
      3.4200000000000004,
      15.859125490958707
    ],
    "speed": 0.0019092619844813304,
    "yaw": 0.5517952083868698
  },
  "code": "KeyD",
  "delta": [
    0.5957427213423756,
    0,
    -0.3667260264595633
  ],
  "distance": 0.6995694165093552,
  "horizontalForwardDot": -5.394907198752463e-8,
  "rightDot": 0.6995694165093531,
  "signedCameraDot": 0.6995694165093531
}

✓ Screenshot saved to screenshots/growth/walkthrough-polish-production-source-01-fly-moved.png

{
  "keysReleased": true,
  "movements": [
    {
      "after": {
        "capture": "locked",
        "mode": "fly",
        "pitch": 0,
        "position": [
          9.77830940750802,
          3.4200000000000004,
          14.835721077684823
        ],
        "speed": 0.0026678272746682064,
        "yaw": 0.5517952083868698
      },
      "before": {
        "capture": "locked",
        "mode": "fly",
        "pitch": 0,
        "position": [
          10.206,
          3.4200000000000004,
          15.5305
        ],
        "speed": 0,
        "yaw": 0.5517952083868698
      },
      "code": "KeyW",
      "delta": [
        -0.42769059249198094,
        0,
        -0.6947789223151766
      ],
      "distance": 0.815865793987945,
      "horizontalForwardDot": 0.815865793987945,
      "rightDot": -1.27675647831893e-15,
      "signedCameraDot": 0.815865793987945
    },
    {
      "after": {
        "capture": "locked",
        "mode": "fly",
        "pitch": 0,
        "position": [
          10.144894822749285,
          3.4200000000000004,
          15.431235274650852
        ],
        "speed": 0.004762479595917193,
        "yaw": 0.5517952083868698
      },
      "before": {
        "capture": "locked",
        "mode": "fly",
        "pitch": 0,
        "position": [
          9.77830940750802,
          3.4200000000000004,
          14.835721077684823
        ],
        "speed": 0.0026678272746682064,
        "yaw": 0.5517952083868698
      },
      "code": "KeyS",
      "delta": [
        0.3665854152412642,
        0,
        0.5955141969660289
      ],
      "distance": 0.6993010978510648,
      "horizontalForwardDot": -0.6993010978510648,
      "rightDot": 9.992007221626409e-16,
      "signedCameraDot": 0.6993010978510648
    },
    {
      "after": {
        "capture": "locked",
        "mode": "fly",
        "pitch": 0,
        "position": [
          9.45062569471922,
          3.4200000000000004,
          15.859125490958707
        ],
        "speed": 0.0019092619844813304,
        "yaw": 0.5517952083868698
      },
      "before": {
        "capture": "locked",
        "mode": "fly",
        "pitch": 0,
        "position": [
          10.144894822749285,
          3.4200000000000004,
          15.431235274650852
        ],
        "speed": 0.004762479595917193,
        "yaw": 0.5517952083868698
      },
      "code": "KeyA",
      "delta": [
        -0.6942691280300632,
        0,
        0.4278902163078549
      ],
      "distance": 0.8155364242923838,
      "horizontalForwardDot": -0.0004372393623316984,
      "rightDot": -0.8155363070822458,
      "signedCameraDot": 0.8155363070822458
    },
    {
      "after": {
        "capture": "locked",
        "mode": "fly",
        "pitch": 0,
        "position": [
          10.046368416061595,
          3.4200000000000004,
          15.492399464499144
        ],
        "speed": 0.0017573931300212547,
        "yaw": 0.5517952083868698
      },
      "before": {
        "capture": "locked",
        "mode": "fly",
        "pitch": 0,
        "position": [
          9.45062569471922,
          3.4200000000000004,
          15.859125490958707
        ],
        "speed": 0.0019092619844813304,
        "yaw": 0.5517952083868698
      },
      "code": "KeyD",
      "delta": [
        0.5957427213423756,
        0,
        -0.3667260264595633
      ],
      "distance": 0.6995694165093552,
      "horizontalForwardDot": -5.394907198752463e-8,
      "rightDot": 0.6995694165093531,
      "signedCameraDot": 0.6995694165093531
    }
  ]
}

true

✓ Screenshot saved to screenshots/growth/walkthrough-polish-production-source-01-fly-escaped.png


"10.041297624144768,3.733952597646568,15.483935054173536"

✓ Done

true

"3.2667539287587,14.290802798149635,-33.947949406322444"

✓ Done

true

"3.266753928758693,14.290802798149635,29.997949406322448"

✓ Done

true

"3.266753928758693,14.290802798149635,29.997949406322455"

✓ Done

true

"-14.448932227612296,12.20999041082112,29.252597512127675"

✓ Done

true

✓ Screenshot saved to screenshots/growth/walkthrough-polish-production-source-01-final-controls.png

"Release movement and bottom camera controls passed"

