✓ Done

✓ Done

✓ Done

✓ Done

true

{
  "interrupted": false
}

true

"Runtime event monitor installed"

✓ Console log cleared

null

✓ Done

true

null

✓ Done

true

null

true

null

true

✓ Done

true

"Door opens without optional arm asset; no runtime exceptions"

✓ Screenshot saved to screenshots/growth/production-38a64-architect-arm-unavailable-open.png

✓ Done

true

✓ Done

true

✓ Done

✓ Done

✓ Done

true

{
  "interrupted": false
}

true

{
  "anchor": "camera-body",
  "animation": "grab.R",
  "asset": "ready"
}

✓ Screenshot saved to screenshots/growth/production-38a64-architect-arm-recovered.png

