[agent-browser] launched browser
✓ X-Ray by Looplet
  http://127.0.0.1:8080/

true

✓ Done

- combobox "Current plan" [expanded=false, disabled, ref=e10]: Open a plan to begin
  - option "Open a plan to begin" [disabled, ref=e41]
- navigation "Panes" [ref=e1]
  - button "Overview" [ref=e11]
  - button "Sheets" [ref=e12]
  - button "Measure" [ref=e13]
  - button "Sketch" [ref=e14]
  - button "Components" [ref=e15]
  - button "Model" [ref=e16]
  - button "Render" [ref=e17]
  - button "Review" [ref=e18]
  - button "Cost" [ref=e19]
  - button "Proof" [ref=e20]
- button "Backups" [ref=e2]
- button "Settings" [ref=e3]
- button "Log in" [ref=e4]
- heading "MODELS" [level=2, ref=e21]
- button "Source building" [ref=e22]
- heading "PROJECT SHEETS 1" [level=2, ref=e23]
- button "Open plan" [ref=e24]
- button "Fit sheet" [ref=e25]
- button "Open source page 1" [ref=e26]
- heading "EVIDENCE LAYERS LIVE" [level=2, ref=e27]
- region "Current project" [ref=e28]
  - heading "New project" [level=2, ref=e34]
  - button "Rename project" [ref=e35]
- region "Manage source sheets" [ref=e29]
  - heading "Sheet register" [level=2, ref=e36]
  - button "Reload list" [ref=e37]
- heading "Your drawing starts here" [level=1, ref=e30]
- region "Open a drawing" [ref=e31]
  - heading "Open a drawing" [level=2, ref=e38]
  - button "Choose a file" [ref=e39]
- generic "Logs9Console0Errors0Status" [ref=e40] clickable [onclick]
  - separator "Resize bottom panel" [ref=e42] focusable [tabindex]: 22
  - tab "Logs 9" [ref=e44]
  - tab "Console 0" [ref=e45]
  - tab "Errors 0" [ref=e46]
  - tab "Status" [selected, ref=e47]
  - button "Expand workspace diagnostics" [expanded=false, ref=e43]
- heading "MODEL READINESS" [level=2, ref=e32]
- button "Collapse" [ref=e33]
- button "Live assistant Drawing tools" [expanded=false, ref=e5]
- separator "Resize left menu" [ref=e6] focusable [tabindex]: 260
- button "Collapse left menu" [expanded=true, ref=e7]
- separator "Resize right menu" [ref=e8] focusable [tabindex]: 400
- button "Collapse right menu" [expanded=true, ref=e9]
