[agent-browser] launched browser
✓ X-Ray by Looplet
  http://127.0.0.1:8080/

✓ Done

true

"cleared"

✓ Done

true

✓ Done

true

✓ Done

true

true

✓ Done

true

true

"{\"label\":\"AFTER desktop 1280x800 measure\",\"viewport\":[1280,800],\"stage\":{\"left\":260,\"width\":620,\"top\":311,\"height\":403},\"dock\":{\"left\":268,\"top\":613,\"width\":520,\"height\":95,\"bottom\":708},\"dockX\":\"8\",\"grip\":{\"cx\":297,\"cy\":638,\"w\":44,\"h\":44},\"controls\":12}"

✓ Done

true

"{\"label\":\"AFTER tablet 1024x768 measure\",\"viewport\":[1024,768],\"stage\":{\"left\":0,\"width\":1024,\"top\":223,\"height\":459},\"dock\":{\"left\":8,\"top\":528,\"width\":520,\"height\":95,\"bottom\":623},\"dockX\":\"8\",\"grip\":{\"cx\":37,\"cy\":553,\"w\":44,\"h\":44}}"

✓ Screenshot saved to screenshots/growth/2026-09-09-draftsman-dock/after-measure-tablet-1024x768.png

