[
  {
    "events": [
      {
        "at": "2026-09-09T13:24:55.310Z",
        "kind": "model-response-unreviewed",
        "parts": [
          {
            "tool": "capture_workspace_image"
          }
        ]
      },
      {
        "at": "2026-09-09T13:24:55.331Z",
        "kind": "tool-intent",
        "tool": "capture_workspace_image"
      },
      {
        "at": "2026-09-09T13:24:55.389Z",
        "kind": "tool-result",
        "tool": "capture_workspace_image"
      },
      {
        "at": "2026-09-09T13:24:55.436Z",
        "kind": "model-checkpoint"
      },
      {
        "at": "2026-09-09T13:25:14.624Z",
        "kind": "model-response-unreviewed",
        "parts": [
          {
            "text": "### 🏛️ Stage 2 Model Execution & Verification\n\nThe illustrative Stage 2 architectural additions for **AB-01 Courtyard Learning Centre** have been modeled, readback-verified, and mounted in the 3D Model viewer in solid display mode.\n\n---\n\n### 📋 Elements Summary & Verification\n\n```mindmap\nAB-01 Stage 2 Model\n  Levels\n    Ground Floor (0 mm)\n    Upper Floor (3600 mm)\n  Walls (16 total)\n    8 Ground Floor boundary walls\n    8 Upper Floor boundary walls\n  Openings (18 total)\n    Doors (6 total)\n      D-GF-01 (West courtyard wall)\n      D-GF-02 (North courtyard wall)\n      D-GF-03 (East courtyard wall)\n      D-UF-01 (West courtyard wall)\n      D-UF-02 (North courtyard wall)\n      D-UF-03 (East courtyard wall)\n    Windows (12 total)\n      W-GF-W1, W-GF-W2 (GF West)\n      W-GF-N1, W-GF-N2 (GF North)\n      W-GF-E1, W-GF-E2 (GF East)\n      W-UF-W1, W-UF-W2 (UF West)\n      W-UF-N1, W-UF-N2 (UF North)\n      W-UF-E1, W-UF-E2 (UF East)\n  Slabs (34 total)\n    Building Slabs (7 total)\n    Stair Treads (23 total)\n    Site Slab (1 total)\n    Courtyard Pond (1 total)\n    Planter Beds (2 total)\n  Roofs (3 total)\n```\n\n---\n\n### 🚪 Doors & Windows\n\n* **Courtyard Entry Doors (6 total, 1.2 m W × 2.4 m H)**:\n  * **Ground Floor**:\n    * `D-GF-01` (`10aa02db-d162-4967-bd6e-bb3e353542ca`): Hosted on `34326fca-431a-4d4f-be51-dd34f0920a26` (West wing, courtyard face), centered at offset 6,000 mm.\n    * `D-GF-02` (`4ca2d808-f6f1-4a58-badc-68381aa458b2`): Hosted on `201b0d64-fd2d-48c2-b675-f46879c6481c` (North wing, courtyard face), centered at offset 6,000 mm.\n    * `D-GF-03` (`6cea66a0-2a9c-4f53-95bf-0619e67c1208`): Hosted on `692a190a-c78c-4574-87cb-93fec89f700d` (East wing, courtyard face), centered at offset 6,000 mm.\n  * **Upper Floor** (*Conceptual openings for benchmark geometry only; no compliant access or constructability claimed*):\n    * `D-UF-01` (`fac82101-5dc6-4479-a048-ac3d4f2b1e24`): Hosted on `a426e762-5999-472e-a230-f8b7900bd4b1` (West wing, courtyard face), centered at offset 6,000 mm.\n    * `D-UF-02` (`edc6cc8c-6a92-467c-a38f-e7eb6a0c1d0a`): Hosted on `a920f31e-947c-478c-a2bf-d4880b929f3c` (North wing, courtyard face), centered at offset 6,000 mm.\n    * `D-UF-03` (`0ade4e46-7f87-4b78-83fa-ea1e7d644374`): Hosted on `33108938-bb25-4575-948f-a39b0fc937ed` (East wing, courtyard face), centered at offset 6,000 mm.\n\n* **Exterior Windows (12 total, 1.8 m W × 1.5 m H, 0.9 m sill)**:\n  * **Ground Floor Outer Perimeter**:\n    * West wall (`0c36c356-ef2d-4fc6-bfb9-d97b476bff2e`): `W-GF-W1` (offset 6,000 mm) & `W-GF-W2` (offset 12,000 mm).\n    * North wall (`95bfd96f-24bf-47c7-9b30-33aa1543507e`): `W-GF-N1` (offset 8,000 mm) & `W-GF-N2` (offset 16,000 mm).\n    * East wall (`89b5ba53-2853-4b27-8946-07f894a94d87`): `W-GF-E1` (offset 6,000 mm) & `W-GF-E2` (offset 12,000 mm).\n  * **Upper Floor Outer Perimeter**:\n    * West wall (`b0ecba24-8c98-406f-811c-127ac4ff33f9`): `W-UF-W1` (offset 6,000 mm) & `W-UF-W2` (offset 12,000 mm).\n    * North wall (`eb5a2608-e831-49df-b931-8af384d75e44`): `W-UF-N1` (offset 8,000 mm) & `W-UF-N2` (offset 16,000 mm).\n    * East wall (`c08cee0c-7f70-4d63-9b78-c59d8b23a3dc`): `W-UF-E1` (offset 6,000 mm) & `W-UF-E2` (offset 12,000 mm).\n  * All windows are positioned clear of doors and evenly spaced along their respective exterior wall spans.\n\n---\n\n### 🪜 Internal Stair Geometry\n\n* **Classification Disclosure**: The stair is a **geometric approximation** constructed using 23 discrete supported `slab` elements. The workbench schema does not possess a native parametric stair entity.\n* **Geometry & Spacing**:\n  * Positioned inside the reserved west-wing void ($X \\in [2400, 3600]\\,\\text{mm}$).\n  * 23 visible treads (`Tread-01` to `Tread-23`), each $1,200\\,\\text{mm}$ wide, $300\\,\\text{mm}$ deep, and $50\\,\\text{mm}$ thick, assigned material `\"Timber\"`.\n  * Rises: 24 equal rises of $150\\,\\text{mm}$ starting from ground level ($0\\,\\text{mm}$) up to the upper floor elevation ($3,600\\,\\text{mm}$).\n  * Alignment: Treads ascend from $Y = 5,700\\,\\text{mm}$ to $Y = 12,600\\,\\text{mm}$.\n  * Upper Floor Connection: The uppermost tread (`Tread-23`, offset $+3,450\\,\\text{mm}$, top edge at $Y = 12,600\\,\\text{mm}$) abuts the upper floor slab landing (`UF-Slab-West-North`, edge at $Y = 12,600\\,\\text{mm}$) with **$0\\,\\text{mm}$ horizontal gap**. The final $150\\,\\text{mm}$ rise steps directly onto the upper-floor finished slab level.\n  * The stairwell void remains open above the run, with no floor slabs obstructing the flight.\n\n---\n\n### 🌳 Site Slab & Courtyard Elements\n\n* **Site Slab** (`cb82ff24-6e88-49c6-990f-3d7e2e2ddb95`, `\"Site-Slab\"`):\n  * Dimensions: $32.0\\,\\text{m} \\times 26.0\\,\\text{m}$ ($X \\in [-4000, 28000]\\,\\text{mm}$, $Y \\in [-4000, 22000]\\,\\text{mm}$), providing uniform $4\\,\\text{m}$ margins around the $24\\,\\text{m} \\times 18\\,\\text{m}$ building envelope.\n  * Elevation & Thickness: Top at $-0.3\\,\\text{m}$ (offset $-300\\,\\text{mm}$), thickness $0.2\\,\\text{m}$ ($200\\,\\text{mm}$), material `\"Site Concrete\"`.\n\n* **Courtyard Pond** (`34e6e935-b7fd-4ae9-b995-b5ad13dfa8ab`, `\"Courtyard-Pond\"`):\n  * Dimensions: $6.0\\,\\text{m} \\times 3.0\\,\\text{m}$ ($X \\in [9000, 15000]\\,\\text{mm}$, $Y \\in [1000, 4000]\\,\\text{mm}$).\n  * Surface & Thickness: Top water surface at $-0.1\\,\\text{m}$ (offset $-100\\,\\text{mm}$), thickness $200\\,\\text{mm}$, material explicitly named `\"Water\"`.\n  * Placement: Centered horizontally in the southern courtyard zone, maintaining $\\ge 2,000\\,\\text{mm}$ clearance from all wing entry doors.\n\n* **Raised Planter Beds (2 total)**:\n  * West Bed (`60b8832f-2c69-4c44-a574-493aebfa6f96`, `\"Planter-Bed-West\"`): $4.0\\,\\text{m} \\times 1.0\\,\\text{m}$ ($X \\in [6500, 10500]\\,\\text{mm}$, $Y \\in [8500, 9500]\\,\\text{mm}$).\n  * East Bed (`f0486ac5-b329-458c-bc3c-aeb2b06885bb`, `\"Planter-Bed-East\"`): $4.0\\,\\text{m} \\times 1.0\\,\\text{m}$ ($X \\in [13500, 17500]\\,\\text{mm}$, $Y \\in [8500, 9500]\\,\\text{mm}$).\n  * Elevation & Thickness: Top at $+0.6\\,\\text{m}$ (offset $+600\\,\\text{mm}$), thickness $600\\,\\text{mm}$, material explicitly named `\"Planting\"`.\n  * Clearance: Separated by a central $3.0\\,\\text{m}$ walkway leading to the North courtyard door, clear of each other, pond, and all doorways.\n\n* **Renderer Material Display Disclosure**:\n  * While the materials are recorded as `\"Water\"` and `\"Planting\"` in the project data, the active solid 3D canvas uses a shared material shader with standard geometric shading. It does not provide physically distinct procedural water caustics, foliage textures, or transparency.\n\n---\n\n### 🔍 Verified Entity Counts & Limitations\n\n* **Design Status**: Revision `8`, saved and readback-verified.\n* **Storeys**: 2 levels (`Ground Floor` at $0\\,\\text{mm}$, `Upper Floor` at $3,600\\,\\text{mm}$).\n* **Walls**: 16 total exterior walls.\n* **Openings**: 18 total (6 doors, 12 windows).\n* **Slabs**: 34 total (1 GF building slab, 6 UF split slabs, 23 stair treads, 1 site slab, 1 pond slab, 2 planter bed slabs).\n* **Roofs**: 3 flat roof zones over the building footprint.\n* **Model Viewer**: Successfully mounted in solid display mode under scene hash `2dcfd3839480e59d885e603fb762d4bfd8b67e5874a3597d4616984704f79b76`.\n* **Remaining Limitations**: This benchmark model is an illustrative internal draft (`xray.internal-draft/1`). It is uncalibrated against real-world survey datum and does not represent an engineered, compliant, or construction-ready release. Upper-level courtyard doors function as conceptual geometric openings without balustrades or egress decks."
          }
        ]
      },
      {
        "at": "2026-09-09T13:25:14.674Z",
        "kind": "task-checkpoint"
      }
    ],
    "id": "ff92cf18-d57e-4ee1-b1bc-1cd4787ffe1e",
    "next": "Validate the draft against its sources and acceptance tests. No professional approval or issue recorded.",
    "pending": null,
    "state": "review-required"
  },
  {
    "events": [
      {
        "at": "2026-09-09T13:20:28.767Z",
        "kind": "model-response-unreviewed",
        "parts": [
          {
            "tool": "capture_workspace_image"
          }
        ]
      },
      {
        "at": "2026-09-09T13:20:28.790Z",
        "kind": "tool-intent",
        "tool": "capture_workspace_image"
      },
      {
        "at": "2026-09-09T13:20:28.850Z",
        "kind": "tool-result",
        "tool": "capture_workspace_image"
      },
      {
        "at": "2026-09-09T13:20:28.886Z",
        "kind": "model-checkpoint"
      },
      {
        "at": "2026-09-09T13:20:45.549Z",
        "kind": "model-response-unreviewed",
        "parts": [
          {
            "text": "### 📐 Structural Wireframe Model Built\n\nI have constructed the two-storey U-shaped structural wireframe for the Courtyard Learning Centre in the Architectural workspace, verified all geometry and openings, saved the project record, mounted it in Model mode as a wireframe scene, and captured the live 3D view.\n\n---\n\n### 🏛️ Hierarchy and Layout\n\n```mindmap\nAB-01 Courtyard Learning Centre\n  Ground Floor (0.0 m to 3.6 m)\n    8 exterior boundary walls\n    250 mm ground floor slab\n    Open southern courtyard (12 m x 12 m)\n  Upper Floor (3.6 m to 7.2 m)\n    8 exterior boundary walls\n    250 mm floor slab panels\n    Stairwell opening (1.2 m x 7.2 m)\n  Roof (7.2 m)\n    3 flat roof zones (0 pitch, 0 eaves)\n    Courtyard unroofed\n```\n\n---\n\n### 🧱 Level and Element Verification\n\n#### 1. Storey Levels\n* **Ground Floor** (`a7a0093e-ae22-4bd8-88f0-ba49a3bde758`): Elevation `0 mm`, height `3600 mm`.\n* **Upper Floor** (`df8252dd-c9ca-4a2a-a764-52a2034902d6`): Elevation `3600 mm`, height `3600 mm`.\n\n#### 2. Exterior Boundary Walls (8 per level, 16 total)\nEach wall is 3600 mm high, tracking the 24 m × 18 m outer U-shape with a 12 m × 12 m open south courtyard:\n* **West wing south wall**: (0, 0) to (6000, 0) mm — Ground `2a1433fb-fe5b-47f2-9720-9b7836be5ffd`, Upper `f7b3058f-82b6-4b13-80f2-b32ec0545f7d` (6.0 m).\n* **Courtyard west inner wall**: (6000, 0) to (6000, 12000) mm — Ground `34326fca-431a-4d4f-be51-dd34f0920a26`, Upper `a426e762-5999-472e-a230-f8b7900bd4b1` (12.0 m).\n* **Courtyard north inner wall**: (6000, 12000) to (18000, 12000) mm — Ground `201b0d64-fd2d-48c2-b675-f46879c6481c`, Upper `a920f31e-947c-478c-a2bf-d4880b929f3c` (12.0 m).\n* **Courtyard east inner wall**: (18000, 12000) to (18000, 0) mm — Ground `692a190a-c78c-4574-87cb-93fec89f700d`, Upper `33108938-bb25-4575-948f-a39b0fc937ed` (12.0 m).\n* **East wing south wall**: (18000, 0) to (24000, 0) mm — Ground `6f246fc6-fba2-4b5c-8091-bbe2e07347ff`, Upper `c4943dec-9e43-44f4-9b5b-ab012a269f88` (6.0 m).\n* **East wing outer wall**: (24000, 0) to (24000, 18000) mm — Ground `89b5ba53-2853-4b27-8946-07f894a94d87`, Upper `c08cee0c-7f70-4d63-9b78-c59d8b23a3dc` (18.0 m).\n* **North wing outer wall**: (24000, 18000) to (0, 18000) mm — Ground `95bfd96f-24bf-47c7-9b30-33aa1543507e`, Upper `eb5a2608-e831-49df-b931-8af384d75e44` (24.0 m).\n* **West wing outer wall**: (0, 18000) to (0, 0) mm — Ground `0c36c356-ef2d-4fc6-bfb9-d97b476bff2e`, Upper `b0ecba24-8c98-406f-811c-127ac4ff33f9` (18.0 m).\n\n#### 3. Slabs and Stairwell Void\n* **Ground floor slab** (`afb1a1c4-2d7f-429d-b34d-d0101a98dbfa`): Continuous 250 mm thick concrete slab following the 8-point U-footprint, top at elevation 0 mm.\n* **Stairwell opening**: Positioned at X: [2400, 3600] mm and Y: [5400, 12600] mm inside the west wing. This reserves exactly 1.2 m × 7.2 m, providing 2.4 m clear passage on both sides and 5.4 m clear floor space at both north and south ends.\n* **Upper floor slab panels**: Because native slabs cannot hold negative internal voids within a single perimeter, the upper floor (top at 3.6 m, thickness 250 mm) is framed around the stairwell void using six contiguous rectangular slabs:\n  * South west wing (`2aea528a-1407-4943-a7db-fc79dbda3a02`): [0, 6000] × [0, 5400] mm.\n  * West flank strip (`b951177d-2107-43b0-ba15-9980bb2346e9`): [0, 2400] × [5400, 12600] mm.\n  * East flank strip (`dae85a4a-cb35-45cf-9e39-2bb84ab722e1`): [3600, 6000] × [5400, 12600] mm.\n  * North west wing (`91409341-a494-4ae8-8352-79ab0a7fddfa`): [0, 6000] × [12600, 18000] mm.\n  * North wing (`d539f8fa-d54e-41ea-9a40-6a84d9df9fe6`): [6000, 18000] × [12000, 18000] mm.\n  * East wing (`48ca270a-cb74-4614-81f9-603434b4ac05`): [18000, 24000] × [0, 18000] mm.\n\n#### 4. Flat Roof\n* System constraints require roof boundaries to be convex zones. The concave U-footprint flat roof (elevation 7.2 m, 0 mm eaves, 0° pitch) was placed using three contiguous rectangular zones on the Upper Floor level with a 3600 mm vertical offset:\n  * West wing roof (`f67ad274-6369-4a33-88a7-d4eb106fd9b5`): [0, 6000] × [0, 18000] mm.\n  * North wing roof (`2e85a2a3-a6d3-4ac9-82c1-6887c72eafc9`): [6000, 18000] × [12000, 18000] mm.\n  * East wing roof (`1fd2d1c1-ae75-436c-8d89-b1d5d57f6fab`): [18000, 24000] × [0, 18000] mm.\n* The 12 m × 12 m courtyard remains completely open to the sky.\n\n---\n\n### 📋 Technical Disclosures and Blockers\n\n* **Unsupported void cutouts**: Architectural slabs do not accept isolated interior void rings. The stairwell penetration was modelled by subdividing the upper floor slab into modular panels around the 1.2 m × 7.2 m void.\n* **Convex roof constraint**: Roof geometry requires convex polygons; a monolithic concave U-shape was resolved into three abutting convex roof rectangles.\n* **Wall assembly**: All 16 boundary walls utilize the unpriced default 260 mm multi-layer assembly (110 mm brick, 50 mm cavity, 90 mm stud, 10 mm plasterboard).\n* **Data status**: As specified in the work packet, this is an illustrative, unverified internal draft design without governing source calibration or professional engineering sign-off."
          }
        ]
      },
      {
        "at": "2026-09-09T13:20:45.602Z",
        "kind": "task-checkpoint"
      }
    ],
    "id": "1c92797c-6212-4f51-8f70-e8d63e2d123b",
    "next": "Validate the draft against its sources and acceptance tests. No professional approval or issue recorded.",
    "pending": null,
    "state": "review-required"
  },
  {
    "events": [
      {
        "at": "2026-09-09T13:14:10.528Z",
        "kind": "tool-result",
        "tool": "read_architect_design"
      },
      {
        "at": "2026-09-09T13:14:10.553Z",
        "kind": "model-checkpoint"
      },
      {
        "at": "2026-09-09T13:14:12.577Z",
        "kind": "model-response-unreviewed",
        "parts": [
          {
            "tool": "read_workbench_structure"
          }
        ]
      },
      {
        "at": "2026-09-09T13:14:12.590Z",
        "kind": "tool-intent",
        "tool": "read_workbench_structure"
      },
      {
        "at": "2026-09-09T13:14:12.608Z",
        "kind": "tool-result",
        "tool": "read_workbench_structure"
      },
      {
        "at": "2026-09-09T13:14:12.631Z",
        "kind": "model-checkpoint"
      }
    ],
    "id": "1485dcf8-aa9b-41b1-8e04-9245597c0803",
    "next": "Read the tool receipt, inspect evidence and validate the draft before any further action.",
    "pending": null,
    "state": "working"
  }
]
