✓ Done

✓ Done

true

"Drag testing armed"

✓ Done

true

"Selected modelled floor location"

true

✓ Done

true

1470

true

"Look direction set through drag input"

true

✓ Screenshot saved to screenshots/growth/walk-boundaries-built-release-slide-before.png

"Movement pressed"

true

"Movement released"

{
  "closedDoorStopped": [
    -0.02747416762342009,
    0.014999999664723871,
    3.0491437380427557
  ]
}

✓ Screenshot saved to screenshots/growth/walk-boundaries-built-release-closed-door-block.png

{
  "doorSafety": "Step back requested"
}

"Movement pressed"

true

"Movement released"

true

"Interaction pressed"

true

✓ Screenshot saved to screenshots/growth/walk-boundaries-built-release-reach.png

true

✓ Screenshot saved to screenshots/growth/walk-boundaries-built-release-slide-open.png

✓ Done

true

"Door pose retained in Wireframe"

✓ Screenshot saved to screenshots/growth/walk-boundaries-built-release-open-wireframe.png

✓ Done

✓ Done

"Door pose retained with roof hidden"

✓ Done

"Movement pressed"

true

"Movement released"

true

{
  "doorPassed": [
    -0.02747416762342024,
    -0.07000000029802322,
    4.218619315727966
  ],
  "eye": [
    -0.02747416762342024,
    1.579999999701977,
    4.218619315727966
  ]
}

✓ Screenshot saved to screenshots/growth/walk-boundaries-built-release-terrace-stepdown.png

"Look direction set through drag input"

true

✓ Done

true

✓ Screenshot saved to screenshots/growth/walk-boundaries-built-release-closed-from-terrace.png

"Movement pressed"

true

"Movement released"

{
  "outsideClosedStop": [
    -0.02747416762342051,
    -0.07000000029802322,
    3.6022178340523228
  ]
}

"Movement pressed"

true

"Movement released"

true

✓ Done

true

"Movement pressed"

true

"Movement released"

true

{
  "stepup": [
    -0.02747416762342104,
    0.014999999664723871,
    2.431768379530108
  ]
}

✓ Screenshot saved to screenshots/growth/walk-boundaries-built-release-threshold-return.png

"Interaction pressed"

✓ Done

true

"Selected modelled floor location"

true

✓ Done

true

2269

true

"Look direction set through drag input"

true

✓ Screenshot saved to screenshots/growth/walk-boundaries-built-release-stairs-before.png

"Movement pressed"

true

"Movement released"

true

{
  "stairAscent": [
    -6.205717566016072,
    3.119999885559082,
    -2.120684702500713
  ]
}

✓ Screenshot saved to screenshots/growth/walk-boundaries-built-release-stairs-upper.png

"Movement pressed"

true

"Movement released"

true

✓ Screenshot saved to screenshots/growth/walk-boundaries-built-release-stairs-return.png

"Interaction pressed"

✓ Done

"Bottom controls retained; no observed runtime errors; capture API restored"

✓ Screenshot saved to screenshots/growth/walk-boundaries-built-release-controls.png


✓ Done

true

{
  "settledAtFrame": 2767
}

true

{
  "actualCamera": {
    "capture": "locked",
    "mode": "fly",
    "pitch": 0,
    "position": [
      10.206,
      3.4200000000000004,
      15.5305
    ],
    "speed": 0,
    "yaw": 0.5517952083868698
  },
  "mode": "fly",
  "ready": true,
  "selector": ".building-canvas canvas"
}

{
  "capture": "locked",
  "mode": "fly",
  "pitch": 0,
  "position": [
    10.206,
    3.4200000000000004,
    15.5305
  ],
  "speed": 0,
  "yaw": 0.5517952083868698
}

true

✓ Screenshot saved to screenshots/growth/walk-boundaries-built-release-fly-before.png

{
  "before": {
    "capture": "locked",
    "mode": "fly",
    "pitch": 0,
    "position": [
      10.206,
      3.4200000000000004,
      15.5305
    ],
    "speed": 0,
    "yaw": 0.5517952083868698
  },
  "code": "KeyW"
}

true

{
  "observed": {
    "capture": "locked",
    "mode": "fly",
    "pitch": 0,
    "position": [
      10.05144431311628,
      3.4200000000000004,
      15.279425893026826
    ],
    "speed": 4.432557803460753,
    "yaw": 0.5517952083868698
  },
  "released": "KeyW"
}

true

{
  "after": {
    "capture": "locked",
    "mode": "fly",
    "pitch": 0,
    "position": [
      9.837965453290394,
      3.4200000000000004,
      14.932631704025152
    ],
    "speed": 0.0020766002861287197,
    "yaw": 0.5517952083868698
  },
  "before": {
    "capture": "locked",
    "mode": "fly",
    "pitch": 0,
    "position": [
      10.206,
      3.4200000000000004,
      15.5305
    ],
    "speed": 0,
    "yaw": 0.5517952083868698
  },
  "code": "KeyW",
  "delta": [
    -0.36803454670960534,
    0,
    -0.5978682959748483
  ],
  "distance": 0.7020654719494568,
  "horizontalForwardDot": 0.7020654719494568,
  "rightDot": -1.4432899320127037e-15,
  "signedCameraDot": 0.7020654719494568
}

{
  "before": {
    "capture": "locked",
    "mode": "fly",
    "pitch": 0,
    "position": [
      9.837965453290394,
      3.4200000000000004,
      14.932631704025152
    ],
    "speed": 0.0020766002861287197,
    "yaw": 0.5517952083868698
  },
  "code": "KeyS"
}

true

{
  "observed": {
    "capture": "locked",
    "mode": "fly",
    "pitch": 0,
    "position": [
      10.033025330575596,
      3.4200000000000004,
      15.249504447326576
    ],
    "speed": 4.813708428259454,
    "yaw": 0.5517952083868698
  },
  "released": "KeyS"
}

true

{
  "after": {
    "capture": "locked",
    "mode": "fly",
    "pitch": 0,
    "position": [
      10.264797118356038,
      3.4200000000000004,
      15.626015307663476
    ],
    "speed": 0.0026623868941192,
    "yaw": 0.5517952083868698
  },
  "before": {
    "capture": "locked",
    "mode": "fly",
    "pitch": 0,
    "position": [
      9.837965453290394,
      3.4200000000000004,
      14.932631704025152
    ],
    "speed": 0.0020766002861287197,
    "yaw": 0.5517952083868698
  },
  "code": "KeyS",
  "delta": [
    0.4268316650656434,
    0,
    0.6933836036383241
  ],
  "distance": 0.8142272975632653,
  "horizontalForwardDot": -0.8142272975632652,
  "rightDot": 1.8318679906315083e-15,
  "signedCameraDot": 0.8142272975632652
}

{
  "before": {
    "capture": "locked",
    "mode": "fly",
    "pitch": 0,
    "position": [
      10.264797118356038,
      3.4200000000000004,
      15.626015307663476
    ],
    "speed": 0.0026623868941192,
    "yaw": 0.5517952083868698
  },
  "code": "KeyA"
}

true

{
  "observed": {
    "capture": "locked",
    "mode": "fly",
    "pitch": 0,
    "position": [
      9.946932508361655,
      3.4200000000000004,
      15.821883537911864
    ],
    "speed": 4.81872380449036,
    "yaw": 0.5517952083868698
  },
  "released": "KeyA"
}

true

{
  "after": {
    "capture": "locked",
    "mode": "fly",
    "pitch": 0,
    "position": [
      9.570110241832326,
      3.4200000000000004,
      16.05393649070883
    ],
    "speed": 0.0022530039195784394,
    "yaw": 0.5517952083868698
  },
  "before": {
    "capture": "locked",
    "mode": "fly",
    "pitch": 0,
    "position": [
      10.264797118356038,
      3.4200000000000004,
      15.626015307663476
    ],
    "speed": 0.0026623868941192,
    "yaw": 0.5517952083868698
  },
  "code": "KeyA",
  "delta": [
    -0.6946868765237113,
    0,
    0.42792118304535265
  ],
  "distance": 0.8159083253118602,
  "horizontalForwardDot": -0.00024461936843972465,
  "rightDot": -0.8159082886419091,
  "signedCameraDot": 0.8159082886419091
}

{
  "before": {
    "capture": "locked",
    "mode": "fly",
    "pitch": 0,
    "position": [
      9.570110241832326,
      3.4200000000000004,
      16.05393649070883
    ],
    "speed": 0.0022530039195784394,
    "yaw": 0.5517952083868698
  },
  "code": "KeyD"
}

true

{
  "observed": {
    "capture": "locked",
    "mode": "fly",
    "pitch": 0,
    "position": [
      9.820243795546151,
      3.4200000000000004,
      15.89995981415654
    ],
    "speed": 4.426589775386419,
    "yaw": 0.5517952083868698
  },
  "released": "KeyD"
}

true

{
  "after": {
    "capture": "locked",
    "mode": "fly",
    "pitch": 0,
    "position": [
      10.16652368478492,
      3.4200000000000004,
      15.686797561307706
    ],
    "speed": 0.002075879178011006,
    "yaw": 0.5517952083868698
  },
  "before": {
    "capture": "locked",
    "mode": "fly",
    "pitch": 0,
    "position": [
      9.570110241832326,
      3.4200000000000004,
      16.05393649070883
    ],
    "speed": 0.0022530039195784394,
    "yaw": 0.5517952083868698
  },
  "code": "KeyD",
  "delta": [
    0.5964134429525938,
    0,
    -0.367138929401122
  ],
  "distance": 0.700357043525921,
  "horizontalForwardDot": -3.563982842180735e-8,
  "rightDot": 0.7003570435259201,
  "signedCameraDot": 0.7003570435259201
}

✓ Screenshot saved to screenshots/growth/walk-boundaries-built-release-fly-moved.png

{
  "keysReleased": true,
  "movements": [
    {
      "after": {
        "capture": "locked",
        "mode": "fly",
        "pitch": 0,
        "position": [
          9.837965453290394,
          3.4200000000000004,
          14.932631704025152
        ],
        "speed": 0.0020766002861287197,
        "yaw": 0.5517952083868698
      },
      "before": {
        "capture": "locked",
        "mode": "fly",
        "pitch": 0,
        "position": [
          10.206,
          3.4200000000000004,
          15.5305
        ],
        "speed": 0,
        "yaw": 0.5517952083868698
      },
      "code": "KeyW",
      "delta": [
        -0.36803454670960534,
        0,
        -0.5978682959748483
      ],
      "distance": 0.7020654719494568,
      "horizontalForwardDot": 0.7020654719494568,
      "rightDot": -1.4432899320127037e-15,
      "signedCameraDot": 0.7020654719494568
    },
    {
      "after": {
        "capture": "locked",
        "mode": "fly",
        "pitch": 0,
        "position": [
          10.264797118356038,
          3.4200000000000004,
          15.626015307663476
        ],
        "speed": 0.0026623868941192,
        "yaw": 0.5517952083868698
      },
      "before": {
        "capture": "locked",
        "mode": "fly",
        "pitch": 0,
        "position": [
          9.837965453290394,
          3.4200000000000004,
          14.932631704025152
        ],
        "speed": 0.0020766002861287197,
        "yaw": 0.5517952083868698
      },
      "code": "KeyS",
      "delta": [
        0.4268316650656434,
        0,
        0.6933836036383241
      ],
      "distance": 0.8142272975632653,
      "horizontalForwardDot": -0.8142272975632652,
      "rightDot": 1.8318679906315083e-15,
      "signedCameraDot": 0.8142272975632652
    },
    {
      "after": {
        "capture": "locked",
        "mode": "fly",
        "pitch": 0,
        "position": [
          9.570110241832326,
          3.4200000000000004,
          16.05393649070883
        ],
        "speed": 0.0022530039195784394,
        "yaw": 0.5517952083868698
      },
      "before": {
        "capture": "locked",
        "mode": "fly",
        "pitch": 0,
        "position": [
          10.264797118356038,
          3.4200000000000004,
          15.626015307663476
        ],
        "speed": 0.0026623868941192,
        "yaw": 0.5517952083868698
      },
      "code": "KeyA",
      "delta": [
        -0.6946868765237113,
        0,
        0.42792118304535265
      ],
      "distance": 0.8159083253118602,
      "horizontalForwardDot": -0.00024461936843972465,
      "rightDot": -0.8159082886419091,
      "signedCameraDot": 0.8159082886419091
    },
    {
      "after": {
        "capture": "locked",
        "mode": "fly",
        "pitch": 0,
        "position": [
          10.16652368478492,
          3.4200000000000004,
          15.686797561307706
        ],
        "speed": 0.002075879178011006,
        "yaw": 0.5517952083868698
      },
      "before": {
        "capture": "locked",
        "mode": "fly",
        "pitch": 0,
        "position": [
          9.570110241832326,
          3.4200000000000004,
          16.05393649070883
        ],
        "speed": 0.0022530039195784394,
        "yaw": 0.5517952083868698
      },
      "code": "KeyD",
      "delta": [
        0.5964134429525938,
        0,
        -0.367138929401122
      ],
      "distance": 0.700357043525921,
      "horizontalForwardDot": -3.563982842180735e-8,
      "rightDot": 0.7003570435259201,
      "signedCameraDot": 0.7003570435259201
    }
  ]
}

true

✓ Screenshot saved to screenshots/growth/walk-boundaries-built-release-fly-escaped.png


"10.161463450727144,3.733952597646569,15.678326651794896"

✓ Done

true

"3.2667539287587,14.290802798149635,-33.947949406322444"

✓ Done

true

"3.266753928758693,14.290802798149635,29.997949406322448"

✓ Done

true

"3.266753928758693,14.290802798149635,29.997949406322455"

✓ Done

true

"-14.448932227612296,12.20999041082112,29.252597512127675"

✓ Done

true

✓ Screenshot saved to screenshots/growth/walk-boundaries-built-release-final-controls.png

"Release movement and bottom camera controls passed"

