✓ Done

✓ X-Ray by Looplet
  http://127.0.0.1:8085/

true

"reloading-with-minimax"

true

"checking"

true

"{\"provider\":\"MiniMax\",\"model\":\"MiniMax-M3\",\"stored\":\"minimax\"}"

"seeding"

true

"{\"ok\":true,\"jobId\":\"job-b9ac9b63-9213-4e65-9e27-17ff018e92e4\",\"documents\":2,\"activeDocumentId\":\"doc-ground-floor\",\"calibrations\":3}"

"already-open"

true

"binding"

true

"menu opened"

true

"clicked New chat"

"awaiting empty conversation"

true

"{\"conversationEmptyBeforeTurn\":true,\"activeId\":\"dd1bae80-5a91-4df3-8aa6-2ba0c1b894cd\"}"

"{\"script\":\"10-ask-mode-deny\",\"jobId\":\"job-b9ac9b63-9213-4e65-9e27-17ff018e92e4\"}"

"mode -> ask"

"reading-mode"

true

"permission mode confirmed: ask"

"reading revision"

true

"{\"id\":\"job-b9ac9b63-9213-4e65-9e27-17ff018e92e4\",\"revision\":1,\"name\":\"New project\"}"

"composed 49 chars"

true

"baseline"

true

"sent"

"polling-permission"

true

✓ Screenshot saved to proof/growth/2026-09-16-live-assistant-rig/screenshots/10-ask-mode-prompt.png

"{\"outcome\":\"prompt\",\"toolName\":\"save_project\",\"title\":\"Save the project\",\"summary\":\"on design revision 1\",\"mode\":\"ask\"}"

"denied"

"reading revision"

true

"{\"label\":\"deny\",\"projectId\":\"job-b9ac9b63-9213-4e65-9e27-17ff018e92e4\",\"revision\":1,\"unchanged\":true}"

"awaiting final reply"

"polling-permission"

true

✓ Screenshot saved to proof/growth/2026-09-16-live-assistant-rig/screenshots/10-ask-mode-denied.png

"{\"outcome\":\"finished-without-prompt\",\"mode\":\"ask\",\"busy\":null,\"replyChars\":810,\"reply\":\"Project state is hydrated and not blocked. I will now run the save you asked for, bound to the current revisionand job.\\n\\n\\nThe user declined the save action, so nothing was changed.\\n\\n- Current project: New project, revision 1, cost pane, saveError: null.\\n- The save_project call was rejected by your permission prompt, not by a tool fault.\\n\\nIf you want me to try again, please approve the save prompt (or confirm in chat) and I will re-run save_project against the same revision. I won't retry until you say so.\\n\\n## Developer review\\n\\n- Outcome: Save was declined by the user prompt; clearly reported a\"}"

"reading revision"

true

"{\"label\":\"after deny\",\"projectId\":\"job-b9ac9b63-9213-4e65-9e27-17ff018e92e4\",\"revision\":1,\"unchanged\":true}"

"polling"

true

"{\"state\":\"done\",\"tools\":[{\"tool\":\"read_workflow_route\",\"failed\":false,\"text\":\"{\\\"version\\\":\\\"xray.workflow/1\\\",\\\"workflow\\\":\\\"discussion\\\",\\\"steps\\\":[\\\"Discuss capabilities or plans; do not claim project actions occurred.\\\"],\\\"scope\\\":\\\"Workflow selection only; no geometry, evidence or authority changed.\\\"}\"},{\"tool\":\"read_project_context\",\"failed\":false,\"text\":\"{\\\"projectId\\\":\\\"job-b9ac9b63-9213-4e65-9e27-17ff018e92e4\\\",\\\"projectName\\\":\\\"New project\\\",\\\"projectRevision\\\":1,\\\"pane\\\":\\\"cost\\\",\\\"sourcePage\\\":1,\\\"documents\\\":[{\\\"id\\\":\\\"doc-sample\\\",\\\"name\\\":\\\"No source plan\\\",\\\"kind\\\":\\\"pdf\\\",\\\"pageCount\\\":1,\\\"sha256\\\":null},{\\\"id\\\":\\\"doc-ground-floor\\\",\\\"name\\\":\\\"Ground floor plan rev C.pdf\\\",\\\"kind\\\":\"},{\"tool\":\"save_project\",\"failed\":true,\"text\":\"The user declined this action. Nothing was changed; ask before retrying.\"}],\"denialReachedModel\":true,\"saveToolsSucceeded\":0,\"replyLength\":810,\"error\":null}"

"{\"renderedRows\":6,\"rows\":[{\"cls\":\"assistant-chat-entry is-user\",\"chars\":60,\"head\":\"YouSave the current project so the work is not lost.10:30 AM\"},{\"cls\":\"assistant-chat-entry is-tool\",\"chars\":303,\"head\":\"read_workflow_routeRead the workflow routeCompletedin New project · revision 1Tool result{\\\"version\\\":\\\"xray.workflow/1\\\",\\\"workflow\\\":\\\"discussion\\\",\\\"steps\\\":[\\\"Discuss capabilities or plan\"},{\"cls\":\"assistant-chat-entry is-tool\",\"chars\":750,\"head\":\"read_project_contextRead the project contextpane cost · project \\\"New project\\\" · revision 1in New project · revision 1Tool result{\\\"projectId\\\":\\\"job-b9ac9b63-9213-4e65-9e27-17ff018e92\"},{\"cls\":\"assistant-chat-entry is-assistant\",\"chars\":136,\"head\":\"AssistantProject state is hydrated and not blocked. I will now run the save you asked for, bound to the current revisionand job.10:30 AM\"},{\"cls\":\"assistant-chat-entry is-tool\",\"chars\":231,\"head\":\"save_projectSaved the projectThe user declined this action. Nothing was changed; ask before retrying.in New project · revision 1Action failed — inspect detailsThe user declined thi\"},{\"cls\":\"assistant-chat-entry is-assistant\",\"chars\":681,\"head\":\"AssistantThe user declined the save action, so nothing was changed.Current project: New project, revision 1, cost pane, saveError: null.The save_project call was rejected by your p\"}],\"planningRows\":0,\"planningHeads\":[]}"

"scrolled to top"

✓ Screenshot saved to proof/growth/2026-09-16-live-assistant-rig/screenshots/10-ask-mode-denied-top.png

