[agent-browser] launched browser
✓ Done

✓ X-Ray by Looplet
  http://127.0.0.1:8080/

true

"seeded Roof Architectural Plan Rev D.pdf"

true

"roofing worksheet opened"

true

"switched to stock nesting tab"

true

"Stock nesting verified with 51 stock sheets rendered"

"framed top [data-testid=\"cutting-list-panel\"]"

✓ Screenshot saved to proof/growth/2026-09-19-sc06-stock-nesting/captures/sc06-stock-nesting-kpi-controls-desktop-1600x1000.png

✓ Screenshot saved to screenshots/growth/sc06/sc06-stock-nesting-kpi-controls-desktop-1600x1000.png

"framed [data-testid=\"cutting-diagram-container\"]"

✓ Screenshot saved to proof/growth/2026-09-19-sc06-stock-nesting/captures/sc06-stock-nesting-diagram-desktop-1600x1000.png

✓ Screenshot saved to screenshots/growth/sc06/sc06-stock-nesting-diagram-desktop-1600x1000.png

"framed .industry-table-wrap"

✓ Screenshot saved to proof/growth/2026-09-19-sc06-stock-nesting/captures/sc06-stock-nesting-takeoff-table-desktop-1600x1000.png

✓ Screenshot saved to screenshots/growth/sc06/sc06-stock-nesting-takeoff-table-desktop-1600x1000.png

"switched to sample preset (12 cuts)"

true

"Sample preset verified with custom rafter and taper cuts"

"framed [data-testid=\"cutting-list-panel\"]"

✓ Screenshot saved to proof/growth/2026-09-19-sc06-stock-nesting/captures/sc06-stock-nesting-sample-preset-desktop-1600x1000.png

✓ Screenshot saved to screenshots/growth/sc06/sc06-stock-nesting-sample-preset-desktop-1600x1000.png

✓ Done

"framed [data-testid=\"cutting-list-panel\"]"

✓ Screenshot saved to proof/growth/2026-09-19-sc06-stock-nesting/captures/sc06-stock-nesting-tablet-1024x768.png

✓ Screenshot saved to screenshots/growth/sc06/sc06-stock-nesting-tablet-1024x768.png

