✓ Done

true

- link "Skip to main content" [ref=e7]
- heading "itch.io itch.io logo & title" [level=1, ref=e16]
  - link "itch.io itch.io logo & title" [ref=e27]
- link "Browse Games" [ref=e17]
- link "Game Jams" [ref=e18]
- link "Upload Game" [ref=e19]
- link "Developer Logs" [ref=e20]
- link "Community" [ref=e21]
- textbox "Search for games, jams, tags or creators" [required, ref=e28]
- button "Search" [ref=e29]
- link "Log in" [ref=e30]
- link "Register" [ref=e31]
- heading "Download “PSX First Person Arms”" [level=2, ref=e32]
- link "← Asset Pack page" [ref=e33]
- link "Download" [ref=e34]
- link "Downloads not starting?" [ref=e35]
- heading "SHARE & FOLLOW" [level=3, ref=e8]
- link "Follow Drillimpact" [ref=e9]
- link "Add asset pack to collection" [ref=e10]
- link "Bluesky Share on Bluesky" [ref=e22]
- link "Share on Twitter" [ref=e23]
- link "Share on Facebook" [ref=e24]
- link "NEW itch.io is on YouTube! Subscribe for game recommendations, clips, and more View Channel →" [ref=e11]
  - heading "NEW itch.io is on YouTube!" [level=4, ref=e25]
- heading "More you might be interested in" [level=2, ref=e26]
- button "Add to collection" [ref=e65]
- link "PSX Low-poly Jewel Case" [ref=e36]
- link "sodaraptor" [ref=e37]
- link "#Game assets" [ref=e38]
- button "Add to collection" [ref=e66]
- link "Retro Tree Pack" [ref=e39]
- link "🍕 Pizza Doggy" [ref=e40]
- link "#Game assets" [ref=e41]
- button "Add to collection" [ref=e67]
- link "Highscore Killer 2" [ref=e42]
- link "ju5t1nj" [ref=e43]
- button "Add to collection" [ref=e68]
- link "Midnight Tales VOL.1" [ref=e44]
- link "616 GAMES" [ref=e45]
- button "Add to collection" [ref=e69]
- link "2 Retro 3D Dieselpunk Tanks" [ref=e46]
- link "chilly_durango" [ref=e47]
- link "#Game assets" [ref=e48]
- button "Add to collection" [ref=e70]
- link "Low Poly Gun Models" [ref=e49]
- link "chilly_durango" [ref=e50]
- link "#Game assets" [ref=e51]
- button "Add to collection" [ref=e71]
- link "After Midnight" [ref=e52]
- link "616 GAMES" [ref=e53]
- button "Add to collection" [ref=e72]
- link "Last Heir" [ref=e54]
- link "616 GAMES" [ref=e55]
- button "Add to collection" [ref=e73]
- link "Gasmask Maniac" [ref=e56]
- link "Haunted Vision" [ref=e57]
- button "Add to collection" [ref=e74]
- link "After Hours" [ref=e58]
- link "Aaron Wise" [ref=e59]
- button "Add to collection" [ref=e75]
- link "Phobolis: Demo Test III" [ref=e60]
- link "Infrablack Digital Industry" [ref=e61]
- button "Add to collection" [ref=e76]
- link "AxeGun - PSX LowPoly Weapon" [ref=e62]
- link "Comp-3 Interactive" [ref=e63]
- link "#Game assets" [ref=e64]
- link "ITCH.IO ON TWITTER" [ref=e1]
- link "ITCH.IO ON FACEBOOK" [ref=e2]
- link "ABOUT" [ref=e3]
- link "FAQ" [ref=e4]
- link "BLOG" [ref=e5]
- link "CONTACT US" [ref=e6]
- link "Directory" [ref=e12]
- link "Terms" [ref=e13]
- link "Privacy" [ref=e14]
- link "Cookies" [ref=e15]

[
  {
    "href": "javascript:void(0);",
    "text": "Download"
  },
  {
    "href": "https://drillimpact.itch.io/psx-first-person-arms-free/download/eyJleHBpcmVzIjoxNzg4Nzk2NDA3LCJpZCI6MjcwOTM3Nn0%3d%2eTSa5nBX9jIP5m7JORFF%2bqD396Ww%3d",
    "text": "Downloads not starting?"
  }
]
