{
  "calls": [
    "read_project_contextRunning read_project_context…Running read_project_context…",
    "read_project_contextTool result{\"projectId\":\"job-3244d346-dc0b-448a-8450-d3003cbb28ba\",\"projectName\":\"Other window revision\",\"projectRevisio",
    "read_source_sheetsRunning read_source_sheets…Running read_source_sheets…",
    "read_source_sheetsTool result{\"available\":true,\"documentId\":\"document-23953bd1-f654-475d-acf7-e2f101fc45a4\",\"sourceName\":\"21-08-26_Redburn_B",
    "manage_source_sheetRunning manage_source_sheet…Running manage_source_sheet…",
    "manage_source_sheetTool result{\"documentId\":\"document-23953bd1-f654-475d-acf7-e2f101fc45a4\",\"action\":\"rename\",\"pageIndex\":2,\"originalPage\":3",
    "manage_source_sheetRunning manage_source_sheet…Running manage_source_sheet…",
    "manage_source_sheetTool result{\"documentId\":\"document-23953bd1-f654-475d-acf7-e2f101fc45a4\",\"action\":\"archive\",\"pageIndex\":11,\"originalPage\"",
    "read_takeoff_evidenceRunning read_takeoff_evidence…Running read_takeoff_evidence…",
    "read_takeoff_evidenceTool result{\"projectId\":\"job-3244d346-dc0b-448a-8450-d3003cbb28ba\",\"projectRevision\":3,\"activeDocument\":{\"id\":\"document",
    "read_price_booksRunning read_price_books…Running read_price_books…",
    "read_price_booksTool result{\"jobId\":\"job-3244d346-dc0b-448a-8450-d3003cbb28ba\",\"libraryRevision\":0,\"blocked\":false,\"error\":null,\"books\":[],\"",
    "read_project_contextRunning read_project_context…Running read_project_context…",
    "read_project_contextTool result{\"projectId\":\"job-3244d346-dc0b-448a-8450-d3003cbb28ba\",\"projectName\":\"Other window revision\",\"projectRevisio",
    "capture_project_backupRunning capture_project_backup…Running capture_project_backup…",
    "capture_project_backupTool result{\"saved\":true,\"verified\":true,\"backupId\":\"65f9d1f2-e55e-41bf-b5f4-494bbc6d73ce\",\"name\":\"Assistant checkpoin"
  ],
  "error": "Paused after eight assistant steps. Completed actions are retained; send another message to continue."
}

"edits allowed for the continuation"

✓ Done

✓ Done

true

{
  "errors": [],
  "reply": "AssistantAll requested actions have been completed:\n\n### 1. Sheet Organisation\n* **Original Page 3 (index 2):** Renamed to **\"Level 1 plan\"** with discipline set to **Architecture** (verified retained calibrations and traces).\n* **Original Page 12 (index 11):** **Archived** (hidden from active sheet navigation, preserved original bytes and calibrations).\n\n---\n\n### 2. Takeoff Readiness Blockers\nThe project currently has **2 active blockers** preventing verified takeoff:\n1. **Drawing Calibration (`calibration`):** Drawing scale has not been confirmed or locked (e.g., sheet 1 scale is unverified).\n2. **Measured Runs (`runs`):** At least one takeoff run must be traced.\n\n---\n\n### 3. Price Books\n* **Existing Price Books:** **None** (library revision 0; 0 price books imported, 0 worksheet lines priced).\n\n---\n\n### 4. Workspace Backup\n* **Backup Name:** `Assistant checkpoint`\n* **Backup ID:** `65f9d1f2-e55e-41bf-b5f4-494bbc6d73ce`\n* **SHA-256:** `3bc26f3cd6e04ee4ef70cea0e589466a45379c3b5219f9743f7457150c715c96`\n* **Status:** Saved and readback-verified locally (size: 9,357,071 bytes; includes architecture, BOM, components, sheet metadata, and 1 plan).",
  "tools": [
    "read_project_contextRunning read_project_context…Running read_project_context…",
    "read_project_contextTool result{\"projectId\":\"job-3244d346-dc0b-448a-8450-d3003cbb28ba\",\"projectName\":\"Other window revision\",\"projectRevision\":3,\"pane\":\"sheets\"",
    "read_source_sheetsRunning read_source_sheets…Running read_source_sheets…",
    "read_source_sheetsTool result{\"available\":true,\"documentId\":\"document-23953bd1-f654-475d-acf7-e2f101fc45a4\",\"sourceName\":\"21-08-26_Redburn_BR250157_Prelim_Counc",
    "manage_source_sheetRunning manage_source_sheet…Running manage_source_sheet…",
    "manage_source_sheetTool result{\"documentId\":\"document-23953bd1-f654-475d-acf7-e2f101fc45a4\",\"action\":\"rename\",\"pageIndex\":2,\"originalPage\":3,\"before\":{\"name\":\"S",
    "manage_source_sheetRunning manage_source_sheet…Running manage_source_sheet…",
    "manage_source_sheetTool result{\"documentId\":\"document-23953bd1-f654-475d-acf7-e2f101fc45a4\",\"action\":\"archive\",\"pageIndex\":11,\"originalPage\":12,\"before\":{\"name\"",
    "read_takeoff_evidenceRunning read_takeoff_evidence…Running read_takeoff_evidence…",
    "read_takeoff_evidenceTool result{\"projectId\":\"job-3244d346-dc0b-448a-8450-d3003cbb28ba\",\"projectRevision\":3,\"activeDocument\":{\"id\":\"document-23953bd1-f654-475d-",
    "read_price_booksRunning read_price_books…Running read_price_books…",
    "read_price_booksTool result{\"jobId\":\"job-3244d346-dc0b-448a-8450-d3003cbb28ba\",\"libraryRevision\":0,\"blocked\":false,\"error\":null,\"books\":[],\"worksheetLines\":0,\"s",
    "read_project_contextRunning read_project_context…Running read_project_context…",
    "read_project_contextTool result{\"projectId\":\"job-3244d346-dc0b-448a-8450-d3003cbb28ba\",\"projectName\":\"Other window revision\",\"projectRevision\":3,\"pane\":\"sheets\"",
    "capture_project_backupRunning capture_project_backup…Running capture_project_backup…",
    "capture_project_backupTool result{\"saved\":true,\"verified\":true,\"backupId\":\"65f9d1f2-e55e-41bf-b5f4-494bbc6d73ce\",\"name\":\"Assistant checkpoint\",\"storedAt\":\"2026-"
  ]
}

{
  "lifecycleRevision": 2,
  "manageCalls": 2,
  "page12": {
    "archived": true,
    "name": "Sheet 12",
    "pageIndex": 11
  },
  "page3": {
    "archived": false,
    "discipline": "Architecture",
    "name": "Level 1 plan",
    "pageIndex": 2
  }
}

true

✓ Screenshot saved to screenshots/growth/2026-09-09-az5-release/native-workbench-desktop-02-after-assistant.png

{
  "backups": 1,
  "found": {
    "jobId": "job-3244d346-dc0b-448a-8450-d3003cbb28ba",
    "jobRevision": 3,
    "name": "Assistant checkpoint",
    "plans": 1,
    "sha256": "3bc26f3cd6e04ee4ef70cea0e589466a45379c3b5219f9743f7457150c715c96",
    "sizeBytes": 9357071
  }
}

✓ Done

true

✓ Screenshot saved to screenshots/growth/2026-09-09-az5-release/native-workbench-desktop-03-backups.png

