{
  "after": {
    "dbs": [],
    "ls": 0,
    "ss": 0
  },
  "before": {
    "ls": 10,
    "ss": 9
  },
  "deletedDbs": [
    "xray-plan-content-v1"
  ]
}

http://tauri.localhost/

true

{
  "dbs": [],
  "job": {
    "annotations": 0,
    "calibrations": 1,
    "docs": [
      "No source plan"
    ],
    "id": "job-d253b6d4-2cef-4c52-835d-ed399f579d69",
    "name": "New project",
    "revision": 1
  },
  "ls": [
    "xray:bom-state:v1:job-d253b6d4-2cef-4c52-835d-ed399f579d69",
    "xray.rail-layout.v1",
    "xray:assistant-panel:v2",
    "xray:fencing-job:v2",
    "loglevel",
    "xray:component-inventory:v1:job-d253b6d4-2cef-4c52-835d-ed399f579d69"
  ],
  "url": "http://tauri.localhost/"
}
