✓ Done

true

✓ Done

✓ Screenshot saved to screenshots/growth/2026-09-08-architect-walk-placement.png

✓ Done

true

{
  "actualCamera": {
    "capture": "locked",
    "mode": "walk",
    "pitch": 0,
    "position": [
      4.499999999999998,
      1.65,
      2.990164118705035
    ],
    "speed": 0,
    "yaw": 0
  },
  "mode": "walk",
  "ready": true,
  "selector": "canvas[aria-label=\"Live architectural 3D model\"]"
}

{
  "previous": {
    "capture": "locked",
    "mode": "walk",
    "pitch": 0,
    "position": [
      4.499999999999998,
      1.65,
      2.990164118705035
    ],
    "speed": 0,
    "yaw": 0
  },
  "requestedYawChange": 0.45
}

true

✓ Screenshot saved to screenshots/growth/2026-09-08-architect-walk-before.png

{
  "before": {
    "capture": "locked",
    "mode": "walk",
    "pitch": 0,
    "position": [
      4.499999999999998,
      1.65,
      2.990164118705035
    ],
    "speed": 0,
    "yaw": 0.45
  },
  "code": "KeyW"
}

true

{
  "observed": {
    "capture": "locked",
    "mode": "walk",
    "pitch": 0,
    "position": [
      4.429677092312955,
      1.65,
      2.844584633688598
    ],
    "speed": 1.1908637659719614,
    "yaw": 0.45
  },
  "released": "KeyW"
}

true

{
  "after": {
    "capture": "locked",
    "mode": "walk",
    "pitch": 0,
    "position": [
      4.33060507216373,
      1.65,
      2.639489961877693
    ],
    "speed": 0.0032089191805160667,
    "yaw": 0.45
  },
  "before": {
    "capture": "locked",
    "mode": "walk",
    "pitch": 0,
    "position": [
      4.499999999999998,
      1.65,
      2.990164118705035
    ],
    "speed": 0,
    "yaw": 0.45
  },
  "code": "KeyW",
  "delta": [
    -0.16939492783626786,
    0,
    -0.3506741568273424
  ],
  "distance": 0.38944448364718415,
  "horizontalForwardDot": 0.3894444836471842,
  "rightDot": 2.0816681711721685e-15,
  "signedCameraDot": 0.3894444836471842
}

{
  "before": {
    "capture": "locked",
    "mode": "walk",
    "pitch": 0,
    "position": [
      4.330583630103745,
      1.65,
      2.6394455734393736
    ],
    "speed": 0.002951856152016095,
    "yaw": 0.45
  },
  "code": "KeyS"
}

true

{
  "observed": {
    "capture": "locked",
    "mode": "walk",
    "pitch": 0,
    "position": [
      4.39210104627382,
      1.65,
      2.7667963053720803
    ],
    "speed": 1.1367310786997815,
    "yaw": 0.45
  },
  "released": "KeyS"
}

true

{
  "after": {
    "capture": "locked",
    "mode": "walk",
    "pitch": 0,
    "position": [
      4.486689751986988,
      1.65,
      2.9626098108001413
    ],
    "speed": 0.002817674635611381,
    "yaw": 0.45
  },
  "before": {
    "capture": "locked",
    "mode": "walk",
    "pitch": 0,
    "position": [
      4.330583630103745,
      1.65,
      2.6394455734393736
    ],
    "speed": 0.002951856152016095,
    "yaw": 0.45
  },
  "code": "KeyS",
  "delta": [
    0.15610612188324335,
    0,
    0.3231642373607677
  ],
  "distance": 0.3588930837984938,
  "horizontalForwardDot": -0.3588930837984937,
  "rightDot": 5.578870698741412e-15,
  "signedCameraDot": 0.3588930837984937
}

{
  "before": {
    "capture": "locked",
    "mode": "walk",
    "pitch": 0,
    "position": [
      4.486689751986988,
      1.65,
      2.9626098108001413
    ],
    "speed": 0.002817674635611381,
    "yaw": 0.45
  },
  "code": "KeyA"
}

true

{
  "observed": {
    "capture": "locked",
    "mode": "walk",
    "pitch": 0,
    "position": [
      4.341264991217708,
      1.65,
      3.0332550112405636
    ],
    "speed": 1.1908641477169954,
    "yaw": 0.45
  },
  "released": "KeyA"
}

true

{
  "after": {
    "capture": "locked",
    "mode": "walk",
    "pitch": 0,
    "position": [
      4.136250370926651,
      1.65,
      3.132490900380516
    ],
    "speed": 0.003208920209171903,
    "yaw": 0.45
  },
  "before": {
    "capture": "locked",
    "mode": "walk",
    "pitch": 0,
    "position": [
      4.486689751986988,
      1.65,
      2.9626098108001413
    ],
    "speed": 0.002817674635611381,
    "yaw": 0.45
  },
  "code": "KeyA",
  "delta": [
    -0.3504393810603377,
    0,
    0.16988108958037484
  ],
  "distance": 0.3894449183067714,
  "horizontalForwardDot": -0.0005398823006453335,
  "rightDot": -0.3894445440907721,
  "signedCameraDot": 0.3894445440907721
}

{
  "before": {
    "capture": "locked",
    "mode": "walk",
    "pitch": 0,
    "position": [
      4.136250370926651,
      1.65,
      3.132490900380516
    ],
    "speed": 0.003208920209171903,
    "yaw": 0.45
  },
  "code": "KeyD"
}

true

{
  "observed": {
    "capture": "locked",
    "mode": "walk",
    "pitch": 0,
    "position": [
      4.281355168780834,
      1.65,
      3.062397654685798
    ],
    "speed": 1.1894726514163858,
    "yaw": 0.45
  },
  "released": "KeyD"
}

true

{
  "after": {
    "capture": "locked",
    "mode": "walk",
    "pitch": 0,
    "position": [
      4.486206071781459,
      1.65,
      2.963443573075406
    ],
    "speed": 0.003203568477869519,
    "yaw": 0.45
  },
  "before": {
    "capture": "locked",
    "mode": "walk",
    "pitch": 0,
    "position": [
      4.136250370926651,
      1.65,
      3.132490900380516
    ],
    "speed": 0.003208920209171903,
    "yaw": 0.45
  },
  "code": "KeyD",
  "delta": [
    0.3499557008548084,
    0,
    -0.16904732730511007
  ],
  "distance": 0.3886463577981674,
  "horizontalForwardDot": -4.92305230748169e-7,
  "rightDot": 0.3886463577978556,
  "signedCameraDot": 0.3886463577978556
}

✓ Screenshot saved to screenshots/growth/2026-09-08-architect-walk-moved.png

{
  "keysReleased": true,
  "movements": [
    {
      "after": {
        "capture": "locked",
        "mode": "walk",
        "pitch": 0,
        "position": [
          4.33060507216373,
          1.65,
          2.639489961877693
        ],
        "speed": 0.0032089191805160667,
        "yaw": 0.45
      },
      "before": {
        "capture": "locked",
        "mode": "walk",
        "pitch": 0,
        "position": [
          4.499999999999998,
          1.65,
          2.990164118705035
        ],
        "speed": 0,
        "yaw": 0.45
      },
      "code": "KeyW",
      "delta": [
        -0.16939492783626786,
        0,
        -0.3506741568273424
      ],
      "distance": 0.38944448364718415,
      "horizontalForwardDot": 0.3894444836471842,
      "rightDot": 2.0816681711721685e-15,
      "signedCameraDot": 0.3894444836471842
    },
    {
      "after": {
        "capture": "locked",
        "mode": "walk",
        "pitch": 0,
        "position": [
          4.486689751986988,
          1.65,
          2.9626098108001413
        ],
        "speed": 0.002817674635611381,
        "yaw": 0.45
      },
      "before": {
        "capture": "locked",
        "mode": "walk",
        "pitch": 0,
        "position": [
          4.330583630103745,
          1.65,
          2.6394455734393736
        ],
        "speed": 0.002951856152016095,
        "yaw": 0.45
      },
      "code": "KeyS",
      "delta": [
        0.15610612188324335,
        0,
        0.3231642373607677
      ],
      "distance": 0.3588930837984938,
      "horizontalForwardDot": -0.3588930837984937,
      "rightDot": 5.578870698741412e-15,
      "signedCameraDot": 0.3588930837984937
    },
    {
      "after": {
        "capture": "locked",
        "mode": "walk",
        "pitch": 0,
        "position": [
          4.136250370926651,
          1.65,
          3.132490900380516
        ],
        "speed": 0.003208920209171903,
        "yaw": 0.45
      },
      "before": {
        "capture": "locked",
        "mode": "walk",
        "pitch": 0,
        "position": [
          4.486689751986988,
          1.65,
          2.9626098108001413
        ],
        "speed": 0.002817674635611381,
        "yaw": 0.45
      },
      "code": "KeyA",
      "delta": [
        -0.3504393810603377,
        0,
        0.16988108958037484
      ],
      "distance": 0.3894449183067714,
      "horizontalForwardDot": -0.0005398823006453335,
      "rightDot": -0.3894445440907721,
      "signedCameraDot": 0.3894445440907721
    },
    {
      "after": {
        "capture": "locked",
        "mode": "walk",
        "pitch": 0,
        "position": [
          4.486206071781459,
          1.65,
          2.963443573075406
        ],
        "speed": 0.003203568477869519,
        "yaw": 0.45
      },
      "before": {
        "capture": "locked",
        "mode": "walk",
        "pitch": 0,
        "position": [
          4.136250370926651,
          1.65,
          3.132490900380516
        ],
        "speed": 0.003208920209171903,
        "yaw": 0.45
      },
      "code": "KeyD",
      "delta": [
        0.3499557008548084,
        0,
        -0.16904732730511007
      ],
      "distance": 0.3886463577981674,
      "horizontalForwardDot": -4.92305230748169e-7,
      "rightDot": 0.3886463577978556,
      "signedCameraDot": 0.3886463577978556
    }
  ]
}

true

✓ Screenshot saved to screenshots/growth/2026-09-08-architect-walk-escaped.png

