✓ Done

✓ Done

true

"Drag testing armed"

✓ Done

true

"Selected modelled floor location"

true

✓ Done

true

103

true

"Look direction set through drag input"

true

✓ Screenshot saved to screenshots/growth/walk-boundaries-built-01-slide-before.png

"Movement pressed"

true

"Movement released"

{
  "closedDoorStopped": [
    -0.027474167623420098,
    0.014999999664723871,
    3.0477588872352297
  ]
}

✓ Screenshot saved to screenshots/growth/walk-boundaries-built-01-closed-door-block.png

{
  "doorSafety": "Step back requested"
}

"Movement pressed"

true

"Movement released"

true

"Interaction pressed"

true

✓ Screenshot saved to screenshots/growth/walk-boundaries-built-01-reach.png

true

✓ Screenshot saved to screenshots/growth/walk-boundaries-built-01-slide-open.png

"Movement pressed"

true

"Movement released"

true

{
  "doorPassed": [
    -0.027474167623420247,
    -0.07000000029802322,
    4.248159041269453
  ],
  "eye": [
    -0.027474167623420247,
    1.579999999701977,
    4.248159041269453
  ]
}

✓ Screenshot saved to screenshots/growth/walk-boundaries-built-01-terrace-stepdown.png

"Look direction set through drag input"

true

✓ Done

true

✓ Screenshot saved to screenshots/growth/walk-boundaries-built-01-closed-from-terrace.png

"Movement pressed"

true

"Movement released"

{
  "outsideClosedStop": [
    -0.027474167623420535,
    -0.07000000029802322,
    3.6015991009769577
  ]
}

"Movement pressed"

true

"Movement released"

true

✓ Done

true

"Movement pressed"

true

"Movement released"

true

{
  "stepup": [
    -0.027474167623421156,
    0.014999999664723871,
    2.2530065191634785
  ]
}

✓ Screenshot saved to screenshots/growth/walk-boundaries-built-01-threshold-return.png

"Interaction pressed"

✓ Done

true

"Selected modelled floor location"

true

✓ Done

true

897

true

"Look direction set through drag input"

true

✓ Screenshot saved to screenshots/growth/walk-boundaries-built-01-stairs-before.png

"Movement pressed"

true

"Movement released"

true

{
  "stairAscent": [
    -6.205717566016072,
    3.119999885559082,
    -2.136042032056938
  ]
}

✓ Screenshot saved to screenshots/growth/walk-boundaries-built-01-stairs-upper.png

"Movement pressed"

true

"Movement released"

true

✓ Screenshot saved to screenshots/growth/walk-boundaries-built-01-stairs-return.png

"Interaction pressed"

✓ Done

"Bottom controls retained; no observed runtime errors; capture API restored"

✓ Screenshot saved to screenshots/growth/walk-boundaries-built-01-controls.png

