✓ X-Ray by Looplet
  http://127.0.0.1:8080/

true

"Opened live assistant"

- combobox "Current plan" [expanded=false, disabled, ref=e30]: Open a plan to begin
  - option "Open a plan to begin" [disabled, ref=e38]
  - option "📂 Open plan file (PDF, CAD, Image)…" [disabled, ref=e39]
  - option "📄 Load sample plan (Redburn BR250157 PDF)…" [disabled, ref=e40]
- button "Open" [disabled, ref=e31]
- button "Backups" [ref=e17]
- button "Settings" [ref=e18]
- button "Log in" [ref=e19]
- button "Collapse header" [expanded=true, ref=e1]
- separator "Resize header" [ref=e2] focusable [tabindex]: 54
- navigation "Panes" [ref=e7]
  - button "Overview" [ref=e20]
  - button "Sheets" [ref=e21]
  - button "Measure" [ref=e22]
  - button "Sketch" [ref=e23]
  - button "Components" [ref=e24]
  - button "Model" [ref=e25]
  - button "Render" [ref=e26]
  - button "Review" [ref=e27]
  - button "Cost" [ref=e28]
  - button "Proof" [ref=e29]
- button "Collapse navigation" [expanded=true, ref=e3]
- separator "Resize navigation" [ref=e4] focusable [tabindex]: 44
- button "Collapse workspace info" [expanded=true, ref=e5]
- separator "Resize workspace info" [ref=e6] focusable [tabindex]: 28
- heading "MODELS" [level=2, ref=e8]
- button "Source building" [ref=e9]
- heading "PROJECT SHEETS 1" [level=2, ref=e10]
- button "Open plan" [ref=e11]
- button "Fit sheet" [ref=e12]
- button "Open source page 1" [ref=e13]
- heading "EVIDENCE LAYERS LIVE" [level=2, ref=e14]
- separator "Resize bottom panel" [ref=e32] focusable [tabindex]: 22
- tab "Logs 0" [ref=e34]
- tab "Console 0" [ref=e35]
- tab "Errors 0" [ref=e36]
- tab "Status" [selected, ref=e37]
- button "Expand workspace diagnostics" [expanded=false, ref=e33]
- heading "MODEL READINESS" [level=2, ref=e15]
- button "Collapse" [ref=e16]
