[agent-browser] launched browser
✓ Done

✓ X-Ray by Looplet
  http://127.0.0.1:8085/

true

"reloading-with-minimax"

true

"checking"

true

"{\"provider\":\"MiniMax\",\"model\":\"MiniMax-M3\",\"stored\":\"minimax\"}"

"seeding"

true

"{\"ok\":true,\"jobId\":\"job-ab8f15d6-2c8c-4e08-a74b-fac79492dea1\",\"documents\":2,\"activeDocumentId\":\"doc-ground-floor\",\"calibrations\":3}"

"opened"

true

"binding"

true

"menu opened"

true

"clicked New chat"

"awaiting empty conversation"

true

"{\"conversationEmptyBeforeTurn\":true,\"activeId\":\"0c6e6b34-d9b7-459d-8e07-2dfa33f754ea\"}"

"{\"script\":\"22-d8-ask-prompts-for-navigation\",\"jobId\":\"job-ab8f15d6-2c8c-4e08-a74b-fac79492dea1\"}"

"mode -> ask"

"reading-mode"

true

"permission mode confirmed: ask"

"reading pane"

true

"{\"pane\":\"cost\"}"

"reading revision"

true

"{\"id\":\"job-ab8f15d6-2c8c-4e08-a74b-fac79492dea1\",\"revision\":1}"

"composed 41 chars"

true

"baseline"

true

"sent"

"polling-permission"
