[agent-browser] launched browser
✓ Done

✓ X-Ray by Looplet
  http://127.0.0.1:8080/

true

true

http://127.0.0.1:8080/

true

true

true

true

true

true

true

true

true

true

true

true

true

✓ Screenshot saved to proof/growth/cdp-demo/20-res07-desktop-alteration-schedules.png

true

true

true

true

true

true

true

✓ Screenshot saved to proof/growth/cdp-demo/21-res07-desktop-issue-rev-a.png

true

http://127.0.0.1:8080/

true

true

true

true

true

true

true

true

true

true

true

true

true

✓ Screenshot saved to proof/growth/cdp-demo/22-res07-desktop-revision-comparison.png

✓ Done

true

✓ Screenshot saved to proof/growth/cdp-demo/23-res07-tablet-responsive-schedules.png

