[agent-browser] launched browser
✓ X-Ray by Looplet
  http://127.0.0.1:8091/

✓ Done

true

✓ Done

true

"opened"

true

"confirm auto-accepted"

✓ Done

true

{
  "firstId": "job-7d8c3698-b2ed-4c9e-8300-2becc66cade2",
  "walls": 5
}

"opened panel"

true

✓ Done

✓ Done

true

✓ Screenshot saved to screenshots/growth/2026-09-09-assistant-surface/projects-01-drawer.png

"new project requested"

true

true

{
  "closeButton": true,
  "entries": [
    "New project",
    "New project"
  ],
  "pill": "New project",
  "pillProject": true,
  "secondId": "job-2047ba11-d748-457b-84d7-af8187cac3e0",
  "shelfBytes": 817,
  "tabs": [
    "job-2047ba11-d748-457b-84d7-af8187cac3e0"
  ]
}

✓ Screenshot saved to screenshots/growth/2026-09-09-assistant-surface/projects-02-new-project-pill.png

✓ Done

✓ Done

true

"opening first project: Open New project"

true

✓ Done

true

"workspace"

true

{
  "selectedPill": true,
  "tabs": [
    "New project:false",
    "New project:true"
  ],
  "walls": 5
}

✓ Screenshot saved to screenshots/growth/2026-09-09-assistant-surface/projects-03-switched-back.png

"tab clicked: New project"

true

{
  "now": true,
  "tabs": [
    "New project:true",
    "New project:false"
  ]
}

✓ Screenshot saved to screenshots/growth/2026-09-09-assistant-surface/projects-04-tab-flick.png

{
  "h": 400,
  "w": 360
}

true

{
  "after": {
    "h": 404,
    "w": 364
  },
  "before": {
    "h": 400,
    "w": 360
  },
  "corners": 4
}

✓ Screenshot saved to screenshots/growth/2026-09-09-assistant-surface/projects-05-corner-resize.png

