"TP-PALING -> FEN-M005 · Paling 150x12x1800mm treated pine · 3 AUD/ea (AFGC-LOOPLET-CRM-RATES)"

true

"saved"

true

"TP-POST-ORD -> FEN-M002 · Treated pine post 100x100x2400mm · 18.5 AUD/ea (AFGC-LOOPLET-CRM-RATES)"

true

"saved"

true

"TP-POST-END -> FEN-M002 · Treated pine post 100x100x2400mm · 18.5 AUD/ea (AFGC-LOOPLET-CRM-RATES)"

true

"saved"

true

"TP-POST-GATE -> FEN-M003 · Treated pine post 125x125x2700mm · 29 AUD/ea (AFGC-LOOPLET-CRM-RATES)"

true

"saved"

true

"TP-RAIL-CUT -> FEN-M007 · Rail 75x50x2400mm treated pine · 10 AUD/ea (AFGC-LOOPLET-CRM-RATES)"

true

"saved"

true

"TP-GATE-LEAF -> TG-1800-PED · 1800mm High Timber Pedestrian Gate · 750 AUD/ea (AFGC-LOOPLET-CRM-RATES)"

true

"saved"

true

"Worksheet subtotals\n\nAUD 4088.00 · tax excluded · 6 lines\n\nSubtotals sum rounded line amounts. Different currencies, tax bases and amount precisions stay separate.\n\nPaling 150x12x1800mm treated pine\n\n"

[
  "Paling 150x12x1800mm treated pine | 561 ea × 3 = AUD 1683.00 · tax excluded",
  "Treated pine post 100x100x2400mm | 20 ea × 18.5 = AUD 370.00 · tax excluded",
  "Treated pine post 100x100x2400mm | 2 ea × 18.5 = AUD 37.00 · tax excluded",
  "Treated pine post 125x125x2700mm | 2 ea × 29 = AUD 58.00 · tax excluded",
  "Rail 75x50x2400mm treated pine | 44 ea × 10 = AUD 440.00 · tax excluded",
  "1800mm High Timber Pedestrian Gate | 2 ea × 750 = AUD 1500.00 · tax excluded"
]

✓ Screenshot saved to proof/growth/2026-09-23-quote-handover/shots/p2-mapped-priced.png
