true

"chat not full"

true

"edits allowed"

208

{
  "errors": 1,
  "replies": 1
}

✓ Done

true

{
  "design": {
    "doors": 31,
    "extentMm": [
      0,
      0,
      36000,
      18000
    ],
    "levels": [
      "Ground@0",
      "Level 1@3600",
      "Level 2@7200",
      "Plant Level@10800"
    ],
    "name": "Riverside Lab & Workshop",
    "revision": 15,
    "roofs": [
      "5/g/g/g"
    ],
    "rooms": [
      "STAIR 3x6",
      "LAB 1",
      "LAB 2",
      "LAB 3",
      "LAB 4",
      "STAIR 3x6",
      "LIFT 2.5x2.5",
      "CORRIDOR 2.4 m",
      "WORKSHOP",
      "OFFICE",
      "PLANT",
      "STAIR 3x6",
      "LAB 1",
      "LAB 2",
      "LAB 3",
      "LAB 4",
      "STAIR 3x6",
      "LIFT 2.5x2.5",
      "CORRIDOR 2.4 m",
      "WORKSHOP",
      "OFFICE",
      "PLANT",
      "STAIR 3x6",
      "LAB 1",
      "LAB 2",
      "LAB 3",
      "LAB 4",
      "STAIR 3x6",
      "LIFT 2.5x2.5",
      "CORRIDOR 2.4 m",
      "WORKSHOP",
      "OFFICE",
      "PLANT"
    ],
    "slabs": 4,
    "walls": 66,
    "windows": 60
  },
  "done": true,
  "errors": [],
  "last": "DONE",
  "lastTools": [
    "web_searchTool result{\"answer\":\"In architectural drawing and scheduling conventions, these",
    "draw_architect_elementsTool result{\"projectId\":\"job-dcc660ea-97ae-4b45-b087-e806a7d5b8bd\",",
    "draw_architect_elementsTool result{\"projectId\":\"job-dcc660ea-97ae-4b45-b087-e806a7d5b8bd\",",
    "read_draftsman_statusAction failed — inspect detailsOpen the Model viewer and wait for it ",
    "read_project_contextTool result{\"projectId\":\"job-dcc660ea-97ae-4b45-b087-e806a7d5b8bd\",\"pr",
    "save_projectTool result{\"saved\":true,\"projectId\":\"job-dcc660ea-97ae-4b45-b087-e806a7d5b8bd"
  ],
  "paused": false,
  "receipts": 13
}

