{
  "dbs": [
    "xray-plan-content-v1:1"
  ],
  "job": {
    "annotations": 1,
    "calibrations": 13,
    "docs": [
      {
        "id": "doc-sample",
        "name": "No source plan",
        "pages": 1,
        "source": "sample"
      },
      {
        "id": "document-806342be-a298-4220-9618-966905484308",
        "name": "21-08-26_Redburn_BR250157_Prelim_Council (1).pdf",
        "pages": 13,
        "source": "web"
      }
    ],
    "id": "job-b33becbb-07cf-4f84-933b-7bd523dd9177",
    "name": "Other window revision",
    "revision": 8,
    "trades": 0
  },
  "ls": [
    [
      "xray.building-appearance.v1",
      217
    ],
    [
      "xray:assistant-panel:v2",
      43
    ],
    [
      "xray:fencing-job:v2",
      6889
    ],
    [
      "xray:bom-state:v1:job-b33becbb-07cf-4f84-933b-7bd523dd9177",
      169
    ],
    [
      "xray:component-inventory:v1:job-b33becbb-07cf-4f84-933b-7bd523dd9177",
      45821
    ],
    [
      "xray:architect:v1:job-b33becbb-07cf-4f84-933b-7bd523dd9177",
      39454
    ],
    [
      "xray.rail-layout.v1",
      24
    ],
    [
      "xray.sheet-lifecycle.v1:[\"job-b33becbb-07cf-4f84-933b-7bd523dd9177\",\"document-806342be-a298-4220-9618-966905484308\",\"b57956f76b5dc893ac2b28a021f3f92e345807e326d6b1f8313e373f9145ad38\",\"2026-09-08T15:13:46.959Z\",13]",
      1195
    ],
    [
      "xray:price-books:v1:job-b33becbb-07cf-4f84-933b-7bd523dd9177",
      1095
    ],
    [
      "loglevel",
      5
    ]
  ],
  "ss": [
    "az3:before",
    "az3.job",
    "az3.key",
    "az3.page",
    "az3.slot",
    "az3:original",
    "az3.before",
    "az3.order",
    "az3:foreign"
  ],
  "tauri": true
}
