✓ Done

true

✓ Done

true

[
  {
    "contents": 3,
    "execution": {
      "contextTokens": 600000,
      "maxOutputTokens": 32768,
      "maxRounds": 128,
      "maxToolCalls": 512,
      "timeoutMs": 300000
    }
  }
]

- combobox "Current plan" [expanded=false, ref=e49]: Open a plan to begin
  - option "Open a plan to begin" [disabled, ref=e64]
  - option "📂 Open plan file (PDF, CAD, Image)…" [disabled, ref=e65]
  - option "📄 Load sample plan (Redburn BR250157 PDF)…" [disabled, ref=e66]
- button "Open" [ref=e50]
- button "Backups" [ref=e22]
- button "Settings" [ref=e23]
- button "Log in" [ref=e24]
- button "Collapse header" [expanded=true, ref=e2]
- separator "Resize header" [ref=e3] focusable [tabindex]: 54
- navigation "Panes" [ref=e13]
  - button "Overview" [ref=e25]
  - button "Sheets" [ref=e26]
  - button "Measure" [ref=e27]
  - button "Sketch" [ref=e28]
  - button "Components" [ref=e29]
  - button "Model" [ref=e30]
  - button "Render" [ref=e31]
  - button "Review" [ref=e32]
  - button "Cost" [ref=e33]
  - button "Proof" [ref=e34]
- button "Collapse navigation" [expanded=true, ref=e4]
- separator "Resize navigation" [ref=e5] focusable [tabindex]: 44
- button "Collapse workspace info" [expanded=true, ref=e6]
- separator "Resize workspace info" [ref=e7] focusable [tabindex]: 28
- heading "MODELS" [level=2, ref=e14]
- button "Source building" [ref=e15]
- heading "PROJECT SHEETS 1" [level=2, ref=e16]
- button "Open plan" [ref=e17]
- button "Fit sheet" [ref=e18]
- button "Open source page 1" [ref=e19]
- heading "EVIDENCE LAYERS LIVE" [level=2, ref=e20]
- region "Current project" [ref=e35]
  - heading "New project" [level=2, ref=e51]
  - button "Rename project" [ref=e52]
- region "Manage source sheets" [ref=e36]
  - heading "Sheet register" [level=2, ref=e53]
  - button "Reload list" [ref=e54]
- heading "Your drawing starts here" [level=1, ref=e37]
- region "Open a drawing" [ref=e38]
  - heading "Open a drawing" [level=2, ref=e55]
  - button "Choose a file" [ref=e56]
- generic "Logs9Console0Errors0StatusDevelopment" [ref=e39] clickable [onclick]
  - separator "Resize bottom panel" [ref=e57] focusable [tabindex]: 22
  - tab "Logs 9" [ref=e60]
  - tab "Console 0" [ref=e61]
  - tab "Errors 0" [ref=e62]
  - tab "Status" [selected, ref=e63]
  - button "Expand workspace diagnostics" [expanded=false, ref=e58]
- separator "Resize left menu" [ref=e8] focusable [tabindex]: 260
- button "Collapse left menu" [expanded=true, ref=e9]
- separator "Resize right menu" [ref=e10] focusable [tabindex]: 400
- button "Collapse right menu" [expanded=true, ref=e11]
- button "Exit assistant mode" [ref=e1]
- region "Drawing assistant panel" [ref=e12]
  - button "Move live assistant" [ref=e40]
  - button "Assistant settings" [expanded=false, ref=e41]
  - button "Undock from the right menu" [ref=e42]
  - button "Collapse live assistant" [ref=e43]
  - button "Open canvas" [disabled, ref=e21]
  - radio "Ask before edits" [checked=true, ref=e44]
  - radio "Edit freely" [checked=false, ref=e45]
  - radio "Read only" [checked=false, ref=e46]
  - textbox "Message live assistant" [disabled, ref=e47]: Use the project context tool to inspect this workspace. In two sentences, report its project name and whether any source drawing is loaded. This is a read-only connection test; make no edits.
  - button "Add to assistant" [expanded=false, ref=e59]
  - button "Stop assistant response" [ref=e48]
