✓ Done

✓ X-Ray by Looplet
  http://127.0.0.1:8085/

true

"seeded with Ground floor plan rev C.pdf"

"skin=navy"

true

true

"roofing sheet shown"

true

"roof inputs entered"

true

"roof bind requested"

true

{
  "field": {
    "bg": "rgb(43, 43, 43)",
    "border": "rgb(85, 85, 85)",
    "color": "rgb(242, 242, 242)"
  },
  "note": {
    "bg": "rgba(0, 0, 0, 0)",
    "border": "rgb(185, 185, 185)",
    "color": "rgb(185, 185, 185)"
  },
  "summary": {
    "bg": "rgb(38, 38, 38)",
    "border": "rgb(242, 242, 242)",
    "color": "rgb(242, 242, 242)"
  },
  "workbench": {
    "bg": "rgb(34, 34, 34)",
    "border": "rgb(64, 64, 64)",
    "color": "rgb(242, 242, 242)"
  }
}

{
  "labelled": 13,
  "unnamed": 0
}

✗ Evaluation error: Error: Focus rule does not set a 2px solid outline: [{"selector":".industry-workbench :is(input, select, button, summary):focus-visible","width":"","style":"","offset":"2px"}]
    at <anonymous>:40:27
    at <anonymous>:45:284
