✓ 
  about:blank

true

{
  "bookmark": "Release drainage detail",
  "books": 2,
  "native": true,
  "retainedJob": "job-b5401e30-1f95-4e50-ae11-6ff6b20b1bd9",
  "sheets": 13
}

✓ Done

true

✓ Screenshot saved to screenshots/growth/2026-09-07-tablet-native-retained-sheets.png

✓ Done

true

✓ Done

✓ Done

true

"Prior source page, zoom and centre restored in new executable"

✓ Screenshot saved to screenshots/growth/2026-09-07-tablet-native-retained-view.png

✓ Done

true

✓ Done

true

✓ Done

true

✓ Done

true

"Prior backup verified against retained workspace and original bytes"

✓ Screenshot saved to screenshots/growth/2026-09-07-tablet-native-retained-backup.png

