[agent-browser] launched browser
✓ X-Ray by Looplet
  http://127.0.0.1:8080/

true

{
  "context": {
    "activeDocumentId": "doc-sample",
    "architectControllerAvailable": false,
    "counts": {
      "annotations": 0,
      "locatedItems": 0,
      "measuredTraces": 0
    },
    "documents": [
      {
        "id": "doc-sample",
        "kind": "pdf",
        "name": "No source plan",
        "pageCount": 1,
        "sha256": null
      }
    ],
    "hydration": "ready",
    "pane": "sheets",
    "projectId": "job-4675835c-3367-4139-b66e-a8d48ab6218c",
    "projectName": "New project",
    "projectRevision": 1,
    "recoveryBlocked": false,
    "saveError": null,
    "savedProjectRevision": 1,
    "sourcePage": 1
  },
  "names": [
    "read_project_context",
    "navigate_workspace",
    "read_architect_design",
    "draw_architect_elements",
    "undo_architect_change",
    "capture_workspace_image",
    "save_project",
    "control_draftsman",
    "read_draftsman_status",
    "web_search"
  ]
}

true

true

{
  "blocked": false,
  "canUndo": false,
  "error": null,
  "pendingDraft": false,
  "project": {
    "address": "",
    "arcs": [],
    "circles": [],
    "designRevision": "A",
    "dimensions": [],
    "grids": [],
    "id": "job-4675835c-3367-4139-b66e-a8d48ab6218c",
    "levels": [
      {
        "elevation": 0,
        "height": 2700,
        "id": "b9bdcc93-c09a-4874-88c0-5acc7ff96b72",
        "name": "Ground"
      }
    ],
    "lines": [],
    "name": "Untitled architectural design",
    "notes": "Authored design. Dimensions and assemblies require design review; no compliance certification.",
    "openings": [],
    "revision": 1,
    "roofs": [],
    "roomTags": [],
    "schema": "xray.architect/v1",
    "section": {
      "a": [
        0,
        1800
      ],
      "b": [
        9000,
        1800
      ]
    },
    "sheet": {
      "northAngle": 0,
      "number": "A-101",
      "scale": "50",
      "size": "A3",
      "viewports": []
    },
    "slabs": [],
    "units": "mm",
    "walls": []
  },
  "ready": true
}

- banner
  - StaticText "XR"
  - StaticText "X-RAY BY LOOPLET"
  - LabelText
    - StaticText "No plans open"
    - combobox "Current plan" [expanded=false, disabled, ref=e6]: Open a plan to begin
      - MenuListPopup
        - option "Open a plan to begin" [disabled, ref=e19]
  - navigation "Panes" [ref=e1]
    - button "Overview" [ref=e7]
    - button "Sheets" [ref=e8]
    - button "Measure" [ref=e9]
    - button "Sketch" [ref=e10]
    - button "Components" [ref=e11]
    - button "Model" [ref=e12]
    - button "Render" [ref=e13]
    - button "Review" [ref=e14]
    - button "Cost" [ref=e15]
    - button "Proof" [ref=e16]
  - StaticText "More workbench modes are available by scrolling horizontally."
  - button "Backups" [ref=e2]
  - button "Settings" [ref=e3]
  - button "Log in" [ref=e4]
    - StaticText "Log in"
- StaticText "SKETCH · architectural design & source annotations"
- generic
  - generic
    - navigation "Sketch workspaces" [ref=e17]
      - button "Architectural workspace" [ref=e20]
      - button "Source annotations" [ref=e21]
    - generic
      - sectionheader
        - StaticText "ARCHITECTURAL SKETCH · MILLIMETRES"
        - heading "Untitled architectural design" [level=1, ref=e30]
        - paragraph
          - StaticText "0 walls · 0 openings · 1 levels Saved design workspace"
        - button "Load demonstration" [ref=e31]
        - button "Backup" [ref=e32]
        - button "Restore" [ref=e33]
      - navigation "Architectural views" [ref=e22]
        - button "Drawing studio" [ref=e34]
        - button "Door & window schedule" [ref=e35]
        - button "Materials & cost" [ref=e36]
        - button "Drawing sheets" [ref=e37]
        - button "AI layout" [ref=e38]
        - combobox "Design level" [expanded=false, ref=e39]: Ground · FFL 0.000
          - MenuListPopup
            - option "Ground · FFL 0.000" [selected, ref=e85]
        - button "Level" [ref=e40]
      - generic "Architectural drawing tools"
        - button "Select" [ref=e41]
        - button "Wall" [ref=e42]
        - button "Door" [ref=e43]
        - button "Window" [ref=e44]
        - button "Slab" [ref=e45]
        - button "Roof" [ref=e46]
        - button "Line" [ref=e47]
        - button "Circle" [ref=e48]
        - button "Dimension" [ref=e49]
        - button "Room tag" [ref=e50]
        - button "Section" [ref=e51]
        - button "Grid" [ref=e52]
        - button "Undo design edit" [disabled, ref=e53]
        - button "Redo design edit" [disabled, ref=e54]
        - button "Fit" [ref=e55]
      - LabelText
        - StaticText "Tracking"
        - combobox "Tracking" [expanded=false, ref=e56]: Ortho 90°
          - MenuListPopup
            - option "Free angle" [ref=e86]
            - option "Ortho 90°" [selected, ref=e87]
            - option "Polar" [ref=e88]
      - LabelText
        - StaticText "Exact length mm"
        - spinbutton "Exact drawing length mm" [ref=e57]
      - group
        - DisclosureTriangle "Object snaps (7)" [expanded=false]
          - StaticText "Object snaps (7)"
      - StaticText "Select an element · wheel zoom · right-drag pan"
      - combobox "Drawing projection" [expanded=false, ref=e23]: plan
        - MenuListPopup
          - option "plan" [selected, ref=e69]
          - option "north" [ref=e70]
          - option "south" [ref=e71]
          - option "east" [ref=e72]
          - option "west" [ref=e73]
          - option "section" [ref=e74]
      - checkbox "Live 3D" [checked=true, ref=e24]
      - checkbox "Roof" [checked=true, ref=e25]
      - checkbox "All levels in 3D" [checked=false, ref=e26]
      - image "Editable architectural plan" [ref=e27] focusable [tabindex]
        - graphics-symbol
        - generic [ref=e58] clickable [onclick]
          - StaticText "A"
        - generic [ref=e59] clickable [onclick]
          - StaticText "A"
      - generic
        - image "Live architectural 3D model" [ref=e60] focusable [tabindex]
        - generic "Architectural 3D navigation"
          - button "Orbit" [ref=e75]
          - button "Fly" [ref=e76]
          - button "Walk-through" [ref=e77]
      - StaticText "Select"
      - StaticText "X "
      - StaticText "0.0"
      - StaticText " · Y "
      - StaticText "0.0"
      - StaticText " mm"
      - StaticText "ortho"
      - StaticText "0"
      - StaticText " closed rooms"
      - group
        - DisclosureTriangle "Precision modify · offset / trim / extend / mirror / fillet" [expanded=false]
          - StaticText "Precision modify · offset / trim / extend / mirror / fillet"
      - generic
        - sectionheader
          - StaticText "PARAMETRIC INSPECTOR"
          - heading "Design settings" [level=2, ref=e78]
        - LabelText
          - StaticText "Design name"
          - textbox "Design name" [ref=e79]: Untitled architectural design
            - StaticText "Untitled architectural design"
        - LabelText
          - StaticText "Project address"
          - textbox "Project address" [ref=e80]
        - LabelText
          - StaticText "Drawing revision"
          - textbox "Drawing revision" [ref=e81]: A
            - StaticText "A"
        - LabelText
          - StaticText "Level name"
          - textbox "Level name" [ref=e82]: Ground
            - StaticText "Ground"
        - LabelText
          - StaticText "Level FFL mm"
          - spinbutton "Level FFL mm" [ref=e83]: 0
            - StaticText "0"
        - LabelText
          - StaticText "Default ceiling height mm"
          - spinbutton "Default ceiling height mm" [ref=e84]: 2700
            - StaticText "2700"
        - paragraph
          - StaticText "Select a wall, opening, roof or room to edit its dimensions. The plan, 3D and schedules share these objects."
        - group
          - DisclosureTriangle "Design objects (0)" [expanded=false]
            - StaticText "Design objects (0)"
      - sectionfooter
        - StaticText "CAD exchange"
        - button "Export DXF" [ref=e61]
        - button "Export DWG" [disabled, ref=e62]
        - LabelText [ref=e63] clickable [cursor:pointer]
          - StaticText "Import DXF"
        - button "Export IFC" [ref=e64]
        - group
          - DisclosureTriangle "Exchange coverage" [expanded=false]
            - StaticText "Exchange coverage"
  - sectionfooter "Workspace diagnostics"
    - generic [ref=e18] clickable [onclick]
      - separator "Resize bottom panel" [ref=e28] focusable [tabindex]: 22
      - tablist "Workspace diagnostic views"
        - tab "Logs 11" [ref=e65]
          - StaticText "Logs"
          - StaticText "11"
        - tab "Console 1" [ref=e66]
          - StaticText "Console"
          - StaticText "1"
        - tab "Errors 0" [ref=e67]
          - StaticText "Errors"
          - StaticText "0"
        - tab "Status" [selected, ref=e68]
      - StaticText "Development"
      - button "Expand workspace diagnostics" [expanded=false, ref=e29]
- complementary "Live assistant"
  - button "Live assistant Drawing tools" [expanded=false, ref=e5]
    - strong
      - StaticText "Live assistant"
    - StaticText "Drawing tools"
