✓ Done

true

✓ Screenshot saved to screenshots/growth/production-197ab-tablet-portrait-prompt-attempt1.png

{
  "button": {
    "bottom": 788.203125,
    "height": 44,
    "left": 237,
    "right": 531,
    "top": 744.203125,
    "width": 294,
    "x": 237,
    "y": 744.203125
  },
  "buttonHit": true,
  "buttonTarget": true,
  "buttonVisible": true,
  "card": {
    "bottom": 826,
    "height": 121.640625,
    "left": 224,
    "right": 544,
    "top": 704.359375,
    "width": 320,
    "x": 224,
    "y": 704.359375
  },
  "dock": {
    "bottom": 1001,
    "height": 63,
    "left": 0,
    "right": 768,
    "top": 938,
    "width": 768,
    "x": 0,
    "y": 938
  },
  "dockOverlap": 0,
  "hint": {
    "bottom": 874,
    "height": 52.78125,
    "left": 12,
    "right": 756,
    "top": 821.21875,
    "width": 744,
    "x": 12,
    "y": 821.21875
  },
  "hintOverlap": 1530,
  "viewport": [
    768,
    1024
  ]
}

✗ Evaluation error: Error: Door layout failure {"viewport":[768,1024],"card":{"x":224,"y":704.359375,"width":320,"height":121.640625,"top":704.359375,"right":544,"bottom":826,"left":224},"hint":{"x":12,"y":821.21875,"width":744,"height":52.78125,"top":821.21875,"right":756,"bottom":874,"left":12},"button":{"x":237,"y":744.203125,"width":294,"height":44,"top":744.203125,"right":531,"bottom":788.203125,"left":237},"dock":{"x":0,"y":938,"width":768,"height":63,"top":938,"right":768,"bottom":1001,"left":0},"hintOverlap":1530,"dockOverlap":0,"buttonTarget":true,"buttonVisible":true,"buttonHit":true}
    at <anonymous>:1:965
