[agent-browser] launched browser
✓ Done

✓ X-Ray by Looplet
  http://127.0.0.1:8080/

true

"seeded Roof Architectural Plan Rev D.pdf"

true

"roofing worksheet opened"

true

"3D wireframe verified with 4 faces and 9 edges"

"framed .roofing-worksheet"

✓ Screenshot saved to proof/growth/2026-09-19-sc05-roof-geometry/captures/sc05-3d-wireframe-desktop-1600x1000.png

✓ Screenshot saved to screenshots/growth/sc05/sc05-3d-wireframe-desktop-1600x1000.png

"switched to 2d unfolded view"

true

"2D unfolded patterns verified with true area annotations"

"framed .roofing-worksheet"

✓ Screenshot saved to proof/growth/2026-09-19-sc05-roof-geometry/captures/sc05-2d-unfolded-desktop-1600x1000.png

✓ Screenshot saved to screenshots/growth/sc05/sc05-2d-unfolded-desktop-1600x1000.png

"switched to unequal valley preset"

true

"Unequal valley asymmetrical geometry verified: plan angle ~35.66°, slope 18.60°"

"framed .roofing-worksheet"

✓ Screenshot saved to proof/growth/2026-09-19-sc05-roof-geometry/captures/sc05-unequal-valley-desktop-1600x1000.png

✓ Screenshot saved to screenshots/growth/sc05/sc05-unequal-valley-desktop-1600x1000.png

✓ Done

"framed .roofing-worksheet"

✓ Screenshot saved to proof/growth/2026-09-19-sc05-roof-geometry/captures/sc05-roof-inspector-tablet-1024x768.png

✓ Screenshot saved to screenshots/growth/sc05/sc05-roof-inspector-tablet-1024x768.png

