[agent-browser] launched browser
✓ Done

✓ X-Ray by Looplet
  http://127.0.0.1:8085/

true

"reloading-with-minimax"

true

"checking"

true

"{\"provider\":\"MiniMax\",\"model\":\"MiniMax-M3\",\"stored\":\"minimax\"}"

"seeding"

true

"{\"ok\":true,\"jobId\":\"job-c7984f26-5d59-4a5f-974e-b2d3affb1786\",\"documents\":2,\"activeDocumentId\":\"doc-ground-floor\",\"calibrations\":3}"

"opened"

true

"binding"

true

"{\"script\":\"05-reload\",\"jobId\":\"job-c7984f26-5d59-4a5f-974e-b2d3affb1786\"}"

"composed 405 chars"

true

"busy=false"

✓ Screenshot saved to proof/growth/2026-09-16-live-assistant-rig/screenshots/05-reload-composed.png

"sent"

"polling"

true

✓ Screenshot saved to proof/growth/2026-09-16-live-assistant-rig/screenshots/05-reload-replied.png

"{\"state\":\"done\",\"projectId\":\"job-c7984f26-5d59-4a5f-974e-b2d3affb1786\",\"activeId\":\"6c3423bf-1aa4-41b9-9540-6451af009b39\",\"threads\":1,\"busy\":false,\"error\":null,\"workPacket\":{\"state\":\"review-required\",\"objective\":\"Execute calculate_draft_roof_sheet_coverage for this explicit QA rectangle: developedWidthM='8', developedRunM='9.8', effectiveCoverM='0.8', orderLengthM='5', endLapM='0.2', measurementReference='QA synthetic rectangle', supplierReference='QA supplied sheet specification'. Report the actual tool res\",\"nextAction\":\"Workflow receipts complete. Review the draft against its sources and acceptance tests; no professional approval or issue recorded.\",\"pendingAction\":null,\"routingFailure\":null},\"entries\":[{\"kind\":\"user\",\"tool\":null,\"failed\":null,\"origin\":null,\"projectName\":null,\"projectRevision\":null,\"text\":\"Execute calculate_draft_roof_sheet_coverage for this explicit QA rectangle: developedWidthM='8', developedRunM='9.8', effectiveCoverM='0.8', orderLengthM='5', endLapM='0.2', measurementReference='QA synthetic rectangle', supplierReference='QA supplied sheet specification'. Report the actual tool result and explain course steps and lap policy. Use supplied inputs only; do not change project or geometry.\"},{\"kind\":\"assistant\",\"tool\":null,\"failed\":null,\"origin\":null,\"projectName\":null,\"projectRevision\":null,\"text\":\"```mindmap\\n- Roof sheet coverage QA\\n  - Inputs (supplied only)\\n    - developedWidthM: 8\\n    - developedRunM: 9.8\\n    - effectiveCoverM: 0.8\\n    - orderLengthM: 5\\n    - endLapM: 0.2\\n    - measurementReference: QA synthetic rectangle\\n    - supplierReference: QA supplied sheet specification\\n  - Lap policy\\n    - side lap: already inside effectiveCoverM\\n    - end lap (transverse): 0.2 m per overlap\\n  - Course logic\\n    - first course: FULL ordered length (5.0 m)\\n    - subsequent courses: ordered length minus end lap\\n```\\n\"},{\"kind\":\"tool\",\"tool\":\"calculate_draft_roof_sheet_coverage\",\"failed\":null,\"origin\":\"model\",\"projectName\":\"New project\",\"projectRevision\":1,\"text\":\"{\\\"projectId\\\":\\\"job-c7984f26-5d59-4a5f-974e-b2d3affb1786\\\",\\\"projectRevision\\\":1,\\\"status\\\":\\\"draft-sheet-coverage\\\",\\\"columns\\\":10,\\\"courses\\\":2,\\\"sheets\\\":20,\\\"inputs\\\":{\\\"developedWidthM\\\":\\\"8\\\",\\\"developedRunM\\\":\\\"9.8\\\",\\\"effectiveCoverM\\\":\\\"0.8\\\",\\\"orderLengthM\\\":\\\"5\\\",\\\"endLapM\\\":\\\"0.2\\\",\\\"measurementReference\\\":\\\"QA synthetic rectangle\\\",\\\"supplierReference\\\":\\\"QA supplied sheet specification\\\"},\\\"calculation\\\":{\\\"columns\\\":\\\"ceil(8 / 0.8) = 10\\\",\\\"coursesFormula\\\":\\\"run <= ordered length ? 1 : 1 + ceil((run - ordered length) / (ordered length - end lap))\\\",\\\"courses\\\":\\\"1 + ceil((9.8 - 5) / (5 - 0.2)) = 2\\\",\\\"coursesExpanded\\\":\\\"Course 1 covers a full ordered sheet length of 5 m. The remaining 4.8 m is covered by further courses that each add 5 - 0.2 = 4.8 m, so ceil(4.8 / 4.8) = 1 more course(s), giving 2 courses in total.\\\",\\\"courseBoundary\\\":\\\"2 course(s) cover any run greater than 5 m and up to and including exactly 9.8 m. A run of 9.800000001 m or more needs at least 3 courses.\\\",\\\"boundaryPrecision\\\":\\\"The next boundary value uses this calculator's nine-decimal-place input resolution in metres. It does not establish measurement accuracy or PDF coordinate precision.\\\",\\\"maxRunAtThisCourseCountM\\\":9.8,\\\"minRunForAnotherCourseM\\\":9.800000001,\\\"wrongFormulaWarning\\\":\\\"Do NOT compute courses as ceil(run / (ordered length - end lap)); for this input that would give 3 instead of the correct 2, because the first course is not shortened by an end lap.\\\",\\\"sheets\\\":\\\"10 columns × 2 courses = 20 sheets\\\",\\\"orderedLength\\\":\\\"20 sheets × 5 m = 100 m\\\",\\\"endLapPolicy\\\":\\\"The first course covers a full ordered sheet length. Each additional course adds ordered length minus end lap.\\\",\\\"excessRun\\\":\\\"9.8 m covered run - 9.8 m requested run = 0 m excess run. This is geometric over-coverage along the run, not a per-sheet waste or cutting quantity.\\\"},\\\"cuttingSchedule\\\":{\\\"status\\\":\\\"not-calculated\\\",\\\"perSheetWasteM\\\":null,\\\"reusableOffcuts\\\":null,\\\"reason\\\":\\\"No cutting layout, trimming or offcut reuse is supplied. Do not infer per-sheet waste, scrap, usable cut length or reusable offcuts from coverage excess, in either the answer or Developer review.\\\"},\\\"orderedLinearM\\\":100,\\\"coveredWidthM\\\":8,\\\"coveredRunM\\\":9.8,\\\"excessWidthM\\\":0,\\\"excessRunM\\\":0,\\\"measurementReference\\\":\\\"QA synthetic rectangle\\\",\\\"supplierReference\\\":\\\"QA supplied sheet specification\\\",\\\"verifiedQuoteEligible\\\":false,\\\"limitations\\\":[\\\"End lap (the lengthwise lap between courses, also called a transverse lap) IS included in this calculation: every course after the first is shortened by the supplied end lap. Do not describe end laps or transverse laps as excluded.\\\",\\\"Side lap (the lap between adjacent sheets across the width) is NOT calculated here: it is already contained in the supplied effective sheet cover, so it is neither added nor deducted again. Side lap and end lap are separate laps and must be explained separately.\\\",\\\"One rectangular developed surface with identical ordered sheet lengths; no opening deductions, hips, valleys, cutting or reusable offcut schedule.\\\",\\\"No fixings, flashings, product suitability or compliance calculation. References are retained but not validated; draft and not eligible for verified quotes.\\\"]}\"},{\"kind\":\"assistant\",\"tool\":null,\"failed\":null,\"origin\":null,\"projectName\":null,\"projectRevision\":null,\"text\":\"## Tool receipt (actual result)\\n\\nThe calculator returned `status: draft-sheet-coverage`, `verifiedQuoteEligible: false` for project `job-c7984f26…` revision 1.\\n\\n- **Columns across the width:** `ceil(8 / 0.8) = 10`\\n- **Courses along the run:** `1 + ceil((9.8 - 5) / (5 - 0.2)) = 2`\\n- **Sheets:** `10 columns × 2 courses = 20 sheets`\\n- **Ordered linear metres:** `20 × 5 m = 100 m`\\n- **Covered surface:** `8.0 m × 9.8 m`, with `excessWidth = 0 m` and `excessRun = 0 m` (the requested run fits the course boundary exactly).\\n\\n## Course steps explained\\n\\n- **Course 1** uses a **full** ordered sheet length: `5.0 m` (no end-lap deduction on the first course).\\n- **Remaining run:** `9.8 - 5 = 4.8 m`.\\n- **Each later course** advances by `order length − end lap = 5 - 0.2 = 4.8 m`.\\n- `ceil(4.8 / 4.8) = 1` more course, so total `1 + 1 = 2` courses.\\n\\n## Lap policy\\n\\n- **Side lap (across the width)** is **not** calculated here; it is already inside the supplied `effectiveCoverM` of `0.8 m`. Side lap and end lap are **separate laps** and must be explained separately.\\n- **End lap / transverse lap (along the run)** **is included**: every course after the first is shortened by the supplied `endLapM` of `0.2 m`.\\n- **Course-boundary warning:** `2 courses` cover any run `> 5 m` and `≤ 9.8 m`; a run of `9.800000001 m` or more would need `≥ 3` courses. The QA rectangle at `9.8 m` sits exactly at that boundary.\\n- **Wrong-formula trap:** `ceil(run / (order length − end lap)) = ceil(9.8 / 4.8) = 3` is **incorrect** — the first course is not shortened by an end lap, so the correct count is 2.\\n- **Not calculated:** cutting layout, per-sheet waste, scrap, reusable offcuts, openings, hips/valleys, fixings, flashings, suitability or compliance. Output remains draft.\\n\\n## References retained (not verified)\\n\\n- `measurementReference`: `QA synthetic rectangle`\\n- `supplierReference`: `QA supplied sheet specification`\\n\\n---\\n\\n### Developer review\\n\\n- **Outcome:** Reported the actual receipt (20 sheets, 2 courses, 10 columns), explained first-course-full vs. shortened-subsequent, and separated side lap (inside effective cover) from end lap (included). Called out the wrong-formula trap and the exact `9.8 m` boundary.\\n- **Friction:** None in delivery; minor risk that the long boundary/note block could feel dense on first read.\\n- **Improvement:** Lead the answer with a one-line headline number (20 sheets, 2 courses) before unpacking, so the headline is visible at a glance.\"}]}"

"digested 4 entries"

"{\"rows\":4,\"markerVisibleToUser\":false,\"markerInBodyText\":false,\"lastEntry\":\"AssistantTool receipt (actual result)The calculator returned status: draft-sheet-coverage, verifiedQuoteEligible: false for project job-c7984f26… revision 1.Col\"}"

✓ Done

http://127.0.0.1:8085/

true

"opened"

✗ Wait timed out after 60000ms
