"ok"

"removed"

true

"removed"

true

"removed"

true

"removed"

true

"removed"

true

"Library (1)"

true

8

true

"Quantity (ea)"

✓ Done

true

"Library (1)"

true

8

true

"Quantity (ea)"

✓ Done

true

"Library (1)"

true

8

true

"Quantity (ea)"

✓ Done

true

"Library (1)"

true

8

true

"Quantity (ea)"

✓ Done

true

"Library (1)"

true

8

true

"Quantity (ea)"

✓ Done

true

"Priced worksheet (6)"

true

"Worksheet subtotals\n\nAUD 3469.80 · tax excluded · 7 lines\n\nSubtotals sum rounded line amounts. Different currencies, tax bases and amount precisions stay separate.\n\nTreated pine post 125x125x2700mm\n\n2 ea × 29 = AUD 58.00 · tax excluded\n\nAFGC-LOOPLET-CRM-RATES · revision 1 · source line 3 · Affordable Fencing Gold Coast (Looplet CRM price list db48b34c) · effective 2026-09-23\n\nLooplet CRM list_price_items, confirmed sell prices, read 2026-09-23\n\nRemove this priced line\n1800mm High Timber Pedestrian Gate\n\n2 ea × 750 = AUD 1500.00 · tax excluded\n\nAFGC-LOOPLET-CRM-RATES · revision 1 · source line 9 · Affordable Fencing Gold Coast (Looplet CRM price list db48b34c) · effective 2026-09-23\n\nLooplet CRM list_price_items, confirmed sell prices, read 2026-09-23\n\nRemove this priced line\nTreated pine post 100x100x2400mm\n\n14 ea × 18.5 = AUD 259.00 · tax excluded\n\nAFGC-LOOPLET-CRM-RATES · revision 1 · source line 2 · Affordable Fencing Gold Coast (Looplet CRM price list db48b34c) · effective 2026-09-23\n\nLooplet CRM list_price_items, confirmed sell prices, read 2026-09-23\n\nRemove this priced line\nPaling 150x12x1800mm treated pine\n\n368 ea × 3 = AUD 1104.00 · tax excluded\n\nAFGC-LOOPLET-CRM-RATES · revision 1 · source line 4 · Affordable Fencing Gold Coast (Looplet CRM price list db48b34c) · effective 2026-09-23\n\nLooplet CRM list_price_items, confirmed sell prices, read 2026-09-23\n\nRemove this priced line\nRail 75x50x2400mm treated pine\n\n28 ea × 10 = AUD 280.00 · tax excluded\n\nAFGC-LOOPLET-CRM-RATES · revision 1 · source line 5 · Affordable Fencing Gold Coast (Looplet CRM price list db48b34c) · effective 2026-09-23\n\nLooplet CRM list_price_items, confirmed sell prices, read 2026-09-23\n\nRemove this priced line\nPost cap treated pine\n\n16 ea × 4.8 = AUD 76.80 · tax excluded\n\nAFGC-LOOPLET-CRM-RATES · revision 1 · source line 7 · Affordable Fencing Gold Coast (Looplet CRM price list db48b34c) · effective 2026-09-23\n\nLooplet CRM list_price_items, confirmed sell prices, read 2026-09-23\n\nRemove this priced line\nConcrete footing (per post)\n\n16 ea × 12 = AUD 192.00 · tax excluded\n\nAFGC-LOOPLET-CRM-RATES · revision 1 · source line 8 · Affordable Fencing Gold Coast (Looplet CRM price list db48b34c) · effective 2026-09-23\n\nLooplet CRM list_price_items, confirmed sell prices, read 2026-09-23\n\nRemove this priced line\nSupplier product research\n\nSearch the web for supplier product pages to use as pricing evidence. Results are links only: nothing is saved and no rate or project cost changes.\n\nSupplier research service unavailable in this build.\n\nProduct query\nCountry\nAustralia (AU)\nNew Zealand"

✓ Screenshot saved to proof/growth/2026-09-23-tiered-tests/shots/t10-revised-worksheet.png
