✓ Done

true

✓ Done

true

null

✓ Screenshot saved to screenshots/growth/2026-09-07-sheets/production-before.png

✓ Done

✓ Done

✓ Done

✓ Done

true

✓ Done

✓ Done

✓ Done

✓ Done

true

✓ Done

true

"Two named discipline groups sorted; original page indices retained"

✓ Screenshot saved to screenshots/growth/2026-09-07-sheets/production-groups.png

✓ Done

✓ Done

true

null

✓ Done

✓ Done

✓ Done

null

✓ Done

✓ Done

✓ Done

✓ Done

✓ Done

✓ Done

true

{
  "bookmark": {
    "aspect": 1.4141453600796925,
    "center": {
      "x": 0.4469613259668509,
      "y": 0.4624978026056214
    },
    "createdAt": "2026-09-07T13:17:42.371Z",
    "id": "fa819dc1-a7f9-41b4-a24c-eddaf2f69353",
    "name": "Release drainage detail",
    "zoom": 1.5625
  },
  "identity": {
    "documentId": "document-0586a31a-7f4d-4575-93bd-d84dbfc345f3",
    "importedAt": "2026-09-07T13:12:00.227Z",
    "jobId": "job-d27276cc-b473-44f4-b0ec-9f4ec7fa6ced",
    "pageCount": 13,
    "sha256": "b57956f76b5dc893ac2b28a021f3f92e345807e326d6b1f8313e373f9145ad38"
  }
}

✓ Done

true

✓ Done

✓ Done

✓ Done

true

"Correct original page and source centre restored after switching pages"

✓ Screenshot saved to screenshots/growth/2026-09-07-sheets/production-bookmark-desktop.png

http://127.0.0.1:8086/

true

✓ Done

true

"Full reload retained names, discipline order and page-linked saved view"

✓ Done

true

✓ Done

✓ Done

true

✓ Done

null

✓ Screenshot saved to screenshots/growth/2026-09-07-sheets/production-bookmark-mobile.png

"Reload and mobile resize retained exact source page and viewport centre"

✓ Screenshot saved to screenshots/growth/2026-09-07-sheets/production-bookmark-mobile-canvas.png

"All eight lower controls at least44x44 and reachable"

✓ Done

✓ Done

true

