null

✓ Done

true

null

✓ Done

true

null

true

null

null

true

{
  "blocked": "true",
  "blockedFrames": 12,
  "done": true,
  "end": [
    2.9892086330935217,
    1.6500000059604645,
    0.4000863226975761
  ],
  "feetEnd": [
    2.9892086330935217,
    5.9604645663569045e-9,
    0.4000863226975761
  ],
  "feetStart": "2.9892086330935217,5.9604645663569045e-9,1.0764950539568345",
  "frames": 50,
  "passed": true,
  "start": [
    2.9892086330935217,
    1.6500000059604645,
    1.0764950539568343
  ]
}

true

✓ Screenshot saved to screenshots/growth/walk-boundaries-architect-window-block-attempt1.png

null

✓ Done

true

null

✓ Done

true

null

true

null

null

true

{
  "blocked": "true",
  "blockedFrames": 12,
  "done": true,
  "end": [
    0.3980992263322302,
    1.6500000059604645,
    2.9901641187050356
  ],
  "feetEnd": [
    0.3980992263322302,
    5.9604645663569045e-9,
    2.9901641187050356
  ],
  "feetStart": "0.9999999999999982,5.9604645663569045e-9,2.9901641187050356",
  "frames": 50,
  "passed": true,
  "start": [
    0.9999999999999982,
    1.6500000059604645,
    2.9901641187050356
  ]
}

true

✓ Screenshot saved to screenshots/growth/walk-boundaries-architect-wall-block-attempt1.png

null

null

✓ Done

true

null

✓ Done

true

✗ Evaluation error: Error: Invalid landing did not safely restore orbit: This walking start has no clear, supported landing. Choose another start.
    at <anonymous>:1:363
    at <anonymous>:1:438
