✓ Done

{
  "minTarget": 44,
  "reachable": 7,
  "viewport": [
    1024,
    768
  ]
}

✓ Screenshot saved to screenshots/growth/nav-built-final-landscape-controls.png

✓ Done

true

{
  "background": "rgb(223, 226, 225)",
  "selectedTitle": "rgb(28, 24, 18)"
}

✓ Screenshot saved to screenshots/growth/nav-built-final-landscape-picker.png

{
  "interrupted": false
}

true

"Start action reachable by dialog scrolling"

✓ Screenshot saved to screenshots/growth/nav-built-final-landscape-start.png

✓ Done

✓ Done

{
  "minTarget": 44,
  "reachable": 7,
  "viewport": [
    768,
    1024
  ]
}

✓ Screenshot saved to screenshots/growth/nav-built-final-portrait-controls.png

✓ Done

true

{
  "background": "rgb(223, 226, 225)",
  "selectedTitle": "rgb(28, 24, 18)"
}

✓ Screenshot saved to screenshots/growth/nav-built-final-portrait-picker.png

{
  "interrupted": false
}

true

"Start action reachable by dialog scrolling"

✓ Screenshot saved to screenshots/growth/nav-built-final-portrait-start.png

✓ Done

