✓ Done

[
  {
    "id": "ff92cf18-d57e-4ee1-b1bc-1cd4787ffe1e",
    "valid": true
  },
  {
    "id": "1c92797c-6212-4f51-8f70-e8d63e2d123b",
    "valid": true
  },
  {
    "id": "1485dcf8-aa9b-41b1-8e04-9245597c0803",
    "valid": true
  }
]

{
  "canvas": true,
  "panel": {
    "height": 768.5,
    "width": 400,
    "x": 1040,
    "y": 131.5
  },
  "viewport": [
    1440,
    900
  ]
}

✓ Screenshot saved to screenshots/architect-benchmark-solid.png

✓ Done

{
  "draft": "Keep this draft",
  "maxLength": 100000,
  "prevented": true
}

true

✓ Done

✓ Done

✗ Evaluation error: Error: Assistant escaped viewport
    at <anonymous>:1:186
    at <anonymous>:1:465
