✓ Done

true

✓ Done

true

✓ Done

true

true

"panel"

✓ Done

✓ Done

true

"edits allowed"

✓ Done

✓ Done

true

{
  "paused": false,
  "tools": [
    "read_project_contextRunning read_project_context…Running read_project_context…",
    "read_project_contextTool result{\"projectId\":\"job-0ea0dd3d-b9f0-473a-8580-1ebe7156a0bb\",\"projectName\":\"New project\",\"projectRevision\":2,\"pane\":\"measure\",\"sourceP",
    "calibrate_source_sheetRunning calibrate_source_sheet…Running calibrate_source_sheet…",
    "calibrate_source_sheetTool result{\"projectId\":\"job-0ea0dd3d-b9f0-473a-8580-1ebe7156a0bb\",\"sheet\":1,\"originalPage\":2,\"sourceKind\":\"web\",\"documentId\":\"document-da",
    "trace_takeoff_runRunning trace_takeoff_run…Running trace_takeoff_run…",
    "trace_takeoff_runTool result{\"projectId\":\"job-0ea0dd3d-b9f0-473a-8580-1ebe7156a0bb\",\"sheet\":1,\"originalPage\":2,\"sourceKind\":\"web\",\"documentId\":\"document-daeaf1c",
    "read_takeoff_evidenceRunning read_takeoff_evidence…Running read_takeoff_evidence…",
    "read_takeoff_evidenceTool result{\"projectId\":\"job-0ea0dd3d-b9f0-473a-8580-1ebe7156a0bb\",\"projectRevision\":5,\"activeDocument\":{\"id\":\"document-daeaf1cd-aa74-481f-",
    "review_takeoff_itemRunning review_takeoff_item…Running review_takeoff_item…",
    "review_takeoff_itemTool result{\"projectId\":\"job-0ea0dd3d-b9f0-473a-8580-1ebe7156a0bb\",\"sheet\":1,\"originalPage\":2,\"sourceKind\":\"web\",\"documentId\":\"document-daeaf"
  ]
}

"edits allowed"

1

✓ Done

✓ Done

true

{
  "errors": [],
  "replies": [
    "AssistantSheet index 1 (original page 2) has been calibrated, traced, and reviewed:\n\n### 1. Calibration\n- **Points:** `(100, 100)` to `(600, 100)` (page units)\n- **Known Distance:** 5.0 m\n- **Scale:** 0.01 m/unit\n- **Method:** Scale bar (`Live-assistant: scale bar`)\n- **Status:** Locked\n\n### 2. Takeoff Run Details\n- **Run ID:** `run-d5f92318-2a4f-412b-93ef-141815091d72` (Label: `Run 01`)\n- **Vertices:** `(100, 300)` to `(600, 300)`\n- **Length:** **5.0 m** (Gross: 5.0 m, Gate deduction: 0.0 m, Net: 5.0 m)\n\n### 3. Review Status\n- **Review Decision:** **Approved**\n- **Reviewer:** Daniel Sivyer\n- **Status:** `approved` (previously `draft`, revision 2)\n- **Remaining Blocker:** Specification missing `trade / work package` and `quantity source reference`.",
    "AssistantDONE"
  ],
  "tools": [
    "read_project_contextRunning read_project_context…Running read_project_context…",
    "read_project_contextTool result{\"projectId\":\"job-0ea0dd3d-b9f0-473a-8580-1ebe7156a0bb\",\"projectName\":\"New project\",\"projectRevision\":2,\"pane\":\"measure\",\"sourcePage\":1,\"documents\":[{\"id\":\"doc-sample\",\"",
    "calibrate_source_sheetRunning calibrate_source_sheet…Running calibrate_source_sheet…",
    "calibrate_source_sheetTool result{\"projectId\":\"job-0ea0dd3d-b9f0-473a-8580-1ebe7156a0bb\",\"sheet\":1,\"originalPage\":2,\"sourceKind\":\"web\",\"documentId\":\"document-daeaf1cd-aa74-481f-9824-93bf869f4ddb\",\"sou",
    "trace_takeoff_runRunning trace_takeoff_run…Running trace_takeoff_run…",
    "trace_takeoff_runTool result{\"projectId\":\"job-0ea0dd3d-b9f0-473a-8580-1ebe7156a0bb\",\"sheet\":1,\"originalPage\":2,\"sourceKind\":\"web\",\"documentId\":\"document-daeaf1cd-aa74-481f-9824-93bf869f4ddb\",\"sourceSh",
    "read_takeoff_evidenceRunning read_takeoff_evidence…Running read_takeoff_evidence…",
    "read_takeoff_evidenceTool result{\"projectId\":\"job-0ea0dd3d-b9f0-473a-8580-1ebe7156a0bb\",\"projectRevision\":5,\"activeDocument\":{\"id\":\"document-daeaf1cd-aa74-481f-9824-93bf869f4ddb\",\"name\":\"21-08-26_Redb",
    "review_takeoff_itemRunning review_takeoff_item…Running review_takeoff_item…",
    "review_takeoff_itemTool result{\"projectId\":\"job-0ea0dd3d-b9f0-473a-8580-1ebe7156a0bb\",\"sheet\":1,\"originalPage\":2,\"sourceKind\":\"web\",\"documentId\":\"document-daeaf1cd-aa74-481f-9824-93bf869f4ddb\",\"source"
  ]
}

{
  "evidence": "scale bar on that sheet",
  "jobRevision": 6,
  "lengthM": 5,
  "method": "Live assistant · scale bar",
  "metresPerUnit": 0.01,
  "review": {
    "decidedAt": "2026-09-09T01:01:13.078Z",
    "decidedBy": "Daniel Sivyer",
    "note": "Recorded through the Live assistant for Daniel Sivyer.",
    "status": "approved"
  },
  "runId": "run-d5f92318-2a4f-412b-93ef-141815091d72"
}

✓ Screenshot saved to screenshots/growth/2026-09-09-assistant-unlock/b-takeoff-desktop.png

