[agent-browser] launched browser
✓ X-Ray by Looplet
  http://127.0.0.1:8080/

✓ Done

true

✓ Done

true

true

"crown-wharf"

true

✓ Done

true

true

✓ Done

true

true

"44px mobile touch targets confirmed"

"Level 08 (+32.0m)"

true

true

true

✓ Done

✓ Screenshot saved to proof/draftsman/ios-mobile-cinematic-tour.png

true

✓ Screenshot saved to proof/draftsman/ios-mobile-blueprint-active.png

null

true

true

true

✓ Screenshot saved to proof/draftsman/ios-mobile-assistant-open.png

true

true

✓ Screenshot saved to proof/draftsman/ios-mobile-assistant-tour-reply.png

