http://tauri.localhost/

true

"seeded xray:price-books:v1:job-b33becbb-07cf-4f84-933b-7bd523dd9177 (1095 chars, books=1, rows=2); previous record: none"

http://tauri.localhost/

true

"after reload: project job-b33becbb-07cf-4f84-933b-7bd523dd9177 has price book record xray:price-books:v1:job-b33becbb-07cf-4f84-933b-7bd523dd9177 (1095 chars); fetch instrumented before Cost pane; log=[]"

✓ Done

true

"pricing-research fetches=[\"GET /api/pricing-research (sent)\"]; state=idle; price-book keys=1 (xray:price-books:v1:job-b33becbb-07cf-4f84-933b-7bd523dd9177, 1095 chars, books=1, rows=2); tabs=Library (1)|Import price sheet|Priced worksheet (0); card=Seeded QA price book"

✓ Screenshot saved to screenshots/growth/2026-09-09-az3-release/native-pricing-v2-desktop-seeded-library.png

"research section scrolled into view"

✓ Screenshot saved to screenshots/growth/2026-09-09-az3-release/native-pricing-v2-desktop-not-configured.png

✓ Done

"search enabled for query: 90x45 MGP10 treated pine"

✓ Done

true

"failure rendered (invalid-response, HTTP 200); price-book keys=1 before and 1 after, raw bytes identical (1298 chars snapshot), seeded book name/rows/rate intact, library tabs and card text identical; fetches=[\"GET /api/pricing-research (sent)\",\"POST /api/pricing-research (sent)\"]; text=Invalid provider response (invalid-response, HTTP 200)The supplier research service answered with an unexpected response (HTTP 200). No links were kept.Request "

✓ Screenshot saved to screenshots/growth/2026-09-09-az3-release/native-pricing-v2-desktop-not-configured-failure.png

"post-failure: xray:price-books:v1:job-b33becbb-07cf-4f84-933b-7bd523dd9177 still holds 1095 chars, revision 1, 1 book(s), worksheet 0; card heading Seeded QA price book; research state failure"

✓ Screenshot saved to screenshots/growth/2026-09-09-az3-release/native-pricing-v2-desktop-seeded-library-after-failure.png

