[agent-browser] launched browser
✓ Done

✓ X-Ray by Looplet
  http://127.0.0.1:8085/

true

"reloading-with-minimax"

true

"checking"

true

"{\"provider\":\"MiniMax\",\"model\":\"MiniMax-M3\",\"stored\":\"minimax\"}"

"seeding"

true

"{\"ok\":true,\"jobId\":\"job-af240184-da70-441a-b9de-b14e99906b58\",\"documents\":2,\"activeDocumentId\":\"doc-ground-floor\",\"calibrations\":3}"

"opened"

true

"binding"

true

"menu opened"

true

"clicked New chat"

"awaiting empty conversation"

true

"{\"conversationEmptyBeforeTurn\":true,\"activeId\":\"e2d1c819-9de1-485d-8afe-37e9b2850ce7\"}"

"{\"script\":\"23-d8-ask-hang-diagnostic\",\"jobId\":\"job-af240184-da70-441a-b9de-b14e99906b58\"}"

"mode -> ask"

"reading-mode"

true

"permission mode confirmed: ask"

"composed 41 chars"

true

"baseline"

true

"sent"

"diagnosing"

true

✓ Screenshot saved to proof/growth/2026-09-16-live-assistant-rig/screenshots/23-d8-ask-hang-diagnostic.png

"{\"mode\":\"ask\",\"pending\":null,\"grants\":[],\"busy\":false,\"error\":null,\"workPacketState\":null,\"nextAction\":null,\"entries\":0,\"fresh\":[],\"renderedRows\":0,\"renderedTail\":[]}"

"scrolled"

✓ Screenshot saved to proof/growth/2026-09-16-live-assistant-rig/screenshots/23-d8-ask-hang-diagnostic-bottom.png

