[agent-browser] launched browser
✓ Done

✓ X-Ray by Looplet
  http://127.0.0.1:8085/

true

"reloading-with-minimax"

true

"checking"

true

"{\"provider\":\"MiniMax\",\"model\":\"MiniMax-M3\",\"stored\":\"minimax\"}"

"seeding"

true

"{\"ok\":true,\"jobId\":\"job-720b5806-7c24-4e85-9e6e-253381d1545d\",\"documents\":2,\"activeDocumentId\":\"doc-ground-floor\",\"calibrations\":3}"

"opened"

true

"binding"

true

"menu opened"

true

"clicked New chat"

"awaiting empty conversation"

true

"{\"conversationEmptyBeforeTurn\":true,\"activeId\":\"6297d85f-f690-4a4b-bc69-8913719a9bd7\"}"

"{\"script\":\"09-readonly-refuses-edits\",\"jobId\":\"job-720b5806-7c24-4e85-9e6e-253381d1545d\"}"

✗ Evaluation error: Error: No permission mode button: Read only
    at <anonymous>:1:138
    at <anonymous>:1:303
