✓ Done

true

"panel collapsed"

{
  "imgs": [],
  "picked": null
}

✓ Screenshot saved to screenshots/growth/2026-09-09-assistant-surface/model-03-real-life-view.png

"panel"

true

97

{
  "errors": 0,
  "replies": 3
}

✓ Done

true

{
  "hidden": true,
  "receipt": "hide_designed_modelReturned the model viewer to its source buildingThe Model viewer returned to its catalogued source reconstructions.Tool result{\"mounted\":false,\"building\":\"designed\",\"origin\":\"design",
  "rows": [
    "Read the project context · Working…",
    "Read the project context · pane model · project \"New project\" · revision 1"
  ],
  "status": "unmatched"
}

✓ Done

✗ Wait timed out after 30000ms
