✓ X-Ray by Looplet
  http://tauri.localhost/

true

{
  "bookmark": "Release drainage detail",
  "books": 2,
  "native": true,
  "retainedJob": "job-b5401e30-1f95-4e50-ae11-6ff6b20b1bd9",
  "sheets": 13
}

✓ Done

true

✓ Screenshot saved to screenshots/growth/nav-native-049-final-retained-sheets.png

✓ Done

true

✓ Done

✓ Done

true

"Prior source page, zoom and centre restored in new executable"

✓ Screenshot saved to screenshots/growth/nav-native-049-final-retained-view.png

✓ Done

true

✓ Done

true

✓ Done

true

✓ Done

true

"Prior backup verified against retained workspace and original bytes"

✓ Screenshot saved to screenshots/growth/nav-native-049-final-retained-backup.png


✓ Done

✓ Done

true

"Capture refusal armed for this QA canvas"

✓ Done

true

"Await settled Fly telemetry"

true

"Drag-look check ready"

"Dragged 100px right"

true

✓ Screenshot saved to screenshots/growth/nav-native-049-final-fly-drag.png

"Original capture API restored"

✓ Done

true

true

{
  "settledAtFrame": 27
}

true

{
  "actualCamera": {
    "capture": "locked",
    "mode": "fly",
    "pitch": 0,
    "position": [
      10.206,
      3.4200000000000004,
      15.5305
    ],
    "speed": 0,
    "yaw": 0.3517952083868698
  },
  "mode": "fly",
  "ready": true,
  "selector": ".building-canvas canvas"
}

{
  "capture": "locked",
  "mode": "fly",
  "pitch": 0,
  "position": [
    10.206,
    3.4200000000000004,
    15.5305
  ],
  "speed": 0,
  "yaw": 0.3517952083868698
}

true

✓ Screenshot saved to screenshots/growth/nav-native-049-final-fly-before.png

{
  "before": {
    "capture": "locked",
    "mode": "fly",
    "pitch": 0,
    "position": [
      10.206,
      3.4200000000000004,
      15.5305
    ],
    "speed": 0,
    "yaw": 0.3517952083868698
  },
  "code": "KeyW"
}

true

{
  "observed": {
    "capture": "locked",
    "mode": "fly",
    "pitch": 0,
    "position": [
      10.076983366324264,
      3.4200000000000004,
      15.17901756609406
    ],
    "speed": 4.823081925863626,
    "yaw": 0.3517952083868698
  },
  "released": "KeyW"
}

true

{
  "after": {
    "capture": "locked",
    "mode": "fly",
    "pitch": 0,
    "position": [
      9.924328582351547,
      3.4200000000000004,
      14.76313727616981
    ],
    "speed": 0.00267024013453746,
    "yaw": 0.3517952083868698
  },
  "before": {
    "capture": "locked",
    "mode": "fly",
    "pitch": 0,
    "position": [
      10.206,
      3.4200000000000004,
      15.5305
    ],
    "speed": 0,
    "yaw": 0.3517952083868698
  },
  "code": "KeyW",
  "delta": [
    -0.28167141764845205,
    0,
    -0.7673627238301908
  ],
  "distance": 0.8174254323448581,
  "horizontalForwardDot": 0.8174254323448582,
  "rightDot": -9.43689570931383e-16,
  "signedCameraDot": 0.8174254323448582
}

{
  "before": {
    "capture": "locked",
    "mode": "fly",
    "pitch": 0,
    "position": [
      9.924328582351547,
      3.4200000000000004,
      14.76313727616981
    ],
    "speed": 0.00267024013453746,
    "yaw": 0.3517952083868698
  },
  "code": "KeyS"
}

true

{
  "observed": {
    "capture": "locked",
    "mode": "fly",
    "pitch": 0,
    "position": [
      10.053101092873913,
      3.4200000000000004,
      15.113954640792237
    ],
    "speed": 4.820072674757327,
    "yaw": 0.3517952083868698
  },
  "released": "KeyS"
}

true

{
  "after": {
    "capture": "locked",
    "mode": "fly",
    "pitch": 0,
    "position": [
      10.20564611071288,
      3.4200000000000004,
      15.529535892780446
    ],
    "speed": 0.0026605803739469447,
    "yaw": 0.3517952083868698
  },
  "before": {
    "capture": "locked",
    "mode": "fly",
    "pitch": 0,
    "position": [
      9.924328582351547,
      3.4200000000000004,
      14.76313727616981
    ],
    "speed": 0.00267024013453746,
    "yaw": 0.3517952083868698
  },
  "code": "KeyS",
  "delta": [
    0.28131752836133295,
    0,
    0.7663986166106369
  ],
  "distance": 0.8163984268150125,
  "horizontalForwardDot": -0.8163984268150126,
  "rightDot": -4.996003610813204e-16,
  "signedCameraDot": 0.8163984268150126
}

{
  "before": {
    "capture": "locked",
    "mode": "fly",
    "pitch": 0,
    "position": [
      10.20564611071288,
      3.4200000000000004,
      15.529535892780446
    ],
    "speed": 0.0026605803739469447,
    "yaw": 0.3517952083868698
  },
  "code": "KeyA"
}

true

{
  "observed": {
    "capture": "locked",
    "mode": "fly",
    "pitch": 0,
    "position": [
      9.770818971586351,
      3.4200000000000004,
      15.689337599518474
    ],
    "speed": 5.167080366902072,
    "yaw": 0.3517952083868698
  },
  "released": "KeyA"
}

true

{
  "after": {
    "capture": "locked",
    "mode": "fly",
    "pitch": 0,
    "position": [
      9.32653994231321,
      3.4200000000000004,
      15.852484520193952
    ],
    "speed": 0.002064861351539044,
    "yaw": 0.3517952083868698
  },
  "before": {
    "capture": "locked",
    "mode": "fly",
    "pitch": 0,
    "position": [
      10.20564611071288,
      3.4200000000000004,
      15.529535892780446
    ],
    "speed": 0.0026605803739469447,
    "yaw": 0.3517952083868698
  },
  "code": "KeyA",
  "delta": [
    -0.8791061683996713,
    0,
    0.3229486274135063
  ],
  "distance": 0.936548702026018,
  "horizontalForwardDot": -0.00024425184820042745,
  "rightDot": -0.9365486701755834,
  "signedCameraDot": 0.9365486701755834
}

{
  "before": {
    "capture": "locked",
    "mode": "fly",
    "pitch": 0,
    "position": [
      9.32653994231321,
      3.4200000000000004,
      15.852484520193952
    ],
    "speed": 0.002064861351539044,
    "yaw": 0.3517952083868698
  },
  "code": "KeyD"
}

true

{
  "observed": {
    "capture": "locked",
    "mode": "fly",
    "pitch": 0,
    "position": [
      9.677890668687546,
      3.4200000000000004,
      15.72351625042009
    ],
    "speed": 4.822439778236762,
    "yaw": 0.3517952083868698
  },
  "released": "KeyD"
}

true

{
  "after": {
    "capture": "locked",
    "mode": "fly",
    "pitch": 0,
    "position": [
      10.093720486732735,
      3.4200000000000004,
      15.570880001340878
    ],
    "speed": 0.002261515710924403,
    "yaw": 0.3517952083868698
  },
  "before": {
    "capture": "locked",
    "mode": "fly",
    "pitch": 0,
    "position": [
      9.32653994231321,
      3.4200000000000004,
      15.852484520193952
    ],
    "speed": 0.002064861351539044,
    "yaw": 0.3517952083868698
  },
  "code": "KeyD",
  "delta": [
    0.7671805444195261,
    0,
    -0.281604518853074
  ],
  "distance": 0.8172313581687328,
  "horizontalForwardDot": -2.5579058759994663e-8,
  "rightDot": 0.8172313581687325,
  "signedCameraDot": 0.8172313581687325
}

✓ Screenshot saved to screenshots/growth/nav-native-049-final-fly-moved.png

{
  "keysReleased": true,
  "movements": [
    {
      "after": {
        "capture": "locked",
        "mode": "fly",
        "pitch": 0,
        "position": [
          9.924328582351547,
          3.4200000000000004,
          14.76313727616981
        ],
        "speed": 0.00267024013453746,
        "yaw": 0.3517952083868698
      },
      "before": {
        "capture": "locked",
        "mode": "fly",
        "pitch": 0,
        "position": [
          10.206,
          3.4200000000000004,
          15.5305
        ],
        "speed": 0,
        "yaw": 0.3517952083868698
      },
      "code": "KeyW",
      "delta": [
        -0.28167141764845205,
        0,
        -0.7673627238301908
      ],
      "distance": 0.8174254323448581,
      "horizontalForwardDot": 0.8174254323448582,
      "rightDot": -9.43689570931383e-16,
      "signedCameraDot": 0.8174254323448582
    },
    {
      "after": {
        "capture": "locked",
        "mode": "fly",
        "pitch": 0,
        "position": [
          10.20564611071288,
          3.4200000000000004,
          15.529535892780446
        ],
        "speed": 0.0026605803739469447,
        "yaw": 0.3517952083868698
      },
      "before": {
        "capture": "locked",
        "mode": "fly",
        "pitch": 0,
        "position": [
          9.924328582351547,
          3.4200000000000004,
          14.76313727616981
        ],
        "speed": 0.00267024013453746,
        "yaw": 0.3517952083868698
      },
      "code": "KeyS",
      "delta": [
        0.28131752836133295,
        0,
        0.7663986166106369
      ],
      "distance": 0.8163984268150125,
      "horizontalForwardDot": -0.8163984268150126,
      "rightDot": -4.996003610813204e-16,
      "signedCameraDot": 0.8163984268150126
    },
    {
      "after": {
        "capture": "locked",
        "mode": "fly",
        "pitch": 0,
        "position": [
          9.32653994231321,
          3.4200000000000004,
          15.852484520193952
        ],
        "speed": 0.002064861351539044,
        "yaw": 0.3517952083868698
      },
      "before": {
        "capture": "locked",
        "mode": "fly",
        "pitch": 0,
        "position": [
          10.20564611071288,
          3.4200000000000004,
          15.529535892780446
        ],
        "speed": 0.0026605803739469447,
        "yaw": 0.3517952083868698
      },
      "code": "KeyA",
      "delta": [
        -0.8791061683996713,
        0,
        0.3229486274135063
      ],
      "distance": 0.936548702026018,
      "horizontalForwardDot": -0.00024425184820042745,
      "rightDot": -0.9365486701755834,
      "signedCameraDot": 0.9365486701755834
    },
    {
      "after": {
        "capture": "locked",
        "mode": "fly",
        "pitch": 0,
        "position": [
          10.093720486732735,
          3.4200000000000004,
          15.570880001340878
        ],
        "speed": 0.002261515710924403,
        "yaw": 0.3517952083868698
      },
      "before": {
        "capture": "locked",
        "mode": "fly",
        "pitch": 0,
        "position": [
          9.32653994231321,
          3.4200000000000004,
          15.852484520193952
        ],
        "speed": 0.002064861351539044,
        "yaw": 0.3517952083868698
      },
      "code": "KeyD",
      "delta": [
        0.7671805444195261,
        0,
        -0.281604518853074
      ],
      "distance": 0.8172313581687328,
      "horizontalForwardDot": -2.5579058759994663e-8,
      "rightDot": 0.8172313581687325,
      "signedCameraDot": 0.8172313581687325
    }
  ]
}

true

✓ Screenshot saved to screenshots/growth/nav-native-049-final-fly-escaped.png


✓ Done

true

"Unsupported edge selected"

true

"Unsupported placement blocked without losing the previous recommendation"

✓ Screenshot saved to screenshots/growth/nav-native-049-final-invalid-start.png

✓ Done

true

✓ Screenshot saved to screenshots/growth/nav-native-049-final-ground-picker.png

✓ Done

true

{
  "settledAtFrame": 368
}

true

{
  "actualCamera": {
    "capture": "locked",
    "mode": "walk",
    "pitch": 0,
    "position": [
      -1.3925,
      1.6649999999999998,
      -1.370000000000001
    ],
    "speed": 0,
    "yaw": -1.9634954084936211
  },
  "mode": "walk",
  "ready": true,
  "selector": ".building-canvas canvas"
}

{
  "capture": "locked",
  "mode": "walk",
  "pitch": 0,
  "position": [
    -1.3925,
    1.6649999999999998,
    -1.370000000000001
  ],
  "speed": 0,
  "yaw": -1.9634954084936211
}

true

✓ Screenshot saved to screenshots/growth/nav-native-049-final-ground-before.png

{
  "before": {
    "capture": "locked",
    "mode": "walk",
    "pitch": 0,
    "position": [
      -1.3925,
      1.6649999999999998,
      -1.370000000000001
    ],
    "speed": 0,
    "yaw": -1.9634954084936211
  },
  "code": "KeyW"
}

true

{
  "observed": {
    "capture": "locked",
    "mode": "walk",
    "pitch": 0,
    "position": [
      -1.243248283881763,
      1.6649999999999998,
      -1.3081779149763677
    ],
    "speed": 1.1905591216956857,
    "yaw": -1.9634954084936211
  },
  "released": "KeyW"
}

true

{
  "after": {
    "capture": "locked",
    "mode": "walk",
    "pitch": 0,
    "position": [
      -1.0330976213119032,
      1.6649999999999998,
      -1.221130660398239
    ],
    "speed": 0.004478008095071414,
    "yaw": -1.9634954084936211
  },
  "before": {
    "capture": "locked",
    "mode": "walk",
    "pitch": 0,
    "position": [
      -1.3925,
      1.6649999999999998,
      -1.370000000000001
    ],
    "speed": 0,
    "yaw": -1.9634954084936211
  },
  "code": "KeyW",
  "delta": [
    0.3594023786880969,
    0,
    0.14886933960176196
  ],
  "distance": 0.3890143314585298,
  "horizontalForwardDot": 0.3890143314585298,
  "rightDot": 9.992007221626409e-16,
  "signedCameraDot": 0.3890143314585298
}

{
  "before": {
    "capture": "locked",
    "mode": "walk",
    "pitch": 0,
    "position": [
      -1.0330976213119032,
      1.6649999999999998,
      -1.221130660398239
    ],
    "speed": 0.004478008095071414,
    "yaw": -1.9634954084936211
  },
  "code": "KeyS"
}

true

{
  "observed": {
    "capture": "locked",
    "mode": "walk",
    "pitch": 0,
    "position": [
      -1.1818290164113894,
      1.6649999999999998,
      -1.282737221399118
    ],
    "speed": 1.1890429654809556,
    "yaw": -1.9634954084936211
  },
  "released": "KeyS"
}

true

{
  "after": {
    "capture": "locked",
    "mode": "walk",
    "pitch": 0,
    "position": [
      -1.3919806599468496,
      1.6649999999999998,
      -1.3697848823065024
    ],
    "speed": 0.002944396969133346,
    "yaw": -1.9634954084936211
  },
  "before": {
    "capture": "locked",
    "mode": "walk",
    "pitch": 0,
    "position": [
      -1.0330976213119032,
      1.6649999999999998,
      -1.221130660398239
    ],
    "speed": 0.004478008095071414,
    "yaw": -1.9634954084936211
  },
  "code": "KeyS",
  "delta": [
    -0.3588830386349464,
    0,
    -0.14865422190826338
  ],
  "distance": 0.3884522018357003,
  "horizontalForwardDot": -0.38845220183570034,
  "rightDot": -8.881784197001252e-16,
  "signedCameraDot": 0.38845220183570034
}

{
  "before": {
    "capture": "locked",
    "mode": "walk",
    "pitch": 0,
    "position": [
      -1.3919806599468496,
      1.6649999999999998,
      -1.3697848823065024
    ],
    "speed": 0.002944396969133346,
    "yaw": -1.9634954084936211
  },
  "code": "KeyA"
}

true

{
  "observed": {
    "capture": "locked",
    "mode": "walk",
    "pitch": 0,
    "position": [
      -1.322645394045996,
      1.6649999999999998,
      -1.5381908100861803
    ],
    "speed": 1.2391007281829316,
    "yaw": -1.9634954084936211
  },
  "released": "KeyA"
}

true

{
  "after": {
    "capture": "locked",
    "mode": "walk",
    "pitch": 0,
    "position": [
      -1.2321137225189052,
      1.6649999999999998,
      -1.7572121641742449
    ],
    "speed": 0.003337230182623534,
    "yaw": -1.9634954084936211
  },
  "before": {
    "capture": "locked",
    "mode": "walk",
    "pitch": 0,
    "position": [
      -1.3919806599468496,
      1.6649999999999998,
      -1.3697848823065024
    ],
    "speed": 0.002944396969133346,
    "yaw": -1.9634954084936211
  },
  "code": "KeyA",
  "delta": [
    0.15986693742794444,
    0,
    -0.3874272818677425
  ],
  "distance": 0.4191149441597346,
  "horizontalForwardDot": -0.000564210602084475,
  "rightDot": -0.4191145643907092,
  "signedCameraDot": 0.4191145643907092
}

{
  "before": {
    "capture": "locked",
    "mode": "walk",
    "pitch": 0,
    "position": [
      -1.2321137225189052,
      1.6649999999999998,
      -1.7572121641742449
    ],
    "speed": 0.003337230182623534,
    "yaw": -1.9634954084936211
  },
  "code": "KeyD"
}

true

{
  "observed": {
    "capture": "locked",
    "mode": "walk",
    "pitch": 0,
    "position": [
      -1.2938319549041526,
      1.6649999999999998,
      -1.6082119897157936
    ],
    "speed": 1.189734417489897,
    "yaw": -1.9634954084936211
  },
  "released": "KeyD"
}

true

{
  "after": {
    "capture": "locked",
    "mode": "walk",
    "pitch": 0,
    "position": [
      -1.3809135460452904,
      1.6649999999999998,
      -1.3979788493021588
    ],
    "speed": 0.003204273483965862,
    "yaw": -1.9634954084936211
  },
  "before": {
    "capture": "locked",
    "mode": "walk",
    "pitch": 0,
    "position": [
      -1.2321137225189052,
      1.6649999999999998,
      -1.7572121641742449
    ],
    "speed": 0.003337230182623534,
    "yaw": -1.9634954084936211
  },
  "code": "KeyD",
  "delta": [
    -0.1487998235263852,
    0,
    0.3592333148720861
  ],
  "distance": 0.38883153420918776,
  "horizontalForwardDot": -4.734421796270816e-7,
  "rightDot": 0.3888315342088995,
  "signedCameraDot": 0.3888315342088995
}

✓ Screenshot saved to screenshots/growth/nav-native-049-final-ground-moved.png

{
  "keysReleased": true,
  "movements": [
    {
      "after": {
        "capture": "locked",
        "mode": "walk",
        "pitch": 0,
        "position": [
          -1.0330976213119032,
          1.6649999999999998,
          -1.221130660398239
        ],
        "speed": 0.004478008095071414,
        "yaw": -1.9634954084936211
      },
      "before": {
        "capture": "locked",
        "mode": "walk",
        "pitch": 0,
        "position": [
          -1.3925,
          1.6649999999999998,
          -1.370000000000001
        ],
        "speed": 0,
        "yaw": -1.9634954084936211
      },
      "code": "KeyW",
      "delta": [
        0.3594023786880969,
        0,
        0.14886933960176196
      ],
      "distance": 0.3890143314585298,
      "horizontalForwardDot": 0.3890143314585298,
      "rightDot": 9.992007221626409e-16,
      "signedCameraDot": 0.3890143314585298
    },
    {
      "after": {
        "capture": "locked",
        "mode": "walk",
        "pitch": 0,
        "position": [
          -1.3919806599468496,
          1.6649999999999998,
          -1.3697848823065024
        ],
        "speed": 0.002944396969133346,
        "yaw": -1.9634954084936211
      },
      "before": {
        "capture": "locked",
        "mode": "walk",
        "pitch": 0,
        "position": [
          -1.0330976213119032,
          1.6649999999999998,
          -1.221130660398239
        ],
        "speed": 0.004478008095071414,
        "yaw": -1.9634954084936211
      },
      "code": "KeyS",
      "delta": [
        -0.3588830386349464,
        0,
        -0.14865422190826338
      ],
      "distance": 0.3884522018357003,
      "horizontalForwardDot": -0.38845220183570034,
      "rightDot": -8.881784197001252e-16,
      "signedCameraDot": 0.38845220183570034
    },
    {
      "after": {
        "capture": "locked",
        "mode": "walk",
        "pitch": 0,
        "position": [
          -1.2321137225189052,
          1.6649999999999998,
          -1.7572121641742449
        ],
        "speed": 0.003337230182623534,
        "yaw": -1.9634954084936211
      },
      "before": {
        "capture": "locked",
        "mode": "walk",
        "pitch": 0,
        "position": [
          -1.3919806599468496,
          1.6649999999999998,
          -1.3697848823065024
        ],
        "speed": 0.002944396969133346,
        "yaw": -1.9634954084936211
      },
      "code": "KeyA",
      "delta": [
        0.15986693742794444,
        0,
        -0.3874272818677425
      ],
      "distance": 0.4191149441597346,
      "horizontalForwardDot": -0.000564210602084475,
      "rightDot": -0.4191145643907092,
      "signedCameraDot": 0.4191145643907092
    },
    {
      "after": {
        "capture": "locked",
        "mode": "walk",
        "pitch": 0,
        "position": [
          -1.3809135460452904,
          1.6649999999999998,
          -1.3979788493021588
        ],
        "speed": 0.003204273483965862,
        "yaw": -1.9634954084936211
      },
      "before": {
        "capture": "locked",
        "mode": "walk",
        "pitch": 0,
        "position": [
          -1.2321137225189052,
          1.6649999999999998,
          -1.7572121641742449
        ],
        "speed": 0.003337230182623534,
        "yaw": -1.9634954084936211
      },
      "code": "KeyD",
      "delta": [
        -0.1487998235263852,
        0,
        0.3592333148720861
      ],
      "distance": 0.38883153420918776,
      "horizontalForwardDot": -4.734421796270816e-7,
      "rightDot": 0.3888315342088995,
      "signedCameraDot": 0.3888315342088995
    }
  ]
}

true

✓ Screenshot saved to screenshots/growth/nav-native-049-final-ground-escaped.png


✓ Done

"Top Fly/Walk and all five bottom buttons reachable"

✓ Screenshot saved to screenshots/growth/nav-native-049-final-controls.png


✓ Done

✓ Done

true

✓ Screenshot saved to screenshots/growth/nav-native-049-final-upper-picker.png

✓ Done

true

{
  "settledAtFrame": 830
}

true

{
  "actualCamera": {
    "capture": "locked",
    "mode": "walk",
    "pitch": 0,
    "position": [
      0,
      4.785,
      0
    ],
    "speed": 0,
    "yaw": -1.5707963267948968
  },
  "mode": "walk",
  "ready": true,
  "selector": ".building-canvas canvas"
}

{
  "capture": "locked",
  "mode": "walk",
  "pitch": 0,
  "position": [
    0,
    4.785,
    0
  ],
  "speed": 0,
  "yaw": -1.5707963267948968
}

true

✓ Screenshot saved to screenshots/growth/nav-native-049-final-upper-before.png

{
  "before": {
    "capture": "locked",
    "mode": "walk",
    "pitch": 0,
    "position": [
      0,
      4.785,
      0
    ],
    "speed": 0,
    "yaw": -1.5707963267948968
  },
  "code": "KeyW"
}

true

{
  "observed": {
    "capture": "locked",
    "mode": "walk",
    "pitch": 0,
    "position": [
      0.16167377457348817,
      4.785,
      2.5999125875034096e-17
    ],
    "speed": 1.1908637659719616,
    "yaw": -1.5707963267948968
  },
  "released": "KeyW"
}

true

{
  "after": {
    "capture": "locked",
    "mode": "walk",
    "pitch": 0,
    "position": [
      0.38912678059780104,
      4.785,
      6.25763589475075e-17
    ],
    "speed": 0.004871657248089045,
    "yaw": -1.5707963267948968
  },
  "before": {
    "capture": "locked",
    "mode": "walk",
    "pitch": 0,
    "position": [
      0,
      4.785,
      0
    ],
    "speed": 0,
    "yaw": -1.5707963267948968
  },
  "code": "KeyW",
  "delta": [
    0.38912678059780104,
    0,
    6.25763589475075e-17
  ],
  "distance": 0.38912678059780104,
  "horizontalForwardDot": 0.38912678059780104,
  "rightDot": 0,
  "signedCameraDot": 0.38912678059780104
}

{
  "before": {
    "capture": "locked",
    "mode": "walk",
    "pitch": 0,
    "position": [
      0.38912678059780104,
      4.785,
      6.25763589475075e-17
    ],
    "speed": 0.004871657248089045,
    "yaw": -1.5707963267948968
  },
  "code": "KeyS"
}

true

{
  "observed": {
    "capture": "locked",
    "mode": "walk",
    "pitch": 0,
    "position": [
      0.20725893168544396,
      4.785,
      3.3329778239114487e-17
    ],
    "speed": 1.2384253211253078,
    "yaw": -1.5707963267948968
  },
  "released": "KeyS"
}

true

{
  "after": {
    "capture": "locked",
    "mode": "walk",
    "pitch": 0,
    "position": [
      -0.029659460847957533,
      4.785,
      -4.769605076679833e-18
    ],
    "speed": 0.0030682149692797763,
    "yaw": -1.5707963267948968
  },
  "before": {
    "capture": "locked",
    "mode": "walk",
    "pitch": 0,
    "position": [
      0.38912678059780104,
      4.785,
      6.25763589475075e-17
    ],
    "speed": 0.004871657248089045,
    "yaw": -1.5707963267948968
  },
  "code": "KeyS",
  "delta": [
    -0.41878624144575854,
    0,
    -6.734596402418733e-17
  ],
  "distance": 0.41878624144575854,
  "horizontalForwardDot": -0.41878624144575854,
  "rightDot": -3.697785493223493e-32,
  "signedCameraDot": 0.41878624144575854
}

{
  "before": {
    "capture": "locked",
    "mode": "walk",
    "pitch": 0,
    "position": [
      -0.029659460847957533,
      4.785,
      -4.769605076679833e-18
    ],
    "speed": 0.0030682149692797763,
    "yaw": -1.5707963267948968
  },
  "code": "KeyA"
}

true

{
  "observed": {
    "capture": "locked",
    "mode": "walk",
    "pitch": 0,
    "position": [
      -0.03004866818896013,
      4.785,
      -0.16154749369535812
    ],
    "speed": 1.190559574915278,
    "yaw": -1.5707963267948968
  },
  "released": "KeyA"
}

true

{
  "after": {
    "capture": "locked",
    "mode": "walk",
    "pitch": 0,
    "position": [
      -0.030247404826103337,
      4.785,
      -0.38931094917615694
    ],
    "speed": 0.0029511021377722204,
    "yaw": -1.5707963267948968
  },
  "before": {
    "capture": "locked",
    "mode": "walk",
    "pitch": 0,
    "position": [
      -0.029659460847957533,
      4.785,
      -4.769605076679833e-18
    ],
    "speed": 0.0030682149692797763,
    "yaw": -1.5707963267948968
  },
  "code": "KeyA",
  "delta": [
    -0.000587943978145801,
    0,
    -0.38931094917615694
  ],
  "distance": 0.3893113931373724,
  "horizontalForwardDot": -0.0005879439781458635,
  "rightDot": -0.38931094917615694,
  "signedCameraDot": 0.38931094917615694
}

{
  "before": {
    "capture": "locked",
    "mode": "walk",
    "pitch": 0,
    "position": [
      -0.030247404826103337,
      4.785,
      -0.38931094917615694
    ],
    "speed": 0.0029511021377722204,
    "yaw": -1.5707963267948968
  },
  "code": "KeyD"
}

true

{
  "observed": {
    "capture": "locked",
    "mode": "walk",
    "pitch": 0,
    "position": [
      -0.03024773146860534,
      4.785,
      -0.22813753592158817
    ],
    "speed": 1.1895599430439576,
    "yaw": -1.5707963267948968
  },
  "released": "KeyD"
}

true

{
  "after": {
    "capture": "locked",
    "mode": "walk",
    "pitch": 0,
    "position": [
      -0.03024789825525352,
      4.785,
      -0.000569863719448779
    ],
    "speed": 0.0029486242980953196,
    "yaw": -1.5707963267948968
  },
  "before": {
    "capture": "locked",
    "mode": "walk",
    "pitch": 0,
    "position": [
      -0.030247404826103337,
      4.785,
      -0.38931094917615694
    ],
    "speed": 0.0029511021377722204,
    "yaw": -1.5707963267948968
  },
  "code": "KeyD",
  "delta": [
    -4.934291501883237e-7,
    0,
    0.38874108545670816
  ],
  "distance": 0.3887410854570213,
  "horizontalForwardDot": -4.934291501258094e-7,
  "rightDot": 0.38874108545670816,
  "signedCameraDot": 0.38874108545670816
}

✓ Screenshot saved to screenshots/growth/nav-native-049-final-upper-moved.png

{
  "keysReleased": true,
  "movements": [
    {
      "after": {
        "capture": "locked",
        "mode": "walk",
        "pitch": 0,
        "position": [
          0.38912678059780104,
          4.785,
          6.25763589475075e-17
        ],
        "speed": 0.004871657248089045,
        "yaw": -1.5707963267948968
      },
      "before": {
        "capture": "locked",
        "mode": "walk",
        "pitch": 0,
        "position": [
          0,
          4.785,
          0
        ],
        "speed": 0,
        "yaw": -1.5707963267948968
      },
      "code": "KeyW",
      "delta": [
        0.38912678059780104,
        0,
        6.25763589475075e-17
      ],
      "distance": 0.38912678059780104,
      "horizontalForwardDot": 0.38912678059780104,
      "rightDot": 0,
      "signedCameraDot": 0.38912678059780104
    },
    {
      "after": {
        "capture": "locked",
        "mode": "walk",
        "pitch": 0,
        "position": [
          -0.029659460847957533,
          4.785,
          -4.769605076679833e-18
        ],
        "speed": 0.0030682149692797763,
        "yaw": -1.5707963267948968
      },
      "before": {
        "capture": "locked",
        "mode": "walk",
        "pitch": 0,
        "position": [
          0.38912678059780104,
          4.785,
          6.25763589475075e-17
        ],
        "speed": 0.004871657248089045,
        "yaw": -1.5707963267948968
      },
      "code": "KeyS",
      "delta": [
        -0.41878624144575854,
        0,
        -6.734596402418733e-17
      ],
      "distance": 0.41878624144575854,
      "horizontalForwardDot": -0.41878624144575854,
      "rightDot": -3.697785493223493e-32,
      "signedCameraDot": 0.41878624144575854
    },
    {
      "after": {
        "capture": "locked",
        "mode": "walk",
        "pitch": 0,
        "position": [
          -0.030247404826103337,
          4.785,
          -0.38931094917615694
        ],
        "speed": 0.0029511021377722204,
        "yaw": -1.5707963267948968
      },
      "before": {
        "capture": "locked",
        "mode": "walk",
        "pitch": 0,
        "position": [
          -0.029659460847957533,
          4.785,
          -4.769605076679833e-18
        ],
        "speed": 0.0030682149692797763,
        "yaw": -1.5707963267948968
      },
      "code": "KeyA",
      "delta": [
        -0.000587943978145801,
        0,
        -0.38931094917615694
      ],
      "distance": 0.3893113931373724,
      "horizontalForwardDot": -0.0005879439781458635,
      "rightDot": -0.38931094917615694,
      "signedCameraDot": 0.38931094917615694
    },
    {
      "after": {
        "capture": "locked",
        "mode": "walk",
        "pitch": 0,
        "position": [
          -0.03024789825525352,
          4.785,
          -0.000569863719448779
        ],
        "speed": 0.0029486242980953196,
        "yaw": -1.5707963267948968
      },
      "before": {
        "capture": "locked",
        "mode": "walk",
        "pitch": 0,
        "position": [
          -0.030247404826103337,
          4.785,
          -0.38931094917615694
        ],
        "speed": 0.0029511021377722204,
        "yaw": -1.5707963267948968
      },
      "code": "KeyD",
      "delta": [
        -4.934291501883237e-7,
        0,
        0.38874108545670816
      ],
      "distance": 0.3887410854570213,
      "horizontalForwardDot": -4.934291501258094e-7,
      "rightDot": 0.38874108545670816,
      "signedCameraDot": 0.38874108545670816
    }
  ]
}

true

✓ Screenshot saved to screenshots/growth/nav-native-049-final-upper-escaped.png


✓ Done

"Camera sampled before zoom"

✓ Done

true

"Zoom in moved camera"

✓ Done

true

✓ Done

"Front viewpoint sampled"

✓ Done

true

✓ Done

✓ Screenshot saved to screenshots/growth/nav-native-049-final-bottom-actions.png

