✓ Done

✓ Done

true

"opened workspace"

true

"panel collapsed"

true

"framed"

true

{
  "levels": 4,
  "name": "Riverside Lab & Workshop",
  "openings": 91,
  "revision": 15,
  "roofs": 1,
  "rooms": 33,
  "slabs": 4,
  "walls": 66
}

✓ Screenshot saved to screenshots/growth/2026-09-09-assistant-surface/showcase-07-design-desktop-framed.png

"view 17ce5671-c786-42f8-838f-ca583d42b2a7"

true

✓ Screenshot saved to screenshots/growth/2026-09-09-assistant-surface/showcase-08-design-desktop-3d.png

✓ Done

"framed"

true

✓ Screenshot saved to screenshots/growth/2026-09-09-assistant-surface/showcase-09-design-tablet-framed.png

✓ Done

✓ Done

true

"panel collapsed"

{
  "alt": "AI-generated visualisation of the captured 3D view",
  "h": 928,
  "w": 1120
}

✓ Screenshot saved to screenshots/growth/2026-09-09-assistant-surface/showcase-10-real-life-view-uncovered.png

