true

✓ Done

true

✓ Done

{
  "interrupted": false
}

true

✓ Screenshot saved to screenshots/growth/production-38a64-source-picker-desktop-plan-final.png

"Scrolled to walking action"

true

{
  "button": {
    "bottom": 907.140625,
    "height": 44,
    "left": 1061.484375,
    "right": 1185,
    "top": 863.140625,
    "width": 123.515625,
    "x": 1061.484375,
    "y": 863.140625
  },
  "disabled": false
}

✓ Screenshot saved to screenshots/growth/production-38a64-source-picker-desktop-action-final.png

✓ Done

{
  "interrupted": false
}

true

✓ Screenshot saved to screenshots/growth/production-38a64-source-picker-landscape-plan-final.png

"Scrolled to walking action"

true

{
  "button": {
    "bottom": 684.859375,
    "height": 44,
    "left": 844.75,
    "right": 968.265625,
    "top": 640.859375,
    "width": 123.515625,
    "x": 844.75,
    "y": 640.859375
  },
  "disabled": false
}

✓ Screenshot saved to screenshots/growth/production-38a64-source-picker-landscape-action-final.png

✓ Done

{
  "interrupted": false
}

true

✓ Screenshot saved to screenshots/growth/production-38a64-source-picker-portrait-plan-final.png

"Scrolled to walking action"

true

{
  "button": {
    "bottom": 948.640625,
    "height": 44,
    "left": 612.109375,
    "right": 735.625,
    "top": 904.640625,
    "width": 123.515625,
    "x": 612.109375,
    "y": 904.640625
  },
  "disabled": false
}

✓ Screenshot saved to screenshots/growth/production-38a64-source-picker-portrait-action-final.png

{
  "interrupted": false
}

{
  "client": [
    404.4832681491447,
    611.4722430432057
  ],
  "world": [
    0,
    2.1
  ]
}

true

{
  "interrupted": false
}

null

true

"Unsupported point refused with prior start retained"

"Scrolled to walking action"

true

{
  "button": {
    "bottom": 948.421875,
    "height": 44,
    "left": 612.109375,
    "right": 735.625,
    "top": 904.421875,
    "width": 123.515625,
    "x": 612.109375,
    "y": 904.421875
  },
  "disabled": true
}

✓ Screenshot saved to screenshots/growth/production-38a64-source-picker-unsupported-final.png

{
  "interrupted": false
}

{
  "client": [
    404.4832681491447,
    611.4722430432057
  ],
  "world": [
    0,
    2.1
  ]
}

true

"Scrolled to walking action"

true

{
  "button": {
    "bottom": 948.640625,
    "height": 44,
    "left": 612.109375,
    "right": 735.625,
    "top": 904.640625,
    "width": 123.515625,
    "x": 612.109375,
    "y": 904.640625
  },
  "disabled": false
}

✓ Done

true

{
  "feet": [
    -0.014268501208702489,
    0.014999999664723871,
    2.0860570152518676
  ]
}

✓ Screenshot saved to screenshots/growth/production-38a64-source-picker-valid-start-final.png

