[agent-browser] launched browser
✓ Done

✓ X-Ray by Looplet
  http://127.0.0.1:8085/

true

"reloading-with-minimax"

true

"checking"

true

"{\"provider\":\"MiniMax\",\"model\":\"MiniMax-M3\",\"stored\":\"minimax\"}"

"seeding"

true

"{\"ok\":true,\"jobId\":\"job-fced3ffa-3c9d-4ff4-b486-61ac6d060b0b\",\"documents\":2,\"activeDocumentId\":\"doc-ground-floor\",\"calibrations\":3}"

"opened"

true

"binding"

true

"menu opened"

true

"clicked New chat"

"awaiting empty conversation"

true

"{\"conversationEmptyBeforeTurn\":true,\"activeId\":\"3d69b628-6488-4206-a8ab-736421f1466f\"}"

"{\"script\":\"22-d8-ask-prompts-for-navigation\",\"jobId\":\"job-fced3ffa-3c9d-4ff4-b486-61ac6d060b0b\"}"

"mode -> ask"

"reading-mode"

true

"permission mode confirmed: ask"

"reading pane"

true

"{\"pane\":\"cost\"}"

"reading revision"

true

"{\"id\":\"job-fced3ffa-3c9d-4ff4-b486-61ac6d060b0b\",\"revision\":1}"

"{\"permissionsModuleUrls\":[],\"count\":0}"

"composed 41 chars"

true

"baseline"

true

"sent"

"polling-for-card"

true

✓ Screenshot saved to proof/growth/2026-09-16-live-assistant-rig/screenshots/22d-d4-card-names-destination.png

"{\"outcome\":\"permission-card\",\"cardTitle\":\"The assistant wants to: Move the workspace\",\"cardSummary\":\"measure\",\"storePending\":null,\"mode\":\"ask\",\"working\":true,\"elapsedMs\":15115}"

"denied"

"awaiting card dismissal"

true

"{\"gone\":true}"

"reading pane"

true

"{\"label\":\"deny of the workspace move\",\"pane\":\"cost\",\"unchanged\":true}"

"polling"

true

"{\"state\":\"done\",\"navigateToolsSucceeded\":0,\"denied\":true,\"tools\":[{\"tool\":\"read_workflow_route\",\"failed\":false,\"text\":\"{\\\"version\\\":\\\"xray.workflow/1\\\",\\\"workflow\\\":\\\"inspect\\\",\\\"steps\\\":[\\\"Read project context.\\\",\\\"Retrieve the relevant design, source sheets, attachments or evidence.\\\",\\\"Answer with source/revision and unknowns.\\\"],\\\"scope\\\":\\\"Workflow selection only; no geometry, evidence or authority changed.\\\"}\"},{\"tool\":\"read_project_context\",\"failed\":false,\"text\":\"{\\\"projectId\\\":\\\"job-fced3ffa-3c9d-4ff4-b486-61ac6d060b0b\\\",\\\"projectName\\\":\\\"New project\\\",\\\"projectRevision\\\":1,\\\"pane\\\":\\\"cost\\\",\\\"sourcePage\\\":1,\\\"documents\\\":[{\\\"id\\\":\\\"doc-sample\\\",\\\"name\\\":\\\"No source plan\\\",\\\"kind\\\":\\\"pdf\\\",\\\"pageCount\\\":1,\\\"sha256\\\":null},{\\\"id\\\":\\\"doc-ground-floor\\\",\\\"name\\\":\\\"Ground floor plan rev C.pdf\\\",\\\"kind\\\":\"},{\"tool\":\"navigate_workspace\",\"failed\":true,\"text\":\"The user declined this action. Nothing was changed; ask before retrying.\"}],\"error\":null}"

"reading pane"

true

"{\"label\":\"final pane after the denied turn\",\"pane\":\"cost\",\"unchanged\":true}"

"{\"rows\":5,\"lastEntry\":\"AssistantThe user declined this action — nothing was changed. Please confirm you'd like me to switch the workspace to the Measure pane before I retry.Project: New project (job-fced3ffa...0b0b), revision 1Active source: Ground floor plan rev C.pdf (sha256 prefix c0ffee…ab), 3 pagesNo measured traces, located items or annotations yetCurrent pane: CostWhat I can do next once you confirm:Switch to the\"}"

