{
  "calls": [
    "read_project_contextRunning read_project_context…Running read_project_context…",
    "read_project_contextTool result{\"projectId\":\"job-32058214-c24c-4e1b-89e6-28a13a7f3642\",\"projectName\":\"Other window revision\",\"projectRevisio",
    "read_source_sheetsRunning read_source_sheets…Running read_source_sheets…",
    "read_source_sheetsTool result{\"available\":true,\"documentId\":\"document-ec06bece-724e-4fe3-9b8c-06e701154154\",\"sourceName\":\"21-08-26_Redburn_B",
    "manage_source_sheetRunning manage_source_sheet…Running manage_source_sheet…",
    "manage_source_sheetTool result{\"documentId\":\"document-ec06bece-724e-4fe3-9b8c-06e701154154\",\"action\":\"rename\",\"pageIndex\":2,\"originalPage\":3",
    "manage_source_sheetRunning manage_source_sheet…Running manage_source_sheet…",
    "manage_source_sheetTool result{\"documentId\":\"document-ec06bece-724e-4fe3-9b8c-06e701154154\",\"action\":\"archive\",\"pageIndex\":11,\"originalPage\"",
    "read_takeoff_evidenceRunning read_takeoff_evidence…Running read_takeoff_evidence…",
    "read_takeoff_evidenceTool result{\"projectId\":\"job-32058214-c24c-4e1b-89e6-28a13a7f3642\",\"projectRevision\":3,\"activeDocument\":{\"id\":\"document",
    "read_price_booksRunning read_price_books…Running read_price_books…",
    "read_price_booksTool result{\"jobId\":\"job-32058214-c24c-4e1b-89e6-28a13a7f3642\",\"libraryRevision\":0,\"blocked\":false,\"error\":null,\"books\":[],\"",
    "read_project_contextRunning read_project_context…Running read_project_context…",
    "read_project_contextTool result{\"projectId\":\"job-32058214-c24c-4e1b-89e6-28a13a7f3642\",\"projectName\":\"Other window revision\",\"projectRevisio",
    "capture_project_backupRunning capture_project_backup…Running capture_project_backup…",
    "capture_project_backupTool result{\"saved\":true,\"verified\":true,\"backupId\":\"5fa2b1be-d4c2-489b-8d75-6293ef2a73b3\",\"name\":\"Assistant checkpoin"
  ],
  "error": "Paused after eight assistant steps. Completed actions are retained; send another message to continue."
}

"edits allowed for the continuation"

✓ Done

✓ Done

true

{
  "errors": [],
  "reply": "AssistantAll requested tasks have been completed:\n\n### 1. Drawing Set Organisation\n* **Original Page 3 (Page Index 2):** Renamed to **\"Level 1 plan\"** with discipline set to **\"Architecture\"** (readback verified).\n* **Original Page 12 (Page Index 11):** Successfully **archived** (readback verified).\n\n---\n\n### 2. Takeoff Readiness Blockers\nThe project currently reports two readiness blockers:\n1. **Calibration:** Confirm and lock the drawing scale for sheet 1.\n2. **Takeoff Runs:** Trace at least one takeoff run.\n\n---\n\n### 3. Price Books\n* **Configured Books:** None (0 price books imported; 0 worksheet lines).\n\n---\n\n### 4. Workspace Backup\n* **Name:** \"Assistant checkpoint\"\n* **Backup ID:** `5fa2b1be-d4c2-489b-8d75-6293ef2a73b3`\n* **Status:** Saved and readback verified (records include architecture, BOM, components, sheet metadata, and 1 plan).",
  "tools": [
    "read_project_contextRunning read_project_context…Running read_project_context…",
    "read_project_contextTool result{\"projectId\":\"job-32058214-c24c-4e1b-89e6-28a13a7f3642\",\"projectName\":\"Other window revision\",\"projectRevision\":3,\"pane\":\"sheets\"",
    "read_source_sheetsRunning read_source_sheets…Running read_source_sheets…",
    "read_source_sheetsTool result{\"available\":true,\"documentId\":\"document-ec06bece-724e-4fe3-9b8c-06e701154154\",\"sourceName\":\"21-08-26_Redburn_BR250157_Prelim_Counc",
    "manage_source_sheetRunning manage_source_sheet…Running manage_source_sheet…",
    "manage_source_sheetTool result{\"documentId\":\"document-ec06bece-724e-4fe3-9b8c-06e701154154\",\"action\":\"rename\",\"pageIndex\":2,\"originalPage\":3,\"before\":{\"name\":\"S",
    "manage_source_sheetRunning manage_source_sheet…Running manage_source_sheet…",
    "manage_source_sheetTool result{\"documentId\":\"document-ec06bece-724e-4fe3-9b8c-06e701154154\",\"action\":\"archive\",\"pageIndex\":11,\"originalPage\":12,\"before\":{\"name\"",
    "read_takeoff_evidenceRunning read_takeoff_evidence…Running read_takeoff_evidence…",
    "read_takeoff_evidenceTool result{\"projectId\":\"job-32058214-c24c-4e1b-89e6-28a13a7f3642\",\"projectRevision\":3,\"activeDocument\":{\"id\":\"document-ec06bece-724e-4fe3-",
    "read_price_booksRunning read_price_books…Running read_price_books…",
    "read_price_booksTool result{\"jobId\":\"job-32058214-c24c-4e1b-89e6-28a13a7f3642\",\"libraryRevision\":0,\"blocked\":false,\"error\":null,\"books\":[],\"worksheetLines\":0,\"s",
    "read_project_contextRunning read_project_context…Running read_project_context…",
    "read_project_contextTool result{\"projectId\":\"job-32058214-c24c-4e1b-89e6-28a13a7f3642\",\"projectName\":\"Other window revision\",\"projectRevision\":3,\"pane\":\"measure",
    "capture_project_backupRunning capture_project_backup…Running capture_project_backup…",
    "capture_project_backupTool result{\"saved\":true,\"verified\":true,\"backupId\":\"5fa2b1be-d4c2-489b-8d75-6293ef2a73b3\",\"name\":\"Assistant checkpoint\",\"storedAt\":\"2026-"
  ]
}

{
  "lifecycleRevision": 4,
  "manageCalls": 2,
  "page12": {
    "archived": true,
    "name": "Sheet 12",
    "pageIndex": 11
  },
  "page3": {
    "archived": false,
    "discipline": "Architecture",
    "name": "Level 1 plan",
    "pageIndex": 2
  }
}

✗ Wait timed out after 25000ms
