✓ Done

✓ X-Ray by Looplet
  http://127.0.0.1:8085/

true

true

"{\"jobId\":\"job-sc01-proof\",\"replacedJobId\":\"job-sc01-proof\",\"seeded\":18047}"

✓ X-Ray by Looplet
  http://127.0.0.1:8085/

true

true

"design"

true

"workspace"

true

"expanded the preview"

true

"scrolled to the first issue row"

"{\"rows\":2,\"issues\":[{\"status\":\"CURRENT\",\"seal\":\"Cryptographically Sealed (SHA-256 Verified)\",\"sealClass\":\"alteration-seal-badge seal-verified\",\"hashShown\":\"9cb4b3abed597ec2…\",\"supersededBy\":\"\"},{\"status\":\"SUPERSEDED\",\"seal\":\"Cryptographically Sealed (SHA-256 Verified)\",\"sealClass\":\"alteration-seal-badge seal-verified\",\"hashShown\":\"d4dc35fb3b1f2882…\",\"supersededBy\":\"Superseded by Revision A on 18/09/2026, 9:30:00 am.\"}],\"stored\":[{\"id\":\"issue-sc01-rev-a\",\"status\":\"superseded\",\"sourceSha256\":\"d4dc35fb3b1f2882063fab4a90003914ef8335901c25b2e57667c050f10e8b7b\",\"deliveryHash\":\"d4dc35fb3b1f2882063fab4a90003914ef8335901c25b2e57667c050f10e8b7b\",\"deliveryState\":\"issued-deliverable\",\"deliveryStatus\":\"superseded\",\"supersededAt\":\"2026-09-17T23:30:00.000Z\",\"deliverySupersededAt\":\"2026-09-17T23:30:00.000Z\"},{\"id\":\"issue-sc01-rev-b\",\"status\":\"current\",\"sourceSha256\":\"9cb4b3abed597ec2c9abe02acf0ea7202f5ce5f0c4dcd9f93bc30f6914ba3b52\",\"deliveryHash\":\"9cb4b3abed597ec2c9abe02acf0ea7202f5ce5f0c4dcd9f93bc30f6914ba3b52\",\"deliveryState\":\"issued-deliverable\",\"deliveryStatus\":\"active\",\"supersededAt\":null,\"deliverySupersededAt\":null}],\"everySealMatches\":true,\"everySealShownIsStored\":true,\"overflow\":false,\"bodyBg\":\"rgb(235, 228, 212)\"}"

✓ Screenshot saved to C:/Users/danie/repo/xray-by-looplet/screenshots/growth/sc01/sc01-sealed-issues-desktop-1600x1000.png

"{\"rowTop\":493,\"rowBottom\":650,\"viewport\":1000}"

✓ Screenshot saved to C:/Users/danie/repo/xray-by-looplet/screenshots/growth/sc01/sc01-issue-row-desktop.png

✓ Done

"scrolled"

"{\"rows\":2,\"issues\":[{\"status\":\"CURRENT\",\"seal\":\"Cryptographically Sealed (SHA-256 Verified)\",\"sealClass\":\"alteration-seal-badge seal-verified\",\"hashShown\":\"9cb4b3abed597ec2…\",\"supersededBy\":\"\"},{\"status\":\"SUPERSEDED\",\"seal\":\"Cryptographically Sealed (SHA-256 Verified)\",\"sealClass\":\"alteration-seal-badge seal-verified\",\"hashShown\":\"d4dc35fb3b1f2882…\",\"supersededBy\":\"Superseded by Revision A on 18/09/2026, 9:30:00 am.\"}],\"stored\":[{\"id\":\"issue-sc01-rev-a\",\"status\":\"superseded\",\"sourceSha256\":\"d4dc35fb3b1f2882063fab4a90003914ef8335901c25b2e57667c050f10e8b7b\",\"deliveryHash\":\"d4dc35fb3b1f2882063fab4a90003914ef8335901c25b2e57667c050f10e8b7b\",\"deliveryState\":\"issued-deliverable\",\"deliveryStatus\":\"superseded\",\"supersededAt\":\"2026-09-17T23:30:00.000Z\",\"deliverySupersededAt\":\"2026-09-17T23:30:00.000Z\"},{\"id\":\"issue-sc01-rev-b\",\"status\":\"current\",\"sourceSha256\":\"9cb4b3abed597ec2c9abe02acf0ea7202f5ce5f0c4dcd9f93bc30f6914ba3b52\",\"deliveryHash\":\"9cb4b3abed597ec2c9abe02acf0ea7202f5ce5f0c4dcd9f93bc30f6914ba3b52\",\"deliveryState\":\"issued-deliverable\",\"deliveryStatus\":\"active\",\"supersededAt\":null,\"deliverySupersededAt\":null}],\"everySealMatches\":true,\"everySealShownIsStored\":true,\"overflow\":false,\"bodyBg\":\"rgb(235, 228, 212)\"}"

✓ Screenshot saved to C:/Users/danie/repo/xray-by-looplet/screenshots/growth/sc01/sc01-sealed-issues-tablet-1024x768.png

