[agent-browser] launched browser
✓ X-Ray by Looplet
  http://127.0.0.1:8091/

✓ Done

true

✓ Done

true

"opened"

true

"confirm auto-accepted"

✓ Done

true

true

{
  "bar": {
    "b": 24,
    "h": 44,
    "l": 0,
    "r": 0
  },
  "light": "assistant-status-light is-off",
  "lightLabel": "Assistant not connected"
}

✓ Screenshot saved to screenshots/growth/2026-09-09-assistant-surface/desktop-render-01-bottom-rail.png

"opened panel"

true

{
  "corners": 4,
  "dock": "Dock into the right menu",
  "footer": true,
  "meterBottomLeft": {
    "belowComposer": true,
    "leftAligned": true,
    "meter": "Context 0%"
  },
  "oldHandle": false,
  "strip": true
}

✓ Screenshot saved to screenshots/growth/2026-09-09-assistant-surface/desktop-render-02-panel-chrome.png

250

0

✓ Done

true

{
  "chips": 8,
  "headings": 4,
  "icons": 3,
  "lists": 3,
  "mind": 1,
  "pills": 4,
  "replies": 9,
  "tools": [
    "Read the project context · Working…",
    "Read the project context · pane sketch · project \"New project\" · revision 1",
    "Read the architectural design · Working…",
    "Read the architectural design · Completed",
    "Read how X-Ray is organised · Working…",
    "Read how X-Ray is organised · Completed"
  ]
}

✓ Screenshot saved to screenshots/growth/2026-09-09-assistant-surface/desktop-render-03-formatted-reply.png

"reply clicked"

true

{
  "draft": "> Modify Existing Perimeter Walls: Adjust coordinates, heights, or layer assemblies for Wall 1 (40241cf3-040f-4499-b13c-727b35e726be), Wall 2 (b11bd9f6-5e1e-4a17-85c0-9340e08554ee), Wall 3 (fd3fcdeb-e"
}

"chip clicked"

true

{
  "draft": "> Modify Existing Perimeter Walls: Adjust coordinates, heights, or layer assemblies for Wall 1 (40241cf3-040f-4499-b13c-727b35e726be), Wall 2 (b11bd9f6-5e1e-4a17-85c0-9340e08554ee), Wall 3 (fd3fcdeb-eb7f-441b-9574-8bd0a0489b42), and Wall 4 (571e364e-fda8-48a2-8304-28eb09ea0fe3).;…\n[Reference · wall id 40241cf3-040f-4499-b13c-727b35e726be on level \"Ground\" (6df49523-b594-4a47-89ec-13b0a1dd26ab) · W"
}

✓ Screenshot saved to screenshots/growth/2026-09-09-assistant-surface/desktop-render-04-reply-and-reference-in-draft.png

✓ Done

true

✓ Screenshot saved to screenshots/growth/2026-09-09-assistant-surface/desktop-render-05-plus-menu.png

✓ Done

true

{
  "current": "New projectOpen now · Sep 9, 2026, 3:04 PMOpenOpen in a tab",
  "newButton": true,
  "rows": 1
}

✓ Screenshot saved to screenshots/growth/2026-09-09-assistant-surface/desktop-render-06-projects-drawer.png

