✓ Done

✓ Done

true

null

✓ Screenshot saved to screenshots/growth/2026-09-07-sheets/stage05-dev-tablet-landscape-sheets.png

✓ Done

true

null

✓ Done

true

null

✓ Screenshot saved to screenshots/growth/2026-09-07-sheets/stage05-dev-tablet-landscape-bookmark.png

{
  "interrupted": false
}

{
  "controls": [
    {
      "height": 44,
      "label": "Previous Page",
      "reachable": true,
      "width": 44
    },
    {
      "height": 44,
      "label": "Next Page",
      "reachable": true,
      "width": 44
    },
    {
      "height": 44,
      "label": "Zoom Out",
      "reachable": true,
      "width": 44
    },
    {
      "height": 44,
      "label": "Zoom In",
      "reachable": true,
      "width": 44
    },
    {
      "height": 44,
      "label": "Reset View",
      "reachable": true,
      "width": 44
    },
    {
      "height": 44,
      "label": "Toggle Vector Snapping (S)",
      "reachable": true,
      "width": 80
    },
    {
      "height": 44,
      "label": "Toggle PDF Vector Layer",
      "reachable": true,
      "width": 64
    },
    {
      "height": 44,
      "label": "Toggle Manual Markup Layer",
      "reachable": true,
      "width": 58
    }
  ],
  "originalPage": 2,
  "viewport": [
    1024,
    768
  ]
}

✓ Screenshot saved to screenshots/growth/2026-09-07-sheets/stage05-dev-tablet-landscape-canvas.png

✓ Done

true

null

✓ Screenshot saved to screenshots/growth/2026-09-07-sheets/stage05-dev-tablet-portrait-bookmark.png

{
  "interrupted": false
}

{
  "controls": [
    {
      "height": 44,
      "label": "Previous Page",
      "reachable": true,
      "width": 44
    },
    {
      "height": 44,
      "label": "Next Page",
      "reachable": true,
      "width": 44
    },
    {
      "height": 44,
      "label": "Zoom Out",
      "reachable": true,
      "width": 44
    },
    {
      "height": 44,
      "label": "Zoom In",
      "reachable": true,
      "width": 44
    },
    {
      "height": 44,
      "label": "Reset View",
      "reachable": true,
      "width": 44
    },
    {
      "height": 44,
      "label": "Toggle Vector Snapping (S)",
      "reachable": true,
      "width": 80
    },
    {
      "height": 44,
      "label": "Toggle PDF Vector Layer",
      "reachable": true,
      "width": 64
    },
    {
      "height": 44,
      "label": "Toggle Manual Markup Layer",
      "reachable": true,
      "width": 58
    }
  ],
  "viewport": [
    768,
    1024
  ]
}

✓ Screenshot saved to screenshots/growth/2026-09-07-sheets/stage05-dev-tablet-portrait-canvas.png

✓ Done

true

null

✓ Screenshot saved to screenshots/growth/2026-09-07-sheets/stage05-dev-tablet-portrait-sheets.png

