✓ Done

true

"opened"

true

true

"panel"

✓ Done

✓ Done

true

"edits allowed"

✓ Done

✓ Done

true

{
  "paused": false,
  "tools": [
    "read_project_contextRunning read_project_context…Running read_project_context…",
    "read_project_contextTool result{\"projectId\":\"job-0ea0dd3d-b9f0-473a-8580-1ebe7156a0bb\",\"projectName\":\"New project\",\"projectRevision\":6,\"pane\":\"sketch\",\"sourcePa",
    "read_architect_designRunning read_architect_design…Running read_architect_design…",
    "read_architect_designTool result{\"project\":{\"schema\":\"xray.architect/v1\",\"id\":\"job-0ea0dd3d-b9f0-473a-8580-1ebe7156a0bb\",\"revision\":3,\"name\":\"Unlock test\",\"addr",
    "export_design_fileRunning export_design_file…Running export_design_file…",
    "export_design_fileTool result{\"levels\":2,\"units\":\"mm\",\"note\":\"AC1027 DXF with the parametric model embedded in comment lines; the same design produces identical",
    "export_design_fileRunning export_design_file…Running export_design_file…",
    "export_design_fileTool result{\"schema\":\"IFC4\",\"note\":\"The IFC header carries the export timestamp, so repeated exports of the same design differ in sha256.\",\"de"
  ]
}

"edits allowed"

1

✓ Done

✓ Done

true

{
  "errors": [],
  "replies": [
    "AssistantThe current architectural design (revision 3, \"Unlock test\") has been exported as DXF and IFC:\n\n### 1. DXF (`architect-design.dxf`)\n- **Format:** AC1027 DXF (`application/dxf`)\n- **Size:** 79,543 bytes\n- **SHA-256:** `330351e64d79f92f0f4caa5864a19de8945cc621e30e535a2b61b6d535db4cff`\n\n---\n\n### 2. IFC (`architect-design.ifc`)\n- **Format:** IFC4 (`application/x-step`)\n- **Size:** 10,978 bytes\n- **SHA-256:** `bc7c854fdeb73456f807bae562336ccbde6bddeda632898a2548fbbf5820dd81`\n*(Note: The IFC header carries an export timestamp, so subsequent exports will produce a different hash.)*",
    "AssistantDONE"
  ],
  "tools": [
    "read_project_contextRunning read_project_context…Running read_project_context…",
    "read_project_contextTool result{\"projectId\":\"job-0ea0dd3d-b9f0-473a-8580-1ebe7156a0bb\",\"projectName\":\"New project\",\"projectRevision\":6,\"pane\":\"sketch\",\"sourcePage\":2,\"documents\":[{\"id\":\"doc-sample\",\"n",
    "read_architect_designRunning read_architect_design…Running read_architect_design…",
    "read_architect_designTool result{\"project\":{\"schema\":\"xray.architect/v1\",\"id\":\"job-0ea0dd3d-b9f0-473a-8580-1ebe7156a0bb\",\"revision\":3,\"name\":\"Unlock test\",\"address\":\"\",\"designRevision\":\"A\",\"units\":\"mm",
    "export_design_fileRunning export_design_file…Running export_design_file…",
    "export_design_fileTool result{\"levels\":2,\"units\":\"mm\",\"note\":\"AC1027 DXF with the parametric model embedded in comment lines; the same design produces identical bytes.\",\"designName\":\"Unlock test\",\"dem",
    "export_design_fileRunning export_design_file…Running export_design_file…",
    "export_design_fileTool result{\"schema\":\"IFC4\",\"note\":\"The IFC header carries the export timestamp, so repeated exports of the same design differ in sha256.\",\"designName\":\"Unlock test\",\"demonstration\":"
  ]
}

[
  {
    "bytes": 79543,
    "format": "dxf",
    "sha256": "330351e64d79f92f0f4caa5864a19de8945cc621e30e535a2b61b6d535db4cff"
  },
  {
    "bytes": 10978,
    "format": "ifc",
    "sha256": "bc7c854fdeb73456f807bae562336ccbde6bddeda632898a2548fbbf5820dd81"
  }
]

✓ Screenshot saved to screenshots/growth/2026-09-09-assistant-unlock/d-export-desktop.png

