✓ Done

true

"opened"

true

true

"panel"

✓ Done

✓ Done

true

"edits allowed"

✓ Done

✓ Done

true

{
  "paused": false,
  "tools": [
    "read_project_contextRunning read_project_context…Running read_project_context…",
    "read_project_contextTool result{\"projectId\":\"job-f1b3d650-aadb-4c38-9d57-7e5ff9d09b09\",\"projectName\":\"New project\",\"projectRevision\":6,\"pane\":\"sketch\",\"sourcePa",
    "read_architect_designRunning read_architect_design…Running read_architect_design…",
    "read_architect_designTool result{\"project\":{\"schema\":\"xray.architect/v1\",\"id\":\"job-f1b3d650-aadb-4c38-9d57-7e5ff9d09b09\",\"revision\":3,\"name\":\"Unlock test\",\"addr",
    "export_design_fileRunning export_design_file…Running export_design_file…",
    "export_design_fileTool result{\"levels\":2,\"units\":\"mm\",\"note\":\"AC1027 DXF with the parametric model embedded in comment lines; the same design produces identical",
    "export_design_fileRunning export_design_file…Running export_design_file…",
    "export_design_fileTool result{\"schema\":\"IFC4\",\"note\":\"The IFC header carries the export timestamp, so repeated exports of the same design differ in sha256.\",\"de"
  ]
}

"edits allowed"

1

✓ Done

✓ Done

true

{
  "errors": [],
  "replies": [
    "AssistantThe current architectural design (revision 3) has been exported as DXF and IFC:\n\n### **DXF Export (`architect-design.dxf`)**\n* **Byte length:** 79,543 bytes\n* **SHA-256:** `a285886c7175e0901bd3d973fbc6a9d0feba5811cd30c221a4fd7499a72d340d`\n* **Format / Standard:** AC1027 DXF (deterministic output)\n\n---\n\n### **IFC Export (`architect-design.ifc`)**\n* **Byte length:** 10,978 bytes\n* **SHA-256:** `acc2d25bd958c2476bfc23f5429be976c9b916a7247b82040e620d7cad401f12`\n* **Schema:** IFC4 (header contains export timestamp; sha256 varies per export)",
    "AssistantDONE"
  ],
  "tools": [
    "read_project_contextRunning read_project_context…Running read_project_context…",
    "read_project_contextTool result{\"projectId\":\"job-f1b3d650-aadb-4c38-9d57-7e5ff9d09b09\",\"projectName\":\"New project\",\"projectRevision\":6,\"pane\":\"sketch\",\"sourcePage\":2,\"documents\":[{\"id\":\"doc-sample\",\"n",
    "read_architect_designRunning read_architect_design…Running read_architect_design…",
    "read_architect_designTool result{\"project\":{\"schema\":\"xray.architect/v1\",\"id\":\"job-f1b3d650-aadb-4c38-9d57-7e5ff9d09b09\",\"revision\":3,\"name\":\"Unlock test\",\"address\":\"\",\"designRevision\":\"A\",\"units\":\"mm",
    "export_design_fileRunning export_design_file…Running export_design_file…",
    "export_design_fileTool result{\"levels\":2,\"units\":\"mm\",\"note\":\"AC1027 DXF with the parametric model embedded in comment lines; the same design produces identical bytes.\",\"designName\":\"Unlock test\",\"dem",
    "export_design_fileRunning export_design_file…Running export_design_file…",
    "export_design_fileTool result{\"schema\":\"IFC4\",\"note\":\"The IFC header carries the export timestamp, so repeated exports of the same design differ in sha256.\",\"designName\":\"Unlock test\",\"demonstration\":"
  ]
}

[
  {
    "bytes": 79543,
    "format": "dxf",
    "sha256": "a285886c7175e0901bd3d973fbc6a9d0feba5811cd30c221a4fd7499a72d340d"
  },
  {
    "bytes": 10978,
    "format": "ifc",
    "sha256": "acc2d25bd958c2476bfc23f5429be976c9b916a7247b82040e620d7cad401f12"
  }
]

✓ Screenshot saved to screenshots/growth/2026-09-09-az5-release/prod-unlock-d-export-desktop.png

