✓ Done

✓ X-Ray by Looplet
  http://127.0.0.1:8096/

true

✓ Done

true

"Heading scrolled into view: Ground floor plan"

✓ Screenshot saved to screenshots/growth/2026-09-09-az3-release/prod-sheets-B0-renamed-heading-desktop.png

"Before archive: order [0,1,2,3,4,5,6,7,8,9,10,11,12] slot 1 page {\"pageIndex\":1,\"name\":\"Ground floor plan\",\"archived\":false,\"bookmarks\":[{\"id\":\"df6b5170-e1e2-482c-8e51-a4599a716d10\",\"name\":\"Entry detail\",\"createdAt\":\"2026-09-08T15:11:05.897Z\",\"zoom\":1,\"aspect\":1.414111328125,\"center\":{\"x\":0.5,\"y\":0.5}}],\"discipline\":\"Architecture\"} job {\"calibrations\":13,\"annotations\":1,\"runs\":0,\"gates\":0,\"page2Scale\":0.011878036323035074,\"annotation\":\"Manual trace 7.863 m\"}"

✓ Done

true

"Archive review rows: [\"Calibrations retained=1\",\"Measured traces retained=0\",\"Located items retained=0\",\"Annotations retained=1\",\"Linked photos retained=0\",\"Saved views retained=1\"]; still Active (13); storage unchanged"

✓ Screenshot saved to screenshots/growth/2026-09-09-az3-release/prod-sheets-B1-archive-review-desktop.png

✓ Done

true

"Archived: Active (12); page 2 absent from Active list and navigation; storage archived=true; order unchanged [0,1,2,3,4,5,6,7,8,9,10,11,12]; job counts unchanged {\"calibrations\":13,\"annotations\":1,\"runs\":0,\"gates\":0}; page 2 annotation and locked scale byte-identical; status: Sheet archived. Its source and measurements are preserved."

✓ Done

true

http://127.0.0.1:8096/

true

✓ Done

true

"After reload: still archived; navigation hides page 2; sidebar shows Sheet register · 1 archived; job calibrations 13 annotations 1 unchanged"

✓ Done

true

✓ Screenshot saved to screenshots/growth/2026-09-09-az3-release/prod-sheets-B2-archived-list-after-reload-desktop.png

✓ Done

true

✓ Done

true

"Recovered: order [0,1,2,3,4,5,6,7,8,9,10,11,12] equals before; slot 1; page metadata identical (name, discipline, 1 saved view); Active list rows [\"1\",\"2\",\"3\",\"4\",\"5\",\"6\",\"7\",\"8\",\"9\",\"10\",\"11\",\"12\",\"13\"]; job calibrations 13 annotations 1 identical"

http://127.0.0.1:8096/

true

✓ Done

true

"After recover + reload: page 2 active in slot 1 with name/discipline/1 saved view; job calibrations 13 (page 2 locked at 0.011878036323035074 m/unit), annotations 1 (Manual trace 7.863 m on sheet 1, byte-identical), runs 0, gates 0; lifecycle revision 4"

✓ Screenshot saved to screenshots/growth/2026-09-09-az3-release/prod-sheets-B3-after-recover-reload-desktop.png

✓ Done

true

✓ Done

true

✓ Done

true

"Recovered page 2 in the Sketch pane: Manual layer enabled (scale still locked) and the Manual trace annotation is listed"

✓ Screenshot saved to screenshots/growth/2026-09-09-az3-release/prod-sheets-B4-recovered-page-annotation-desktop.png

