true

"continued in a new chat (1)"

true

"edits allowed"

208

{
  "errors": 0,
  "replies": 1
}

✓ Done

true

{
  "design": {
    "doors": 21,
    "extentMm": [
      0,
      0,
      36000,
      18000
    ],
    "levels": [
      "Ground@0",
      "Level 1@3600",
      "Level 2@7200",
      "Plant Level@10800"
    ],
    "name": "Riverside Lab & Workshop",
    "revision": 13,
    "roofs": [
      "5/g/g/g"
    ],
    "rooms": [
      "STAIR 3x6",
      "LAB 1",
      "LAB 2",
      "LAB 3",
      "LAB 4",
      "STAIR 3x6",
      "LIFT 2.5x2.5",
      "CORRIDOR 2.4 m",
      "WORKSHOP",
      "OFFICE",
      "PLANT",
      "STAIR 3x6",
      "LAB 1",
      "LAB 2",
      "LAB 3",
      "LAB 4",
      "STAIR 3x6",
      "LIFT 2.5x2.5",
      "CORRIDOR 2.4 m",
      "WORKSHOP",
      "OFFICE",
      "PLANT"
    ],
    "slabs": 4,
    "walls": 48,
    "windows": 60
  },
  "done": false,
  "errors": [
    "Paused after eight assistant steps. Completed actions are retained; send another message to continue."
  ],
  "last": "Continued from the previous chat.\nHandover from the previous chat\nProject: job-dcc660ea-97ae-4b45-b087-e806a7d5b8bd\nRequests (oldest first):\n1. This is my client's rough sketch and notes (attached image) for a new building. Design the finished product from it as a complete wireframe in this architectural workspace, following every dimension and note on the sketch: the 36 m by 18 m footprint, three storeys of 3.6 m plus the smaller plant le…\n2. Continue with the remaining steps from the sketch brief; do not repeat actions that already completed (read the design first if unsure). When everything on the sketch exists in the design, reply exactly DONE. Image 1: Reference — client-sketch.png. Tre",
  "lastTools": [
    "read_source_sheetsTool result{\"available\":false,\"reason\":\"The active source is the bundled",
    "read_takeoff_evidenceTool result{\"projectId\":\"job-dcc660ea-97ae-4b45-b087-e806a7d5b8bd\",\"p",
    "read_workbench_structureTool result{\"units\":{\"architecturalDesign\":\"mm\",\"sourceBuilding\":\"",
    "web_searchTool result{\"answer\":\"No active drawing or workspace project context is loaded f",
    "web_searchTool result{\"answer\":\"Based on this description, here is the breakdown of the le",
    "web_searchTool result{\"answer\":\"In architectural drawing and scheduling conventions, these"
  ],
  "paused": true,
  "receipts": 8
}

