✓ Done

✓ X-Ray by Looplet
  http://127.0.0.1:8085/

true

"reloading-with-minimax"

true

"checking"

true

"{\"provider\":\"MiniMax\",\"model\":\"MiniMax-M3\",\"stored\":\"minimax\"}"

"seeding"

true

"{\"ok\":true,\"jobId\":\"job-720b5806-7c24-4e85-9e6e-253381d1545d\",\"documents\":2,\"activeDocumentId\":\"doc-ground-floor\",\"calibrations\":3}"

"already-open"

true

"binding"

true

"menu opened"

true

"clicked New chat"

"awaiting empty conversation"

true

"{\"conversationEmptyBeforeTurn\":true,\"activeId\":\"c9bce552-781b-4dea-8185-71bcf3a8297a\"}"

"{\"script\":\"09-readonly-refuses-edits\",\"jobId\":\"job-720b5806-7c24-4e85-9e6e-253381d1545d\"}"

"mode -> readonly"

"reading-mode"

✗ Wait timed out after 30000ms
