{
  "alerts": [],
  "h1": [
    "Redburn BR250157 / Preliminary Council"
  ],
  "hydration": "ready",
  "inputs": [
    "Column, slab, part ID…",
    "Attach images to assistant"
  ],
  "panes": [
    "Overview:null:null",
    "Sheets:null:null",
    "Measure:null:null",
    "Sketch:null:null",
    "Components:null:null",
    "Model:null:null",
    "Render:null:null",
    "Review:null:null",
    "Cost:null:null",
    "Proof:null:null"
  ],
  "recovery": null,
  "url": "http://tauri.localhost/"
}

✓ Screenshot saved to screenshots/growth/2026-09-09-az3-release/native-saves-v2-s1-diag-after-components.png
