✓ Done

✓ X-Ray by Looplet
  http://127.0.0.1:8085/

true

"seeded with Ground floor plan rev C.pdf"

"skin=navy"

true

true

"roofing sheet shown"

true

"roof inputs entered"

true

{
  "field": {
    "bg": "rgb(43, 43, 43)",
    "border": "rgb(85, 85, 85)",
    "color": "rgb(242, 242, 242)"
  },
  "note": {
    "bg": "rgba(0, 0, 0, 0)",
    "border": "rgb(185, 185, 185)",
    "color": "rgb(185, 185, 185)"
  },
  "summary": {
    "bg": "rgb(38, 38, 38)",
    "border": "rgb(242, 242, 242)",
    "color": "rgb(242, 242, 242)"
  },
  "workbench": {
    "bg": "rgb(34, 34, 34)",
    "border": "rgb(64, 64, 64)",
    "color": "rgb(242, 242, 242)"
  }
}

{
  "labelled": 16,
  "unnamed": 0
}

{
  "demonstratedOn": "Plane name",
  "fields": 14,
  "reachable": 16,
  "ring": "2px solid rgb(242, 242, 242) offset 2px",
  "rule": ".industry-workbench :is(input, select, button, summary):focus-visible",
  "selects": 2
}

{
  "checked": 36,
  "failures": 0
}

{
  "pageOverflowPx": 0,
  "tableWraps": 1,
  "viewport": "1600x1000"
}

"framed .industry-workbench"

✓ Screenshot saved to proof/growth/2026-09-16-industry-theme/screenshots/desktop-01-navy-worksheet.png

"area reference holds 231 characters"

{
  "pageOverflowPx": 0,
  "tableWraps": 0,
  "viewport": "1600x1000"
}

"framed field Area reference"

✓ Screenshot saved to proof/growth/2026-09-16-industry-theme/screenshots/desktop-02-long-reference.png

"area reference restored"

"calculation requested with no plan area"

true

{
  "bg": "rgb(38, 38, 38)",
  "color": "rgb(242, 242, 242)",
  "contrast": 13.52,
  "message": "Plane 1 horizontal area: enter an explicit non-negative decimal value.",
  "role": "alert"
}

"framed .industry-error"

✓ Screenshot saved to proof/growth/2026-09-16-industry-theme/screenshots/desktop-03-validation-error.png

"plan area restored and recalculated"

true

"roof bind requested"

true

{
  "field": {
    "bg": "rgb(43, 43, 43)",
    "border": "rgb(85, 85, 85)",
    "color": "rgb(242, 242, 242)"
  },
  "note": {
    "bg": "rgba(0, 0, 0, 0)",
    "border": "rgb(185, 185, 185)",
    "color": "rgb(185, 185, 185)"
  },
  "summary": {
    "bg": "rgb(38, 38, 38)",
    "border": "rgb(242, 242, 242)",
    "color": "rgb(242, 242, 242)"
  },
  "workbench": {
    "bg": "rgb(34, 34, 34)",
    "border": "rgb(64, 64, 64)",
    "color": "rgb(242, 242, 242)"
  }
}

{
  "labelled": 13,
  "unnamed": 0
}

{
  "checked": 49,
  "failures": 0
}

"framed .industry-workbench"

✓ Screenshot saved to proof/growth/2026-09-16-industry-theme/screenshots/desktop-04-navy-bound-workbench.png

"focused Plane name"

✓ Screenshot saved to proof/growth/2026-09-16-industry-theme/screenshots/desktop-05-focus-ring.png

✓ Done

{
  "field": {
    "bg": "rgb(43, 43, 43)",
    "border": "rgb(85, 85, 85)",
    "color": "rgb(242, 242, 242)"
  },
  "note": {
    "bg": "rgba(0, 0, 0, 0)",
    "border": "rgb(185, 185, 185)",
    "color": "rgb(185, 185, 185)"
  },
  "summary": {
    "bg": "rgb(38, 38, 38)",
    "border": "rgb(242, 242, 242)",
    "color": "rgb(242, 242, 242)"
  },
  "workbench": {
    "bg": "rgb(34, 34, 34)",
    "border": "rgb(64, 64, 64)",
    "color": "rgb(242, 242, 242)"
  }
}

{
  "pageOverflowPx": 0,
  "tableWraps": 2,
  "viewport": "1024x768"
}

{
  "labelled": 13,
  "unnamed": 0
}

"framed .industry-workbench"

✓ Screenshot saved to proof/growth/2026-09-16-industry-theme/screenshots/tablet-01-1024-landscape.png

✓ Done

{
  "gridTemplateColumns": "634px",
  "viewport": "768px"
}

{
  "pageOverflowPx": 0,
  "tableWraps": 2,
  "viewport": "768x1024"
}

{
  "checked": 49,
  "failures": 0
}

"framed .industry-workbench"

✓ Screenshot saved to proof/growth/2026-09-16-industry-theme/screenshots/tablet-02-768-portrait-single-column.png

✓ Done

