⚠ Daemon version mismatch detected, restarting...
[agent-browser] launched browser
✓ X-Ray by Looplet
  http://127.0.0.1:8090/

true

✓ Done

✓ Done

- combobox "Current plan" [expanded=false, disabled, ref=e10]: Open a plan to begin
  - option "Open a plan to begin" [disabled, ref=e32]
- navigation "Panes" [ref=e1]
  - button "Overview" [ref=e11]
  - button "Sheets" [ref=e12]
  - button "Measure" [ref=e13]
  - button "Sketch" [ref=e14]
  - button "Components" [ref=e15]
  - button "Model" [ref=e16]
  - button "Render" [ref=e17]
  - button "Review" [ref=e18]
  - button "Cost" [ref=e19]
  - button "Proof" [ref=e20]
- button "Backups" [ref=e2]
- button "Settings" [ref=e3]
- button "Log in" [ref=e4]
- navigation "Source sheets and models" [ref=e21]
  - heading "MODELS" [level=2, ref=e22]
  - button "Redburn BR250157" [ref=e23]
  - button "Crown Wharf A4 tower" [ref=e24]
  - button "Caroline" [ref=e25]
  - button "Ruffles sample" [ref=e26]
  - heading "SHEETS 1" [level=2, ref=e27]
- heading "Explore Redburn BR250157" [level=1, ref=e28]
- combobox "Prepared building" [expanded=false, ref=e29]: Redburn BR250157
  - option "Redburn BR250157" [selected, ref=e35]
  - option "Crown Wharf A4 tower" [ref=e36]
  - option "Caroline" [ref=e37]
  - option "Ruffles sample" [ref=e38]
- combobox "Prepared reconstruction" [expanded=false, ref=e45]: Redburn BR250157
  - option "Redburn BR250157" [selected, ref=e46]
  - option "Crown Wharf A4 tower" [ref=e47]
  - option "Caroline" [ref=e48]
  - option "Ruffles sample" [ref=e49]
- heading "A real home, traced from its source" [level=2, ref=e43]
- button "Open Redburn BR250157 plan in 3D" [disabled, ref=e44]
- heading "Every part has a source" [level=2, ref=e30]
- generic "Logs10Console0Errors0Status" [ref=e31] clickable [onclick]
  - separator "Resize bottom panel" [ref=e33] focusable [tabindex]: 22
  - tab "Logs 10" [ref=e39]
  - tab "Console 0" [ref=e40]
  - tab "Errors 0" [ref=e41]
  - tab "Status" [selected, ref=e42]
  - button "Expand workspace diagnostics" [expanded=false, ref=e34]
- button "Live assistant Drawing tools" [expanded=false, ref=e5]
- separator "Resize left menu" [ref=e6] focusable [tabindex]: 260
- button "Collapse left menu" [expanded=true, ref=e7]
- separator "Resize right menu" [ref=e8] focusable [tabindex]: 400
- button "Collapse right menu" [expanded=true, ref=e9]
