[agent-browser] launched browser
✓ Done

✓ X-Ray by Looplet
  http://127.0.0.1:8085/

true

"reloading-with-minimax"

true

"checking"

true

"{\"provider\":\"MiniMax\",\"model\":\"MiniMax-M3\",\"stored\":\"minimax\"}"

"seeding"

true

"{\"ok\":true,\"jobId\":\"job-1880949f-a97f-4a1e-8a9c-3df56330f57f\",\"documents\":2,\"activeDocumentId\":\"doc-ground-floor\",\"calibrations\":3}"

"opened"

true

"binding"

true

"menu opened"

true

"clicked New chat"

"awaiting empty conversation"

true

"{\"conversationEmptyBeforeTurn\":true,\"activeId\":\"bd6e9830-5f05-456c-8272-693910e53879\"}"

"{\"script\":\"21-d8-readonly-refuses-navigation\",\"jobId\":\"job-1880949f-a97f-4a1e-8a9c-3df56330f57f\"}"

"mode -> readonly"

"reading-mode"

true

"permission mode confirmed: readonly"

"reading pane"

true

"{\"pane\":\"cost\"}"

✓ Screenshot saved to proof/growth/2026-09-16-live-assistant-rig/screenshots/21-readonly-mode-selected.png

"composed 41 chars"

true

"baseline"

true

✓ Screenshot saved to proof/growth/2026-09-16-live-assistant-rig/screenshots/21-d8-readonly-refuses-navigation-composed.png

"sent"

"polling"

true

✓ Screenshot saved to proof/growth/2026-09-16-live-assistant-rig/screenshots/21-d8-readonly-refuses-navigation-replied.png

"{\"state\":\"done\",\"baseline\":0,\"newEntryCount\":8,\"newEntries\":[{\"kind\":\"user\",\"tool\":null,\"failed\":null,\"origin\":null,\"projectName\":null,\"projectRevision\":null,\"text\":\"Switch the workspace to the Measure pane.\"},{\"kind\":\"assistant\",\"tool\":null,\"failed\":null,\"origin\":null,\"projectName\":null,\"projectRevision\":null,\"text\":\"I'll switch the workspace to the Measure pane now.\\n\"},{\"kind\":\"tool\",\"tool\":\"read_project_context\",\"failed\":null,\"origin\":\"model\",\"projectName\":\"New project\",\"projectRevision\":1,\"text\":\"{\\\"projectId\\\":\\\"job-1880949f-a97f-4a1e-8a9c-3df56330f57f\\\",\\\"projectName\\\":\\\"New project\\\",\\\"projectRevision\\\":1,\\\"pane\\\":\\\"cost\\\",\\\"sourcePage\\\":1,\\\"documents\\\":[{\\\"id\\\":\\\"doc-sample\\\",\\\"name\\\":\\\"No source plan\\\",\\\"kind\\\":\\\"pdf\\\",\\\"pageCount\\\":1,\\\"sha256\\\":null},{\\\"id\\\":\\\"doc-ground-floor\\\",\\\"name\\\":\\\"Ground floor plan rev C.pdf\\\",\\\"kind\\\":\\\"pdf\\\",\\\"pageCount\\\":3,\\\"sha256\\\":\\\"c0ffeec0ffeec0ffeec0ffeec0ffeec0ffeec0ffeec0ffeec0ffeec0ffeeabcd\\\"}],\\\"activeDocumentId\\\":\\\"doc-ground-floor\\\",\\\"counts\\\":{\\\"annotations\\\":0,\\\"measuredTraces\\\":0,\\\"locatedItems\\\":0},\\\"hydration\\\":\\\"ready\\\",\\\"recoveryBlocked\\\":false,\\\"saveError\\\":null,\\\"savedProjectRevision\\\":1,\\\"architectControllerAvailable\\\":false}\"},{\"kind\":\"tool\",\"tool\":\"navigate_workspace\",\"failed\":true,\"origin\":\"model\",\"projectName\":\"New project\",\"projectRevision\":1,\"text\":\"{\\\"status\\\":\\\"not-executed\\\",\\\"reason\\\":\\\"Workflow prerequisite missing.\\\",\\\"requestedTool\\\":\\\"navigate_workspace\\\",\\\"next\\\":{\\\"tool\\\":\\\"read_workflow_route\\\",\\\"args\\\":{\\\"expectedJobId\\\":\\\"job-1880949f-a97f-4a1e-8a9c-3df56330f57f\\\",\\\"workflow\\\":\\\"inspect\\\"},\\\"reason\\\":\\\"Select the workflow for this requested tool. Use discussion for a discussion-only task. Selection is not edit permission.\\\"}}\"},{\"kind\":\"assistant\",\"tool\":null,\"failed\":null,\"origin\":null,\"projectName\":null,\"projectRevision\":null,\"text\":\"The Measure pane requires a workflow selection first.\\n\"},{\"kind\":\"tool\",\"tool\":\"read_workflow_route\",\"failed\":null,\"origin\":\"model\",\"projectName\":\"New project\",\"projectRevision\":1,\"text\":\"{\\\"version\\\":\\\"xray.workflow/1\\\",\\\"workflow\\\":\\\"inspect\\\",\\\"steps\\\":[\\\"Read project context.\\\",\\\"Retrieve the relevant design, source sheets, attachments or evidence.\\\",\\\"Answer with source/revision and unknowns.\\\"],\\\"scope\\\":\\\"Workflow selection only; no geometry, evidence or authority changed.\\\"}\"},{\"kind\":\"tool\",\"tool\":\"navigate_workspace\",\"failed\":true,\"origin\":\"model\",\"projectName\":\"New project\",\"projectRevision\":1,\"text\":\"Read-only mode: the user has not allowed changes. Nothing was changed.\"},{\"kind\":\"assistant\",\"tool\":null,\"failed\":null,\"origin\":null,\"projectName\":null,\"projectRevision\":null,\"text\":\"The Measure pane is read-only.\\n\\n### Result\\n- **Action attempted:** Switch workspace to Measure pane\\n- **Status:** Blocked — read-only permission mode is active\\n- **Current pane:** cost (per project context)\\n- **Tool receipt:** `navigate_workspace` returned `Read-only mode: the user has not allowed changes. Nothing was changed.`\\n\\n### Notes\\n- Project ID: `job-1880949f-a97f-4a1e-8a9c-3df56330f57f`, revision 1, hydration ready\\n- Active document: `doc-ground-floor` (Ground floor plan rev C.pdf)\\n- No governing source revision, calibration or professional authority is set; verified takeoff on this pane would still require those inputs plus a writable mode\\n\\nTo complete the switch, change the chat's permission mode to **ask** or **auto** and re-issue the request. I have not navigated or changed the project.\\n\\n### Developer review\\n- **Outcome:** Reported the blocked switch with the actual tool receipt and stated why.\\n- **Friction:** Initial call needed `read_workflow_route` first; could have made that first.\\n- **Improvement:** Lead with workflow selection when the target is a non-read pane to avoid a rejected call.\"}],\"projectId\":\"job-1880949f-a97f-4a1e-8a9c-3df56330f57f\",\"activeId\":\"bd6e9830-5f05-456c-8272-693910e53879\",\"threads\":2,\"busy\":false,\"error\":null,\"workPacket\":{\"state\":\"blocked\",\"objective\":\"Switch the workspace to the Measure pane.\",\"nextAction\":\"navigate_workspace: Read-only mode: the user has not allowed changes. Nothing was changed.\",\"pendingAction\":null,\"routingFailure\":\"navigate_workspace: Read-only mode: the user has not allowed changes. Nothing was changed.\"},\"entries\":[{\"kind\":\"user\",\"tool\":null,\"failed\":null,\"origin\":null,\"projectName\":null,\"projectRevision\":null,\"text\":\"Switch the workspace to the Measure pane.\"},{\"kind\":\"assistant\",\"tool\":null,\"failed\":null,\"origin\":null,\"projectName\":null,\"projectRevision\":null,\"text\":\"I'll switch the workspace to the Measure pane now.\\n\"},{\"kind\":\"tool\",\"tool\":\"read_project_context\",\"failed\":null,\"origin\":\"model\",\"projectName\":\"New project\",\"projectRevision\":1,\"text\":\"{\\\"projectId\\\":\\\"job-1880949f-a97f-4a1e-8a9c-3df56330f57f\\\",\\\"projectName\\\":\\\"New project\\\",\\\"projectRevision\\\":1,\\\"pane\\\":\\\"cost\\\",\\\"sourcePage\\\":1,\\\"documents\\\":[{\\\"id\\\":\\\"doc-sample\\\",\\\"name\\\":\\\"No source plan\\\",\\\"kind\\\":\\\"pdf\\\",\\\"pageCount\\\":1,\\\"sha256\\\":null},{\\\"id\\\":\\\"doc-ground-floor\\\",\\\"name\\\":\\\"Ground floor plan rev C.pdf\\\",\\\"kind\\\":\\\"pdf\\\",\\\"pageCount\\\":3,\\\"sha256\\\":\\\"c0ffeec0ffeec0ffeec0ffeec0ffeec0ffeec0ffeec0ffeec0ffeec0ffeeabcd\\\"}],\\\"activeDocumentId\\\":\\\"doc-ground-floor\\\",\\\"counts\\\":{\\\"annotations\\\":0,\\\"measuredTraces\\\":0,\\\"locatedItems\\\":0},\\\"hydration\\\":\\\"ready\\\",\\\"recoveryBlocked\\\":false,\\\"saveError\\\":null,\\\"savedProjectRevision\\\":1,\\\"architectControllerAvailable\\\":false}\"},{\"kind\":\"tool\",\"tool\":\"navigate_workspace\",\"failed\":true,\"origin\":\"model\",\"projectName\":\"New project\",\"projectRevision\":1,\"text\":\"{\\\"status\\\":\\\"not-executed\\\",\\\"reason\\\":\\\"Workflow prerequisite missing.\\\",\\\"requestedTool\\\":\\\"navigate_workspace\\\",\\\"next\\\":{\\\"tool\\\":\\\"read_workflow_route\\\",\\\"args\\\":{\\\"expectedJobId\\\":\\\"job-1880949f-a97f-4a1e-8a9c-3df56330f57f\\\",\\\"workflow\\\":\\\"inspect\\\"},\\\"reason\\\":\\\"Select the workflow for this requested tool. Use discussion for a discussion-only task. Selection is not edit permission.\\\"}}\"},{\"kind\":\"assistant\",\"tool\":null,\"failed\":null,\"origin\":null,\"projectName\":null,\"projectRevision\":null,\"text\":\"The Measure pane requires a workflow selection first.\\n\"},{\"kind\":\"tool\",\"tool\":\"read_workflow_route\",\"failed\":null,\"origin\":\"model\",\"projectName\":\"New project\",\"projectRevision\":1,\"text\":\"{\\\"version\\\":\\\"xray.workflow/1\\\",\\\"workflow\\\":\\\"inspect\\\",\\\"steps\\\":[\\\"Read project context.\\\",\\\"Retrieve the relevant design, source sheets, attachments or evidence.\\\",\\\"Answer with source/revision and unknowns.\\\"],\\\"scope\\\":\\\"Workflow selection only; no geometry, evidence or authority changed.\\\"}\"},{\"kind\":\"tool\",\"tool\":\"navigate_workspace\",\"failed\":true,\"origin\":\"model\",\"projectName\":\"New project\",\"projectRevision\":1,\"text\":\"Read-only mode: the user has not allowed changes. Nothing was changed.\"},{\"kind\":\"assistant\",\"tool\":null,\"failed\":null,\"origin\":null,\"projectName\":null,\"projectRevision\":null,\"text\":\"The Measure pane is read-only.\\n\\n### Result\\n- **Action attempted:** Switch workspace to Measure pane\\n- **Status:** Blocked — read-only permission mode is active\\n- **Current pane:** cost (per project context)\\n- **Tool receipt:** `navigate_workspace` returned `Read-only mode: the user has not allowed changes. Nothing was changed.`\\n\\n### Notes\\n- Project ID: `job-1880949f-a97f-4a1e-8a9c-3df56330f57f`, revision 1, hydration ready\\n- Active document: `doc-ground-floor` (Ground floor plan rev C.pdf)\\n- No governing source revision, calibration or professional authority is set; verified takeoff on this pane would still require those inputs plus a writable mode\\n\\nTo complete the switch, change the chat's permission mode to **ask** or **auto** and re-issue the request. I have not navigated or changed the project.\\n\\n### Developer review\\n- **Outcome:** Reported the blocked switch with the actual tool receipt and stated why.\\n- **Friction:** Initial call needed `read_workflow_route` first; could have made that first.\\n- **Improvement:** Lead with workflow selection when the target is a non-read pane to avoid a rejected call.\"}]}"

"reading pane"

true

"{\"label\":\"read-only navigation\",\"pane\":\"cost\",\"unchanged\":true}"

"{\"state\":\"done\",\"error\":null,\"tools\":[{\"tool\":\"read_project_context\",\"failed\":false,\"text\":\"{\\\"projectId\\\":\\\"job-1880949f-a97f-4a1e-8a9c-3df56330f57f\\\",\\\"projectName\\\":\\\"New project\\\",\\\"projectRevision\\\":1,\\\"pane\\\":\\\"cost\\\",\\\"sourcePage\\\":1,\\\"documents\\\":[{\\\"id\\\":\\\"doc-sample\\\",\\\"name\\\":\\\"No source plan\\\",\\\"kind\\\":\\\"pdf\\\",\\\"pageCount\\\":1,\\\"sha256\\\":null},{\\\"id\\\":\\\"doc-ground-floor\\\",\\\"name\\\":\\\"Ground floor plan rev C.pdf\\\",\\\"kind\\\":\"},{\"tool\":\"navigate_workspace\",\"failed\":true,\"text\":\"{\\\"status\\\":\\\"not-executed\\\",\\\"reason\\\":\\\"Workflow prerequisite missing.\\\",\\\"requestedTool\\\":\\\"navigate_workspace\\\",\\\"next\\\":{\\\"tool\\\":\\\"read_workflow_route\\\",\\\"args\\\":{\\\"expectedJobId\\\":\\\"job-1880949f-a97f-4a1e-8a9c-3df56330f57f\\\",\\\"workflow\\\":\\\"inspect\\\"},\\\"reason\\\":\\\"Select the workflow for this requested tool. Use discussion \"},{\"tool\":\"read_workflow_route\",\"failed\":false,\"text\":\"{\\\"version\\\":\\\"xray.workflow/1\\\",\\\"workflow\\\":\\\"inspect\\\",\\\"steps\\\":[\\\"Read project context.\\\",\\\"Retrieve the relevant design, source sheets, attachments or evidence.\\\",\\\"Answer with source/revision and unknowns.\\\"],\\\"scope\\\":\\\"Workflow selection only; no geometry, evidence or authority changed.\\\"}\"},{\"tool\":\"navigate_workspace\",\"failed\":true,\"text\":\"Read-only mode: the user has not allowed changes. Nothing was changed.\"}],\"replyLength\":1230}"

"{\"navigateToolsSucceeded\":0,\"navigateAttempts\":2,\"refusalVisible\":true,\"attempts\":[{\"failed\":true,\"text\":\"{\\\"status\\\":\\\"not-executed\\\",\\\"reason\\\":\\\"Workflow prerequisite missing.\\\",\\\"requestedTool\\\":\\\"navigate_workspace\\\",\\\"next\\\":{\\\"tool\\\":\\\"read_workflow_route\\\",\\\"args\\\":{\\\"expectedJobId\\\":\\\"job-1880949f-a97f-4a1e-8a9c-3df56330f57f\\\",\\\"workflow\\\":\\\"inspect\\\"},\\\"reason\\\":\\\"Select the workflow for this requested tool. Use discussion \"},{\"failed\":true,\"text\":\"Read-only mode: the user has not allowed changes. Nothing was changed.\"}],\"replyLength\":1230,\"error\":null}"

"I'll switch the workspace to the Measure pane now.\n\n\nThe Measure pane requires a workflow selection first.\n\n\nThe Measure pane is read-only.\n\n### Result\n- **Action attempted:** Switch workspace to Measure pane\n- **Status:** Blocked — read-only permission mode is active\n- **Current pane:** cost (per project context)\n- **Tool receipt:** `navigate_workspace` returned `Read-only mode: the user has not allowed changes. Nothing was changed.`\n\n### Notes\n- Project ID: `job-1880949f-a97f-4a1e-8a9c-3df56330f57f`, revision 1, hydration ready\n- Active document: `doc-ground-floor` (Ground floor plan rev C.pdf)\n- No governing source revision, calibration or professional authority is set; verified takeoff on this pane would still require those inputs plus a writable mode\n\nTo complete the switch, change the chat's permission mode to **ask** or **auto** and re-issue the request. I have not navigated or changed the project.\n\n### Developer review\n- **Outcome:** Reported the blocked switch with the actual tool receipt and stated why.\n- **Friction:** Initial call needed `read_workflow_route` first; could have made that first.\n- **Improvement:** Lead with workflow selection when the target is a non-read pane to avoid a rejected call."

"{\"rows\":8,\"lastEntry\":\"AssistantThe Measure pane is read-only.ResultAction attempted: Switch workspace to Measure paneStatus: Blocked — read-only permission mode is activeCurrent pane: cost (per project context)Tool receipt: navigate_workspace returned Read-only mode: the user has not allowed changes. Nothing was changed.NotesProject ID: job-1880949f-a97f-4a1e-8a9c-3df56330f57f, revision 1, hydration readyActive documen\"}"

