✓ X-Ray by Looplet
  http://tauri.localhost/

{
  "actual": {
    "x": 0.4470075953080586,
    "y": 0.4622332748526675
  },
  "bookmark": {
    "aspect": 1.4141545313884945,
    "center": {
      "x": 0.4469613259668509,
      "y": 0.4624975593885924
    },
    "createdAt": "2026-09-07T13:19:58.157Z",
    "id": "14e25427-9458-4bb0-9f6a-5967f2ceea1d",
    "name": "Release drainage detail",
    "zoom": 1.5625
  },
  "height": 1000,
  "page": {
    "bottom": 1059.2395935058594,
    "height": 629.6875,
    "left": 251.95834350585935,
    "right": 1142.4167175292969,
    "top": 429.5520935058594,
    "width": 890.4583740234375,
    "x": 251.95834350585935,
    "y": 429.5520935058594
  },
  "viewport": {
    "bottom": 937.937530517578,
    "height": 434.6458435058594,
    "left": 272,
    "right": 1028,
    "top": 503.2916870117187,
    "width": 756,
    "x": 272,
    "y": 503.2916870117187
  },
  "width": 1440
}

✓ Screenshot saved to screenshots/growth/2026-09-07-sheets/native-reload-diagnostic.png

