✓ Done

"Isolated tablet refusal enabled"

✓ Done

true

{
  "bottomControls": 5,
  "capture": "drag",
  "retry": "reachable"
}

✓ Screenshot saved to screenshots/growth/nav-production-049-landscape-fallback.png

✓ Done

"Real capture method restored"

true

✓ Done

"Isolated tablet refusal enabled"

✓ Done

true

{
  "bottomControls": 5,
  "capture": "drag",
  "retry": "reachable"
}

✓ Screenshot saved to screenshots/growth/nav-production-049-portrait-fallback.png

✓ Done

"Real capture method restored"

true

