http://tauri.localhost/

true

{
  "designLevels": "none",
  "designWalls": "none",
  "jobId": "job-32058214-c24c-4e1b-89e6-28a13a7f3642",
  "revision": 3
}

✓ Done

true

"opened"

true

{
  "designId": "job-32058214-c24c-4e1b-89e6-28a13a7f3642",
  "designRevision": "1",
  "walls": "0 walls · 0 openings · 1 levels"
}

✓ Screenshot saved to screenshots/growth/2026-09-09-az4-release/native-wireframe-desktop-01-before.png

true

"panel"

✓ Done

✓ Done

true

"edits allowed for this message"

✓ Done

✓ Done

true

{
  "entries": [
    "is-user: YouDraw a 3-storey wireframe of a 20 m by 12 m building in the architectural workspace: three storeys of 3200 mm with slabs and a hip roof on top. Use the existing ground level as the base. Then tell ",
    "is-tool: read_project_contextRunning read_project_context…Running read_project_context…",
    "is-tool: read_project_contextTool result{\"projectId\":\"job-32058214-c24c-4e1b-89e6-28a13a7f3642\",\"projectName\":\"Other window revision\",\"projectRevision\":3,\"pane\":\"sketch\",\"sourcePage\":2,\"documents\":[{\"id\":\"doc-",
    "is-tool: read_architect_designRunning read_architect_design…Running read_architect_design…",
    "is-tool: read_architect_designTool result{\"project\":{\"schema\":\"xray.architect/v1\",\"id\":\"job-32058214-c24c-4e1b-89e6-28a13a7f3642\",\"revision\":1,\"name\":\"Untitled architectural design\",\"address\":\"\",\"designRevisio",
    "is-tool: read_workbench_structureRunning read_workbench_structure…Running read_workbench_structure…",
    "is-tool: read_workbench_structureTool result{\"units\":{\"architecturalDesign\":\"mm\",\"sourceBuilding\":\"m\",\"sourceSheets\":\"PDF page pixels\"},\"panes\":[\"overview\",\"sheets\",\"measure\",\"sketch\",\"components\",\"model\",\"ren",
    "is-tool: draw_architect_elementsRunning draw_architect_elements…Running draw_architect_elements…",
    "is-tool: draw_architect_elementsTool result{\"projectId\":\"job-32058214-c24c-4e1b-89e6-28a13a7f3642\",\"designRevision\":2,\"saved\":true,\"readbackVerified\":true,\"created\":[{\"kind\":\"wall\",\"id\":\"f55adce5-3fcb-4e03-9fd",
    "is-tool: read_architect_designRunning read_architect_design…Running read_architect_design…",
    "is-tool: read_architect_designTool result{\"project\":{\"schema\":\"xray.architect/v1\",\"id\":\"job-32058214-c24c-4e1b-89e6-28a13a7f3642\",\"revision\":2,\"name\":\"Untitled architectural design\",\"address\":\"\",\"designRevisio",
    "is-assistant: AssistantThe 3-storey 20 m × 12 m wireframe structure has been drawn in the architectural workspace using the existing Ground level as its base.\n\n### Current Design Counts & Details:\n- **Levels**: **3"
  ],
  "reply": "AssistantThe 3-storey 20 m × 12 m wireframe structure has been drawn in the architectural workspace using the existing Ground level as its base.\n\n### Current Design Counts & Details:\n- **Levels**: **3**\n  - **Ground**: Elevation 0 mm (height 2700 mm)\n  - **Level 2**: Elevation 3,200 mm (height 3,200 mm)\n  - **Level 3**: Elevation 6,400 mm (height 3,200 mm)\n- **Walls**: **12** (4 perimeter walls per storey, enclosing the 20,000 mm × 12,000 mm footprint)\n- **Slabs**: **3** (150 mm concrete slab on each level)\n- **Roofs**: **1** (hip roof on Level 3 pitched at 25° with no gable edges)\n\n*(Design Revision: 2; walls are set to the default cavity assembly and are subject to architectural review and pricing).*"
}

{
  "designRevision": 2,
  "extentMm": [
    20000,
    12000
  ],
  "levels": [
    [
      "Ground",
      0,
      2700
    ],
    [
      "Level 2",
      3200,
      3200
    ],
    [
      "Level 3",
      6400,
      3200
    ]
  ],
  "roofs": 1,
  "slabs": 3,
  "uiRevision": "2",
  "walls": 12
}

{
  "allLevels": true
}

true

✓ Screenshot saved to screenshots/growth/2026-09-09-az4-release/native-wireframe-desktop-02-wireframe-3d.png

"minimised if control exists"

http://tauri.localhost/

true

✓ Done

true

"reopened"

true

{
  "afterReload": {
    "levels": 3,
    "revision": 2,
    "walls": 12
  },
  "summary": "12 walls · 0 openings · 3 levels"
}

✓ Screenshot saved to screenshots/growth/2026-09-09-az4-release/native-wireframe-desktop-03-after-reload.png

"ctrl+z sent"

{
  "afterUndoAttempt": {
    "levels": 3,
    "revision": 2,
    "walls": 12
  },
  "note": "session undo history does not survive reload; assistant undo tool needs same-session history"
}


[warning] THREE.WebGLShadowMap: PCFSoftShadowMap has been deprecated. Using PCFShadowMap instead.
[warning] THREE.WebGLShadowMap: PCFSoftShadowMap has been deprecated. Using PCFShadowMap instead.
