[agent-browser] launched browser
✓ Done

✓ X-Ray by Looplet
  http://127.0.0.1:8091/

true

✓ Done

✓ Done

true

✓ Done

true

"Drag fallback armed"

✓ Done

true

null

true

✓ Done

true

103

true

null

true

true

✓ Done

true

{
  "controls": [
    {
      "hittable": true,
      "name": "Open door: 24-31BF / Lounge bifold",
      "rect": {
        "bottom": 536.8125,
        "height": 44,
        "left": 365,
        "right": 659,
        "top": 492.8125,
        "width": 294,
        "x": 365,
        "y": 492.8125
      },
      "target": true,
      "visible": true
    },
    {
      "hittable": true,
      "name": "Zoom out model",
      "rect": {
        "bottom": 736,
        "height": 44,
        "left": 358.96875,
        "right": 402.96875,
        "top": 692,
        "width": 44,
        "x": 358.96875,
        "y": 692
      },
      "target": true,
      "visible": true
    },
    {
      "hittable": true,
      "name": "Zoom in model",
      "rect": {
        "bottom": 736,
        "height": 44,
        "left": 402.96875,
        "right": 446.96875,
        "top": 692,
        "width": 44,
        "x": 402.96875,
        "y": 692
      },
      "target": true,
      "visible": true
    },
    {
      "hittable": true,
      "name": "Reset model view",
      "rect": {
        "bottom": 736,
        "height": 44,
        "left": 446.96875,
        "right": 577.03125,
        "top": 692,
        "width": 130.0625,
        "x": 446.96875,
        "y": 692
      },
      "target": true,
      "visible": true
    },
    {
      "hittable": true,
      "name": "Front",
      "rect": {
        "bottom": 736,
        "height": 44,
        "left": 577.03125,
        "right": 621.03125,
        "top": 692,
        "width": 44,
        "x": 577.03125,
        "y": 692
      },
      "target": true,
      "visible": true
    },
    {
      "hittable": true,
      "name": "Rear",
      "rect": {
        "bottom": 736,
        "height": 44,
        "left": 621.03125,
        "right": 665.03125,
        "top": 692,
        "width": 44,
        "x": 621.03125,
        "y": 692
      },
      "target": true,
      "visible": true
    },
    {
      "hittable": true,
      "name": "Solid",
      "rect": {
        "bottom": 324.890625,
        "height": 44,
        "left": 12,
        "right": 56,
        "top": 280.890625,
        "width": 44,
        "x": 12,
        "y": 280.890625
      },
      "target": true,
      "visible": true
    },
    {
      "hittable": true,
      "name": "Wireframe",
      "rect": {
        "bottom": 324.890625,
        "height": 44,
        "left": 56,
        "right": 121.65625,
        "top": 280.890625,
        "width": 65.65625,
        "x": 56,
        "y": 280.890625
      },
      "target": true,
      "visible": true
    },
    {
      "hittable": true,
      "name": "Orbit",
      "rect": {
        "bottom": 324.890625,
        "height": 44,
        "left": 135.65625,
        "right": 195.484375,
        "top": 280.890625,
        "width": 59.828125,
        "x": 135.65625,
        "y": 280.890625
      },
      "target": true,
      "visible": true
    },
    {
      "hittable": true,
      "name": "Fly",
      "rect": {
        "bottom": 324.890625,
        "height": 44,
        "left": 195.484375,
        "right": 239.484375,
        "top": 280.890625,
        "width": 44,
        "x": 195.484375,
        "y": 280.890625
      },
      "target": true,
      "visible": true
    },
    {
      "hittable": true,
      "name": "Walk-through",
      "rect": {
        "bottom": 324.890625,
        "height": 44,
        "left": 239.484375,
        "right": 320.296875,
        "top": 280.890625,
        "width": 80.8125,
        "x": 239.484375,
        "y": 280.890625
      },
      "target": true,
      "visible": true
    },
    {
      "hittable": true,
      "name": "Capture mouse",
      "rect": {
        "bottom": 324.890625,
        "height": 44,
        "left": 320.296875,
        "right": 409.453125,
        "top": 280.890625,
        "width": 89.15625,
        "x": 320.296875,
        "y": 280.890625
      },
      "target": true,
      "visible": true
    },
    {
      "hittable": true,
      "name": "Plan",
      "rect": {
        "bottom": 324.890625,
        "height": 44,
        "left": 409.453125,
        "right": 466.234375,
        "top": 280.890625,
        "width": 56.78125,
        "x": 409.453125,
        "y": 280.890625
      },
      "target": true,
      "visible": true
    },
    {
      "hittable": true,
      "name": "Roof on",
      "rect": {
        "bottom": 324.890625,
        "height": 44,
        "left": 606.234375,
        "right": 657.953125,
        "top": 280.890625,
        "width": 51.71875,
        "x": 606.234375,
        "y": 280.890625
      },
      "target": true,
      "visible": true
    },
    {
      "hittable": true,
      "name": "Wall cutaway",
      "rect": {
        "bottom": 324.890625,
        "height": 44,
        "left": 657.953125,
        "right": 737.1875,
        "top": 280.890625,
        "width": 79.234375,
        "x": 657.953125,
        "y": 280.890625
      },
      "target": true,
      "visible": true
    },
    {
      "hittable": true,
      "name": "Explode",
      "rect": {
        "bottom": 324.890625,
        "height": 44,
        "left": 737.1875,
        "right": 812.140625,
        "top": 280.890625,
        "width": 74.953125,
        "x": 737.1875,
        "y": 280.890625
      },
      "target": true,
      "visible": true
    },
    {
      "hittable": true,
      "name": "Fit",
      "rect": {
        "bottom": 324.890625,
        "height": 44,
        "left": 822.140625,
        "right": 869.90625,
        "top": 280.890625,
        "width": 47.765625,
        "x": 822.140625,
        "y": 280.890625
      },
      "target": true,
      "visible": true
    },
    {
      "hittable": true,
      "name": "Download model PNG",
      "rect": {
        "bottom": 324.890625,
        "height": 44,
        "left": 875.90625,
        "right": 945,
        "top": 280.890625,
        "width": 69.09375,
        "x": 875.90625,
        "y": 280.890625
      },
      "target": true,
      "visible": true
    }
  ],
  "gap": 8,
  "viewport": [
    1024,
    768
  ]
}

✓ Screenshot saved to screenshots/growth/production-38a64-tablet-landscape-prompt.png

✓ Done

true

{
  "anchor": "camera-body",
  "handProjection": [
    0.24821136775378327,
    -0.37499387605197426,
    0.79816460375216
  ],
  "progress": "0.458"
}

✓ Screenshot saved to screenshots/growth/production-38a64-tablet-landscape-reach.png

true

✓ Done

true

✓ Done

true

{
  "controls": [
    {
      "hittable": true,
      "name": "Open door: 24-31BF / Lounge bifold",
      "rect": {
        "bottom": 775.421875,
        "height": 44,
        "left": 237,
        "right": 531,
        "top": 731.421875,
        "width": 294,
        "x": 237,
        "y": 731.421875
      },
      "target": true,
      "visible": true
    },
    {
      "hittable": true,
      "name": "Zoom out model",
      "rect": {
        "bottom": 992,
        "height": 44,
        "left": 230.96875,
        "right": 274.96875,
        "top": 948,
        "width": 44,
        "x": 230.96875,
        "y": 948
      },
      "target": true,
      "visible": true
    },
    {
      "hittable": true,
      "name": "Zoom in model",
      "rect": {
        "bottom": 992,
        "height": 44,
        "left": 274.96875,
        "right": 318.96875,
        "top": 948,
        "width": 44,
        "x": 274.96875,
        "y": 948
      },
      "target": true,
      "visible": true
    },
    {
      "hittable": true,
      "name": "Reset model view",
      "rect": {
        "bottom": 992,
        "height": 44,
        "left": 318.96875,
        "right": 449.03125,
        "top": 948,
        "width": 130.0625,
        "x": 318.96875,
        "y": 948
      },
      "target": true,
      "visible": true
    },
    {
      "hittable": true,
      "name": "Front",
      "rect": {
        "bottom": 992,
        "height": 44,
        "left": 449.03125,
        "right": 493.03125,
        "top": 948,
        "width": 44,
        "x": 449.03125,
        "y": 948
      },
      "target": true,
      "visible": true
    },
    {
      "hittable": true,
      "name": "Rear",
      "rect": {
        "bottom": 992,
        "height": 44,
        "left": 493.03125,
        "right": 537.03125,
        "top": 948,
        "width": 44,
        "x": 493.03125,
        "y": 948
      },
      "target": true,
      "visible": true
    },
    {
      "hittable": true,
      "name": "Solid",
      "rect": {
        "bottom": 324.890625,
        "height": 44,
        "left": 12,
        "right": 56,
        "top": 280.890625,
        "width": 44,
        "x": 12,
        "y": 280.890625
      },
      "target": true,
      "visible": true
    },
    {
      "hittable": true,
      "name": "Wireframe",
      "rect": {
        "bottom": 324.890625,
        "height": 44,
        "left": 56,
        "right": 121.65625,
        "top": 280.890625,
        "width": 65.65625,
        "x": 56,
        "y": 280.890625
      },
      "target": true,
      "visible": true
    },
    {
      "hittable": true,
      "name": "Orbit",
      "rect": {
        "bottom": 324.890625,
        "height": 44,
        "left": 135.65625,
        "right": 195.484375,
        "top": 280.890625,
        "width": 59.828125,
        "x": 135.65625,
        "y": 280.890625
      },
      "target": true,
      "visible": true
    },
    {
      "hittable": true,
      "name": "Fly",
      "rect": {
        "bottom": 324.890625,
        "height": 44,
        "left": 195.484375,
        "right": 239.484375,
        "top": 280.890625,
        "width": 44,
        "x": 195.484375,
        "y": 280.890625
      },
      "target": true,
      "visible": true
    },
    {
      "hittable": true,
      "name": "Walk-through",
      "rect": {
        "bottom": 324.890625,
        "height": 44,
        "left": 239.484375,
        "right": 320.296875,
        "top": 280.890625,
        "width": 80.8125,
        "x": 239.484375,
        "y": 280.890625
      },
      "target": true,
      "visible": true
    },
    {
      "hittable": true,
      "name": "Capture mouse",
      "rect": {
        "bottom": 324.890625,
        "height": 44,
        "left": 320.296875,
        "right": 409.453125,
        "top": 280.890625,
        "width": 89.15625,
        "x": 320.296875,
        "y": 280.890625
      },
      "target": true,
      "visible": true
    },
    {
      "hittable": true,
      "name": "Plan",
      "rect": {
        "bottom": 324.890625,
        "height": 44,
        "left": 409.453125,
        "right": 466.234375,
        "top": 280.890625,
        "width": 56.78125,
        "x": 409.453125,
        "y": 280.890625
      },
      "target": true,
      "visible": true
    },
    {
      "hittable": true,
      "name": "Roof on",
      "rect": {
        "bottom": 382.890625,
        "height": 44,
        "left": 138,
        "right": 189.71875,
        "top": 338.890625,
        "width": 51.71875,
        "x": 138,
        "y": 338.890625
      },
      "target": true,
      "visible": true
    },
    {
      "hittable": true,
      "name": "Wall cutaway",
      "rect": {
        "bottom": 382.890625,
        "height": 44,
        "left": 189.71875,
        "right": 268.953125,
        "top": 338.890625,
        "width": 79.234375,
        "x": 189.71875,
        "y": 338.890625
      },
      "target": true,
      "visible": true
    },
    {
      "hittable": true,
      "name": "Explode",
      "rect": {
        "bottom": 382.890625,
        "height": 44,
        "left": 268.953125,
        "right": 343.90625,
        "top": 338.890625,
        "width": 74.953125,
        "x": 268.953125,
        "y": 338.890625
      },
      "target": true,
      "visible": true
    },
    {
      "hittable": true,
      "name": "Fit",
      "rect": {
        "bottom": 382.890625,
        "height": 44,
        "left": 353.90625,
        "right": 401.671875,
        "top": 338.890625,
        "width": 47.765625,
        "x": 353.90625,
        "y": 338.890625
      },
      "target": true,
      "visible": true
    },
    {
      "hittable": true,
      "name": "Download model PNG",
      "rect": {
        "bottom": 382.890625,
        "height": 44,
        "left": 407.671875,
        "right": 476.765625,
        "top": 338.890625,
        "width": 69.09375,
        "x": 407.671875,
        "y": 338.890625
      },
      "target": true,
      "visible": true
    }
  ],
  "gap": 8,
  "viewport": [
    768,
    1024
  ]
}

✓ Screenshot saved to screenshots/growth/production-38a64-tablet-portrait-prompt.png

✓ Done

true

{
  "anchor": "camera-body",
  "handProjection": [
    0.5046805901568342,
    -0.3653159575767978,
    0.7988038126046262
  ],
  "progress": "0.543"
}

✓ Screenshot saved to screenshots/growth/production-38a64-tablet-portrait-reach.png

true

✓ Done

true

