[agent-browser] launched browser
✓ Done

✓ X-Ray by Looplet
  http://127.0.0.1:8085/

true

"reloading-with-minimax"

true

"checking"

true

"{\"provider\":\"MiniMax\",\"model\":\"MiniMax-M3\",\"stored\":\"minimax\"}"

"seeding"

true

"{\"ok\":true,\"jobId\":\"job-8f24a970-fb7e-407f-a842-4734694f0fe4\",\"documents\":2,\"activeDocumentId\":\"doc-ground-floor\",\"calibrations\":3}"

"opened"

true

"binding"

true

"menu opened"

true

"clicked New chat"

"awaiting empty conversation"

true

"{\"conversationEmptyBeforeTurn\":true,\"activeId\":\"a69cf430-e700-4ef0-ba4e-9293a67e2c4e\"}"

"{\"script\":\"21-d8-readonly-refuses-navigation\",\"jobId\":\"job-8f24a970-fb7e-407f-a842-4734694f0fe4\"}"

"mode -> readonly"

"reading-mode"

true

"permission mode confirmed: readonly"

"reading pane"

true

"{\"pane\":\"cost\"}"

✓ Screenshot saved to proof/growth/2026-09-16-live-assistant-rig/screenshots/21-readonly-mode-selected.png

"composed 41 chars"

true

"baseline"

true

✓ Screenshot saved to proof/growth/2026-09-16-live-assistant-rig/screenshots/21-d8-readonly-refuses-navigation-composed.png

"sent"

"polling"

true

✓ Screenshot saved to proof/growth/2026-09-16-live-assistant-rig/screenshots/21-d8-readonly-refuses-navigation-replied.png

"{\"state\":\"done\",\"baseline\":0,\"newEntryCount\":5,\"newEntries\":[{\"kind\":\"user\",\"tool\":null,\"failed\":null,\"origin\":null,\"projectName\":null,\"projectRevision\":null,\"text\":\"Switch the workspace to the Measure pane.\"},{\"kind\":\"tool\",\"tool\":\"read_workflow_route\",\"failed\":null,\"origin\":\"model\",\"projectName\":\"New project\",\"projectRevision\":1,\"text\":\"{\\\"version\\\":\\\"xray.workflow/1\\\",\\\"workflow\\\":\\\"inspect\\\",\\\"steps\\\":[\\\"Read project context.\\\",\\\"Retrieve the relevant design, source sheets, attachments or evidence.\\\",\\\"Answer with source/revision and unknowns.\\\"],\\\"scope\\\":\\\"Workflow selection only; no geometry, evidence or authority changed.\\\"}\"},{\"kind\":\"tool\",\"tool\":\"read_project_context\",\"failed\":null,\"origin\":\"model\",\"projectName\":\"New project\",\"projectRevision\":1,\"text\":\"{\\\"projectId\\\":\\\"job-8f24a970-fb7e-407f-a842-4734694f0fe4\\\",\\\"projectName\\\":\\\"New project\\\",\\\"projectRevision\\\":1,\\\"pane\\\":\\\"cost\\\",\\\"sourcePage\\\":1,\\\"documents\\\":[{\\\"id\\\":\\\"doc-sample\\\",\\\"name\\\":\\\"No source plan\\\",\\\"kind\\\":\\\"pdf\\\",\\\"pageCount\\\":1,\\\"sha256\\\":null},{\\\"id\\\":\\\"doc-ground-floor\\\",\\\"name\\\":\\\"Ground floor plan rev C.pdf\\\",\\\"kind\\\":\\\"pdf\\\",\\\"pageCount\\\":3,\\\"sha256\\\":\\\"c0ffeec0ffeec0ffeec0ffeec0ffeec0ffeec0ffeec0ffeec0ffeec0ffeeabcd\\\"}],\\\"activeDocumentId\\\":\\\"doc-ground-floor\\\",\\\"counts\\\":{\\\"annotations\\\":0,\\\"measuredTraces\\\":0,\\\"locatedItems\\\":0},\\\"hydration\\\":\\\"ready\\\",\\\"recoveryBlocked\\\":false,\\\"saveError\\\":null,\\\"savedProjectRevision\\\":1,\\\"architectControllerAvailable\\\":false}\"},{\"kind\":\"tool\",\"tool\":\"navigate_workspace\",\"failed\":true,\"origin\":\"model\",\"projectName\":\"New project\",\"projectRevision\":1,\"text\":\"Read-only mode: the user has not allowed changes. Nothing was changed.\"},{\"kind\":\"assistant\",\"tool\":null,\"failed\":null,\"origin\":null,\"projectName\":null,\"projectRevision\":null,\"text\":\"I can't switch the workspace: read-only mode is active and the user hasn't allowed changes.\\n\\n## Status\\n- **Project**: New project (rev 1)\\n- **Current pane**: cost\\n- **Active source**: Ground floor plan rev C.pdf (3 pages)\\n- **Measure readiness**: no annotations, no measured traces, no located items\\n\\nThe `navigate_workspace` call to `measure` was rejected because permission mode is **readonly**. Only read tools (inspect/calibrate/trace evidence reads, source inspection) are available; navigation, sketch edits, model mounting and renders are blocked until you switch to **ask** or **auto**.\\n\\n## Suggested next steps\\n1. Change Assistant permission mode to **ask** or **auto** (Settings → Assistant → Permission mode).\\n2. I'll then switch to Measure and check calibration/traces before any measurements.\\n\\n### Developer review\\n- **Outcome**: Reported the permission block and the exact mode causing it; no false success claim.\\n- **Friction**: None in the response itself — the block came from user permission, not verbosity.\\n- **Improvement**: None specific; could pre-emptively name the setting path in step 1, which it already does.\"}],\"projectId\":\"job-8f24a970-fb7e-407f-a842-4734694f0fe4\",\"activeId\":\"a69cf430-e700-4ef0-ba4e-9293a67e2c4e\",\"threads\":2,\"busy\":false,\"error\":null,\"workPacket\":{\"state\":\"blocked\",\"objective\":\"Switch the workspace to the Measure pane.\",\"nextAction\":\"navigate_workspace: Read-only mode: the user has not allowed changes. Nothing was changed.\",\"pendingAction\":null,\"routingFailure\":\"navigate_workspace: Read-only mode: the user has not allowed changes. Nothing was changed.\"},\"entries\":[{\"kind\":\"user\",\"tool\":null,\"failed\":null,\"origin\":null,\"projectName\":null,\"projectRevision\":null,\"text\":\"Switch the workspace to the Measure pane.\"},{\"kind\":\"tool\",\"tool\":\"read_workflow_route\",\"failed\":null,\"origin\":\"model\",\"projectName\":\"New project\",\"projectRevision\":1,\"text\":\"{\\\"version\\\":\\\"xray.workflow/1\\\",\\\"workflow\\\":\\\"inspect\\\",\\\"steps\\\":[\\\"Read project context.\\\",\\\"Retrieve the relevant design, source sheets, attachments or evidence.\\\",\\\"Answer with source/revision and unknowns.\\\"],\\\"scope\\\":\\\"Workflow selection only; no geometry, evidence or authority changed.\\\"}\"},{\"kind\":\"tool\",\"tool\":\"read_project_context\",\"failed\":null,\"origin\":\"model\",\"projectName\":\"New project\",\"projectRevision\":1,\"text\":\"{\\\"projectId\\\":\\\"job-8f24a970-fb7e-407f-a842-4734694f0fe4\\\",\\\"projectName\\\":\\\"New project\\\",\\\"projectRevision\\\":1,\\\"pane\\\":\\\"cost\\\",\\\"sourcePage\\\":1,\\\"documents\\\":[{\\\"id\\\":\\\"doc-sample\\\",\\\"name\\\":\\\"No source plan\\\",\\\"kind\\\":\\\"pdf\\\",\\\"pageCount\\\":1,\\\"sha256\\\":null},{\\\"id\\\":\\\"doc-ground-floor\\\",\\\"name\\\":\\\"Ground floor plan rev C.pdf\\\",\\\"kind\\\":\\\"pdf\\\",\\\"pageCount\\\":3,\\\"sha256\\\":\\\"c0ffeec0ffeec0ffeec0ffeec0ffeec0ffeec0ffeec0ffeec0ffeec0ffeeabcd\\\"}],\\\"activeDocumentId\\\":\\\"doc-ground-floor\\\",\\\"counts\\\":{\\\"annotations\\\":0,\\\"measuredTraces\\\":0,\\\"locatedItems\\\":0},\\\"hydration\\\":\\\"ready\\\",\\\"recoveryBlocked\\\":false,\\\"saveError\\\":null,\\\"savedProjectRevision\\\":1,\\\"architectControllerAvailable\\\":false}\"},{\"kind\":\"tool\",\"tool\":\"navigate_workspace\",\"failed\":true,\"origin\":\"model\",\"projectName\":\"New project\",\"projectRevision\":1,\"text\":\"Read-only mode: the user has not allowed changes. Nothing was changed.\"},{\"kind\":\"assistant\",\"tool\":null,\"failed\":null,\"origin\":null,\"projectName\":null,\"projectRevision\":null,\"text\":\"I can't switch the workspace: read-only mode is active and the user hasn't allowed changes.\\n\\n## Status\\n- **Project**: New project (rev 1)\\n- **Current pane**: cost\\n- **Active source**: Ground floor plan rev C.pdf (3 pages)\\n- **Measure readiness**: no annotations, no measured traces, no located items\\n\\nThe `navigate_workspace` call to `measure` was rejected because permission mode is **readonly**. Only read tools (inspect/calibrate/trace evidence reads, source inspection) are available; navigation, sketch edits, model mounting and renders are blocked until you switch to **ask** or **auto**.\\n\\n## Suggested next steps\\n1. Change Assistant permission mode to **ask** or **auto** (Settings → Assistant → Permission mode).\\n2. I'll then switch to Measure and check calibration/traces before any measurements.\\n\\n### Developer review\\n- **Outcome**: Reported the permission block and the exact mode causing it; no false success claim.\\n- **Friction**: None in the response itself — the block came from user permission, not verbosity.\\n- **Improvement**: None specific; could pre-emptively name the setting path in step 1, which it already does.\"}]}"

"reading pane"

true

"{\"label\":\"read-only navigation\",\"pane\":\"cost\",\"unchanged\":true}"

"{\"state\":\"done\",\"error\":null,\"tools\":[{\"tool\":\"read_workflow_route\",\"failed\":false,\"text\":\"{\\\"version\\\":\\\"xray.workflow/1\\\",\\\"workflow\\\":\\\"inspect\\\",\\\"steps\\\":[\\\"Read project context.\\\",\\\"Retrieve the relevant design, source sheets, attachments or evidence.\\\",\\\"Answer with source/revision and unknowns.\\\"],\\\"scope\\\":\\\"Workflow selection only; no geometry, evidence or authority changed.\\\"}\"},{\"tool\":\"read_project_context\",\"failed\":false,\"text\":\"{\\\"projectId\\\":\\\"job-8f24a970-fb7e-407f-a842-4734694f0fe4\\\",\\\"projectName\\\":\\\"New project\\\",\\\"projectRevision\\\":1,\\\"pane\\\":\\\"cost\\\",\\\"sourcePage\\\":1,\\\"documents\\\":[{\\\"id\\\":\\\"doc-sample\\\",\\\"name\\\":\\\"No source plan\\\",\\\"kind\\\":\\\"pdf\\\",\\\"pageCount\\\":1,\\\"sha256\\\":null},{\\\"id\\\":\\\"doc-ground-floor\\\",\\\"name\\\":\\\"Ground floor plan rev C.pdf\\\",\\\"kind\\\":\"},{\"tool\":\"navigate_workspace\",\"failed\":true,\"text\":\"Read-only mode: the user has not allowed changes. Nothing was changed.\"}],\"replyLength\":1135}"

"{\"navigateToolsSucceeded\":0,\"navigateAttempts\":1,\"refusalVisible\":true,\"attempts\":[{\"failed\":true,\"text\":\"Read-only mode: the user has not allowed changes. Nothing was changed.\"}],\"replyLength\":1135,\"error\":null}"

"I can't switch the workspace: read-only mode is active and the user hasn't allowed changes.\n\n## Status\n- **Project**: New project (rev 1)\n- **Current pane**: cost\n- **Active source**: Ground floor plan rev C.pdf (3 pages)\n- **Measure readiness**: no annotations, no measured traces, no located items\n\nThe `navigate_workspace` call to `measure` was rejected because permission mode is **readonly**. Only read tools (inspect/calibrate/trace evidence reads, source inspection) are available; navigation, sketch edits, model mounting and renders are blocked until you switch to **ask** or **auto**.\n\n## Suggested next steps\n1. Change Assistant permission mode to **ask** or **auto** (Settings → Assistant → Permission mode).\n2. I'll then switch to Measure and check calibration/traces before any measurements.\n\n### Developer review\n- **Outcome**: Reported the permission block and the exact mode causing it; no false success claim.\n- **Friction**: None in the response itself — the block came from user permission, not verbosity.\n- **Improvement**: None specific; could pre-emptively name the setting path in step 1, which it already does."

"{\"rows\":5,\"lastEntry\":\"AssistantI can't switch the workspace: read-only mode is active and the user hasn't allowed changes.StatusProject: New project (rev 1)Current pane: costActive source: Ground floor plan rev C.pdf (3 pages)Measure readiness: no annotations, no measured traces, no located itemsThe navigate_workspace call to measure was rejected because permission mode is readonly. Only read tools (inspect/calibrate/t\"}"

