[agent-browser] launched browser
✓ Done

✓ X-Ray by Looplet
  http://127.0.0.1:8080/

true

true

http://127.0.0.1:8080/

true

true

true

true

true

✓ Screenshot saved to proof/growth/cdp-demo/01-architectural-workspace.png

true

true

true

true

true

true

true

✓ Screenshot saved to proof/growth/cdp-demo/02-alteration-schedule-infill.png

true

true

true

true

true

✓ Screenshot saved to proof/growth/cdp-demo/03-before-repair-height.png

true

true

true

true

true

✓ Screenshot saved to proof/growth/cdp-demo/04-stage-review-before.png

true

true

✓ Screenshot saved to proof/growth/cdp-demo/05-stage-review-proposed.png

true

true

✓ Screenshot saved to proof/growth/cdp-demo/06-elevation-view.png

true

true

✓ Screenshot saved to proof/growth/cdp-demo/07-live-assistant.png

