✓ Done

✓ X-Ray by Looplet
  http://127.0.0.1:8085/

true

"reloading-with-minimax"

true

"checking"

true

"{\"provider\":\"MiniMax\",\"model\":\"MiniMax-M3\",\"stored\":\"minimax\"}"

"seeding"

true

"{\"ok\":true,\"jobId\":\"job-318700a9-a925-4287-b936-c5c5b9f5bb69\",\"documents\":2,\"activeDocumentId\":\"doc-ground-floor\",\"calibrations\":3}"

"opened"

true

"binding"

true

"menu opened"

true

"clicked New chat"

"awaiting empty conversation"

true

"{\"conversationEmptyBeforeTurn\":true,\"activeId\":\"c96d80ab-53d3-41a5-b3a1-9bae6ca1c394\"}"

"{\"script\":\"22-d8-ask-prompts-for-navigation\",\"jobId\":\"job-318700a9-a925-4287-b936-c5c5b9f5bb69\"}"

"mode -> ask"

"reading-mode"

true

"permission mode confirmed: ask"

"reading pane"

true

"{\"pane\":\"cost\"}"

"reading revision"

true

"{\"id\":\"job-318700a9-a925-4287-b936-c5c5b9f5bb69\",\"revision\":1}"

"{\"permissionsModuleUrls\":[],\"count\":0}"

"composed 41 chars"

true

"baseline"

true

"sent"

"polling-for-card"

true

✓ Screenshot saved to proof/growth/2026-09-16-live-assistant-rig/screenshots/22d-d4-card-names-destination.png

"{\"outcome\":\"permission-card\",\"cardTitle\":\"The assistant wants to: Move the workspace\",\"cardSummary\":\"measure\",\"storePending\":null,\"mode\":\"ask\",\"working\":true,\"elapsedMs\":9099}"

"denied"

"awaiting card dismissal"

true

"{\"gone\":true}"

"reading pane"

true

"{\"label\":\"deny of the workspace move\",\"pane\":\"cost\",\"unchanged\":true}"

"polling"

true

"{\"state\":\"done\",\"navigateToolsSucceeded\":0,\"denied\":true,\"tools\":[{\"tool\":\"read_project_context\",\"failed\":false,\"text\":\"{\\\"projectId\\\":\\\"job-318700a9-a925-4287-b936-c5c5b9f5bb69\\\",\\\"projectName\\\":\\\"New project\\\",\\\"projectRevision\\\":1,\\\"pane\\\":\\\"cost\\\",\\\"sourcePage\\\":1,\\\"documents\\\":[{\\\"id\\\":\\\"doc-sample\\\",\\\"name\\\":\\\"No source plan\\\",\\\"kind\\\":\\\"pdf\\\",\\\"pageCount\\\":1,\\\"sha256\\\":null},{\\\"id\\\":\\\"doc-ground-floor\\\",\\\"name\\\":\\\"Ground floor plan rev C.pdf\\\",\\\"kind\\\":\"},{\"tool\":\"read_workflow_route\",\"failed\":false,\"text\":\"{\\\"version\\\":\\\"xray.workflow/1\\\",\\\"workflow\\\":\\\"inspect\\\",\\\"steps\\\":[\\\"Read project context.\\\",\\\"Retrieve the relevant design, source sheets, attachments or evidence.\\\",\\\"Answer with source/revision and unknowns.\\\"],\\\"scope\\\":\\\"Workflow selection only; no geometry, evidence or authority changed.\\\"}\"},{\"tool\":\"navigate_workspace\",\"failed\":true,\"text\":\"The user declined this action. Nothing was changed; ask before retrying.\"}],\"error\":null}"

"reading pane"

true

"{\"label\":\"final pane after the denied turn\",\"pane\":\"cost\",\"unchanged\":true}"

"{\"rows\":6,\"lastEntry\":\"AssistantThe navigation to the Measure pane was declined by the user. No change was made.Top-down mind mapResultResultNavigating to Measure paneNavigating to Measure pane +Mermaid sourceflowchart TD\\n  n0[\\\"Result\\\"]\\n  n1[\\\"Navigating to Measure pane\\\"]\\n  n0 --> n1\\n  n2[\\\"Status: declined by user\\\"]\\n  n1 --> n2\\n  n3[\\\"Workspace state: unchanged (still on Cost pane)\\\"]\\n  n1 --> n3\\n  n4[\\\"Project: New project\"}"

