[agent-browser] launched browser
✓ X-Ray by Looplet
  http://127.0.0.1:8095/

✓ Done

true

{
  "build": "71f5b012342b",
  "origin": "http://127.0.0.1:8095"
}

✓ Done

true

✓ Done

true

✓ Done

true

true

{
  "d": 200.44899369300495,
  "frame": 3,
  "p": [
    100.34856596716445,
    141.31006699750026,
    152.7498739507467
  ],
  "t": [
    -0.4903200000000006,
    56.8575,
    1.4915449999999986
  ]
}

✓ Done

true

{
  "d": 160.35919495440402,
  "frame": 4,
  "p": [
    80.18078877373158,
    124.4195535980002,
    122.49820816059736
  ],
  "t": [
    -0.4903200000000006,
    56.8575,
    1.4915449999999986
  ]
}

✓ Done

true

✓ Done

true

{
  "d": 193.30159084600913,
  "frame": 6,
  "p": [
    21.330820848070584,
    118.68406573620013,
    -180.35129540058855
  ],
  "t": [
    -0.4903200000000006,
    56.8575,
    1.4915449999999986
  ]
}

✓ Done

true

{
  "d": 193.3015908460092,
  "frame": 6,
  "p": [
    21.330820848070623,
    118.68406573620013,
    183.33438540058856
  ],
  "t": [
    -0.4903200000000006,
    56.8575,
    1.4915449999999986
  ]
}

✓ Done

true

"{\"initial\":{\"p\":[100.34856596716445,141.31006699750026,152.7498739507467],\"t\":[-0.4903200000000006,56.8575,1.4915449999999986],\"d\":200.44899369300498,\"frame\":3},\"zoomIn\":{\"p\":[80.18078877373158,124.4195535980002,122.49820816059736],\"t\":[-0.4903200000000006,56.8575,1.4915449999999986],\"d\":160.35919495440402,\"frame\":4},\"front\":{\"p\":[21.330820848070584,118.68406573620013,-180.35129540058855],\"t\":[-0.4903200000000006,56.8575,1.4915449999999986],\"d\":193.30159084600913,\"frame\":6},\"rear\":{\"p\":[21.330820848070623,118.68406573620013,183.33438540058856],\"t\":[-0.4903200000000006,56.8575,1.4915449999999986],\"d\":193.3015908460092,\"frame\":6},\"reset\":{\"p\":[100.34856596716445,141.31006699750026,152.7498739507467],\"t\":[-0.4903200000000006,56.8575,1.4915449999999986],\"d\":200.44899369300498,\"frame\":8}}"

✓ Done

true

{
  "controls": [
    {
      "bottom": 868,
      "height": 44,
      "name": "Zoom out model",
      "right": 535.234375,
      "width": 44,
      "x": 491.234375,
      "y": 824
    },
    {
      "bottom": 868,
      "height": 44,
      "name": "Zoom in model",
      "right": 579.234375,
      "width": 44,
      "x": 535.234375,
      "y": 824
    },
    {
      "bottom": 868,
      "height": 44,
      "name": "Reset model view",
      "right": 715.296875,
      "width": 136.0625,
      "x": 579.234375,
      "y": 824
    },
    {
      "bottom": 868,
      "height": 44,
      "name": "Front",
      "right": 763.859375,
      "width": 48.5625,
      "x": 715.296875,
      "y": 824
    },
    {
      "bottom": 868,
      "height": 44,
      "name": "Rear",
      "right": 808.765625,
      "width": 44.90625,
      "x": 763.859375,
      "y": 824
    },
    {
      "bottom": 806,
      "height": 44,
      "name": "Live assistantDrawing tools",
      "right": 1440,
      "width": 400,
      "x": 1040,
      "y": 762
    }
  ],
  "navigation": {
    "bottom": 877,
    "height": 63,
    "right": 1040,
    "width": 780,
    "x": 260,
    "y": 814
  },
  "viewport": [
    1440,
    900
  ]
}

✓ Done

true

✓ Done

true

{
  "controls": [
    {
      "bottom": 597,
      "height": 44,
      "name": "Floor level selector",
      "right": 709.328125,
      "width": 184,
      "x": 525.328125,
      "y": 553
    },
    {
      "bottom": 656,
      "height": 44,
      "name": "Tour",
      "right": 359.65625,
      "width": 60.65625,
      "x": 299,
      "y": 612
    },
    {
      "bottom": 656,
      "height": 44,
      "name": "Blueprint",
      "right": 451.328125,
      "width": 85.671875,
      "x": 365.65625,
      "y": 612
    },
    {
      "bottom": 656,
      "height": 44,
      "name": "Model sheets PDF",
      "right": 586.5,
      "width": 129.171875,
      "x": 457.328125,
      "y": 612
    },
    {
      "bottom": 656,
      "height": 44,
      "name": "Solid Finish",
      "right": 691.703125,
      "width": 99.203125,
      "x": 592.5,
      "y": 612
    },
    {
      "bottom": 656,
      "height": 44,
      "name": "Close Draftsman mode",
      "right": 741.703125,
      "width": 44,
      "x": 697.703125,
      "y": 612
    },
    {
      "bottom": 714,
      "height": 44,
      "name": "Play drawing",
      "right": 343,
      "width": 44,
      "x": 299,
      "y": 670
    },
    {
      "bottom": 714,
      "height": 44,
      "name": "Replay drafting sequence",
      "right": 397,
      "width": 44,
      "x": 353,
      "y": 670
    },
    {
      "bottom": 714,
      "height": 44,
      "name": "0.5x",
      "right": 853,
      "width": 44,
      "x": 809,
      "y": 670
    },
    {
      "bottom": 714,
      "height": 44,
      "name": "1x",
      "right": 900,
      "width": 44,
      "x": 856,
      "y": 670
    },
    {
      "bottom": 714,
      "height": 44,
      "name": "2x",
      "right": 947,
      "width": 44,
      "x": 903,
      "y": 670
    },
    {
      "bottom": 714,
      "height": 44,
      "name": "5x",
      "right": 994,
      "width": 44,
      "x": 950,
      "y": 670
    },
    {
      "bottom": 781,
      "height": 44,
      "name": "1. Datum Grid",
      "right": 468.5,
      "width": 169.5,
      "x": 299,
      "y": 737
    },
    {
      "bottom": 781,
      "height": 44,
      "name": "2. Wireframe Ascend",
      "right": 646,
      "width": 169.5,
      "x": 476.5,
      "y": 737
    },
    {
      "bottom": 781,
      "height": 44,
      "name": "3. Technical Ink",
      "right": 823.5,
      "width": 169.5,
      "x": 654,
      "y": 737
    },
    {
      "bottom": 781,
      "height": 44,
      "name": "4. Material Wash",
      "right": 1001,
      "width": 169.5,
      "x": 831.5,
      "y": 737
    },
    {
      "bottom": 868,
      "height": 44,
      "name": "Zoom out model",
      "right": 535.234375,
      "width": 44,
      "x": 491.234375,
      "y": 824
    },
    {
      "bottom": 868,
      "height": 44,
      "name": "Zoom in model",
      "right": 579.234375,
      "width": 44,
      "x": 535.234375,
      "y": 824
    },
    {
      "bottom": 868,
      "height": 44,
      "name": "Reset model view",
      "right": 715.296875,
      "width": 136.0625,
      "x": 579.234375,
      "y": 824
    },
    {
      "bottom": 868,
      "height": 44,
      "name": "Front",
      "right": 763.859375,
      "width": 48.5625,
      "x": 715.296875,
      "y": 824
    },
    {
      "bottom": 868,
      "height": 44,
      "name": "Rear",
      "right": 808.765625,
      "width": 44.90625,
      "x": 763.859375,
      "y": 824
    },
    {
      "bottom": 806,
      "height": 44,
      "name": "Live assistantDrawing tools",
      "right": 1440,
      "width": 400,
      "x": 1040,
      "y": 762
    }
  ],
  "navigation": {
    "bottom": 877,
    "height": 63,
    "right": 1040,
    "width": 780,
    "x": 260,
    "y": 814
  },
  "viewport": [
    1440,
    900
  ]
}

✓ Screenshot saved to screenshots/growth/2026-09-08-8095-pencil-final-01-production-controls-desktop.png

0

✓ Screenshot saved to screenshots/growth/2026-09-08-8095-pencil-final-01-production-controls-desktop-top-scroll.png

✓ Done

true

✓ Done

true

{
  "controls": [
    {
      "bottom": 736,
      "height": 44,
      "name": "Zoom out model",
      "right": 402.96875,
      "width": 44,
      "x": 358.96875,
      "y": 692
    },
    {
      "bottom": 736,
      "height": 44,
      "name": "Zoom in model",
      "right": 446.96875,
      "width": 44,
      "x": 402.96875,
      "y": 692
    },
    {
      "bottom": 736,
      "height": 44,
      "name": "Reset model view",
      "right": 577.03125,
      "width": 130.0625,
      "x": 446.96875,
      "y": 692
    },
    {
      "bottom": 736,
      "height": 44,
      "name": "Front",
      "right": 621.03125,
      "width": 44,
      "x": 577.03125,
      "y": 692
    },
    {
      "bottom": 736,
      "height": 44,
      "name": "Rear",
      "right": 665.03125,
      "width": 44,
      "x": 621.03125,
      "y": 692
    },
    {
      "bottom": 674,
      "height": 44,
      "name": "Live assistantDrawing tools",
      "right": 1024,
      "width": 1024,
      "x": 0,
      "y": 630
    }
  ],
  "navigation": {
    "bottom": 745,
    "height": 63,
    "right": 1024,
    "width": 1024,
    "x": 0,
    "y": 682
  },
  "viewport": [
    1024,
    768
  ]
}

✓ Done

true

✓ Done

true

{
  "controls": [
    {
      "bottom": 438.828125,
      "height": 44,
      "name": "Floor level selector",
      "right": 621.328125,
      "width": 184,
      "x": 437.328125,
      "y": 394.828125
    },
    {
      "bottom": 497.828125,
      "height": 44,
      "name": "Tour",
      "right": 171.65625,
      "width": 60.65625,
      "x": 111,
      "y": 453.828125
    },
    {
      "bottom": 497.828125,
      "height": 44,
      "name": "Blueprint",
      "right": 263.328125,
      "width": 85.671875,
      "x": 177.65625,
      "y": 453.828125
    },
    {
      "bottom": 497.828125,
      "height": 44,
      "name": "Model sheets PDF",
      "right": 398.5,
      "width": 129.171875,
      "x": 269.328125,
      "y": 453.828125
    },
    {
      "bottom": 497.828125,
      "height": 44,
      "name": "Solid Finish",
      "right": 503.703125,
      "width": 99.203125,
      "x": 404.5,
      "y": 453.828125
    },
    {
      "bottom": 497.828125,
      "height": 44,
      "name": "Close Draftsman mode",
      "right": 553.703125,
      "width": 44,
      "x": 509.703125,
      "y": 453.828125
    },
    {
      "bottom": 555.828125,
      "height": 44,
      "name": "Play drawing",
      "right": 155,
      "width": 44,
      "x": 111,
      "y": 511.828125
    },
    {
      "bottom": 555.828125,
      "height": 44,
      "name": "Replay drafting sequence",
      "right": 209,
      "width": 44,
      "x": 165,
      "y": 511.828125
    },
    {
      "bottom": 555.828125,
      "height": 44,
      "name": "0.5x",
      "right": 765,
      "width": 44,
      "x": 721,
      "y": 511.828125
    },
    {
      "bottom": 555.828125,
      "height": 44,
      "name": "1x",
      "right": 812,
      "width": 44,
      "x": 768,
      "y": 511.828125
    },
    {
      "bottom": 555.828125,
      "height": 44,
      "name": "2x",
      "right": 859,
      "width": 44,
      "x": 815,
      "y": 511.828125
    },
    {
      "bottom": 555.828125,
      "height": 44,
      "name": "5x",
      "right": 906,
      "width": 44,
      "x": 862,
      "y": 511.828125
    },
    {
      "bottom": 600.828125,
      "height": 44,
      "name": "1. Datum Grid",
      "right": 305.5,
      "width": 194.5,
      "x": 111,
      "y": 556.828125
    },
    {
      "bottom": 600.828125,
      "height": 44,
      "name": "2. Wireframe Ascend",
      "right": 508,
      "width": 194.5,
      "x": 313.5,
      "y": 556.828125
    },
    {
      "bottom": 600.828125,
      "height": 44,
      "name": "3. Technical Ink",
      "right": 710.5,
      "width": 194.5,
      "x": 516,
      "y": 556.828125
    },
    {
      "bottom": 600.828125,
      "height": 44,
      "name": "4. Material Wash",
      "right": 913,
      "width": 194.5,
      "x": 718.5,
      "y": 556.828125
    },
    {
      "bottom": 736,
      "height": 44,
      "name": "Zoom out model",
      "right": 402.96875,
      "width": 44,
      "x": 358.96875,
      "y": 692
    },
    {
      "bottom": 736,
      "height": 44,
      "name": "Zoom in model",
      "right": 446.96875,
      "width": 44,
      "x": 402.96875,
      "y": 692
    },
    {
      "bottom": 736,
      "height": 44,
      "name": "Reset model view",
      "right": 577.03125,
      "width": 130.0625,
      "x": 446.96875,
      "y": 692
    },
    {
      "bottom": 736,
      "height": 44,
      "name": "Front",
      "right": 621.03125,
      "width": 44,
      "x": 577.03125,
      "y": 692
    },
    {
      "bottom": 736,
      "height": 44,
      "name": "Rear",
      "right": 665.03125,
      "width": 44,
      "x": 621.03125,
      "y": 692
    },
    {
      "bottom": 674,
      "height": 44,
      "name": "Live assistantDrawing tools",
      "right": 1024,
      "width": 1024,
      "x": 0,
      "y": 630
    }
  ],
  "navigation": {
    "bottom": 745,
    "height": 63,
    "right": 1024,
    "width": 1024,
    "x": 0,
    "y": 682
  },
  "viewport": [
    1024,
    768
  ]
}

✓ Screenshot saved to screenshots/growth/2026-09-08-8095-pencil-final-01-production-controls-landscape.png

0

✓ Screenshot saved to screenshots/growth/2026-09-08-8095-pencil-final-01-production-controls-landscape-top-scroll.png

✓ Done

true

✓ Done

true

{
  "controls": [
    {
      "bottom": 992,
      "height": 44,
      "name": "Zoom out model",
      "right": 274.96875,
      "width": 44,
      "x": 230.96875,
      "y": 948
    },
    {
      "bottom": 992,
      "height": 44,
      "name": "Zoom in model",
      "right": 318.96875,
      "width": 44,
      "x": 274.96875,
      "y": 948
    },
    {
      "bottom": 992,
      "height": 44,
      "name": "Reset model view",
      "right": 449.03125,
      "width": 130.0625,
      "x": 318.96875,
      "y": 948
    },
    {
      "bottom": 992,
      "height": 44,
      "name": "Front",
      "right": 493.03125,
      "width": 44,
      "x": 449.03125,
      "y": 948
    },
    {
      "bottom": 992,
      "height": 44,
      "name": "Rear",
      "right": 537.03125,
      "width": 44,
      "x": 493.03125,
      "y": 948
    },
    {
      "bottom": 930,
      "height": 44,
      "name": "Live assistantDrawing tools",
      "right": 768,
      "width": 768,
      "x": 0,
      "y": 886
    }
  ],
  "navigation": {
    "bottom": 1001,
    "height": 63,
    "right": 768,
    "width": 768,
    "x": 0,
    "y": 938
  },
  "viewport": [
    768,
    1024
  ]
}

✓ Done

true

✓ Done

true

{
  "controls": [
    {
      "bottom": 661,
      "height": 44,
      "name": "Floor level selector",
      "right": 437.328125,
      "width": 184,
      "x": 253.328125,
      "y": 617
    },
    {
      "bottom": 720,
      "height": 44,
      "name": "Tour",
      "right": 99.65625,
      "width": 60.65625,
      "x": 39,
      "y": 676
    },
    {
      "bottom": 720,
      "height": 44,
      "name": "Blueprint",
      "right": 191.328125,
      "width": 85.671875,
      "x": 105.65625,
      "y": 676
    },
    {
      "bottom": 720,
      "height": 44,
      "name": "Model sheets PDF",
      "right": 326.5,
      "width": 129.171875,
      "x": 197.328125,
      "y": 676
    },
    {
      "bottom": 720,
      "height": 44,
      "name": "Solid Finish",
      "right": 431.703125,
      "width": 99.203125,
      "x": 332.5,
      "y": 676
    },
    {
      "bottom": 720,
      "height": 44,
      "name": "Close Draftsman mode",
      "right": 481.703125,
      "width": 44,
      "x": 437.703125,
      "y": 676
    },
    {
      "bottom": 778,
      "height": 44,
      "name": "Play drawing",
      "right": 83,
      "width": 44,
      "x": 39,
      "y": 734
    },
    {
      "bottom": 778,
      "height": 44,
      "name": "Replay drafting sequence",
      "right": 137,
      "width": 44,
      "x": 93,
      "y": 734
    },
    {
      "bottom": 778,
      "height": 44,
      "name": "0.5x",
      "right": 581,
      "width": 44,
      "x": 537,
      "y": 734
    },
    {
      "bottom": 778,
      "height": 44,
      "name": "1x",
      "right": 628,
      "width": 44,
      "x": 584,
      "y": 734
    },
    {
      "bottom": 778,
      "height": 44,
      "name": "2x",
      "right": 675,
      "width": 44,
      "x": 631,
      "y": 734
    },
    {
      "bottom": 778,
      "height": 44,
      "name": "5x",
      "right": 722,
      "width": 44,
      "x": 678,
      "y": 734
    },
    {
      "bottom": 845,
      "height": 44,
      "name": "1. Datum Grid",
      "right": 205.5,
      "width": 166.5,
      "x": 39,
      "y": 801
    },
    {
      "bottom": 845,
      "height": 44,
      "name": "2. Wireframe Ascend",
      "right": 380,
      "width": 166.5,
      "x": 213.5,
      "y": 801
    },
    {
      "bottom": 845,
      "height": 44,
      "name": "3. Technical Ink",
      "right": 554.5,
      "width": 166.5,
      "x": 388,
      "y": 801
    },
    {
      "bottom": 845,
      "height": 44,
      "name": "4. Material Wash",
      "right": 729,
      "width": 166.5,
      "x": 562.5,
      "y": 801
    },
    {
      "bottom": 992,
      "height": 44,
      "name": "Zoom out model",
      "right": 274.96875,
      "width": 44,
      "x": 230.96875,
      "y": 948
    },
    {
      "bottom": 992,
      "height": 44,
      "name": "Zoom in model",
      "right": 318.96875,
      "width": 44,
      "x": 274.96875,
      "y": 948
    },
    {
      "bottom": 992,
      "height": 44,
      "name": "Reset model view",
      "right": 449.03125,
      "width": 130.0625,
      "x": 318.96875,
      "y": 948
    },
    {
      "bottom": 992,
      "height": 44,
      "name": "Front",
      "right": 493.03125,
      "width": 44,
      "x": 449.03125,
      "y": 948
    },
    {
      "bottom": 992,
      "height": 44,
      "name": "Rear",
      "right": 537.03125,
      "width": 44,
      "x": 493.03125,
      "y": 948
    },
    {
      "bottom": 930,
      "height": 44,
      "name": "Live assistantDrawing tools",
      "right": 768,
      "width": 768,
      "x": 0,
      "y": 886
    }
  ],
  "navigation": {
    "bottom": 1001,
    "height": 63,
    "right": 768,
    "width": 768,
    "x": 0,
    "y": 938
  },
  "viewport": [
    768,
    1024
  ]
}

✓ Screenshot saved to screenshots/growth/2026-09-08-8095-pencil-final-01-production-controls-portrait.png

0

✓ Screenshot saved to screenshots/growth/2026-09-08-8095-pencil-final-01-production-controls-portrait-top-scroll.png

✓ Done

true

