"{\"html\":\"<script type=\\\"module\\\" async=\\\"\\\" src=\\\"/@id/virtual:tanstack-start-dev-client-entry\\\"></script><div class=\\\"workspace-rails\\\" data-pane=\\\"sheets\\\" data-left-collapsed=\\\"false\\\" data-right-collapsed=\\\"false\\\" style=\\\"--left-menu-width: 260px; --right-menu-width: 400px; --left-menu-track: 260px; --right-menu-track: 400px;\\\"><div class=\\\"workbench flex h-dvh flex-col bg-bg text-ink\\\" data-hydration-status=\\\"ready\\\" data-skin=\\\"paper\\\" data-settings-open=\\\"false\\\"><header class=\\\"studio-header flex items-center gap-2.5 border-b border-line bg-header px-3 py-2\\\"><div class=\\\"studio-brand flex min-w-0 items-center gap-2 font-mono text-[11px] tracking-[0.12em]\\\"><span class=\\\"grid size-7 shrink-0 place-items-center rounded-full bg-navy text-[10px] text-paper\\\">XR</span><span class=\\\"truncate font-semibold\\\">X-RAY BY LOOPLET</span></div><div class=\\\"workspace-plan-switcher\\\"><label><span class=\\\"workspace-plan-count\\\">No plans open</span><select aria-label=\\\"Current plan\\\" disabled=\\\"\\\" title=\\\"Open a plan to begin\\\"><option value=\\\"\\\">Open a plan to begin</option></select></label></div><nav class=\\\"studio-pane-nav flex flex-1 justify-center gap-0.5\\\" aria-label=\\\"Panes\\\"><button type=\\\"button\\\" class=\\\"pane-tab \\\">Overview</button><button type=\\\"button\\\" class=\\\"pane-tab active\\\">Sheets</button><button type=\\\"button\\\" class=\\\"pane-tab \\\">Measure</button><button type=\\\"button\\\" class=\\\"pane-tab \\\">Sketch</button><button type=\\\"button\\\" class=\\\"pane-tab \\\">Components</button><button type=\\\"button\\\" class=\\\"pane-tab \\\">Model</button><button type=\\\"button\\\" class=\\\"pane-tab \\\">Render</button><button type=\\\"button\\\" class=\\\"pane-tab \\\">Review</button><button typ\",\"resources\":[]}"

✗ 
✗ 
✗ 

[debug] [vite] connecting...
[debug] [vite] connected.
[info] %cDownload the React DevTools for a better development experience: https://react.dev/link/react-devtools font-weight:bold
[warning] THREE.WebGLShadowMap: PCFSoftShadowMap has been deprecated. Using PCFShadowMap instead.
[debug] [vite] hot updated: /src/studio/walkStartPlacement.css
[debug] [vite] connecting...
[debug] [vite] connected.
[info] %cDownload the React DevTools for a better development experience: https://react.dev/link/react-devtools font-weight:bold
[warning] THREE.WebGLShadowMap: PCFSoftShadowMap has been deprecated. Using PCFShadowMap instead.
[debug] [vite] hot updated: /src/studio/sourceBuilding.css
[debug] [vite] css hot updated: /src/styles.css
[debug] [vite] hot updated: /src/studio/sourceBuilding.css
[debug] [vite] css hot updated: /src/styles.css
[debug] [vite] hot updated: /src/studio/walkStartPlacement.css
[debug] [vite] css hot updated: /src/styles.css
[debug] [vite] connecting...
[debug] [vite] connected.
[info] %cDownload the React DevTools for a better development experience: https://react.dev/link/react-devtools font-weight:bold
[debug] [vite] hot updated: /src/studio/sourceBuilding.css
[debug] [vite] css hot updated: /src/styles.css
[debug] [vite] connecting...
[debug] [vite] connected.
[info] %cDownload the React DevTools for a better development experience: https://react.dev/link/react-devtools font-weight:bold
[debug] [vite] connecting...
[debug] [vite] connected.
[info] %cDownload the React DevTools for a better development experience: https://react.dev/link/react-devtools font-weight:bold
[debug] [vite] connecting...
[debug] [vite] connected.
[info] %cDownload the React DevTools for a better development experience: https://react.dev/link/react-devtools font-weight:bold
[debug] [vite] css hot updated: /src/styles.css
[debug] [vite] hot updated: /src/studio/SourceBuildingViewer.tsx
[debug] [vite] hot updated: /src/studio/architect/Architect3D.tsx
[debug] [vite] css hot updated: /src/styles.css
[error] [vite] Failed to reload /src/studio/SourceBuildingViewer.tsx. This could be due to syntax errors or importing non-existent modules. (see errors above)
[debug] [vite] hot updated: /src/studio/SourceBuildingViewer.tsx
[debug] [vite] css hot updated: /src/styles.css
[error] [vite] Failed to reload /src/studio/Studio.tsx. This could be due to syntax errors or importing non-existent modules. (see errors above)
[debug] [vite] hot updated: /src/studio/Studio.tsx
[debug] [vite] hot updated: /src/studio/architect/Architect3D.tsx
[debug] [vite] css hot updated: /src/styles.css
[debug] [vite] css hot updated: /src/styles.css
[error] [vite] Failed to reload /src/studio/architect/Architect3D.tsx. This could be due to syntax errors or importing non-existent modules. (see errors above)
[debug] [vite] hot updated: /src/studio/architect/Architect3D.tsx
[debug] [vite] css hot updated: /src/styles.css
[error] [vite] Failed to reload /src/studio/Studio.tsx. This could be due to syntax errors or importing non-existent modules. (see errors above)
[debug] [vite] hot updated: /src/studio/Studio.tsx
[debug] [vite] css hot updated: /src/styles.css
[debug] [vite] hot updated: /src/studio/architect/ArchitectWalkStart.tsx
[debug] [vite] css hot updated: /src/styles.css
[error] [vite] Failed to reload /src/studio/Studio.tsx. This could be due to syntax errors or importing non-existent modules. (see errors above)
[debug] [vite] hot updated: /src/studio/Studio.tsx
[debug] [vite] css hot updated: /src/styles.css
[error] [vite] Failed to reload /src/studio/architect/Architect3D.tsx. This could be due to syntax errors or importing non-existent modules. (see errors above)
[debug] [vite] hot updated: /src/studio/architect/Architect3D.tsx
[debug] [vite] css hot updated: /src/styles.css
[error] [vite] Failed to reload /src/studio/architect/Architect3D.tsx. This could be due to syntax errors or importing non-existent modules. (see errors above)
[error] [vite] Failed to reload /src/studio/Studio.tsx. This could be due to syntax errors or importing non-existent modules. (see errors above)
[debug] [vite] hot updated: /src/studio/Studio.tsx
[debug] [vite] hot updated: /src/studio/architect/Architect3D.tsx
[debug] [vite] css hot updated: /src/styles.css
[debug] [vite] connecting...
[debug] [vite] connected.
[info] %cDownload the React DevTools for a better development experience: https://react.dev/link/react-devtools font-weight:bold
[error] %o

%s

%s
 {stack: "TypeError: Failed to fetch dynamically imported mo…tes/index.tsx?t=1788794282892&tsr-split=component", message: "Failed to fetch dynamically imported module: http:…tes/index.tsx?t=1788794282892&tsr-split=component"} The above error occurred in the <Lazy> component. React will try to recreate this component tree from scratch using the error boundary you provided, CatchBoundary.
[warning] Warning: Error in route match: //
[debug] [vite] connecting...
[debug] [vite] connected.
[info] %cDownload the React DevTools for a better development experience: https://react.dev/link/react-devtools font-weight:bold
[error] %o

%s

%s
 {stack: "TypeError: Failed to fetch dynamically imported mo…tes/index.tsx?t=1788794282892&tsr-split=component", message: "Failed to fetch dynamically imported module: http:…tes/index.tsx?t=1788794282892&tsr-split=component"} The above error occurred in the <Lazy> component. React will try to recreate this component tree from scratch using the error boundary you provided, CatchBoundary.
[warning] Warning: Error in route match: //
[debug] [vite] connecting...
[debug] [vite] connected.
[info] %cDownload the React DevTools for a better development experience: https://react.dev/link/react-devtools font-weight:bold
[debug] [vite] css hot updated: /src/styles.css
[debug] [vite] hot updated: /src/studio/architect/Architect3D.tsx
[debug] [vite] hot updated: /src/studio/SourceBuildingViewer.tsx
[debug] [vite] css hot updated: /src/styles.css
[debug] [vite] hot updated: /src/studio/architect/Architect3D.tsx
[debug] [vite] hot updated: /src/studio/SourceBuildingViewer.tsx
[debug] [vite] css hot updated: /src/styles.css
[debug] [vite] hot updated: /src/studio/architect/Architect3D.tsx
[debug] [vite] hot updated: /src/studio/SourceBuildingViewer.tsx
[debug] [vite] hot updated: /src/studio/architect/Architect3D.tsx
[debug] [vite] hot updated: /src/studio/SourceBuildingViewer.tsx
[debug] [vite] css hot updated: /src/styles.css
[debug] [vite] css hot updated: /src/styles.css
[debug] [vite] hot updated: /src/studio/architect/Architect3D.tsx
[debug] [vite] hot updated: /src/studio/SourceBuildingViewer.tsx
[debug] [vite] css hot updated: /src/styles.css
[debug] [vite] connecting...
[debug] [vite] connected.
[info] %cDownload the React DevTools for a better development experience: https://react.dev/link/react-devtools font-weight:bold
[debug] [vite] css hot updated: /src/styles.css
