✓ Done

http://127.0.0.1:8080/

true

✓ Done

true

✓ Done

✓ Done

true

{
  "interrupted": false
}

{
  "buttons": [
    {
      "height": 44,
      "label": "Previous Page",
      "reachable": true,
      "width": 44
    },
    {
      "height": 44,
      "label": "Next Page",
      "reachable": true,
      "width": 44
    },
    {
      "height": 44,
      "label": "Zoom Out",
      "reachable": true,
      "width": 44
    },
    {
      "height": 44,
      "label": "Zoom In",
      "reachable": true,
      "width": 44
    },
    {
      "height": 44,
      "label": "Reset View",
      "reachable": true,
      "width": 44
    },
    {
      "height": 44,
      "label": "Toggle Vector Snapping (S)",
      "reachable": true,
      "width": 80
    },
    {
      "height": 44,
      "label": "Toggle PDF Vector Layer",
      "reachable": true,
      "width": 64
    },
    {
      "height": 44,
      "label": "Toggle Manual Markup Layer",
      "reachable": true,
      "width": 58
    }
  ],
  "page": 2,
  "sourceCentreRetained": true
}

✓ Screenshot saved to screenshots/growth/2026-09-07-sheets/bookmarks-mobile-controls44.png

