"ok"

✓ Done

✓ Done

true

8

true

"Quantity (ea) Review priced line\n\nTreated pine post 100x100x2400mm · FEN-M002\n\n18.5 AUD / ea · tax excluded · AFGC-LOOPLET-CRM-RATES revision 1\n\nQuantity (ea)\n\nLine amount: AUD 203.50 · tax excluded\n\nAdd reviewed p"

✓ Done

true

✓ Done

true

8

true

"Quantity (ea) Review priced line\n\nTreated pine post 125x125x2700mm · FEN-M003\n\n29 AUD / ea · tax excluded · AFGC-LOOPLET-CRM-RATES revision 1\n\nQuantity (ea)\n\nLine amount: AUD 58.00 · tax excluded\n\nAdd reviewed pric"

✓ Done

true

✓ Done

true

8

true

"Quantity (ea) Review priced line\n\nPaling 150x12x1800mm treated pine · FEN-M005\n\n3 AUD / ea · tax excluded · AFGC-LOOPLET-CRM-RATES revision 1\n\nQuantity (ea)\n\nLine amount: AUD 843.00 · tax excluded\n\nAdd reviewed pri"

✓ Done

true

✓ Done

true

8

true

"Quantity (ea) Review priced line\n\nRail 75x50x2400mm treated pine · FEN-M007\n\n10 AUD / ea · tax excluded · AFGC-LOOPLET-CRM-RATES revision 1\n\nQuantity (ea)\n\nLine amount: AUD 220.00 · tax excluded\n\nAdd reviewed price"

✓ Done

true

✓ Done

true

8

true

"Quantity (ea) Review priced line\n\nPost cap treated pine · FEN-M010\n\n4.8 AUD / ea · tax excluded · AFGC-LOOPLET-CRM-RATES revision 1\n\nQuantity (ea)\n\nLine amount: AUD 62.40 · tax excluded\n\nAdd reviewed priced line\nCa"

✓ Done

true

✓ Done

true

8

true

"Quantity (ea) Review priced line\n\nConcrete footing (per post) · FEN-L004\n\n12 AUD / ea · tax excluded · AFGC-LOOPLET-CRM-RATES revision 1\n\nQuantity (ea)\n\nLine amount: AUD 156.00 · tax excluded\n\nAdd reviewed priced l"

✓ Done

true

✓ Done

true

8

true

"Quantity (ea) Review priced line\n\n1800mm High Timber Pedestrian Gate · TG-1800-PED\n\n750 AUD / ea · tax excluded · AFGC-LOOPLET-CRM-RATES revision 1\n\nQuantity (ea)\n\nLine amount: AUD 1500.00 · tax excluded\n\nAdd revie"

✓ Done

true

true

✓ Done

true

"Priced worksheet (7)\n\nReviewed rate applied to the priced worksheet.\n\nSaved with this project on this device. Your existing reference sheet remains available in Settings. Worksheet quantities are entered by you; takeoff quantities and quotes are separate.\n\nApply a saved rate by entering its quantity in the stated unit. Amounts use your selected decimal precision and half-up rounding. No tax, freight, waste, markup or currency conversion is added.\n\nExport priced worksheet CSV\nWorksheet subtotals\n\nAUD 3042.90 · tax excluded · 7 lines\n\nSubtotals sum rounded line amounts. Different currencies, tax bases and amount precisions stay separate.\n\nTreated pine post 100x100x2400mm\n\n11 ea × 18.5 = AUD 203.50 · tax excluded\n\nAFGC-LOOPLET-CRM-RATES · revision 1 · source line 2 · Affordable Fencing Gold Coast (Looplet CRM price list db48b34c) · effective 2026-09-23\n\nLooplet CRM list_price_items, confirmed sell prices, read 2026-09-23\n\nRemove this priced line\nTreated pine post 125x125x2700mm\n\n2 ea × 29 = AUD 58.00 · tax excluded\n\nAFGC-LOOPLET-CRM-RATES · revision 1 · source line 3 · Affordable Fencing Gold Coast (Looplet CRM price list db48b34c) · effective 2026-09-23\n\nLooplet CRM list_price_items, confirmed sell prices, read 2026-09-23\n\nRemove this priced line\nPaling 150x12x1800mm treated pine\n\n281 ea × 3 = AUD 843.00 · tax excluded\n\nAFGC-LOOPLET-CRM-RATES · revision 1 · source line 4 · Affordable Fencing Gold Coast (Looplet CRM price list db48b34c) · effective 2026-09-23\n\nLooplet CRM list_price_items, confirmed sell prices, read 2026-09-23\n\nRemove this priced line\nRail 75x50x2400mm treated pine\n\n22 ea × 10 = AUD 220.00 · tax excluded\n\nAFGC-LOOPLET-CRM-RATES · revision 1 · source line 5 · Affordable Fencing Gold Coast (Looplet CRM price list db48b34c) · effective 2026-09-23\n\nLooplet CRM list_price_items, confirmed sell prices, read 2026-09-23\n\nRemove this priced line\nPost cap treated pine\n\n13 ea × 4.8 = AUD 62.40 · tax excluded\n\nAFGC-LOOPLET-CRM-RATES · revision 1 · source line 7 · Affordable Fencing Gold Coast (Looplet CRM price list db48b34c) · effective 2026-09-23\n\nLooplet CRM list_price_items, confirmed sell prices, read 2026-09-23\n\nRemove this priced line\nConcrete footing (per post)\n\n13 ea × 12 = AUD 156.00 · tax excluded\n\nAFGC-LOOPLET-CRM-RATES · revision 1 · source line 8 · Affordable Fencing Gold Coast (Looplet CRM price list db48b34c) · effective 2026-09-23\n\nLooplet CRM list_price_items, confirmed sell prices, read 2026-09-23\n\nRemove this priced line\n1800mm High Timber Pedestrian Gate\n\n2 ea × 750 = AUD 1500.00 · tax excluded\n\nAFGC-LOOPLET-CRM-RATES · revision 1 · source line 9 · Affordable Fencing Gold Coast (Looplet CRM price list db48b34c) · effective 2026-09-23\n\nLooplet CRM list_price_items, confirmed sell prices, read 2026-09-23\n\nRemove this priced line\nSupplier product research\n\nSearch the web for supplier product pages to use as pricing evidence. Results are links only: nothing is saved and no rate or project cost changes.\n\nSupplier research servi"

✓ Screenshot saved to proof/growth/2026-09-23-tiered-tests/shots/t9-priced-worksheet.png
