http://127.0.0.1:8096/

true

✓ Done

"Open assistant"

✓ Done

✓ Done

"Deterministic provider fixture installed; no live AI requests"

✓ Done

✓ Done

true

"Default permissions enforced through real tool loop"

✓ Done

✓ Done

✓ Done

true

true

{
  "mode": "deterministic provider fixture, real workspace tools",
  "receipts": [
    {
      "id": "save-once",
      "name": "save_project",
      "response": {
        "images": 0,
        "isError": false,
        "text": "{\"saved\":true,\"projectId\":\"job-23731594-28db-4bd6-9312-5d7a083e4784\",\"projectRevision\":3,\"verified\":true,\"scope\":\"Main project record on this device. Use Backups for a portable complete workspace copy.\"}"
      }
    },
    {
      "id": "save-once",
      "name": "save_project",
      "response": {
        "images": 0,
        "isError": true,
        "text": "Duplicate tool call ID; not executed. Read current state before retrying."
      }
    }
  ]
}

✓ Screenshot saved to screenshots/growth/2026-09-09-az5-release/assistant-hardened-production-tool-guards.png

"Pending response fixture installed"

✓ Done

✓ Done

true

true

✓ Done

true

✓ Screenshot saved to screenshots/growth/2026-09-09-az5-release/assistant-hardened-production-stop.png

"Stop did not resubmit"

