✓ X-Ray by Looplet
  http://127.0.0.1:8091/

✓ Done

true

{
  "designLevels": "none",
  "designWalls": "none",
  "jobId": "job-dc8b49a9-fff0-48ea-af61-79461bf795b3",
  "revision": 1
}

✓ Done

true

"opened"

true

{
  "designId": "job-dc8b49a9-fff0-48ea-af61-79461bf795b3",
  "designRevision": "1",
  "walls": "0 walls · 0 openings · 1 levels"
}

✓ Screenshot saved to screenshots/growth/2026-09-09-assistant-wireframe/desktop-01-before.png

true

"panel"

✓ Done

✓ Done

true

"edits allowed for this message"

✓ Done

✓ Done

true

{
  "entries": [
    "is-user: YouDraw a 3-storey wireframe of a 20 m by 12 m building in the architectural workspace: three storeys of 3200 mm with slabs and a hip roof on top. Use the existing ground level as the base. Then tell ",
    "is-tool: read_project_contextRunning read_project_context…Running read_project_context…",
    "is-tool: read_project_contextTool result{\"projectId\":\"job-dc8b49a9-fff0-48ea-af61-79461bf795b3\",\"projectName\":\"New project\",\"projectRevision\":1,\"pane\":\"sketch\",\"sourcePage\":1,\"documents\":[{\"id\":\"doc-sample\",\"n",
    "is-tool: read_architect_designRunning read_architect_design…Running read_architect_design…",
    "is-tool: read_architect_designTool result{\"project\":{\"schema\":\"xray.architect/v1\",\"id\":\"job-dc8b49a9-fff0-48ea-af61-79461bf795b3\",\"revision\":1,\"name\":\"Untitled architectural design\",\"address\":\"\",\"designRevisio",
    "is-tool: read_workbench_structureRunning read_workbench_structure…Running read_workbench_structure…",
    "is-tool: read_workbench_structureTool result{\"units\":{\"architecturalDesign\":\"mm\",\"sourceBuilding\":\"m\",\"sourceSheets\":\"PDF page pixels\"},\"panes\":[\"overview\",\"sheets\",\"measure\",\"sketch\",\"components\",\"model\",\"ren",
    "is-tool: draw_architect_elementsRunning draw_architect_elements…Running draw_architect_elements…",
    "is-tool: draw_architect_elementsTool result{\"projectId\":\"job-dc8b49a9-fff0-48ea-af61-79461bf795b3\",\"designRevision\":2,\"saved\":true,\"readbackVerified\":true,\"created\":[{\"kind\":\"wall\",\"id\":\"d4fc07ab-df88-4691-bba",
    "is-tool: read_architect_designRunning read_architect_design…Running read_architect_design…",
    "is-tool: read_architect_designTool result{\"project\":{\"schema\":\"xray.architect/v1\",\"id\":\"job-dc8b49a9-fff0-48ea-af61-79461bf795b3\",\"revision\":2,\"name\":\"Untitled architectural design\",\"address\":\"\",\"designRevisio",
    "is-tool: read_project_contextRunning read_project_context…Running read_project_context…",
    "is-tool: read_project_contextTool result{\"projectId\":\"job-dc8b49a9-fff0-48ea-af61-79461bf795b3\",\"projectName\":\"New project\",\"projectRevision\":1,\"pane\":\"sketch\",\"sourcePage\":1,\"documents\":[{\"id\":\"doc-sample\",\"n",
    "is-tool: save_projectRunning save_project…Running save_project…",
    "is-tool: save_projectTool result{\"saved\":true,\"projectId\":\"job-dc8b49a9-fff0-48ea-af61-79461bf795b3\",\"projectRevision\":1,\"verified\":true,\"scope\":\"Main project record on this device. Use Backups for a portable ",
    "is-assistant: AssistantThe 3-storey 20 m × 12 m building wireframe has been drawn and verified in the architectural workspace (Project ID: `job-dc8b49a9-fff0-48ea-af61-79461bf795b3`, Design Revision: 2).\n\n### Desig"
  ],
  "reply": "AssistantThe 3-storey 20 m × 12 m building wireframe has been drawn and verified in the architectural workspace (Project ID: `job-dc8b49a9-fff0-48ea-af61-79461bf795b3`, Design Revision: 2).\n\n### Design Summary:\n- **Levels**: **3**\n  1. **Ground** (Elevation: 0 mm, Height: 2,700 mm)\n  2. **Level 2** (Elevation: 3,200 mm, Height: 3,200 mm)\n  3. **Level 3** (Elevation: 6,400 mm, Height: 3,200 mm)\n- **Walls**: **12** (4 perimeter walls per storey across the 3 levels)\n- **Slabs**: **3** (150 mm concrete slabs on Ground, Level 2, and Level 3)\n- **Roof**: **1** hip roof on top (Level 3 roof at +3,200 mm offset, 30° pitch on all 4 sides, 450 mm eaves)\n\n*(Note: The walls use the project's unpriced default brick cavity stud assembly; dimensions and assemblies are authored design assumptions subject to engineering and design review.)*"
}

{
  "designRevision": 2,
  "extentMm": [
    20000,
    12000
  ],
  "levels": [
    [
      "Ground",
      0,
      2700
    ],
    [
      "Level 2",
      3200,
      3200
    ],
    [
      "Level 3",
      6400,
      3200
    ]
  ],
  "roofs": 1,
  "slabs": 3,
  "uiRevision": "2",
  "walls": 12
}

{
  "allLevels": true
}

true

✓ Screenshot saved to screenshots/growth/2026-09-09-assistant-wireframe/desktop-02-wireframe-3d.png

"minimised if control exists"

http://127.0.0.1:8091/

true

✓ Done

true

"reopened"

true

{
  "afterReload": {
    "levels": 3,
    "revision": 2,
    "walls": 12
  },
  "summary": "12 walls · 0 openings · 3 levels"
}

✓ Screenshot saved to screenshots/growth/2026-09-09-assistant-wireframe/desktop-03-after-reload.png

"ctrl+z sent"

{
  "afterUndoAttempt": {
    "levels": 3,
    "revision": 2,
    "walls": 12
  },
  "note": "session undo history does not survive reload; assistant undo tool needs same-session history"
}


[debug] [vite] connecting...
[debug] [vite] connected.
[info] %cDownload the React DevTools for a better development experience: https://react.dev/link/react-devtools font-weight:bold
[debug] [vite] connecting...
[debug] [vite] connected.
[info] %cDownload the React DevTools for a better development experience: https://react.dev/link/react-devtools font-weight:bold
[debug] [vite] connecting...
[debug] [vite] connected.
[info] %cDownload the React DevTools for a better development experience: https://react.dev/link/react-devtools font-weight:bold
[warning] THREE.WebGLShadowMap: PCFSoftShadowMap has been deprecated. Using PCFShadowMap instead.
[debug] [vite] connecting...
[debug] [vite] connected.
[info] %cDownload the React DevTools for a better development experience: https://react.dev/link/react-devtools font-weight:bold
[warning] THREE.WebGLShadowMap: PCFSoftShadowMap has been deprecated. Using PCFShadowMap instead.
