[14556:50528:0913/004734.813:INFO:components\enterprise\browser\controller\chrome_browser_cloud_management_controller.cc:241] No machine level policy manager exists.
[15628:10128:0913/004734.861:ERROR:ui\gl\direct_composition_support.cc:254] GetGpuDriverOverlayInfo: Failed to retrieve video device
[15628:10128:0913/004734.863:VERBOSE1:components\viz\service\main\viz_main_impl.cc:87] VizNullHypothesis is disabled (not a warning)
[15628:76568:0913/004734.863:VERBOSE1:base\allocator\scheduler_loop_quarantine_config.cc:195] No entry found for gpu-process/viz-compositor.
[85820:88472:0913/004734.910:INFO:third_party\webrtc\rtc_base\cpu_info.cc:77] Available number of cores: 32
[27504:97520:0913/004734.944:INFO:third_party\webrtc\rtc_base\cpu_info.cc:77] Available number of cores: 32
[102200:98164:0913/004734.962:INFO:third_party\webrtc\rtc_base\cpu_info.cc:77] Available number of cores: 32
[14556:50528:0913/004734.973:WARNING:chrome\browser\extensions\external_registry_loader_win.cc:236] Error observing HKLM: Access is denied. (0x5)
[91780:98924:0913/004734.992:INFO:third_party\webrtc\rtc_base\cpu_info.cc:77] Available number of cores: 32
[7208:99556:0913/004734.995:INFO:third_party\webrtc\rtc_base\cpu_info.cc:77] Available number of cores: 32
[94476:22888:0913/004735.056:INFO:third_party\webrtc\rtc_base\cpu_info.cc:77] Available number of cores: 32
[14556:50528:0913/004736.949:ERROR:components\device_event_log\device_event_log_impl.cc:211] [00:47:36.950] USB: usb_service_win.cc:108 SetupDiGetDeviceProperty({{A45C254E-DF1C-4EFD-8020-67D146A850E0}, 6}) failed: Element not found. (0x490)
[99364:30884:0913/004737.208:INFO:third_party\webrtc\rtc_base\cpu_info.cc:77] Available number of cores: 32
[81416:36656:0913/004737.215:INFO:third_party\webrtc\rtc_base\cpu_info.cc:77] Available number of cores: 32
[15224:101908:0913/004737.278:INFO:third_party\webrtc\rtc_base\cpu_info.cc:77] Available number of cores: 32
[99112:52344:0913/004737.315:INFO:third_party\webrtc\rtc_base\cpu_info.cc:77] Available number of cores: 32
[101488:102048:0913/004737.356:INFO:third_party\webrtc\rtc_base\cpu_info.cc:77] Available number of cores: 32
[101764:100824:0913/004737.405:INFO:third_party\webrtc\rtc_base\cpu_info.cc:77] Available number of cores: 32
[30940:58092:0913/004737.456:INFO:third_party\webrtc\rtc_base\cpu_info.cc:77] Available number of cores: 32
[14708:73000:0913/004737.494:INFO:third_party\webrtc\rtc_base\cpu_info.cc:77] Available number of cores: 32
[14288:100796:0913/004737.502:INFO:third_party\webrtc\rtc_base\cpu_info.cc:77] Available number of cores: 32
[83212:100924:0913/004737.681:INFO:third_party\webrtc\rtc_base\cpu_info.cc:77] Available number of cores: 32
[17644:41244:0913/004737.972:INFO:third_party\webrtc\rtc_base\cpu_info.cc:77] Available number of cores: 32
[73792:100304:0913/004738.005:INFO:third_party\webrtc\rtc_base\cpu_info.cc:77] Available number of cores: 32
[40312:49092:0913/004738.007:INFO:third_party\webrtc\rtc_base\cpu_info.cc:77] Available number of cores: 32
[102324:102068:0913/004738.071:INFO:third_party\webrtc\rtc_base\cpu_info.cc:77] Available number of cores: 32
[14556:76940:0913/004738.084:ERROR:google_apis\gcm\engine\registration_request.cc:291] Registration response error message: PHONE_REGISTRATION_ERROR
[14556:76940:0913/004738.101:ERROR:google_apis\gcm\engine\registration_request.cc:291] Registration response error message: PHONE_REGISTRATION_ERROR
[14556:76940:0913/004738.106:ERROR:google_apis\gcm\engine\registration_request.cc:291] Registration response error message: PHONE_REGISTRATION_ERROR
[26052:102372:0913/004738.208:INFO:third_party\webrtc\rtc_base\cpu_info.cc:77] Available number of cores: 32
[52588:14204:0913/004738.239:INFO:third_party\webrtc\rtc_base\cpu_info.cc:77] Available number of cores: 32
[50992:38588:0913/004738.239:INFO:third_party\webrtc\rtc_base\cpu_info.cc:77] Available number of cores: 32
[14556:76940:0913/004738.290:ERROR:google_apis\gcm\engine\mcs_client.cc:702]   Error code: 401  Error message: Authentication Failed: wrong_secret
[14556:76940:0913/004738.290:ERROR:google_apis\gcm\engine\mcs_client.cc:704] Failed to log in to GCM, resetting connection.
