[19868:18040:0914/125035.814:INFO:components\enterprise\browser\controller\chrome_browser_cloud_management_controller.cc:241] No machine level policy manager exists.
[7192:17396:0914/125035.877:ERROR:ui\gl\direct_composition_support.cc:255] GetGpuDriverOverlayInfo: Failed to retrieve video device
[7192:17396:0914/125035.877:VERBOSE1:components\viz\service\main\viz_main_impl.cc:87] VizNullHypothesis is disabled (not a warning)
[7192:7568:0914/125035.877:VERBOSE1:base\allocator\scheduler_loop_quarantine_config.cc:198] No entry found for gpu-process/viz-compositor.
[21324:9824:0914/125035.919:INFO:third_party\webrtc\rtc_base\cpu_info.cc:77] Available number of cores: 16
[3352:3544:0914/125035.935:INFO:third_party\webrtc\rtc_base\cpu_info.cc:77] Available number of cores: 16
[21452:16768:0914/125035.971:INFO:third_party\webrtc\rtc_base\cpu_info.cc:77] Available number of cores: 16
[15544:4556:0914/125035.972:INFO:third_party\webrtc\rtc_base\cpu_info.cc:77] Available number of cores: 16
[21696:16348:0914/125036.330:INFO:third_party\webrtc\rtc_base\cpu_info.cc:77] Available number of cores: 16
[7636:12840:0914/125036.703:INFO:third_party\webrtc\rtc_base\cpu_info.cc:77] Available number of cores: 16
[17156:16872:0914/125036.722:INFO:third_party\webrtc\rtc_base\cpu_info.cc:77] Available number of cores: 16
[18824:6448:0914/125036.722:INFO:third_party\webrtc\rtc_base\cpu_info.cc:77] Available number of cores: 16
[18952:11800:0914/125036.787:INFO:third_party\webrtc\rtc_base\cpu_info.cc:77] Available number of cores: 16
[13924:5328:0914/125036.894:INFO:third_party\webrtc\rtc_base\cpu_info.cc:77] Available number of cores: 16
[16904:21488:0914/125036.917:INFO:third_party\webrtc\rtc_base\cpu_info.cc:77] Available number of cores: 16
[22340:3060:0914/125036.917:INFO:third_party\webrtc\rtc_base\cpu_info.cc:77] Available number of cores: 16
[19868:18040:0914/125037.693:INFO:CONSOLE:108] "THREE.WebGLShadowMap: PCFSoftShadowMap has been deprecated. Using PCFShadowMap instead.", source: http://127.0.0.1:8081/assets/routes-D-2SG0_O.js (108)
[16856:22448:0914/125038.250:INFO:third_party\webrtc\rtc_base\cpu_info.cc:77] Available number of cores: 16
[9060:17368:0914/125038.251:INFO:third_party\webrtc\rtc_base\cpu_info.cc:77] Available number of cores: 16
[19844:21124:0914/125038.355:INFO:third_party\webrtc\rtc_base\cpu_info.cc:77] Available number of cores: 16
[11160:15560:0914/125038.411:INFO:third_party\webrtc\rtc_base\cpu_info.cc:77] Available number of cores: 16
[17640:10696:0914/125038.533:INFO:third_party\webrtc\rtc_base\cpu_info.cc:77] Available number of cores: 16
[18000:20488:0914/125038.599:INFO:third_party\webrtc\rtc_base\cpu_info.cc:77] Available number of cores: 16
[16772:12768:0914/125038.668:INFO:third_party\webrtc\rtc_base\cpu_info.cc:77] Available number of cores: 16
[7688:15040:0914/125038.671:INFO:third_party\webrtc\rtc_base\cpu_info.cc:77] Available number of cores: 16
[17648:19992:0914/125038.717:INFO:third_party\webrtc\rtc_base\cpu_info.cc:77] Available number of cores: 16
[10952:17756:0914/125038.820:INFO:third_party\webrtc\rtc_base\cpu_info.cc:77] Available number of cores: 16
[2296:22276:0914/125038.909:INFO:third_party\webrtc\rtc_base\cpu_info.cc:77] Available number of cores: 16
[19868:12600:0914/125039.050:ERROR:google_apis\gcm\engine\registration_request.cc:291] Registration response error message: QUOTA_EXCEEDED
