[14892:18952:0914/020723.186:INFO:components\enterprise\browser\controller\chrome_browser_cloud_management_controller.cc:241] No machine level policy manager exists.
[9296:16892:0914/020723.266:ERROR:ui\gl\direct_composition_support.cc:255] GetGpuDriverOverlayInfo: Failed to retrieve video device
[9296:16892:0914/020723.267:VERBOSE1:components\viz\service\main\viz_main_impl.cc:87] VizNullHypothesis is disabled (not a warning)
[9296:2296:0914/020723.267:VERBOSE1:base\allocator\scheduler_loop_quarantine_config.cc:198] No entry found for gpu-process/viz-compositor.
[20312:16172:0914/020723.286:INFO:third_party\webrtc\rtc_base\cpu_info.cc:77] Available number of cores: 16
[18092:22468:0914/020723.314:INFO:third_party\webrtc\rtc_base\cpu_info.cc:77] Available number of cores: 16
[9812:10968:0914/020723.314:INFO:third_party\webrtc\rtc_base\cpu_info.cc:77] Available number of cores: 16
[21312:19352:0914/020723.342:INFO:third_party\webrtc\rtc_base\cpu_info.cc:77] Available number of cores: 16
[15972:18028:0914/020723.342:INFO:third_party\webrtc\rtc_base\cpu_info.cc:77] Available number of cores: 16
[11232:7800:0914/020723.696:INFO:third_party\webrtc\rtc_base\cpu_info.cc:77] Available number of cores: 16
[10524:412:0914/020723.944:INFO:third_party\webrtc\rtc_base\cpu_info.cc:77] Available number of cores: 16
[22096:20408:0914/020723.964:INFO:third_party\webrtc\rtc_base\cpu_info.cc:77] Available number of cores: 16
[13376:4904:0914/020723.965:INFO:third_party\webrtc\rtc_base\cpu_info.cc:77] Available number of cores: 16
[12364:7636:0914/020724.021:INFO:third_party\webrtc\rtc_base\cpu_info.cc:77] Available number of cores: 16
[18348:16820:0914/020724.155:INFO:third_party\webrtc\rtc_base\cpu_info.cc:77] Available number of cores: 16
[5136:10500:0914/020724.178:INFO:third_party\webrtc\rtc_base\cpu_info.cc:77] Available number of cores: 16
[18928:10076:0914/020724.178:INFO:third_party\webrtc\rtc_base\cpu_info.cc:77] Available number of cores: 16
[16836:21016:0914/020726.059:INFO:third_party\webrtc\rtc_base\cpu_info.cc:77] Available number of cores: 16
[3320:11464:0914/020726.059:INFO:third_party\webrtc\rtc_base\cpu_info.cc:77] Available number of cores: 16
[9980:13668:0914/020726.151:INFO:third_party\webrtc\rtc_base\cpu_info.cc:77] Available number of cores: 16
[17388:7648:0914/020726.206:INFO:third_party\webrtc\rtc_base\cpu_info.cc:77] Available number of cores: 16
[10896:21288:0914/020726.207:INFO:third_party\webrtc\rtc_base\cpu_info.cc:77] Available number of cores: 16
[8620:16772:0914/020726.303:INFO:third_party\webrtc\rtc_base\cpu_info.cc:77] Available number of cores: 16
[9192:22516:0914/020726.357:INFO:third_party\webrtc\rtc_base\cpu_info.cc:77] Available number of cores: 16
[6640:7476:0914/020726.357:INFO:third_party\webrtc\rtc_base\cpu_info.cc:77] Available number of cores: 16
[19328:20892:0914/020726.366:INFO:third_party\webrtc\rtc_base\cpu_info.cc:77] Available number of cores: 16
[8900:1912:0914/020726.520:INFO:third_party\webrtc\rtc_base\cpu_info.cc:77] Available number of cores: 16
[18188:22056:0914/020726.577:INFO:third_party\webrtc\rtc_base\cpu_info.cc:77] Available number of cores: 16
[8100:10988:0914/020726.632:INFO:third_party\webrtc\rtc_base\cpu_info.cc:77] Available number of cores: 16
[14892:22320:0914/020726.995:ERROR:google_apis\gcm\engine\registration_request.cc:291] Registration response error message: DEPRECATED_ENDPOINT
[14892:18952:0914/020735.807:INFO:CONSOLE:859] "[vite] connecting...", source: http://127.0.0.1:8080/@vite/client (859)
[14892:18952:0914/020735.812:INFO:CONSOLE:968] "[vite] connected.", source: http://127.0.0.1:8080/@vite/client (968)
[14892:18952:0914/020736.364:INFO:CONSOLE:14336] "%cDownload the React DevTools for a better development experience: https://react.dev/link/react-devtools font-weight:bold", source: http://127.0.0.1:8080/node_modules/.vite/deps/react-dom_client.js?v=372962b5 (14336)
[14892:18952:0914/020738.689:INFO:CONSOLE:74] "THREE.WebGLShadowMap: PCFSoftShadowMap has been deprecated. Using PCFShadowMap instead.", source: http://127.0.0.1:8080/src/studio/diagnosticsBuffer.ts (74)
