
> tauri:build
> tauri build --bundles nsis


> build:cad
> node scripts/build-cad.mjs

Built local DWG translator: ACadSharp 3.7.1; verified 5 dependency checksums.

> build:desktop
> node scripts/with-app-env.mjs vite build --config vite.config.spa.ts

[36mvite v8.2.2 [32mbuilding client environment for production...[36m[39m
transforming...
✓ 2661 modules transformed.
rendering chunks...
computing gzip size...
dist/index.html                                   1.50 kB │ gzip:   0.53 kB
dist/assets/priceWorkbook.worker-D5KJW-qp.js    470.03 kB
dist/assets/pdf.worker-DTrjDNvb.mjs           2,395.53 kB
dist/assets/index-CPDfyQbN.css                  291.75 kB │ gzip:  51.18 kB
dist/assets/pdf.worker-Cumxr82H.js                0.08 kB │ gzip:   0.10 kB
dist/assets/core-CwxXejkd.js                      0.09 kB │ gzip:   0.10 kB
dist/assets/preload-helper-HclGiUj8.js            1.21 kB │ gzip:   0.67 kB
dist/assets/rolldown-runtime-C0FnF6B9.js          1.29 kB │ gzip:   0.71 kB
dist/assets/evidence-CGRt0kQH.js                  6.56 kB │ gzip:   2.74 kB
dist/assets/react-C21x__mS.js                     7.53 kB │ gzip:   2.88 kB
dist/assets/documents-Cx0ANQp3.js                 7.54 kB │ gzip:   3.28 kB
dist/assets/sheetLifecycle-x7ZpnMRR.js            8.08 kB │ gzip:   3.26 kB
dist/assets/priceBooks-Bs3LvjA0.js               15.00 kB │ gzip:   5.39 kB
dist/assets/src-SuYvKHvm.js                      17.24 kB │ gzip:   7.31 kB
dist/assets/domain-CFNPUM5l.js                   29.38 kB │ gzip:   8.35 kB
dist/assets/inventory-Dm3HgHpM.js                34.06 kB │ gzip:   9.71 kB
dist/assets/projectBackup-BNz_bbJd.js            57.28 kB │ gzip:  17.54 kB
dist/assets/appTools-DTE8zKVE.js                 89.92 kB │ gzip:  29.03 kB
dist/assets/schemas-CQLyAeC-.js                  94.23 kB │ gzip:  25.95 kB
dist/assets/pdf-AuGYZRgX.js                     487.97 kB │ gzip: 148.28 kB
dist/assets/geometry-DVw-TqYM.js                571.26 kB │ gzip: 224.78 kB
dist/assets/index-BZf3XywX.js                 2,905.52 kB │ gzip: 836.74 kB

[32m✓ built in 1.10s[39m
