✓ Done

✓ Done

✓ Done

✓ Done

true

✓ Done

true

✓ Done

✓ Done

✓ Done

"Rename cancel preserved saved name"

✓ Done

true

"Archive hides managed row and preserves original navigation"

✓ Done

true

✓ Screenshot saved to screenshots/sheet-lifecycle/desktop-archived.png

✓ Done

true

✓ Done

✓ Done

true

✓ Done

"Original SHA/page count unchanged; renamed page 2 first after reload"

✓ Screenshot saved to screenshots/sheet-lifecycle/desktop.png

