[3360:40244:0912/233613.469:INFO:components\enterprise\browser\controller\chrome_browser_cloud_management_controller.cc:241] No machine level policy manager exists.
[99084:97620:0912/233613.508:ERROR:ui\gl\direct_composition_support.cc:254] GetGpuDriverOverlayInfo: Failed to retrieve video device
[99084:97620:0912/233613.510:VERBOSE1:components\viz\service\main\viz_main_impl.cc:87] VizNullHypothesis is disabled (not a warning)
[99084:98116:0912/233613.510:VERBOSE1:base\allocator\scheduler_loop_quarantine_config.cc:195] No entry found for gpu-process/viz-compositor.
[99196:76948:0912/233613.544:INFO:third_party\webrtc\rtc_base\cpu_info.cc:77] Available number of cores: 32
[15856:97732:0912/233613.569:INFO:third_party\webrtc\rtc_base\cpu_info.cc:77] Available number of cores: 32
[98640:34528:0912/233613.569:INFO:third_party\webrtc\rtc_base\cpu_info.cc:77] Available number of cores: 32
[3360:40244:0912/233613.587:WARNING:chrome\browser\extensions\external_registry_loader_win.cc:236] Error observing HKLM: Access is denied. (0x5)
[52944:52520:0912/233613.601:INFO:third_party\webrtc\rtc_base\cpu_info.cc:77] Available number of cores: 32
[68952:45720:0912/233613.603:INFO:third_party\webrtc\rtc_base\cpu_info.cc:77] Available number of cores: 32
[90696:30616:0912/233613.677:INFO:third_party\webrtc\rtc_base\cpu_info.cc:77] Available number of cores: 32
[3360:40244:0912/233615.559:ERROR:components\device_event_log\device_event_log_impl.cc:211] [23:36:15.560] USB: usb_service_win.cc:108 SetupDiGetDeviceProperty({{A45C254E-DF1C-4EFD-8020-67D146A850E0}, 6}) failed: Element not found. (0x490)
[60376:13600:0912/233615.734:INFO:third_party\webrtc\rtc_base\cpu_info.cc:77] Available number of cores: 32
[6348:15544:0912/233615.739:INFO:third_party\webrtc\rtc_base\cpu_info.cc:77] Available number of cores: 32
[11692:55844:0912/233615.803:INFO:third_party\webrtc\rtc_base\cpu_info.cc:77] Available number of cores: 32
[98124:12664:0912/233615.838:INFO:third_party\webrtc\rtc_base\cpu_info.cc:77] Available number of cores: 32
[10224:8580:0912/233615.880:INFO:third_party\webrtc\rtc_base\cpu_info.cc:77] Available number of cores: 32
[78632:98904:0912/233615.918:INFO:third_party\webrtc\rtc_base\cpu_info.cc:77] Available number of cores: 32
[98932:54724:0912/233615.957:INFO:third_party\webrtc\rtc_base\cpu_info.cc:77] Available number of cores: 32
[96040:41380:0912/233615.995:INFO:third_party\webrtc\rtc_base\cpu_info.cc:77] Available number of cores: 32
[35148:99044:0912/233616.052:INFO:third_party\webrtc\rtc_base\cpu_info.cc:77] Available number of cores: 32
[37488:98136:0912/233616.060:INFO:third_party\webrtc\rtc_base\cpu_info.cc:77] Available number of cores: 32
[98688:98224:0912/233616.089:INFO:third_party\webrtc\rtc_base\cpu_info.cc:77] Available number of cores: 32
[3360:98496:0912/233616.603:ERROR:google_apis\gcm\engine\registration_request.cc:291] Registration response error message: PHONE_REGISTRATION_ERROR
[3360:98496:0912/233616.621:ERROR:google_apis\gcm\engine\registration_request.cc:291] Registration response error message: PHONE_REGISTRATION_ERROR
[3360:98496:0912/233616.772:ERROR:google_apis\gcm\engine\mcs_client.cc:702]   Error code: 401  Error message: Authentication Failed: wrong_secret
[3360:98496:0912/233616.772:ERROR:google_apis\gcm\engine\mcs_client.cc:704] Failed to log in to GCM, resetting connection.
[40700:30936:0912/233616.957:INFO:third_party\webrtc\rtc_base\cpu_info.cc:77] Available number of cores: 32
[75384:69912:0912/233616.988:INFO:third_party\webrtc\rtc_base\cpu_info.cc:77] Available number of cores: 32
[99232:99208:0912/233616.988:INFO:third_party\webrtc\rtc_base\cpu_info.cc:77] Available number of cores: 32
[37596:3612:0912/233617.056:INFO:third_party\webrtc\rtc_base\cpu_info.cc:77] Available number of cores: 32
[84716:99284:0912/233617.174:INFO:third_party\webrtc\rtc_base\cpu_info.cc:77] Available number of cores: 32
[13600:81976:0912/233617.198:INFO:third_party\webrtc\rtc_base\cpu_info.cc:77] Available number of cores: 32
[98868:97740:0912/233617.198:INFO:third_party\webrtc\rtc_base\cpu_info.cc:77] Available number of cores: 32
[3360:98496:0912/233620.422:ERROR:google_apis\gcm\engine\registration_request.cc:291] Registration response error message: DEPRECATED_ENDPOINT
[3360:68692:0912/233643.502:INFO:chrome\browser\extensions\extension_garbage_collector.cc:188] Garbage collection for extensions on file thread is complete.
[3360:98496:0912/233645.382:ERROR:google_apis\gcm\engine\registration_request.cc:291] Registration response error message: DEPRECATED_ENDPOINT
[3360:40244:0912/233645.758:INFO:CONSOLE:859] "[vite] connecting...", source: http://127.0.0.1:8091/@vite/client (859)
[3360:40244:0912/233645.764:INFO:CONSOLE:968] "[vite] connected.", source: http://127.0.0.1:8091/@vite/client (968)
