[52752:28988:0913/004143.718:WARNING:chrome\browser\extensions\activity_log\activity_log_policy.cc:71] Scheduling init
[52752:28988:0913/004143.718:WARNING:chrome\browser\extensions\activity_log\activity_log_policy.cc:71] Scheduling init
[77160:100668:0913/004143.769:ERROR:ui\gl\direct_composition_support.cc:254] GetGpuDriverOverlayInfo: Failed to retrieve video device
[77160:100668:0913/004143.770:VERBOSE1:components\viz\service\main\viz_main_impl.cc:87] VizNullHypothesis is disabled (not a warning)
[77160:32300:0913/004143.770:VERBOSE1:base\allocator\scheduler_loop_quarantine_config.cc:195] No entry found for gpu-process/viz-compositor.
[40700:98800:0913/004143.819:INFO:third_party\webrtc\rtc_base\cpu_info.cc:77] Available number of cores: 32
[14580:100396:0913/004143.837:INFO:third_party\webrtc\rtc_base\cpu_info.cc:77] Available number of cores: 32
[99704:63080:0913/004143.878:INFO:third_party\webrtc\rtc_base\cpu_info.cc:77] Available number of cores: 32
[76568:66196:0913/004143.878:INFO:third_party\webrtc\rtc_base\cpu_info.cc:77] Available number of cores: 32
[63104:58952:0913/004143.881:INFO:third_party\webrtc\rtc_base\cpu_info.cc:77] Available number of cores: 32
[100752:52440:0913/004143.883:INFO:third_party\webrtc\rtc_base\cpu_info.cc:77] Available number of cores: 32
[52752:28988:0913/004143.885:WARNING:chrome\browser\extensions\external_registry_loader_win.cc:283] Error observing HKLM: 5
[50876:74692:0913/004143.891:INFO:third_party\webrtc\rtc_base\cpu_info.cc:77] Available number of cores: 32
[53984:13980:0913/004143.895:INFO:third_party\webrtc\rtc_base\cpu_info.cc:77] Available number of cores: 32
[74864:39996:0913/004143.901:INFO:third_party\webrtc\rtc_base\cpu_info.cc:77] Available number of cores: 32
[35160:59828:0913/004143.905:INFO:third_party\webrtc\rtc_base\cpu_info.cc:77] Available number of cores: 32
[99588:54716:0913/004143.910:INFO:third_party\webrtc\rtc_base\cpu_info.cc:77] Available number of cores: 32
[32048:100900:0913/004143.910:INFO:third_party\webrtc\rtc_base\cpu_info.cc:77] Available number of cores: 32
[88116:100744:0913/004143.999:INFO:third_party\webrtc\rtc_base\cpu_info.cc:77] Available number of cores: 32
[52752:28988:0913/004144.027:INFO:CONSOLE:5518] "[ProtocolLaunch] handler constructed; wiring port events.", source: chrome-extension://ndcpkimcihhghdcddljkfmmjccdmcmof/background.rollup.js (5518)
[52752:28988:0913/004146.991:ERROR:components\device_event_log\device_event_log_impl.cc:257] [00:41:46.991] USB: usb_service_win.cc:108 SetupDiGetDeviceProperty({{A45C254E-DF1C-4EFD-8020-67D146A850E0}, 6}) failed: Element not found. (0x490)
[52752:28988:0913/004204.872:WARNING:chrome\browser\edge_underside\underside_helper.cc:1104] If test does not need FrontLoad, this may be expected. SetFrontLoadDecision: 3
[52752:50068:0913/004213.759:INFO:chrome\browser\extensions\extension_garbage_collector.cc:188] Garbage collection for extensions on file thread is complete.
