[20744:6448:0914/124829.019:INFO:components\enterprise\browser\controller\chrome_browser_cloud_management_controller.cc:241] No machine level policy manager exists.
[11364:17488:0914/124829.123:ERROR:ui\gl\direct_composition_support.cc:255] GetGpuDriverOverlayInfo: Failed to retrieve video device
[11364:17488:0914/124829.125:VERBOSE1:components\viz\service\main\viz_main_impl.cc:87] VizNullHypothesis is disabled (not a warning)
[11364:8100:0914/124829.125:VERBOSE1:base\allocator\scheduler_loop_quarantine_config.cc:198] No entry found for gpu-process/viz-compositor.
[4724:13008:0914/124829.171:INFO:third_party\webrtc\rtc_base\cpu_info.cc:77] Available number of cores: 16
[15044:18516:0914/124829.240:INFO:third_party\webrtc\rtc_base\cpu_info.cc:77] Available number of cores: 16
[8072:3728:0914/124829.242:INFO:third_party\webrtc\rtc_base\cpu_info.cc:77] Available number of cores: 16
[14644:11136:0914/124829.328:INFO:third_party\webrtc\rtc_base\cpu_info.cc:77] Available number of cores: 16
[18384:20520:0914/124829.345:INFO:third_party\webrtc\rtc_base\cpu_info.cc:77] Available number of cores: 16
[5672:14112:0914/124829.453:INFO:third_party\webrtc\rtc_base\cpu_info.cc:77] Available number of cores: 16
[16860:2348:0914/124830.146:INFO:third_party\webrtc\rtc_base\cpu_info.cc:77] Available number of cores: 16
[13040:22220:0914/124830.184:INFO:third_party\webrtc\rtc_base\cpu_info.cc:77] Available number of cores: 16
[16200:20588:0914/124830.215:INFO:third_party\webrtc\rtc_base\cpu_info.cc:77] Available number of cores: 16
[19716:18536:0914/124832.258:INFO:third_party\webrtc\rtc_base\cpu_info.cc:77] Available number of cores: 16
[15320:20376:0914/124832.378:INFO:third_party\webrtc\rtc_base\cpu_info.cc:77] Available number of cores: 16
[10028:7692:0914/124832.528:INFO:third_party\webrtc\rtc_base\cpu_info.cc:77] Available number of cores: 16
[18624:12028:0914/124832.591:INFO:third_party\webrtc\rtc_base\cpu_info.cc:77] Available number of cores: 16
[2760:11440:0914/124832.622:INFO:third_party\webrtc\rtc_base\cpu_info.cc:77] Available number of cores: 16
[15972:15892:0914/124832.818:INFO:third_party\webrtc\rtc_base\cpu_info.cc:77] Available number of cores: 16
[20744:4232:0914/124832.922:ERROR:google_apis\gcm\engine\registration_request.cc:291] Registration response error message: DEPRECATED_ENDPOINT
[8432:21716:0914/124833.037:INFO:third_party\webrtc\rtc_base\cpu_info.cc:77] Available number of cores: 16
[8440:21248:0914/124833.291:INFO:third_party\webrtc\rtc_base\cpu_info.cc:77] Available number of cores: 16
[276:6288:0914/124833.485:INFO:third_party\webrtc\rtc_base\cpu_info.cc:77] Available number of cores: 16
[22312:22124:0914/124833.552:INFO:third_party\webrtc\rtc_base\cpu_info.cc:77] Available number of cores: 16
[22180:17400:0914/124833.954:INFO:third_party\webrtc\rtc_base\cpu_info.cc:77] Available number of cores: 16
[12596:14404:0914/124834.137:INFO:third_party\webrtc\rtc_base\cpu_info.cc:77] Available number of cores: 16
[13348:18480:0914/124834.144:INFO:third_party\webrtc\rtc_base\cpu_info.cc:77] Available number of cores: 16
[21364:9824:0914/124834.640:INFO:third_party\webrtc\rtc_base\cpu_info.cc:77] Available number of cores: 16
[20744:20828:0914/124848.058:ERROR:chrome\updater\ipc\update_service_dialer_win.cc:75] Failed to open named pipe server process 22168: Access is denied. (0x5)
[20744:11868:0914/124848.115:ERROR:chrome\updater\ipc\update_service_dialer_win.cc:75] Failed to open named pipe server process 17192: Access is denied. (0x5)
[20744:20828:0914/124848.173:ERROR:chrome\updater\ipc\update_service_dialer_win.cc:75] Failed to open named pipe server process 9308: Access is denied. (0x5)
[20744:11868:0914/124848.586:ERROR:chrome\updater\ipc\update_service_dialer_win.cc:75] Failed to open named pipe server process 18484: Access is denied. (0x5)
[20744:20828:0914/124850.886:ERROR:chrome\updater\ipc\update_service_dialer_win.cc:75] Failed to open named pipe server process 7180: Access is denied. (0x5)
[20744:11868:0914/124850.975:ERROR:chrome\updater\ipc\update_service_dialer_win.cc:75] Failed to open named pipe server process 11520: Access is denied. (0x5)
[20744:6448:0914/124853.603:INFO:CONSOLE:859] "[vite] connecting...", source: http://127.0.0.1:8080/@vite/client (859)
[20744:6448:0914/124853.609:INFO:CONSOLE:968] "[vite] connected.", source: http://127.0.0.1:8080/@vite/client (968)
[20744:4232:0914/124853.786:ERROR:google_apis\gcm\engine\registration_request.cc:291] Registration response error message: DEPRECATED_ENDPOINT
[20744:6448:0914/124854.480:INFO:CONSOLE:14336] "%cDownload the React DevTools for a better development experience: https://react.dev/link/react-devtools font-weight:bold", source: http://127.0.0.1:8080/node_modules/.vite/deps/react-dom_client.js?v=372962b5 (14336)
[20744:6448:0914/124856.701:INFO:CONSOLE:74] "THREE.WebGLShadowMap: PCFSoftShadowMap has been deprecated. Using PCFShadowMap instead.", source: http://127.0.0.1:8080/src/studio/diagnosticsBuffer.ts (74)
[20744:6448:0914/124857.721:INFO:CONSOLE:859] "[vite] connecting...", source: http://127.0.0.1:8080/@vite/client (859)
[20744:6448:0914/124857.734:INFO:CONSOLE:968] "[vite] connected.", source: http://127.0.0.1:8080/@vite/client (968)
[20744:20828:0914/124859.079:INFO:chrome\browser\extensions\extension_garbage_collector.cc:212] Garbage collection for extensions on file thread is complete.
