[18708:17864:0914/021132.576:INFO:components\enterprise\browser\controller\chrome_browser_cloud_management_controller.cc:241] No machine level policy manager exists.
[22032:14304:0914/021132.631:ERROR:ui\gl\direct_composition_support.cc:255] GetGpuDriverOverlayInfo: Failed to retrieve video device
[22032:14304:0914/021132.631:VERBOSE1:components\viz\service\main\viz_main_impl.cc:87] VizNullHypothesis is disabled (not a warning)
[22032:11260:0914/021132.632:VERBOSE1:base\allocator\scheduler_loop_quarantine_config.cc:198] No entry found for gpu-process/viz-compositor.
[13488:19720:0914/021132.694:INFO:third_party\webrtc\rtc_base\cpu_info.cc:77] Available number of cores: 16
[7820:9952:0914/021132.721:INFO:third_party\webrtc\rtc_base\cpu_info.cc:77] Available number of cores: 16
[19600:18832:0914/021132.727:INFO:third_party\webrtc\rtc_base\cpu_info.cc:77] Available number of cores: 16
[9116:17696:0914/021132.756:INFO:third_party\webrtc\rtc_base\cpu_info.cc:77] Available number of cores: 16
[6392:15232:0914/021132.761:INFO:third_party\webrtc\rtc_base\cpu_info.cc:77] Available number of cores: 16
[15960:21676:0914/021133.109:INFO:third_party\webrtc\rtc_base\cpu_info.cc:77] Available number of cores: 16
[15636:12688:0914/021133.421:INFO:third_party\webrtc\rtc_base\cpu_info.cc:77] Available number of cores: 16
[16992:11956:0914/021133.445:INFO:third_party\webrtc\rtc_base\cpu_info.cc:77] Available number of cores: 16
[21684:2968:0914/021133.445:INFO:third_party\webrtc\rtc_base\cpu_info.cc:77] Available number of cores: 16
[14260:22204:0914/021133.506:INFO:third_party\webrtc\rtc_base\cpu_info.cc:77] Available number of cores: 16
[22124:19824:0914/021133.665:INFO:third_party\webrtc\rtc_base\cpu_info.cc:77] Available number of cores: 16
[21552:14992:0914/021133.692:INFO:third_party\webrtc\rtc_base\cpu_info.cc:77] Available number of cores: 16
[6540:11356:0914/021133.693:INFO:third_party\webrtc\rtc_base\cpu_info.cc:77] Available number of cores: 16
[18708:17864:0914/021134.557:INFO:CONSOLE:108] "THREE.WebGLShadowMap: PCFSoftShadowMap has been deprecated. Using PCFShadowMap instead.", source: http://127.0.0.1:8081/assets/routes-BD6li23s.js (108)
[7996:20492:0914/021135.245:INFO:third_party\webrtc\rtc_base\cpu_info.cc:77] Available number of cores: 16
[15884:19680:0914/021135.309:INFO:third_party\webrtc\rtc_base\cpu_info.cc:77] Available number of cores: 16
[19608:16776:0914/021135.419:INFO:third_party\webrtc\rtc_base\cpu_info.cc:77] Available number of cores: 16
[1200:17092:0914/021135.502:INFO:third_party\webrtc\rtc_base\cpu_info.cc:77] Available number of cores: 16
[10388:2532:0914/021135.608:INFO:third_party\webrtc\rtc_base\cpu_info.cc:77] Available number of cores: 16
[10876:7648:0914/021135.665:INFO:third_party\webrtc\rtc_base\cpu_info.cc:77] Available number of cores: 16
[6728:20936:0914/021135.742:INFO:third_party\webrtc\rtc_base\cpu_info.cc:77] Available number of cores: 16
[10352:19332:0914/021135.742:INFO:third_party\webrtc\rtc_base\cpu_info.cc:77] Available number of cores: 16
[9144:19804:0914/021135.870:INFO:third_party\webrtc\rtc_base\cpu_info.cc:77] Available number of cores: 16
[3528:19404:0914/021135.878:INFO:third_party\webrtc\rtc_base\cpu_info.cc:77] Available number of cores: 16
[18708:18108:0914/021135.891:ERROR:google_apis\gcm\engine\registration_request.cc:291] Registration response error message: DEPRECATED_ENDPOINT
[6700:13836:0914/021135.896:INFO:third_party\webrtc\rtc_base\cpu_info.cc:77] Available number of cores: 16
[8704:7476:0914/021136.210:INFO:third_party\webrtc\rtc_base\cpu_info.cc:77] Available number of cores: 16
