[6636:17644:0914/124341.471:INFO:components\enterprise\browser\controller\chrome_browser_cloud_management_controller.cc:241] No machine level policy manager exists.
[21700:2096:0914/124341.564:ERROR:ui\gl\direct_composition_support.cc:255] GetGpuDriverOverlayInfo: Failed to retrieve video device
[21700:2096:0914/124341.565:VERBOSE1:components\viz\service\main\viz_main_impl.cc:87] VizNullHypothesis is disabled (not a warning)
[21700:19108:0914/124341.565:VERBOSE1:base\allocator\scheduler_loop_quarantine_config.cc:198] No entry found for gpu-process/viz-compositor.
[17968:9072:0914/124341.568:INFO:third_party\webrtc\rtc_base\cpu_info.cc:77] Available number of cores: 16
[9204:14628:0914/124341.602:INFO:third_party\webrtc\rtc_base\cpu_info.cc:77] Available number of cores: 16
[3316:7492:0914/124341.603:INFO:third_party\webrtc\rtc_base\cpu_info.cc:77] Available number of cores: 16
[19392:21580:0914/124341.646:INFO:third_party\webrtc\rtc_base\cpu_info.cc:77] Available number of cores: 16
[17404:16884:0914/124341.646:INFO:third_party\webrtc\rtc_base\cpu_info.cc:77] Available number of cores: 16
[2060:16888:0914/124342.003:INFO:third_party\webrtc\rtc_base\cpu_info.cc:77] Available number of cores: 16
[22420:6464:0914/124342.371:INFO:third_party\webrtc\rtc_base\cpu_info.cc:77] Available number of cores: 16
[8440:16732:0914/124342.390:INFO:third_party\webrtc\rtc_base\cpu_info.cc:77] Available number of cores: 16
[3448:5124:0914/124342.392:INFO:third_party\webrtc\rtc_base\cpu_info.cc:77] Available number of cores: 16
[15576:21248:0914/124342.445:INFO:third_party\webrtc\rtc_base\cpu_info.cc:77] Available number of cores: 16
[10552:15148:0914/124342.577:INFO:third_party\webrtc\rtc_base\cpu_info.cc:77] Available number of cores: 16
[1196:16748:0914/124342.599:INFO:third_party\webrtc\rtc_base\cpu_info.cc:77] Available number of cores: 16
[13920:22076:0914/124342.599:INFO:third_party\webrtc\rtc_base\cpu_info.cc:77] Available number of cores: 16
[16756:7372:0914/124344.197:INFO:third_party\webrtc\rtc_base\cpu_info.cc:77] Available number of cores: 16
[16068:3456:0914/124344.197:INFO:third_party\webrtc\rtc_base\cpu_info.cc:77] Available number of cores: 16
[21272:14948:0914/124344.306:INFO:third_party\webrtc\rtc_base\cpu_info.cc:77] Available number of cores: 16
[1708:14000:0914/124344.433:INFO:third_party\webrtc\rtc_base\cpu_info.cc:77] Available number of cores: 16
[17580:15712:0914/124344.524:INFO:third_party\webrtc\rtc_base\cpu_info.cc:77] Available number of cores: 16
[15100:19320:0914/124344.590:INFO:third_party\webrtc\rtc_base\cpu_info.cc:77] Available number of cores: 16
[7592:13892:0914/124344.622:INFO:third_party\webrtc\rtc_base\cpu_info.cc:77] Available number of cores: 16
[9244:10820:0914/124344.670:INFO:third_party\webrtc\rtc_base\cpu_info.cc:77] Available number of cores: 16
[15540:7692:0914/124344.671:INFO:third_party\webrtc\rtc_base\cpu_info.cc:77] Available number of cores: 16
[17500:16252:0914/124344.769:INFO:third_party\webrtc\rtc_base\cpu_info.cc:77] Available number of cores: 16
[6636:18620:0914/124345.088:ERROR:google_apis\gcm\engine\registration_request.cc:291] Registration response error message: DEPRECATED_ENDPOINT
[20680:14592:0914/124348.230:INFO:third_party\webrtc\rtc_base\cpu_info.cc:77] Available number of cores: 16
[20808:15600:0914/124349.958:INFO:third_party\webrtc\rtc_base\cpu_info.cc:77] Available number of cores: 16
[20564:10544:0914/124350.695:INFO:third_party\webrtc\rtc_base\cpu_info.cc:77] Available number of cores: 16
[6636:17644:0914/124356.509:INFO:CONSOLE:859] "[vite] connecting...", source: http://127.0.0.1:8080/@vite/client (859)
[6636:17644:0914/124356.514:INFO:CONSOLE:968] "[vite] connected.", source: http://127.0.0.1:8080/@vite/client (968)
[6636:17644:0914/124357.083:INFO:CONSOLE:14336] "%cDownload the React DevTools for a better development experience: https://react.dev/link/react-devtools font-weight:bold", source: http://127.0.0.1:8080/node_modules/.vite/deps/react-dom_client.js?v=372962b5 (14336)
[6636:17644:0914/124359.285:INFO:CONSOLE:74] "THREE.WebGLShadowMap: PCFSoftShadowMap has been deprecated. Using PCFShadowMap instead.", source: http://127.0.0.1:8080/src/studio/diagnosticsBuffer.ts (74)
[6636:9052:0914/124400.515:ERROR:chrome\updater\ipc\update_service_dialer_win.cc:75] Failed to open named pipe server process 9312: Access is denied. (0x5)
[6636:19868:0914/124400.574:ERROR:chrome\updater\ipc\update_service_dialer_win.cc:75] Failed to open named pipe server process 3884: Access is denied. (0x5)
[6636:9052:0914/124400.635:ERROR:chrome\updater\ipc\update_service_dialer_win.cc:75] Failed to open named pipe server process 10048: Access is denied. (0x5)
[6636:19868:0914/124400.697:ERROR:chrome\updater\ipc\update_service_dialer_win.cc:75] Failed to open named pipe server process 7068: Access is denied. (0x5)
[6636:9052:0914/124400.765:ERROR:chrome\updater\ipc\update_service_dialer_win.cc:75] Failed to open named pipe server process 12724: Access is denied. (0x5)
[6636:19868:0914/124400.838:ERROR:chrome\updater\ipc\update_service_dialer_win.cc:75] Failed to open named pipe server process 14208: Access is denied. (0x5)
[6636:17644:0914/124400.933:INFO:CONSOLE:859] "[vite] connecting...", source: http://127.0.0.1:8080/@vite/client (859)
[6636:17644:0914/124400.949:INFO:CONSOLE:968] "[vite] connected.", source: http://127.0.0.1:8080/@vite/client (968)
[6636:17644:0914/124401.246:INFO:CONSOLE:74] "THREE.WebGLShadowMap: PCFSoftShadowMap has been deprecated. Using PCFShadowMap instead.", source: http://127.0.0.1:8080/src/studio/diagnosticsBuffer.ts (74)
