== freeze web 2026-09-09T06:34:36+10:00
{"source":{"file":"C:\\Users\\danie\\repo\\xray-by-looplet\\proof\\growth\\2026-09-09-az4-release\\transfer\\source.tar","bytes":315312128,"sha256":"b1117e054a718cc5f5791ffb48c6da613952667e763233cba0ed7569fc3ad2b1"},"runtime":{"file":"C:\\Users\\danie\\repo\\xray-by-looplet\\proof\\growth\\2026-09-09-az4-release\\transfer\\node-runtime.tar","bytes":107847680,"sha256":"8e87b113f36b78dbd615e00cbd64cbdcef3376d2c0280e5a347c969505105e64"},"sourceFiles":593}
== freeze native 2026-09-09T06:34:49+10:00
{"files":102,"bytes":11336192,"sha256":"6c59a78ab80133d9e5bb6adeb3dfa812ea826c7f4cdc5750dd271c435e03aaab"}
== run id b1117e054a71
== transfer 2026-09-09T06:34:50+10:00
$ErrorActionPreference = 'Stop'
if ($env:COMPUTERNAME -ne 'DANS1') { throw 'Dedicated resource policy is restricted to Dans1.' }
$dansMachine = Get-CimInstance Win32_ComputerSystem
$dansWorkers = [int]$dansMachine.NumberOfLogicalProcessors
if ($dansWorkers -lt 1) { throw 'Cannot determine CPU capacity.' }
if (-not ('DansBuildPriorityJob' -as [type])) {
Add-Type -TypeDefinition @'
using System;
using System.ComponentModel;
using System.Runtime.InteropServices;
public static class DansBuildPriorityJob {
  [StructLayout(LayoutKind.Sequential)] struct Limits {
    public long ProcessTime, JobTime;
    public uint Flags;
    public UIntPtr MinimumWorkingSet, MaximumWorkingSet;
    public uint ActiveProcesses;
    public UIntPtr Affinity;
    public uint PriorityClass, SchedulingClass;
  }
  [DllImport("kernel32.dll", SetLastError=true)] static extern IntPtr CreateJobObject(IntPtr attrs, string name);
  [DllImport("kernel32.dll", SetLastError=true)] static extern bool SetInformationJobObject(IntPtr job, int info, ref Limits limits, uint size);
  [DllImport("kernel32.dll", SetLastError=true)] static extern bool AssignProcessToJobObject(IntPtr job, IntPtr process);
  [DllImport("kernel32.dll")] static extern IntPtr GetCurrentProcess();
  public static IntPtr Handle;
  public static void Apply() {
    if (Handle != IntPtr.Zero) return;
    var job = CreateJobObject(IntPtr.Zero, null);
    if (job == IntPtr.Zero) throw new Win32Exception();
    // HIGH_PRIORITY_CLASS for this worker and descendants; no kill-on-close.
    var limits = new Limits { Flags = 0x20, PriorityClass = 0x80 };
    if (!SetInformationJobObject(job, 2, ref limits, (uint)Marshal.SizeOf(typeof(Limits)))) throw new Win32Exception();
    if (!AssignProcessToJobObject(job, GetCurrentProcess())) throw new Win32Exception();
    Handle = job;
  }
}
'@
}
[DansBuildPriorityJob]::Apply()
[Diagnostics.Process]::GetCurrentProcess().PriorityClass = 'High'
$env:XRAY_BUILD_PROFILE = 'dedicated'
$env:RAYON_NUM_THREADS = [string]$dansWorkers
$env:CARGO_BUILD_JOBS = [string]$dansWorkers
$env:CMAKE_BUILD_PARALLEL_LEVEL = [string]$dansWorkers
$env:UV_THREADPOOL_SIZE = [string]$dansWorkers
$dansResourcePolicy = [pscustomobject]@{
  computer = $env:COMPUTERNAME
  priority = [Diagnostics.Process]::GetCurrentProcess().PriorityClass.ToString()
  logicalProcessors = $dansWorkers
  rayonWorkers = $dansWorkers
  cargoJobs = $dansWorkers
  memoryGiB = [math]::Round($dansMachine.TotalPhysicalMemory / 1GB, 1)
  profile = $env:XRAY_BUILD_PROFILE
  localAssistance = 'Only if needed; cap background build workers to at most 20% aggregate CPU before launching.'
  updatedAt = [DateTime]::UtcNow.ToString('o')
}
$dansResourcePolicy | ConvertTo-Json | Set-Content -LiteralPath 'C:\Users\danie\XRayBuilds\resource-policy.json' -Encoding UTF8
** WARNING: connection is not using a post-quantum key exchange algorithm.
** This session may be vulnerable to "store now, decrypt later" attacks.
** The server may need to be upgraded. See https://openssh.com/pq.html
#< CLIXML
<Objs Version="1.1.0.1" xmlns="http://schemas.microsoft.com/powershell/2004/04"><Obj S="progress" RefId="0"><TN RefId="0"><T>System.Management.Automation.PSCustomObject</T><T>System.Object</T></TN><MS><I64 N="SourceId">1</I64><PR N="Record"><AV>Preparing modules for first use.</AV><AI>0</AI><Nil /><PI>-1</PI><PC>-1</PC><T>Completed</T><SR>-1</SR><SD> </SD></PR></MS></Obj></Objs>** WARNING: connection is not using a post-quantum key exchange algorithm.
** This session may be vulnerable to "store now, decrypt later" attacks.
** The server may need to be upgraded. See https://openssh.com/pq.html
All transferred archives, manifests, and worker scripts verified
** WARNING: connection is not using a post-quantum key exchange algorithm.
** This session may be vulnerable to "store now, decrypt later" attacks.
** The server may need to be upgraded. See https://openssh.com/pq.html
{"at":"2026-09-08T20:35:29.382Z","runId":"b1117e054a71","incoming":"C:/Users/danie/XRayBuilds/incoming/b1117e054a71","sourceSha256":"b1117e054a718cc5f5791ffb48c6da613952667e763233cba0ed7569fc3ad2b1","runtimeSha256":"8e87b113f36b78dbd615e00cbd64cbdcef3376d2c0280e5a347c969505105e64","nativeSourceSha256":"6c59a78ab80133d9e5bb6adeb3dfa812ea826c7f4cdc5750dd271c435e03aaab","workerSha256":"8c4852fadbce05342e2ed72e1a7b7eb1ed8931f2f6586f5ab46ff3ba3126354d","files":[{"path":"proof/growth/2026-09-09-az4-release/transfer/source.tar","sha256":"b1117e054a718cc5f5791ffb48c6da613952667e763233cba0ed7569fc3ad2b1","bytes":315312128},{"path":"proof/growth/2026-09-09-az4-release/transfer/node-runtime.tar","sha256":"8e87b113f36b78dbd615e00cbd64cbdcef3376d2c0280e5a347c969505105e64","bytes":107847680},{"path":"proof/growth/2026-09-09-az4-release/transfer/native-source.tar","sha256":"6c59a78ab80133d9e5bb6adeb3dfa812ea826c7f4cdc5750dd271c435e03aaab","bytes":11336192},{"path":"proof/growth/2026-09-09-az4-release/transfer/source-manifest.json","sha256":"d9864ef35e337512a6e98830fa4afaf84186e8aff1ebc6ce922d84a020050104","bytes":87715},{"path":"proof/growth/2026-09-09-az4-release/transfer/native-manifest.json","sha256":"d0a4f6b6844963df403dcc48344aff84c4769a06880e21ba35740b3f0a3114ce","bytes":15265},{"path":"proof/growth/2026-09-09-az4-release/worker.ps1","sha256":"8c4852fadbce05342e2ed72e1a7b7eb1ed8931f2f6586f5ab46ff3ba3126354d","bytes":10898},{"path":"proof/growth/2026-09-09-az4-release/start-preview.ps1","sha256":"18041c8cac56cf37673663c2cfda611f0cca26fcd97d31c2320e29d805cfeba1","bytes":2002},{"path":"proof/growth/2026-09-09-az4-release/remote-collect-artifacts.ps1","sha256":"f586dab51ce941ae397460884f9d192894e571d7a055844cb9dcc3a21a0714d7","bytes":3907}]}
== build 2026-09-09T06:35:29+10:00
** WARNING: connection is not using a post-quantum key exchange algorithm.
** This session may be vulnerable to "store now, decrypt later" attacks.
** The server may need to be upgraded. See https://openssh.com/pq.html
Verified 593 web and 102 native files. Node: v24.20.0
{"step":"dependencies","exitCode":0,"seconds":11.7152026,"priority":"High","rayonWorkers":16,"cargoJobs":16}
{"step":"typecheck","exitCode":0,"seconds":8.4949145,"priority":"High","rayonWorkers":16,"cargoJobs":16}
{"step":"focused-tests","exitCode":0,"seconds":2.8640371,"priority":"High","rayonWorkers":16,"cargoJobs":16}
{"step":"web-build","exitCode":0,"seconds":4.5895943,"priority":"High","rayonWorkers":16,"cargoJobs":16}
WEB_READY: production output available for browser QA; native build follows sequentially.

 Log File : C:\Users\danie\XRayBuilds\runs\b1117e054a71\cargo-cache-copy.log
{"step":"native-build","exitCode":0,"seconds":150.31190429999998,"priority":"High","rayonWorkers":16,"cargoJobs":16}
{"step":"native-assistant-tests","exitCode":0,"seconds":14.609300699999999,"priority":"High","rayonWorkers":16,"cargoJobs":16}
{"step":"native-material-tests","exitCode":0,"seconds":4.8822291999999994,"priority":"High","rayonWorkers":16,"cargoJobs":16}
BUILD_COMPLETE: web and NSIS artifacts verified; no deployment or installation performed.
== collect 2026-09-09T06:39:03+10:00
{"path":"C:\\Users\\danie\\XRayBuilds\\runs\\b1117e054a71\\native-artifacts.tar","sha256":"393b4f62fd677800d2db3f59fba25269b9d5d0922b1abad2fca30d03345fbaef","bytes":537435136}
{"path":"C:\\Users\\danie\\XRayBuilds\\runs\\b1117e054a71\\web-artifacts.tar","sha256":"8fba099101a02e24ccac4e0299d2e41c5be50db7bd220b2cea85dfab2566b967","bytes":324439040}
** WARNING: connection is not using a post-quantum key exchange algorithm.
** This session may be vulnerable to "store now, decrypt later" attacks.
** The server may need to be upgraded. See https://openssh.com/pq.html
** WARNING: connection is not using a post-quantum key exchange algorithm.
** This session may be vulnerable to "store now, decrypt later" attacks.
** The server may need to be upgraded. See https://openssh.com/pq.html
** WARNING: connection is not using a post-quantum key exchange algorithm.
** This session may be vulnerable to "store now, decrypt later" attacks.
** The server may need to be upgraded. See https://openssh.com/pq.html
** WARNING: connection is not using a post-quantum key exchange algorithm.
** This session may be vulnerable to "store now, decrypt later" attacks.
** The server may need to be upgraded. See https://openssh.com/pq.html
** WARNING: connection is not using a post-quantum key exchange algorithm.
** This session may be vulnerable to "store now, decrypt later" attacks.
** The server may need to be upgraded. See https://openssh.com/pq.html
== verify artifacts 2026-09-09T06:40:22+10:00
{"at":"2026-09-08T20:40:32.506Z","runId":"b1117e054a71","status":"pass","sourceSha256":"b1117e054a718cc5f5791ffb48c6da613952667e763233cba0ed7569fc3ad2b1","nativeSourceSha256":"6c59a78ab80133d9e5bb6adeb3dfa812ea826c7f4cdc5750dd271c435e03aaab","archives":[{"archive":"native-artifacts.tar","sha256":"393b4f62fd677800d2db3f59fba25269b9d5d0922b1abad2fca30d03345fbaef","files":10,"destination":"C:\\Users\\danie\\repo\\xray-by-looplet\\proof\\growth\\2026-09-09-az4-release\\release-b1117e054a71\\artifacts"},{"archive":"web-artifacts.tar","sha256":"8fba099101a02e24ccac4e0299d2e41c5be50db7bd220b2cea85dfab2566b967","files":228,"destination":"C:\\Users\\danie\\repo\\xray-by-looplet\\proof\\growth\\2026-09-09-az4-release\\release-b1117e054a71\\web-artifacts"}],"installed":false,"launched":false}
== build identity 2026-09-09T06:40:32+10:00
{"at":"2026-09-08T20:40:32.955Z","runId":"b1117e054a71","status":"pass","buildIdInjected":"b1117e054a71","buildIdPresentInWebAssets":["routes-DHBFETkB.js"],"sourceSha256":"b1117e054a718cc5f5791ffb48c6da613952667e763233cba0ed7569fc3ad2b1","nativeSourceSha256":"6c59a78ab80133d9e5bb6adeb3dfa812ea826c7f4cdc5750dd271c435e03aaab","gates":[{"step":"dependencies","exitCode":0,"seconds":11.7152026,"priority":"High","rayonWorkers":16,"cargoJobs":16},{"step":"typecheck","exitCode":0,"seconds":8.4949145,"priority":"High","rayonWorkers":16,"cargoJobs":16},{"step":"focused-tests","exitCode":0,"seconds":2.8640371,"priority":"High","rayonWorkers":16,"cargoJobs":16},{"step":"web-build","exitCode":0,"seconds":4.5895943,"priority":"High","rayonWorkers":16,"cargoJobs":16},{"step":"native-build","exitCode":0,"seconds":150.31190429999998,"priority":"High","rayonWorkers":16,"cargoJobs":16},{"step":"native-assistant-tests","exitCode":0,"seconds":14.609300699999999,"priority":"High","rayonWorkers":16,"cargoJobs":16},{"step":"native-material-tests","exitCode":0,"seconds":4.882229199999999,"priority":"High","rayonWorkers":16,"cargoJobs":16}],"webAssetsMatchedToBuildCompletion":25,"nativeArtifactsMatchedToBuildCompletion":2,"runtimeArmAssetsMatchedToFreeze":2}
== PIPELINE_COMPLETE 2026-09-09T06:40:32+10:00
