== az4-prod-regress prod-warm-long 2026-09-09T06:43:28+10:00
{"session":"az4-prod-regress","scenario":"proof/growth/2026-09-09-az4-release/scenarios/prod-warm-long.json","savedScenario":"C:\\Users\\danie\\repo\\xray-by-looplet\\proof\\growth\\runner\\2026-09-08T20-43-28-045Z-az4-prod-regress.scenario.json","scenarioSha2
== az4-prod-regress prod-warm-long 2026-09-09T06:43:29+10:00
{"session":"az4-prod-regress","scenario":"proof/growth/2026-09-09-az4-release/scenarios/prod-warm-long.json","savedScenario":"C:\\Users\\danie\\repo\\xray-by-looplet\\proof\\growth\\runner\\2026-09-08T20-43-29-982Z-az4-prod-regress.scenario.json","scenarioSha2
== az4-prod-regress prod-warm 2026-09-09T06:43:30+10:00
{"session":"az4-prod-regress","scenario":"proof/growth/2026-09-09-az4-release/scenarios/prod-warm.json","savedScenario":"C:\\Users\\danie\\repo\\xray-by-looplet\\proof\\growth\\runner\\2026-09-08T20-43-30-224Z-az4-prod-regress.scenario.json","scenarioSha256":"
== az4-prod-regress prod-saves-1 2026-09-09T06:43:30+10:00
{"session":"az4-prod-regress","scenario":"proof/growth/2026-09-09-az4-release/scenarios/prod-saves-1.json","savedScenario":"C:\\Users\\danie\\repo\\xray-by-looplet\\proof\\growth\\runner\\2026-09-08T20-43-30-466Z-az4-prod-regress.scenario.json","scenarioSha256
== az4-prod-regress prod-sheets-scenario-0-import 2026-09-09T06:43:31+10:00
{"session":"az4-prod-regress","scenario":"proof/growth/2026-09-09-az4-release/scenarios/prod-sheets-scenario-0-import.json","savedScenario":"C:\\Users\\danie\\repo\\xray-by-looplet\\proof\\growth\\runner\\2026-09-08T20-43-31-312Z-az4-prod-regress.scenario.json
== az4-prod-regress prod-sheets-scenario-a-rename-desktop 2026-09-09T06:43:32+10:00
{"session":"az4-prod-regress","scenario":"proof/growth/2026-09-09-az4-release/scenarios/prod-sheets-scenario-a-rename-desktop.json","savedScenario":"C:\\Users\\danie\\repo\\xray-by-looplet\\proof\\growth\\runner\\2026-09-08T20-43-32-488Z-az4-prod-regress.scena
== az4-prod-regress production-hardened-layout 2026-09-09T06:43:34+10:00
{"session":"az4-prod-regress","scenario":"proof/growth/2026-09-09-az4-release/scenarios/production-hardened-layout.json","savedScenario":"C:\\Users\\danie\\repo\\xray-by-looplet\\proof\\growth\\runner\\2026-09-08T20-43-34-413Z-az4-prod-regress.scenario.json","
== az4-prod-regress production-hardened-guards 2026-09-09T06:43:35+10:00
{"session":"az4-prod-regress","scenario":"proof/growth/2026-09-09-az4-release/scenarios/production-hardened-guards.json","savedScenario":"C:\\Users\\danie\\repo\\xray-by-looplet\\proof\\growth\\runner\\2026-09-08T20-43-35-379Z-az4-prod-regress.scenario.json","
== az4-prod-regress prod-pricing-a-desktop 2026-09-09T06:43:36+10:00
{"session":"az4-prod-regress","scenario":"proof/growth/2026-09-09-az4-release/scenarios/prod-pricing-a-desktop.json","savedScenario":"C:\\Users\\danie\\repo\\xray-by-looplet\\proof\\growth\\runner\\2026-09-08T20-43-36-260Z-az4-prod-regress.scenario.json","scen
== az4-prod-assist prod-warm-long 2026-09-09T06:43:37+10:00
{"session":"az4-prod-assist","scenario":"proof/growth/2026-09-09-az4-release/scenarios/prod-warm-long.json","savedScenario":"C:\\Users\\danie\\repo\\xray-by-looplet\\proof\\growth\\runner\\2026-09-08T20-43-37-233Z-az4-prod-assist.scenario.json","scenarioSha256
== az4-prod-assist prod-warm-long 2026-09-09T06:43:38+10:00
{"session":"az4-prod-assist","scenario":"proof/growth/2026-09-09-az4-release/scenarios/prod-warm-long.json","savedScenario":"C:\\Users\\danie\\repo\\xray-by-looplet\\proof\\growth\\runner\\2026-09-08T20-43-38-513Z-az4-prod-assist.scenario.json","scenarioSha256
== az4-prod-assist prod-wireframe-desktop 2026-09-09T06:43:38+10:00
{"session":"az4-prod-assist","scenario":"proof/growth/2026-09-09-az4-release/scenarios/prod-wireframe-desktop.json","savedScenario":"C:\\Users\\danie\\repo\\xray-by-looplet\\proof\\growth\\runner\\2026-09-08T20-43-38-733Z-az4-prod-assist.scenario.json","scenar
== az4-prod-assist prod-wireframe-tablet 2026-09-09T06:44:00+10:00
{"session":"az4-prod-assist","scenario":"proof/growth/2026-09-09-az4-release/scenarios/prod-wireframe-tablet.json","savedScenario":"C:\\Users\\danie\\repo\\xray-by-looplet\\proof\\growth\\runner\\2026-09-08T20-44-00-279Z-az4-prod-assist.scenario.json","scenari
== az4-prod-assist prod-workbench-desktop 2026-09-09T06:44:33+10:00
{"session":"az4-prod-assist","scenario":"proof/growth/2026-09-09-az4-release/scenarios/prod-workbench-desktop.json","savedScenario":"C:\\Users\\danie\\repo\\xray-by-looplet\\proof\\growth\\runner\\2026-09-08T20-44-33-977Z-az4-prod-assist.scenario.json","scenar
== az4-prod-assist prod-workbench-continue 2026-09-09T06:44:49+10:00
{"session":"az4-prod-assist","scenario":"proof/growth/2026-09-09-az4-release/scenarios/prod-workbench-continue.json","savedScenario":"C:\\Users\\danie\\repo\\xray-by-looplet\\proof\\growth\\runner\\2026-09-08T20-44-50-014Z-az4-prod-assist.scenario.json","scena
== PRODUCTION_QA_DONE 2026-09-09T06:44:54+10:00
