[10204:4080:0912/210629.740:WARNING:chrome\browser\chrome_browser_main_win.cc:1672] Edge is running elevated: 3
[10204:4080:0912/210629.798:WARNING:chrome\browser\extensions\activity_log\activity_log_policy.cc:71] Scheduling init
[10204:4080:0912/210629.798:WARNING:chrome\browser\extensions\activity_log\activity_log_policy.cc:71] Scheduling init
[8048:16740:0912/210629.835:ERROR:ui\gl\direct_composition_support.cc:772] DCompositionCreateDevice3 failed: Access is denied. (0x80070005)
[8048:16740:0912/210629.835:VERBOSE1:components\viz\service\main\viz_main_impl.cc:87] VizNullHypothesis is disabled (not a warning)
[8048:2060:0912/210629.835:VERBOSE1:base\allocator\scheduler_loop_quarantine_config.cc:195] No entry found for gpu-process/viz-compositor.
[6548:16216:0912/210629.867:INFO:third_party\webrtc\rtc_base\cpu_info.cc:77] Available number of cores: 16
[20412:14576:0912/210629.898:INFO:third_party\webrtc\rtc_base\cpu_info.cc:77] Available number of cores: 16
[12424:16712:0912/210629.916:INFO:third_party\webrtc\rtc_base\cpu_info.cc:77] Available number of cores: 16
[17052:16516:0912/210629.918:INFO:third_party\webrtc\rtc_base\cpu_info.cc:77] Available number of cores: 16
[5696:16336:0912/210629.924:INFO:third_party\webrtc\rtc_base\cpu_info.cc:77] Available number of cores: 16
[16620:19264:0912/210629.926:INFO:third_party\webrtc\rtc_base\cpu_info.cc:77] Available number of cores: 16
[13836:18212:0912/210629.932:INFO:third_party\webrtc\rtc_base\cpu_info.cc:77] Available number of cores: 16
[16948:6584:0912/210629.934:INFO:third_party\webrtc\rtc_base\cpu_info.cc:77] Available number of cores: 16
[10256:13572:0912/210629.938:INFO:third_party\webrtc\rtc_base\cpu_info.cc:77] Available number of cores: 16
[5940:436:0912/210629.940:INFO:third_party\webrtc\rtc_base\cpu_info.cc:77] Available number of cores: 16
[18520:4496:0912/210629.944:INFO:third_party\webrtc\rtc_base\cpu_info.cc:77] Available number of cores: 16
[5616:17000:0912/210629.945:INFO:third_party\webrtc\rtc_base\cpu_info.cc:77] Available number of cores: 16
[10680:7396:0912/210629.986:INFO:third_party\webrtc\rtc_base\cpu_info.cc:77] Available number of cores: 16
[10204:4080:0912/210630.008:INFO:CONSOLE:5518] "[ProtocolLaunch] handler constructed; wiring port events.", source: chrome-extension://ndcpkimcihhghdcddljkfmmjccdmcmof/background.rollup.js (5518)
[18440:13728:0912/210630.389:INFO:third_party\webrtc\rtc_base\cpu_info.cc:77] Available number of cores: 16
[8296:11416:0912/210630.391:INFO:third_party\webrtc\rtc_base\cpu_info.cc:77] Available number of cores: 16
[7560:17108:0912/210630.435:INFO:third_party\webrtc\rtc_base\cpu_info.cc:77] Available number of cores: 16
[7384:8748:0912/210630.565:INFO:third_party\webrtc\rtc_base\cpu_info.cc:77] Available number of cores: 16
[9240:9300:0912/210630.565:INFO:third_party\webrtc\rtc_base\cpu_info.cc:77] Available number of cores: 16
[10204:4080:0912/210630.674:ERROR:content\browser\network_service_instance_impl.cc:670] Network service crashed or was terminated, restarting service.
[10204:4080:0912/210630.690:ERROR:chrome\browser\component_updater\edge_language_detection_model_installer.cc:97] Edge Language Detection Model: On-demand update failed with error: 5
[10204:4080:0912/210630.695:ERROR:chrome\browser\task_manager\providers\fallback_task_provider.cc:126] Every renderer should have at least one task provided by a primary task provider. If a "Renderer" fallback task is shown, it is a bug. If you have repro steps, please file a new bug and tag it as a dependency of crbug.com/40528867.
[10204:4080:0912/210630.697:ERROR:chrome\browser\task_manager\providers\fallback_task_provider.cc:126] Every renderer should have at least one task provided by a primary task provider. If a "Renderer" fallback task is shown, it is a bug. If you have repro steps, please file a new bug and tag it as a dependency of crbug.com/40528867.
[10204:4080:0912/210630.698:ERROR:chrome\browser\task_manager\providers\fallback_task_provider.cc:126] Every renderer should have at least one task provided by a primary task provider. If a "Renderer" fallback task is shown, it is a bug. If you have repro steps, please file a new bug and tag it as a dependency of crbug.com/40528867.
[10204:4080:0912/210630.699:ERROR:chrome\browser\task_manager\providers\fallback_task_provider.cc:126] Every renderer should have at least one task provided by a primary task provider. If a "Renderer" fallback task is shown, it is a bug. If you have repro steps, please file a new bug and tag it as a dependency of crbug.com/40528867.
[10204:4080:0912/210630.700:ERROR:chrome\browser\task_manager\providers\fallback_task_provider.cc:126] Every renderer should have at least one task provided by a primary task provider. If a "Renderer" fallback task is shown, it is a bug. If you have repro steps, please file a new bug and tag it as a dependency of crbug.com/40528867.
[10204:19672:0912/210630.886:ERROR:chrome\browser\edge_aadc\user_age_utils_win.cc:163] couldn't get user2.
[10204:19672:0912/210630.886:ERROR:chrome\browser\edge_aadc\user_age_utils_win.cc:310] couldn't get windows user age group.
[10204:19672:0912/210630.886:ERROR:chrome\browser\edge_aadc\user_age_utils_win.cc:156] callback wasn't called.
[10204:4080:0912/210632.041:WARNING:chrome\browser\edge_underside\underside_helper.cc:1104] If test does not need FrontLoad, this may be expected. SetFrontLoadDecision: 3
