▶ construction universal quantities
  ✔ electrical counts need evidence and no calibration or fence fields (7.7919ms)
  ✔ measures plumbing polyline length with evidenced deductions (1.7233ms)
  ✔ measures flooring area independently of polygon winding (1.5144ms)
  ✔ concrete volume requires explicit cross-document evidenced depth (1.1472ms)
  ✔ supports verified native model volume with explicit units/property (1.3311ms)
  ✔ separates multiple trades and duplicate page numbers across documents (0.8154ms)
  ✔ rejects missing/hash-mismatched/future source identity and out-of-range pages (0.9093ms)
  ✔ rejects count item evidence pointing only to another document (0.3302ms)
  ✔ rejects duplicate count items within and across measurements (0.404ms)
  ✔ rejects zero/negative/nonfinite/inconsistent or unevidenced scale (1.2517ms)
  ✔ rejects absent/zero/negative/unevidenced depth without guessing (0.9954ms)
  ✔ rejects self-crossing, overlapping, degenerate and repeated polygon vertices (0.4938ms)
  ✔ rejects wrong-unit, excessive and fractional-count deductions (0.5062ms)
  ✔ rejects forged results, stale review, missing evidence, nonfinite coordinates and extra keys (1.436ms)
  ✔ rejects finite input whose calculated quantity overflows supported bounds (0.2256ms)
  ✔ keeps currency rates exact and final amounts in integer minor units (0.5685ms)
  ✔ rejects internally consistent quantities with stale job or altered provenance (1.3228ms)
✔ construction universal quantities (23.8935ms)
▶ independent verification regressions
  ✔ binds native volume to the exact measured and evidenced model property (0.4984ms)
  ✔ rejects positive length, area and volume underflow rather than certifying zero (0.4339ms)
✔ independent verification regressions (1.021ms)
▶ construction revision lifecycle
  ✔ preserves immutable source/evidence/calibration identity (0.7675ms)
  ✔ requires rereview after operand or work-package changes (1.8045ms)
  ✔ allows review-only transitions and rejects lost history/revision conflicts (1.3667ms)
✔ construction revision lifecycle (4.0843ms)
▶ non-writing legacy fencing import
  ✔ preserves complete v1 and v2 originals, IDs, revisions, assets and historical snapshots (6.9707ms)
  ✔ rejects corrupt and future jobs without writing or accepting partial data (0.7942ms)
✔ non-writing legacy fencing import (7.8443ms)
ℹ tests 24
ℹ suites 4
ℹ pass 24
ℹ fail 0
ℹ cancelled 0
ℹ skipped 0
ℹ todo 0
ℹ duration_ms 198.7346
