✔ SC10-S01 empty worksheet roundtrip retains no rate pins, FX selections or priced history (7.6854ms)
✔ SC10-S02 append preserves exact prior snapshot bytes and freezes each saved source record (58.1684ms)
✔ SC10-S03 append rejects another project and replacement/nonconsecutive revision (14.5986ms)
✔ SC10-S04 saved monetary corruption and missing supplier provenance fail rehydration (5.7663ms)
✔ SC10-S05 draft assignment requires an existing exact rate revision and declared option (0.589ms)
✔ SC10-S06 persisted history rejects removed intermediate revisions and foreign project histories (7.6688ms)
✔ SC10-S07 append cannot save a valid snapshot priced from a different current configuration (17.2439ms)
✔ SC10-S08 append rejects changing contractor content under a historical identity and revision (5.3858ms)
✔ SC10-S09 current catalog pruning may retain self-contained historical snapshots without reusing revision identities (8.3088ms)
✔ SC11-UI01 empty real panel permits inspection but not preparation or automatic restore (7.9979ms)
✔ SC11-UI02 disabled panel keeps both export and file-selection controls unavailable (15.6642ms)
✔ SC11-UI03 package input selects exact latest and immediate predecessor, preserving complete form (15.5159ms)
✔ SC11-UI04 missing saved state, foreign project and unchosen delivery state fail explicitly (7.98ms)
✔ SC11-UI05 changed quantities and missing explicit transmittal/basis inputs cannot export stale revision (13.2084ms)
✔ SC11-UI06 import preview reconciles actual archive membership and every displayed SHA including manifest (66.2451ms)
✔ SC11-UI07 corrupted file cannot produce preview, and failure handling retains exact imported bytes (22.3664ms)
✔ SC11-UI08 restore requires explicit confirmation and the same project before calling host (34.3386ms)
✔ SC11-UI09 host refusal propagates without altering package, worksheet or retained bytes (22.8802ms)
✔ SC11-UI10 project A-to-B-to-A while hashing cancels the pending restore before host mutation (23.0749ms)
✔ SC11-UI11 form, metadata, disabled state and unmount invalidate in-flight work (3.7625ms)
✔ SC11-UI12 a newer action supersedes an older promise without being cancelled itself (0.653ms)
✔ SC11-UI13 actual manifest markup names every file and escapes source-authored text (33.3359ms)
✔ SC11-UI14 file-size guard rejects oversized/invalid files before reading their bytes (0.3361ms)
✔ SC10 focus: forward Tab wraps from the read-only change table to Close (1.6198ms)
✔ SC10 focus: reverse Tab wraps first control to the last reachable region (0.3636ms)
✔ SC10 focus: hidden, disabled, inert and negative tabindex controls are not boundaries (0.3268ms)
✔ SC10 focus: interior Tab keeps native order and positive tabindex stays ahead of normal controls (0.284ms)
✔ SC10 focus: a single control stays reachable in either direction (0.2168ms)
✔ SC10 focus: Escape, modified Tab, cancelled events and closed dialogs are never trapped (0.2125ms)
✔ SC10 focus: open modal fallback does not let Tab leave if its controls disappear (0.1941ms)
✔ SC10 focus: handler is wired to this dialog and native cancel/close restoration is retained (0.2626ms)
✔ real worksheet renders separated report totals, item rows, filters and expandable hierarchy (28.3844ms)
✔ stale or invalid form never exposes a downloadable result (5.7391ms)
✔ locked worksheet cannot download while host writes are unavailable (8.1798ms)
✔ a project with no current source revision disables binding with a readable explanation (10.5899ms)
✔ an unbound worksheet shows explicit, unpopulated binding inputs from the live source (10.1923ms)
✔ a bound worksheet shows its reference, evidence, source and current status (11.5688ms)
✔ a stale binding withholds the report and names the reason instead of showing totals (4.433ms)
✔ an unbound worksheet still presents its unverified report exactly as before (11.3896ms)
✔ SC10 real quantity panel mounts supplier-backed cost controls and withholds unbound pricing (14.5913ms)
✔ SC10 source loading keeps cost changes disabled while exposing the reason (15.8401ms)
✔ SC10 unreadable or loading price books never mount recovered-empty supplier pricing (22.0041ms)
✔ SC10 project switches cannot expose prior-project cost controls or saved choices (23.5632ms)
✔ SC10 host storage errors keep mounted cost mutations disabled (14.5251ms)
✔ SC10 measured-copy action is distinct from bind-only and disabled before current geometry is ready (68.9009ms)
✔ assistant boundary reconciles exact hierarchy quantities, units and residue without mutating inputs (9.442ms)
✔ complete assignment and declared source evidence never enable verified quoting (2.2651ms)
✔ tool accepts unknown inputs only after strict validation and rejects graph duplication/cycles (5.4823ms)
✔ strict tool JSON schema is generated from the actual input boundary (2.4702ms)
✔ explicit root/source nulls remain valid and the declaration explains their meaning (0.9255ms)
✔ result carries the real CSV columns so an explanation never has to infer them (2.2538ms)
✔ result states item-once aggregation, not disjoint evidence, as why inclusive totals are safe (1.3721ms)
✔ inclusive rollup demonstrably re-counts descendant items rather than adding new ones (0.9147ms)
✔ tool description explains the CSV and overlap mechanism it previously only asserted (0.3836ms)
✔ failed live placeholder arguments are rejected with nullable alternatives, never repaired silently (3.389ms)
✔ result carries hierarchical CSV contract and warning notice (0.5654ms)
✔ exact quantities reconcile once at report and parent levels (19.6369ms)
✔ missing assignment remains explicit residue, with no silent quantity loss (1.2441ms)
✔ units and evidence categories cannot be blended into a measured subtotal (1.3728ms)
✔ reclassification preserves every quantity and source without mutating input (1.2981ms)
✔ large and fine decimal values do not lose precision (0.7793ms)
✔ zero quantities and direct parent assignments are accounted for once (0.7032ms)
✔ invalid graphs, duplicate identities and unresolved assignments fail closed (1.9848ms)
✔ invalid quantities and malformed source metadata are rejected at runtime (4.0405ms)
✔ empty hierarchy exposes all items as unclassified; empty report has no totals (0.5093ms)
✔ declared measurement status does not confer source verification or issue authority (0.5661ms)
✔ ordinary fractional zeroes are normalised without changing the quantity (0.5144ms)
✔ SC10-D01 quantity and rate deltas use an exact old-rate counterfactual (35.8323ms)
✔ SC10-D02 added and removed scope is separate and rows have stable deterministic ordering (13.4213ms)
✔ SC10-D03 an inactive proposal is visible but contributes zero accepted/base delta (8.1658ms)
✔ SC10-D04 activation is scope delta and leaves the base tender unchanged (5.0365ms)
✔ SC10-D05 removing acceptance reverses scope exactly, without erasing the proposal (5.0244ms)
✔ SC10-D06 markup and tax changes are rate-policy effects with exact awkward-cent reconciliation (4.0878ms)
✔ SC10-D07 reassigning an existing row to a proposal is a scope effect (4.7088ms)
✔ SC10-D08 incompatible project/currency/revision and corrupted snapshots are rejected (9.1485ms)
✔ SC10-D09 reordering input does not affect comparison bytes; returned history is frozen (7.2761ms)
✔ SC10-D10 quantity subtraction preserves fractional precision and signed zero canonicalization (0.41ms)
✔ SC10-D11 historical supplier and contractor records cannot be rewritten under the same revision (6.6952ms)
✔ A1: a highlight request names an entity; there is no request to highlight nothing (4.7301ms)
✔ A2: a request stores no verdict — only the id the user clicked (0.3474ms)
✔ A3: unknown keys are rejected (0.5168ms)
✔ B1: an unresolvable entity is never emphasised (1.2026ms)
✔ B2: an unmeasured entity is never emphasised as measured (0.5058ms)
✔ B3: a drawn highlight states what it means (0.3502ms)
✔ B4: not drawing anything may say nothing (0.2311ms)
✔ C1: a current, present entity highlights and claims it is current (0.4701ms)
✔ C2: a stale entity is still shown, and says it changed (0.2873ms)
✔ C3: a deleted entity is not drawn, and is not claimed as current (0.3403ms)
✔ C4: an unbound row highlights nothing and invents no entity (0.3008ms)
✔ C5: with no canvas mounted, nothing is claimed to have been highlighted (0.259ms)
✔ C6: an unbound row with no canvas reports not-measured, not merely absent (0.2074ms)
✔ C7: resolution is pure (1.1358ms)
✔ C8: every resolvable state produces a parseable resolution (0.5096ms)
✔ A1: a highlight request names an entity; there is no request to highlight nothing (3.8113ms)
✔ A2: a request stores no verdict — only the id the user clicked (0.2161ms)
✔ A3: unknown keys are rejected (0.283ms)
✔ B1: an unresolvable entity is never emphasised (0.7114ms)
✔ B2: an unmeasured entity is never emphasised as measured (0.177ms)
✔ B3: a drawn highlight states what it means (0.1627ms)
✔ B4: not drawing anything may say nothing (0.102ms)
✔ C1: a current, present entity highlights and claims it is current (0.272ms)
✔ C2: a stale entity is still shown, and says it changed (0.1366ms)
✔ C3: a deleted entity is not drawn, and is not claimed as current (0.1711ms)
✔ C4: an unbound row highlights nothing and invents no entity (0.141ms)
✔ C5: with no canvas mounted, nothing is claimed to have been highlighted (0.1543ms)
✔ C6: an unbound row with no canvas reports not-measured, not merely absent (0.1044ms)
✔ C7: resolution is pure (0.6567ms)
✔ C8: every resolvable state produces a parseable resolution (0.2834ms)
✔ QS measured geometry derives gross length from calibrated points, never cached lengths (4.5755ms)
✔ QS measured geometry updates the quantity and unit for real section dimensions (0.6878ms)
✔ QS measured geometry retains small quantities without display rounding to zero (0.6425ms)
✔ QS measured geometry strips verification authority for sample source (0.6396ms)
✔ QS measured geometry strips verification authority for missing source hash (0.2932ms)
✔ QS measured geometry strips verification authority for missing active source (0.2302ms)
✔ QS measured geometry strips verification authority for foreign calibration candidate (0.3054ms)
✔ QS measured geometry strips verification authority for legacy source coordinates (0.2089ms)
✔ QS measured geometry strips verification authority for scale changed behind its candidate (0.2028ms)
✔ QS measured geometry strips verification authority for unlocked calibration (0.2734ms)
✔ QS measured geometry strips verification authority for missing section dimensions (0.1761ms)
✔ QS measured geometry requires original-byte readiness and uses only the requested sheet (0.2568ms)
✔ A1: an item cannot be bound to itself (1.2532ms)
✔ A2: a source-traced binding must record its calibration (0.4346ms)
✔ A3: a binding with no source document may be uncalibrated (0.2443ms)
✔ A4: unknown keys are rejected (0.4151ms)
✔ A5: a quantity is exact decimal and never rounds (0.188ms)
✔ A5b: binding rejects non-decimal, scientific, signed and float quantities (0.9064ms)
✔ A5b: entity geometry rejects non-decimal, scientific, signed and float quantities (1.0886ms)
✔ A6: an unbindable entity type is rejected (0.236ms)
✔ A7: a non-hex geometry hash is rejected (0.1403ms)
✔ B1: an untouched entity verifies and permits pricing (0.6678ms)
✔ B2: changed geometry is stale and withholds pricing (0.1936ms)
✔ B3: a changed calibration is stale even when geometry is unchanged (0.1144ms)
✔ B3b: a changed source hash makes the entity binding stale (0.0999ms)
✔ B4: a deleted entity reports missing-entity, not stale (0.0758ms)
✔ B5: an entity id that resolves to a different entity reports missing-entity (0.1013ms)
✔ B6: a unit change withholds pricing before any hash comparison (0.0982ms)
✔ B7: an uncalibrated binding never verifies, even when hashes match (0.1045ms)
✔ B8: a calibration cleared on the entity is stale, not uncalibrated (0.1093ms)
✔ B9: a drifted measured quantity is stale (0.118ms)
✔ B9b: editing only the cost-plan quantity makes the immutable binding stale (0.1261ms)
✔ B9c: editing only the cost-plan unit withholds pricing as unit-changed (0.0948ms)
✔ B9d: equivalent decimal spelling does not make an unchanged quantity stale (0.0865ms)
✔ B9e: sample and inferred row evidence cannot verify against matching measured geometry (0.1608ms)
✔ B9f: copied bindings from another project stay stale even when entity IDs and hashes match (0.188ms)
✔ B10: evaluation is pure — the same inputs always give the same verdict (0.1879ms)
✔ B11: a binding stores no verdict field (0.1294ms)
✔ C1: pricingPermitted true with a non-verified status is rejected (0.2663ms)
✔ C2: a non-verified status with no reason is rejected (0.1544ms)
✔ C3: a verified status carrying findings is rejected (0.1429ms)
✔ C4: pricingPermitted false on a verified status is rejected (0.1472ms)
✔ D1: a bound quantity that disagrees with the row is a finding, not a correction (0.2899ms)
✔ D2: the audit line states identity, not a verdict (0.2642ms)
✔ D3: an uncalibrated binding says so in its audit line (0.1539ms)
✔ F1: an uncalculated draft never re-pins, however much its rows changed (0.1323ms)
✔ F2: a calculated draft re-pins when its rows changed (0.0768ms)
✔ F3: a calculated draft with unchanged rows does not re-pin (0.0757ms)
✔ F4: an empty draft never pins, even when the pin in force is off an older draft (0.1634ms)
✔ F5: the pin rule is pure (0.1293ms)
✔ E1: an item with no binding renders as not bound, never as verified (13.6334ms)
✔ E2: a binding whose entity is present and matching renders verified and permits pricing (2.6901ms)
✔ E3: the ledger derives staleness from live geometry — the same stored binding goes stale when the entity moves (1.9238ms)
✔ E4: a bound item whose entity is absent renders missing-entity rather than silently verified (1.8506ms)
✔ E5: the withheld notice appears for unverified items and names each status present (4.8607ms)
✔ G0a: the ledger withholds sample, inferred and foreign-project rows while preserving the current measured row (4.9145ms)
✔ G0: duplicate draft references cannot borrow a bound row's verified evidence (8.5625ms)
✔ G1: a resolvable bound item offers a highlight control naming its claim (3.0281ms)
✔ G2: no canvas mounted means no control, and the claim is not that it was shown (3.8832ms)
✔ G3: a stale item is still highlightable, and says the geometry moved (4.4902ms)
✔ G4: an unbound item offers no control and claims nothing was measured (2.6885ms)
✔ G5: without a handler the row is inert, not a button that does nothing (3.2836ms)
✔ G6: a bound item whose entity is gone offers no control (2.5021ms)
✔ G10: activating a row sends that row's own entity, not its neighbour's (2.7504ms)
✔ G11: an unbound row has nothing to activate (1.3322ms)
✔ G12: activating a stale row still sends the user to the entity, and says it moved (1.3598ms)
✔ G7: highlight state is per row — a verified row and a stale row disagree (2.5219ms)
✔ G8: a ledger that is not told about the surfaces assumes there are none (2.5212ms)
✔ G8b: with no surface to draw on, no row in a mixed ledger claims resolvable (2.8356ms)
✔ G9: a mixed ledger offers a control only on the rows it can show (4.7234ms)
✔ QS measured geometry derives gross length from calibrated points, never cached lengths (22.3728ms)
✔ QS measured geometry updates the quantity and unit for real section dimensions (1.7757ms)
✔ QS measured geometry retains small quantities without display rounding to zero (2.2581ms)
✔ QS measured geometry strips verification authority for sample source (1.2239ms)
✔ QS measured geometry strips verification authority for missing source hash (0.7746ms)
✔ QS measured geometry strips verification authority for missing active source (6.3714ms)
✔ QS measured geometry strips verification authority for foreign calibration candidate (1.7724ms)
✔ QS measured geometry strips verification authority for legacy source coordinates (0.8392ms)
✔ QS measured geometry strips verification authority for scale changed behind its candidate (0.6486ms)
✔ QS measured geometry strips verification authority for unlocked calibration (0.7328ms)
✔ QS measured geometry strips verification authority for missing section dimensions (0.4444ms)
✔ QS measured geometry requires original-byte readiness and uses only the requested sheet (0.3849ms)
✔ SC11-01 package round-trip restores exact typed worksheet, pins and raw decimals without mutation (122.6108ms)
✔ SC11-02 identical snapshots produce identical PDF, CSV and package bytes (35.6051ms)
✔ SC11-03 PDF is a multi-page vector document containing summary, breakdown, variance and provenance (31.8432ms)
✔ SC11-04 CSV contains each actual item once and neutralises formula-like identities (12.1764ms)
✔ SC11-05 all sealed payload files reject independent tampering before restoration (31.2545ms)
✔ SC11-06 resealed PDF/CSV with contradictory contents cannot pass semantic verification (34.257ms)
✔ SC11-07 foreign project restore and forged content hashes leave the package and caller unchanged (18.9244ms)
✔ SC11-08 worksheet quantities, bindings, options and rate assignments must match the saved revision (17.8415ms)
✔ SC11-09 later revisions require the exact preceding preserved cost plan (8.2599ms)
✔ SC11-10 delivery records must identify the same project, revision, source and valid chronology (16.8798ms)
✔ SC11-11 compressed packages reopen, while traversal, additional files and truncation fail closed (34.4366ms)
✔ SC11-12 archive and inflated size declarations are bounded before extraction (32.9612ms)
✔ SC11-13 package capture happens before asynchronous hashing, so later form edits cannot alter export (3.8174ms)
✔ SC11-14 long basis text paginates and Unicode remains explicit and recoverable (90.4252ms)
✔ SC11-15 exact measured quantity beyond six decimals survives export and editable reopen (26.8336ms)
✔ SC11-16 PDF wraps ordinary title and basis words at word boundaries (12.449ms)
✔ SC11-17 oversized audit blocks repeat the exact item identity before continuation text (36.0761ms)
✔ SC10-01 material wastage, explicit labour, markup and GST reconcile in integer cents (31.4074ms)
✔ SC10-02 inclusive and exclusive supplier GST normalize to the same worked result (8.9898ms)
✔ SC10-03 half-up component extension and inclusive extraction preserve the declared gross cent (2.5482ms)
✔ SC10-04 proposed and accepted alternatives never change the base tender (3.5248ms)
✔ SC10-05 unknown/missing tax basis fails closed, while explicit zero tax remains zero (2.4104ms)
✔ SC10-06 currencies stay explicit and cannot silently mix or convert (1.6645ms)
✔ SC10-07 missing, archived, future and wrong-unit supplier pins withhold totals (2.3038ms)
✔ SC10-08 geometry edits, source replacements, missing entity and unbound quantities cannot price (4.9251ms)
✔ SC10-09 source-less and other-project bindings are rejected at the pricing boundary (1.4123ms)
✔ SC10-10 decimal contract rejects exponents, signed values, floats and excess precision (2.9922ms)
✔ SC10-11 overflow fails closed instead of returning an unsafe amount (1.6482ms)
✔ SC10-12 append preserves frozen history and rejects stale or replacement revisions (2.6888ms)
✔ SC10-13 supplier revision pins remain historical until an explicit contractor revision selects the new source (2.4079ms)
✔ SC10-14 strict input, unknown options and duplicate item identities cannot enter pricing (2.2516ms)
✔ SC10-15 snapshot is immutable, round-trips exactly, and rejects altered totals or unknown fields (7.8685ms)
✔ SC10-16 deterministic supplier row order, canonical decimal input and zero amounts (2.6234ms)
✔ SC10-17 labour exclusion requires a declared assumption rather than a silent zero (1.3226ms)
✔ SC10-18 a reviewed direct FX pair normalizes currency exactly and preserves both currency identities (2.3021ms)
✔ SC10-19 future, expired, inverse-only and ambiguous FX records cannot normalize a rate (3.0188ms)
✔ SC10-20 exact FX conversion rounds only after extension, and explicit area aliases preserve measurement units (1.5814ms)
✔ SC10-21 effective/import instants accept equality across equivalent timestamp precision (0.9329ms)
✔ SC10-22 actual canvas precision survives pricing, allowance, immutable reopen and exact delta (7.1729ms)
✔ SC10-23 quantity digits are never truncated before half-cent extension rounding (1.3297ms)
✔ SC10-24 bounded maximum-precision quantity and allowance remain exact (0.8803ms)
✔ qsReportFormatter exports exact double-counting disclosure warning header (8.1375ms)
✔ qsReportFormatter tags every row with SUMMARY_NODE or LEAF_ITEM (1.2756ms)
✔ qsReportFormatter maintains hierarchical depth and indentation (0.7527ms)
✔ verifyQuantityTreeIntegrity proves double-counting discrepancy and validates leaf total conservation (0.933ms)
✔ formatHierarchicalQuantityCsv produces valid RFC-style CSV with formula protection (8.409ms)
✔ MIN_TOUCH_TARGET_PX meets WCAG 2.5.5 touch target size standard (>= 44px) (0.2031ms)
✔ addDecimals handles varied scales and zeroes without binary rounding noise (0.2079ms)
✔ empty controlled form contains no invented quantities or source references (6.1257ms)
✔ manual form resolves hierarchy keys while keeping source null and exact decimal quantities (6.1735ms)
✔ reassignment clears the calculated flag and conserves exact totals and source evidence (2.0187ms)
✔ editing classification codes preserves parent and item identity through stable form keys (0.6278ms)
✔ form quantities never blend units or evidence and cannot promote manual inputs to measured (2.1989ms)
✔ invalid references, duplicate codes/items, cycles and invalid decimals fail without partial totals (2.083ms)
✔ JSON draft roundtrip retains unassigned items and recomputes the same report (0.7933ms)
✔ JSON draft roundtrip retains the exact immutable measured-entity binding (2.7698ms)
✔ an unbound worksheet still classifies and is labelled unverified (0.8259ms)
✔ binding succeeds from explicit inputs and round-trips through the quantity form schema (2.9311ms)
✔ binding identity comes from the live source and the unit is never invented (0.6983ms)
✔ each change to the bound source withholds the report and names the reason (0.9679ms)
✔ a declared binding stays a supplied reference and never reports verified evidence (0.8311ms)
✔ source-derived evidence without its calibration is refused; a declared binding carries none (1.2196ms)
✔ blank user inputs are refused rather than defaulted to a plausible page or class (0.6538ms)
✔ binding never changes exact decimal totals or the unit and evidence separation (0.5711ms)
✔ clearing a binding returns the worksheet to manual and unverified (0.2748ms)
✔ evidence classes are described as supplied or source-derived, never promoted (0.1591ms)
✔ SC10 legacy quantity forms remain unchanged and new forms declare pricing separately (1.6195ms)
✔ SC10 pricing edits preserve classification completion and reject the wrong project (2.4323ms)
✔ SC10 corrupt saved pricing snapshots fail strict form parsing (2.932ms)
✔ SC10 draft size preflight preserves existing inputs and unrelated drafts on failure (14.859ms)
✔ SC10 pricing source never reuses another project or a corrupt session recovery value (1.2465ms)
✔ SC10 explicit measured copy rebinds exact quantity/unit without changing geometry, evidence or other rows (8.1498ms)
✔ SC10 measured copy fails closed for pending, missing, foreign, uncalibrated and ineligible evidence (2.9782ms)
✔ SC10 measured copy canonicalizes trailing zeroes without rounding or broadening quantity bounds (0.5458ms)
✔ branch totals count actual parent-direct and child items once, with exact unit/evidence separation (14.6888ms)
✔ assignment and descendant filters conserve the whole draft and handle zero matches (2.4855ms)
✔ CSV exports each filtered item once, no rollups, and preserves explicit unavailable source state (1.7789ms)
✔ CSV retains actual supplied source references, quoting labels and multiline cells safely (2.466ms)
✔ spreadsheet formula prefixes are neutralised after whitespace, tabs and controls (0.2913ms)
✔ malformed provenance or broken classifications refuse export instead of silently dropping references (3.8081ms)
ℹ tests 270
ℹ suites 0
ℹ pass 270
ℹ fail 0
ℹ cancelled 0
ℹ skipped 0
ℹ todo 0
ℹ duration_ms 1595.7518
