[69668:64380:0912/233702.191:INFO:components\enterprise\browser\controller\chrome_browser_cloud_management_controller.cc:241] No machine level policy manager exists.
[56220:83220:0912/233702.231:ERROR:ui\gl\direct_composition_support.cc:254] GetGpuDriverOverlayInfo: Failed to retrieve video device
[56220:83220:0912/233702.232:VERBOSE1:components\viz\service\main\viz_main_impl.cc:87] VizNullHypothesis is disabled (not a warning)
[56220:55688:0912/233702.233:VERBOSE1:base\allocator\scheduler_loop_quarantine_config.cc:195] No entry found for gpu-process/viz-compositor.
[99196:99056:0912/233702.265:INFO:third_party\webrtc\rtc_base\cpu_info.cc:77] Available number of cores: 32
[3360:98356:0912/233702.288:INFO:third_party\webrtc\rtc_base\cpu_info.cc:77] Available number of cores: 32
[98976:98596:0912/233702.288:INFO:third_party\webrtc\rtc_base\cpu_info.cc:77] Available number of cores: 32
[69668:64380:0912/233702.304:WARNING:chrome\browser\extensions\external_registry_loader_win.cc:236] Error observing HKLM: Access is denied. (0x5)
[51580:98348:0912/233702.318:INFO:third_party\webrtc\rtc_base\cpu_info.cc:77] Available number of cores: 32
[50220:23680:0912/233702.320:INFO:third_party\webrtc\rtc_base\cpu_info.cc:77] Available number of cores: 32
[75856:98824:0912/233702.395:INFO:third_party\webrtc\rtc_base\cpu_info.cc:77] Available number of cores: 32
[69668:64380:0912/233704.397:ERROR:components\device_event_log\device_event_log_impl.cc:211] [23:37:04.397] USB: usb_service_win.cc:108 SetupDiGetDeviceProperty({{A45C254E-DF1C-4EFD-8020-67D146A850E0}, 6}) failed: Element not found. (0x490)
[73324:98712:0912/233704.570:INFO:third_party\webrtc\rtc_base\cpu_info.cc:77] Available number of cores: 32
[98560:97740:0912/233704.575:INFO:third_party\webrtc\rtc_base\cpu_info.cc:77] Available number of cores: 32
[98224:98884:0912/233704.635:INFO:third_party\webrtc\rtc_base\cpu_info.cc:77] Available number of cores: 32
[17272:82480:0912/233704.671:INFO:third_party\webrtc\rtc_base\cpu_info.cc:77] Available number of cores: 32
[98004:97452:0912/233704.707:INFO:third_party\webrtc\rtc_base\cpu_info.cc:77] Available number of cores: 32
[98816:69472:0912/233704.746:INFO:third_party\webrtc\rtc_base\cpu_info.cc:77] Available number of cores: 32
[48956:65932:0912/233704.789:INFO:third_party\webrtc\rtc_base\cpu_info.cc:77] Available number of cores: 32
[11788:98212:0912/233704.815:INFO:third_party\webrtc\rtc_base\cpu_info.cc:77] Available number of cores: 32
[99212:36400:0912/233704.815:INFO:third_party\webrtc\rtc_base\cpu_info.cc:77] Available number of cores: 32
[98620:22788:0912/233704.827:INFO:third_party\webrtc\rtc_base\cpu_info.cc:77] Available number of cores: 32
[22568:98964:0912/233704.975:INFO:third_party\webrtc\rtc_base\cpu_info.cc:77] Available number of cores: 32
[23140:50620:0912/233705.412:INFO:third_party\webrtc\rtc_base\cpu_info.cc:77] Available number of cores: 32
[69668:99184:0912/233705.432:ERROR:google_apis\gcm\engine\registration_request.cc:291] Registration response error message: PHONE_REGISTRATION_ERROR
[34888:58736:0912/233705.438:INFO:third_party\webrtc\rtc_base\cpu_info.cc:77] Available number of cores: 32
[45924:22728:0912/233705.438:INFO:third_party\webrtc\rtc_base\cpu_info.cc:77] Available number of cores: 32
[69668:99184:0912/233705.455:ERROR:google_apis\gcm\engine\registration_request.cc:291] Registration response error message: PHONE_REGISTRATION_ERROR
[17100:73096:0912/233705.496:INFO:third_party\webrtc\rtc_base\cpu_info.cc:77] Available number of cores: 32
[69668:99184:0912/233705.618:ERROR:google_apis\gcm\engine\mcs_client.cc:702]   Error code: 401  Error message: Authentication Failed: wrong_secret
[69668:99184:0912/233705.618:ERROR:google_apis\gcm\engine\mcs_client.cc:704] Failed to log in to GCM, resetting connection.
[46392:97308:0912/233705.633:INFO:third_party\webrtc\rtc_base\cpu_info.cc:77] Available number of cores: 32
[98004:61676:0912/233705.657:INFO:third_party\webrtc\rtc_base\cpu_info.cc:77] Available number of cores: 32
[82620:22884:0912/233705.657:INFO:third_party\webrtc\rtc_base\cpu_info.cc:77] Available number of cores: 32
[69668:64380:0912/233706.151:INFO:CONSOLE:859] "[vite] connecting...", source: http://127.0.0.1:8091/@vite/client (859)
[69668:64380:0912/233706.154:INFO:CONSOLE:968] "[vite] connected.", source: http://127.0.0.1:8091/@vite/client (968)
[69668:64380:0912/233706.305:INFO:CONSOLE:14336] "%cDownload the React DevTools for a better development experience: https://react.dev/link/react-devtools font-weight:bold", source: http://127.0.0.1:8091/node_modules/.vite/deps/react-dom_client.js?v=0754d606 (14336)
[69668:64380:0912/233706.862:INFO:CONSOLE:533] "You are calling ReactDOMClient.createRoot() on a container that has already been passed to createRoot() before. Instead, call root.render() on the existing root instead if you want to update it.", source: http://127.0.0.1:8091/@vite/client (533)
