
> build
> node scripts/with-app-env.mjs vite build && npm run db:migrate

[nitro:vercel] ℹ Using nodejs24.x runtime.
[nitro:vercel] ℹ Using web entry format.
vite v8.2.2 building client environment for production...
transforming...
✓ 1879 modules transformed.
rendering chunks...
computing gzip size...
.vercel/output/static/assets/pdf.worker-DTrjDNvb.mjs  2,395.53 kB
.vercel/output/static/assets/routes-Dh9Agvf7.css          9.32 kB │ gzip:   2.37 kB
.vercel/output/static/assets/styles-D3DlGfNC.css         65.21 kB │ gzip:  13.36 kB
.vercel/output/static/assets/pdf.worker-C_P5zptD.js       0.06 kB │ gzip:   0.08 kB
.vercel/output/static/assets/core-CwxXejkd.js             0.09 kB │ gzip:   0.10 kB
.vercel/output/static/assets/index-C-yJ6D8Z.js          410.21 kB │ gzip: 127.45 kB
.vercel/output/static/assets/pdf-xdsKgwkM.js            487.95 kB │ gzip: 148.26 kB
.vercel/output/static/assets/routes-ksMuUlUY.js         885.60 kB │ gzip: 231.17 kB

✓ built in 680ms
vite v8.2.2 building ssr environment for production...
transforming...
✓ 100 modules transformed.
rendering chunks...
computing gzip size...
node_modules/.nitro/vite/services/ssr/assets/pdf.worker-DTrjDNvb.mjs                 2,395.53 kB
node_modules/.nitro/vite/services/ssr/assets/routes-Dh9Agvf7.css                         9.32 kB │ gzip:   2.37 kB
node_modules/.nitro/vite/services/ssr/assets/styles-D3DlGfNC.css                        65.21 kB │ gzip:  13.36 kB
node_modules/.nitro/vite/services/ssr/assets/start-5Z2QO8AU.js                           0.14 kB │ gzip:   0.13 kB
node_modules/.nitro/vite/services/ssr/assets/pdf.worker-BjHbYlP1.js                      0.18 kB │ gzip:   0.15 kB
node_modules/.nitro/vite/services/ssr/assets/empty-plugin-adapters-D9UWiqvJ.js           0.22 kB │ gzip:   0.16 kB
node_modules/.nitro/vite/services/ssr/assets/_tanstack-start-manifest_v-BTFR0ah4.js      0.56 kB │ gzip:   0.32 kB
node_modules/.nitro/vite/services/ssr/assets/router-a6fiwo32.js                         11.99 kB │ gzip:   4.04 kB
node_modules/.nitro/vite/services/ssr/index.js                                          62.53 kB │ gzip:  15.91 kB
node_modules/.nitro/vite/services/ssr/assets/routes-BDDNB_VJ.js                        549.77 kB │ gzip: 123.74 kB

✓ built in 358ms

[nitro] ◐ Building [Nitro] (preset: vercel, compatibility: 2026-09-05)
[nitro] ✔ Generated public .vercel/output/static
vite v8.2.2 building nitro environment for production...
transforming...
✓ 1880 modules transformed.
rendering chunks...
computing gzip size...
.vercel/output/functions/__server.func/_ssr/start-5Z2QO8AU.mjs                      0.14 kB │ gzip:   0.13 kB
.vercel/output/functions/__server.func/_ssr/pdf.worker-BjHbYlP1.mjs                 0.19 kB │ gzip:   0.15 kB
.vercel/output/functions/__server.func/_ssr/empty-plugin-adapters-D9UWiqvJ.mjs      0.23 kB │ gzip:   0.16 kB
.vercel/output/functions/__server.func/_tanstack-start-manifest_v-BTFR0ah4.mjs      0.62 kB │ gzip:   0.36 kB
.vercel/output/functions/__server.func/_chunks/ssr-renderer.mjs                     0.96 kB │ gzip:   0.49 kB
.vercel/output/functions/__server.func/_runtime.mjs                                 1.58 kB │ gzip:   0.74 kB
.vercel/output/functions/__server.func/_libs/zustand.mjs                            1.91 kB │ gzip:   0.72 kB
.vercel/output/functions/__server.func/_libs/tauri-apps__api.mjs                    2.41 kB │ gzip:   1.10 kB
.vercel/output/functions/__server.func/_libs/h3-v2+rou3.mjs                         9.83 kB │ gzip:   3.05 kB
.vercel/output/functions/__server.func/_libs/tanstack__history.mjs                 12.05 kB │ gzip:   3.46 kB
.vercel/output/functions/__server.func/_ssr/router-a6fiwo32.mjs                    12.34 kB │ gzip:   4.15 kB
.vercel/output/functions/__server.func/_libs/lucide-react.mjs                      16.16 kB │ gzip:   3.57 kB
.vercel/output/functions/__server.func/_libs/h3+rou3+srvx.mjs                      22.57 kB │ gzip:   6.12 kB
.vercel/output/functions/__server.func/index.mjs                                   31.72 kB │ gzip:   9.93 kB
.vercel/output/functions/__server.func/_ssr/ssr.mjs                                60.83 kB │ gzip:  15.83 kB
.vercel/output/functions/__server.func/_libs/@tanstack/router-core+[...].mjs      122.94 kB │ gzip:  25.89 kB
.vercel/output/functions/__server.func/_libs/zod.mjs                              178.33 kB │ gzip:  38.54 kB
.vercel/output/functions/__server.func/_ssr/routes-BDDNB_VJ.mjs                   575.80 kB │ gzip: 124.71 kB
.vercel/output/functions/__server.func/_libs/@tanstack/react-router+[...].mjs     676.06 kB │ gzip: 142.48 kB
.vercel/output/functions/__server.func/_libs/pdfjs-dist.mjs                       920.22 kB │ gzip: 201.67 kB
.vercel/output/functions/__server.func/_libs/three.mjs                          1,265.59 kB │ gzip: 256.78 kB

✓ built in 305ms
ℹ Generated .vercel/output/nitro.json

[nitro] ✔ You can preview this build using npx vite preview
[nitro] ✔ You can deploy this build using npx nitro deploy --prebuilt

> db:migrate
> node scripts/migrate.mjs

[migrate] DATABASE_URL not set — skipping (the PGLite fallback migrates itself).
(node:31896) [DEP0190] DeprecationWarning: Passing args to a child process with shell option true can lead to security vulnerabilities, as the arguments are not escaped, only concatenated.
(Use `node --trace-deprecation ...` to show where the warning was created)
[plugin builtin:vite-reporter] 
(!) Some chunks are larger than 500 kB after minification. Consider:
- Using dynamic import() to code-split the application
- Use build.rolldownOptions.output.codeSplitting to improve chunking: https://rolldown.rs/reference/OutputOptions.codeSplitting
- Adjust chunk size limit for this warning via build.chunkSizeWarningLimit.
