Reading input files...
Parsed 20 closeout slices.
Parsed 26 A-Z categories with 375 requirements.
Stats: {
  slicesTotal: 20,
  slicesDone: 10,
  slicesPartial: 1,
  slicesBlocked: 0,
  slicesPending: 9,
  testsPassing: 1951,
  testsTotal: 1951,
  testSuites: null,
  tscStatus: 'Clean (Exit 0)',
  azTotal: 375,
  azVerified: 6,
  azPartial: 110,
  azBlocked: 19,
  azFailed: 1,
  azGaps: 239,
  totalScreenshots: 58
}
Successfully created C:\Users\danie\XRayBuilds\dashboard\dash-eb855aa50bc6\source\XRAY-STATUS-AND-PROOF-DASHBOARD.html! Size: 587625 bytes
