
> tauri:build
> tauri build --bundles nsis


> build:cad
> node scripts/build-cad.mjs

Built local DWG translator: ACadSharp 3.7.1; verified 5 dependency checksums.

> build:desktop
> node scripts/with-app-env.mjs vite build --config vite.config.spa.ts

vite v8.2.2 building client environment for production...
transforming...
✓ 2674 modules transformed.
rendering chunks...
computing gzip size...
dist/index.html                                   1.50 kB │ gzip:   0.53 kB
dist/assets/priceWorkbook.worker-zWL1RXCZ.js    472.82 kB
dist/assets/pdf.worker-DTrjDNvb.mjs           2,395.53 kB
dist/assets/index-pQ2w7erZ.css                  292.26 kB │ gzip:  51.29 kB
dist/assets/pdf.worker-Cumxr82H.js                0.08 kB │ gzip:   0.10 kB
dist/assets/core-CwxXejkd.js                      0.09 kB │ gzip:   0.10 kB
dist/assets/dist-js-DpYbP73-.js                   0.17 kB │ gzip:   0.16 kB
dist/assets/preload-helper-HclGiUj8.js            1.21 kB │ gzip:   0.67 kB
dist/assets/rolldown-runtime-C0FnF6B9.js          1.29 kB │ gzip:   0.71 kB
dist/assets/evidence-CGRt0kQH.js                  6.56 kB │ gzip:   2.74 kB
dist/assets/react-C21x__mS.js                     7.53 kB │ gzip:   2.88 kB
dist/assets/documents-Cx0ANQp3.js                 7.54 kB │ gzip:   3.28 kB
dist/assets/sheetLifecycle-x7ZpnMRR.js            8.08 kB │ gzip:   3.26 kB
dist/assets/src-SuYvKHvm.js                      17.24 kB │ gzip:   7.31 kB
dist/assets/priceBooks-Bhx6i3VL.js               18.25 kB │ gzip:   6.28 kB
dist/assets/domain-CFNPUM5l.js                   29.38 kB │ gzip:   8.35 kB
dist/assets/inventory-Dm3HgHpM.js                34.06 kB │ gzip:   9.71 kB
dist/assets/projectBackup-DEb8thD5.js            57.28 kB │ gzip:  17.54 kB
dist/assets/appTools-DGRxdwbJ.js                 89.92 kB │ gzip:  29.03 kB
dist/assets/schemas-CQLyAeC-.js                  94.23 kB │ gzip:  25.95 kB
dist/assets/pdf-AuGYZRgX.js                     487.97 kB │ gzip: 148.28 kB
dist/assets/geometry-DIZPjVlL.js                571.32 kB │ gzip: 224.79 kB
dist/assets/index-BF5p5Nk7.js                 2,969.45 kB │ gzip: 857.08 kB

✓ built in 1.60s
