[6588:17332:0914/012734.600:WARNING:chrome\browser\chrome_browser_main_win.cc:1672] Edge is running elevated: 3
[6588:17332:0914/012734.662:WARNING:chrome\browser\extensions\activity_log\activity_log_policy.cc:71] Scheduling init
[6588:17332:0914/012734.662:WARNING:chrome\browser\extensions\activity_log\activity_log_policy.cc:71] Scheduling init
[2168:13920:0914/012734.714:ERROR:ui\gl\direct_composition_support.cc:772] DCompositionCreateDevice3 failed: Access is denied. (0x80070005)
[2168:13920:0914/012734.715:VERBOSE1:components\viz\service\main\viz_main_impl.cc:87] VizNullHypothesis is disabled (not a warning)
[2168:11896:0914/012734.716:VERBOSE1:base\allocator\scheduler_loop_quarantine_config.cc:195] No entry found for gpu-process/viz-compositor.
[9308:17072:0914/012734.754:INFO:third_party\webrtc\rtc_base\cpu_info.cc:77] Available number of cores: 16
[18188:21792:0914/012734.784:INFO:third_party\webrtc\rtc_base\cpu_info.cc:77] Available number of cores: 16
[8924:18832:0914/012734.797:INFO:third_party\webrtc\rtc_base\cpu_info.cc:77] Available number of cores: 16
[14248:15188:0914/012734.809:INFO:third_party\webrtc\rtc_base\cpu_info.cc:77] Available number of cores: 16
[2088:13280:0914/012734.809:INFO:third_party\webrtc\rtc_base\cpu_info.cc:77] Available number of cores: 16
[9192:11088:0914/012734.810:INFO:third_party\webrtc\rtc_base\cpu_info.cc:77] Available number of cores: 16
[1216:22516:0914/012734.820:INFO:third_party\webrtc\rtc_base\cpu_info.cc:77] Available number of cores: 16
[3436:20964:0914/012734.821:INFO:third_party\webrtc\rtc_base\cpu_info.cc:77] Available number of cores: 16
[3944:11080:0914/012734.822:INFO:third_party\webrtc\rtc_base\cpu_info.cc:77] Available number of cores: 16
[18612:16128:0914/012734.835:INFO:third_party\webrtc\rtc_base\cpu_info.cc:77] Available number of cores: 16
[13864:4364:0914/012734.842:INFO:third_party\webrtc\rtc_base\cpu_info.cc:77] Available number of cores: 16
[16944:11232:0914/012734.846:INFO:third_party\webrtc\rtc_base\cpu_info.cc:77] Available number of cores: 16
[15228:5704:0914/012734.877:INFO:third_party\webrtc\rtc_base\cpu_info.cc:77] Available number of cores: 16
[6588:17332:0914/012734.903:INFO:CONSOLE:5518] "[ProtocolLaunch] handler constructed; wiring port events.", source: chrome-extension://ndcpkimcihhghdcddljkfmmjccdmcmof/background.rollup.js (5518)
[6588:17332:0914/012735.576:ERROR:chrome\browser\task_manager\providers\fallback_task_provider.cc:126] Every renderer should have at least one task provided by a primary task provider. If a "Renderer" fallback task is shown, it is a bug. If you have repro steps, please file a new bug and tag it as a dependency of crbug.com/40528867.
[6588:17332:0914/012735.591:ERROR:chrome\browser\task_manager\providers\fallback_task_provider.cc:126] Every renderer should have at least one task provided by a primary task provider. If a "Renderer" fallback task is shown, it is a bug. If you have repro steps, please file a new bug and tag it as a dependency of crbug.com/40528867.
[6588:17332:0914/012735.591:ERROR:chrome\browser\task_manager\providers\fallback_task_provider.cc:126] Every renderer should have at least one task provided by a primary task provider. If a "Renderer" fallback task is shown, it is a bug. If you have repro steps, please file a new bug and tag it as a dependency of crbug.com/40528867.
[6588:17332:0914/012735.591:ERROR:chrome\browser\task_manager\providers\fallback_task_provider.cc:126] Every renderer should have at least one task provided by a primary task provider. If a "Renderer" fallback task is shown, it is a bug. If you have repro steps, please file a new bug and tag it as a dependency of crbug.com/40528867.
[6588:17332:0914/012735.591:ERROR:chrome\browser\task_manager\providers\fallback_task_provider.cc:126] Every renderer should have at least one task provided by a primary task provider. If a "Renderer" fallback task is shown, it is a bug. If you have repro steps, please file a new bug and tag it as a dependency of crbug.com/40528867.
[6588:17332:0914/012735.671:ERROR:content\browser\network_service_instance_impl.cc:670] Network service crashed or was terminated, restarting service.
[6588:17332:0914/012735.676:ERROR:chrome\browser\component_updater\edge_language_detection_model_installer.cc:97] Edge Language Detection Model: On-demand update failed with error: 5
[4012:18068:0914/012735.786:INFO:third_party\webrtc\rtc_base\cpu_info.cc:77] Available number of cores: 16
[22180:2296:0914/012735.786:INFO:third_party\webrtc\rtc_base\cpu_info.cc:77] Available number of cores: 16
[18456:21252:0914/012735.839:INFO:third_party\webrtc\rtc_base\cpu_info.cc:77] Available number of cores: 16
[6588:6160:0914/012737.422:ERROR:chrome\browser\edge_aadc\user_age_utils_win.cc:163] couldn't get user2.
[6588:6160:0914/012737.422:ERROR:chrome\browser\edge_aadc\user_age_utils_win.cc:310] couldn't get windows user age group.
[6588:6160:0914/012737.422:ERROR:chrome\browser\edge_aadc\user_age_utils_win.cc:156] callback wasn't called.
