[99320:69892:0912/233754.476:INFO:components\enterprise\browser\controller\chrome_browser_cloud_management_controller.cc:241] No machine level policy manager exists.
[71332:18148:0912/233754.518:ERROR:ui\gl\direct_composition_support.cc:254] GetGpuDriverOverlayInfo: Failed to retrieve video device
[71332:18148:0912/233754.518:VERBOSE1:components\viz\service\main\viz_main_impl.cc:87] VizNullHypothesis is disabled (not a warning)
[71332:87692:0912/233754.518:VERBOSE1:base\allocator\scheduler_loop_quarantine_config.cc:195] No entry found for gpu-process/viz-compositor.
[81984:40008:0912/233754.554:INFO:third_party\webrtc\rtc_base\cpu_info.cc:77] Available number of cores: 32
[98444:44272:0912/233754.585:INFO:third_party\webrtc\rtc_base\cpu_info.cc:77] Available number of cores: 32
[85120:65880:0912/233754.585:INFO:third_party\webrtc\rtc_base\cpu_info.cc:77] Available number of cores: 32
[99320:69892:0912/233754.605:WARNING:chrome\browser\extensions\external_registry_loader_win.cc:236] Error observing HKLM: Access is denied. (0x5)
[46516:45464:0912/233754.621:INFO:third_party\webrtc\rtc_base\cpu_info.cc:77] Available number of cores: 32
[24432:53328:0912/233754.624:INFO:third_party\webrtc\rtc_base\cpu_info.cc:77] Available number of cores: 32
[76952:71992:0912/233754.703:INFO:third_party\webrtc\rtc_base\cpu_info.cc:77] Available number of cores: 32
[99320:69892:0912/233756.719:ERROR:components\device_event_log\device_event_log_impl.cc:211] [23:37:56.720] USB: usb_service_win.cc:108 SetupDiGetDeviceProperty({{A45C254E-DF1C-4EFD-8020-67D146A850E0}, 6}) failed: Element not found. (0x490)
[45188:45976:0912/233756.919:INFO:third_party\webrtc\rtc_base\cpu_info.cc:77] Available number of cores: 32
[8580:93672:0912/233756.924:INFO:third_party\webrtc\rtc_base\cpu_info.cc:77] Available number of cores: 32
[98356:95624:0912/233756.988:INFO:third_party\webrtc\rtc_base\cpu_info.cc:77] Available number of cores: 32
[78224:11764:0912/233757.025:INFO:third_party\webrtc\rtc_base\cpu_info.cc:77] Available number of cores: 32
[36148:96144:0912/233757.065:INFO:third_party\webrtc\rtc_base\cpu_info.cc:77] Available number of cores: 32
[34700:9900:0912/233757.100:INFO:third_party\webrtc\rtc_base\cpu_info.cc:77] Available number of cores: 32
[63544:98360:0912/233757.145:INFO:third_party\webrtc\rtc_base\cpu_info.cc:77] Available number of cores: 32
[55988:70928:0912/233757.182:INFO:third_party\webrtc\rtc_base\cpu_info.cc:77] Available number of cores: 32
[22292:49300:0912/233757.244:INFO:third_party\webrtc\rtc_base\cpu_info.cc:77] Available number of cores: 32
[36180:64292:0912/233757.250:INFO:third_party\webrtc\rtc_base\cpu_info.cc:77] Available number of cores: 32
[32200:64456:0912/233757.281:INFO:third_party\webrtc\rtc_base\cpu_info.cc:77] Available number of cores: 32
[5984:46672:0912/233757.747:INFO:third_party\webrtc\rtc_base\cpu_info.cc:77] Available number of cores: 32
[77380:97860:0912/233757.766:INFO:third_party\webrtc\rtc_base\cpu_info.cc:77] Available number of cores: 32
[98252:75788:0912/233757.766:INFO:third_party\webrtc\rtc_base\cpu_info.cc:77] Available number of cores: 32
[71860:88540:0912/233757.818:INFO:third_party\webrtc\rtc_base\cpu_info.cc:77] Available number of cores: 32
[99320:45524:0912/233757.824:ERROR:google_apis\gcm\engine\registration_request.cc:291] Registration response error message: PHONE_REGISTRATION_ERROR
[99320:45524:0912/233757.835:ERROR:google_apis\gcm\engine\registration_request.cc:291] Registration response error message: PHONE_REGISTRATION_ERROR
[99320:45524:0912/233757.835:ERROR:google_apis\gcm\engine\registration_request.cc:291] Registration response error message: PHONE_REGISTRATION_ERROR
[56228:62224:0912/233757.925:INFO:third_party\webrtc\rtc_base\cpu_info.cc:77] Available number of cores: 32
[95344:88012:0912/233757.947:INFO:third_party\webrtc\rtc_base\cpu_info.cc:77] Available number of cores: 32
[34616:96224:0912/233757.947:INFO:third_party\webrtc\rtc_base\cpu_info.cc:77] Available number of cores: 32
[99320:45524:0912/233758.022:ERROR:google_apis\gcm\engine\mcs_client.cc:702]   Error code: 401  Error message: Authentication Failed: wrong_secret
[99320:45524:0912/233758.022:ERROR:google_apis\gcm\engine\mcs_client.cc:704] Failed to log in to GCM, resetting connection.
[99320:69892:0912/233758.400:INFO:CONSOLE:859] "[vite] connecting...", source: http://127.0.0.1:8091/@vite/client (859)
[99320:69892:0912/233758.403:INFO:CONSOLE:968] "[vite] connected.", source: http://127.0.0.1:8091/@vite/client (968)
[99320:69892:0912/233758.576:INFO:CONSOLE:14336] "%cDownload the React DevTools for a better development experience: https://react.dev/link/react-devtools font-weight:bold", source: http://127.0.0.1:8091/node_modules/.vite/deps/react-dom_client.js?v=0754d606 (14336)
[99320:69892:0912/233800.331:INFO:CONSOLE:859] "[vite] connecting...", source: http://127.0.0.1:8091/@vite/client (859)
[99320:69892:0912/233800.339:INFO:CONSOLE:968] "[vite] connected.", source: http://127.0.0.1:8091/@vite/client (968)
