✔ SC10-S01 empty worksheet roundtrip retains no rate pins, FX selections or priced history (6.9164ms)
✔ SC10-S02 append preserves exact prior snapshot bytes and freezes each saved source record (38.7598ms)
✔ SC10-S03 append rejects another project and replacement/nonconsecutive revision (27.1507ms)
✔ SC10-S04 saved monetary corruption and missing supplier provenance fail rehydration (5.9191ms)
✔ SC10-S05 draft assignment requires an existing exact rate revision and declared option (0.738ms)
✔ SC10-S06 persisted history rejects removed intermediate revisions and foreign project histories (5.7003ms)
✔ SC10-S07 append cannot save a valid snapshot priced from a different current configuration (10.6575ms)
✔ SC10-S08 append rejects changing contractor content under a historical identity and revision (3.9922ms)
✔ SC10-S09 current catalog pruning may retain self-contained historical snapshots without reusing revision identities (11.0326ms)
✔ SC11-UI01 empty real panel permits inspection but not preparation or automatic restore (8.0505ms)
✔ SC11-UI02 disabled panel keeps both export and file-selection controls unavailable (15.3971ms)
✔ SC11-UI03 package input selects exact latest and immediate predecessor, preserving complete form (15.9068ms)
✔ SC11-UI04 missing saved state, foreign project and unchosen delivery state fail explicitly (6.2477ms)
✔ SC11-UI05 changed quantities and missing explicit transmittal/basis inputs cannot export stale revision (17.0432ms)
✔ SC11-UI06 import preview reconciles actual archive membership and every displayed SHA including manifest (64.845ms)
✔ SC11-UI07 corrupted file cannot produce preview, and failure handling retains exact imported bytes (21.5916ms)
✔ SC11-UI08 restore requires explicit confirmation and the same project before calling host (25.2726ms)
✔ SC11-UI09 host refusal propagates without altering package, worksheet or retained bytes (24.4024ms)
✔ SC11-UI10 project A-to-B-to-A while hashing cancels the pending restore before host mutation (20.3401ms)
✔ SC11-UI11 form, metadata, disabled state and unmount invalidate in-flight work (3.5436ms)
✔ SC11-UI12 a newer action supersedes an older promise without being cancelled itself (0.4996ms)
✔ SC11-UI13 actual manifest markup names every file and escapes source-authored text (29.1119ms)
✔ SC11-UI14 file-size guard rejects oversized/invalid files before reading their bytes (0.3194ms)
✔ SC10 focus: forward Tab wraps from the read-only change table to Close (1.9741ms)
✔ SC10 focus: reverse Tab wraps first control to the last reachable region (0.3416ms)
✔ SC10 focus: hidden, disabled, inert and negative tabindex controls are not boundaries (0.3568ms)
✔ SC10 focus: interior Tab keeps native order and positive tabindex stays ahead of normal controls (0.3143ms)
✔ SC10 focus: a single control stays reachable in either direction (0.2681ms)
✔ SC10 focus: Escape, modified Tab, cancelled events and closed dialogs are never trapped (0.2661ms)
✔ SC10 focus: open modal fallback does not let Tab leave if its controls disappear (0.2305ms)
✔ SC10 focus: handler is wired to this dialog and native cancel/close restoration is retained (0.2755ms)
✔ real worksheet renders separated report totals, item rows, filters and expandable hierarchy (21.9942ms)
✔ stale or invalid form never exposes a downloadable result (5.993ms)
✔ locked worksheet cannot download while host writes are unavailable (7.7311ms)
✔ a project with no current source revision disables binding with a readable explanation (9.7407ms)
✔ an unbound worksheet shows explicit, unpopulated binding inputs from the live source (8.7738ms)
✔ a bound worksheet shows its reference, evidence, source and current status (10.4955ms)
✔ a stale binding withholds the report and names the reason instead of showing totals (3.2338ms)
✔ an unbound worksheet still presents its unverified report exactly as before (12.0988ms)
✔ SC11 package panel is mounted inside the real measured worksheet and shares source/storage locks (38.1487ms)
✔ SC10 real quantity panel mounts supplier-backed cost controls and withholds unbound pricing (14.9047ms)
✔ SC10 source loading keeps cost changes disabled while exposing the reason (14.1139ms)
✔ SC10 unreadable or loading price books never mount recovered-empty supplier pricing (20.2052ms)
✔ SC10 project switches cannot expose prior-project cost controls or saved choices (24.267ms)
✔ SC10 host storage errors keep mounted cost mutations disabled (13.6241ms)
✔ SC10 measured-copy action is distinct from bind-only and disabled before current geometry is ready (53.0667ms)
✔ assistant boundary reconciles exact hierarchy quantities, units and residue without mutating inputs (8.649ms)
✔ complete assignment and declared source evidence never enable verified quoting (1.9791ms)
✔ tool accepts unknown inputs only after strict validation and rejects graph duplication/cycles (3.0002ms)
✔ strict tool JSON schema is generated from the actual input boundary (2.4849ms)
✔ explicit root/source nulls remain valid and the declaration explains their meaning (2.2954ms)
✔ result carries the real CSV columns so an explanation never has to infer them (5.0446ms)
✔ result states item-once aggregation, not disjoint evidence, as why inclusive totals are safe (3.0663ms)
✔ inclusive rollup demonstrably re-counts descendant items rather than adding new ones (0.8077ms)
✔ tool description explains the CSV and overlap mechanism it previously only asserted (0.4987ms)
✔ failed live placeholder arguments are rejected with nullable alternatives, never repaired silently (2.0688ms)
✔ result carries hierarchical CSV contract and warning notice (1.4593ms)
✔ exact quantities reconcile once at report and parent levels (11.2187ms)
✔ missing assignment remains explicit residue, with no silent quantity loss (0.6786ms)
✔ units and evidence categories cannot be blended into a measured subtotal (0.7577ms)
✔ reclassification preserves every quantity and source without mutating input (0.8701ms)
✔ large and fine decimal values do not lose precision (0.4809ms)
✔ zero quantities and direct parent assignments are accounted for once (0.3694ms)
✔ invalid graphs, duplicate identities and unresolved assignments fail closed (1.8499ms)
✔ invalid quantities and malformed source metadata are rejected at runtime (3.1085ms)
✔ empty hierarchy exposes all items as unclassified; empty report has no totals (0.5711ms)
✔ declared measurement status does not confer source verification or issue authority (0.5528ms)
✔ ordinary fractional zeroes are normalised without changing the quantity (0.5225ms)
✔ SC10-D01 quantity and rate deltas use an exact old-rate counterfactual (43.1684ms)
✔ SC10-D02 added and removed scope is separate and rows have stable deterministic ordering (7.4011ms)
✔ SC10-D03 an inactive proposal is visible but contributes zero accepted/base delta (10.3984ms)
✔ SC10-D04 activation is scope delta and leaves the base tender unchanged (10.2363ms)
✔ SC10-D05 removing acceptance reverses scope exactly, without erasing the proposal (8.2448ms)
✔ SC10-D06 markup and tax changes are rate-policy effects with exact awkward-cent reconciliation (4.7588ms)
✔ SC10-D07 reassigning an existing row to a proposal is a scope effect (4.8752ms)
✔ SC10-D08 incompatible project/currency/revision and corrupted snapshots are rejected (10.4263ms)
✔ SC10-D09 reordering input does not affect comparison bytes; returned history is frozen (7.687ms)
✔ SC10-D10 quantity subtraction preserves fractional precision and signed zero canonicalization (0.3391ms)
✔ SC10-D11 historical supplier and contractor records cannot be rewritten under the same revision (5.0824ms)
✔ A1: a highlight request names an entity; there is no request to highlight nothing (7.5919ms)
✔ A2: a request stores no verdict — only the id the user clicked (0.4285ms)
✔ A3: unknown keys are rejected (0.6259ms)
✔ B1: an unresolvable entity is never emphasised (8.2561ms)
✔ B2: an unmeasured entity is never emphasised as measured (0.4904ms)
✔ B3: a drawn highlight states what it means (1.3684ms)
✔ B4: not drawing anything may say nothing (0.4563ms)
✔ C1: a current, present entity highlights and claims it is current (1.5236ms)
✔ C2: a stale entity is still shown, and says it changed (0.3417ms)
✔ C3: a deleted entity is not drawn, and is not claimed as current (0.3484ms)
✔ C4: an unbound row highlights nothing and invents no entity (0.2794ms)
✔ C5: with no canvas mounted, nothing is claimed to have been highlighted (0.2632ms)
✔ C6: an unbound row with no canvas reports not-measured, not merely absent (0.1731ms)
✔ C7: resolution is pure (1.9628ms)
✔ C8: every resolvable state produces a parseable resolution (0.4985ms)
✔ A1: a highlight request names an entity; there is no request to highlight nothing (3.4557ms)
✔ A2: a request stores no verdict — only the id the user clicked (0.3003ms)
✔ A3: unknown keys are rejected (0.3344ms)
✔ B1: an unresolvable entity is never emphasised (0.7261ms)
✔ B2: an unmeasured entity is never emphasised as measured (0.2007ms)
✔ B3: a drawn highlight states what it means (0.2034ms)
✔ B4: not drawing anything may say nothing (0.1097ms)
✔ C1: a current, present entity highlights and claims it is current (0.2958ms)
✔ C2: a stale entity is still shown, and says it changed (0.1591ms)
✔ C3: a deleted entity is not drawn, and is not claimed as current (0.1824ms)
✔ C4: an unbound row highlights nothing and invents no entity (0.1402ms)
✔ C5: with no canvas mounted, nothing is claimed to have been highlighted (0.1463ms)
✔ C6: an unbound row with no canvas reports not-measured, not merely absent (0.094ms)
✔ C7: resolution is pure (0.6434ms)
✔ C8: every resolvable state produces a parseable resolution (0.3191ms)
✔ QS measured geometry derives gross length from calibrated points, never cached lengths (4.7624ms)
✔ QS measured geometry updates the quantity and unit for real section dimensions (0.6597ms)
✔ QS measured geometry retains small quantities without display rounding to zero (0.5815ms)
✔ QS measured geometry strips verification authority for sample source (0.5288ms)
✔ QS measured geometry strips verification authority for missing source hash (0.2966ms)
✔ QS measured geometry strips verification authority for missing active source (0.2303ms)
✔ QS measured geometry strips verification authority for foreign calibration candidate (0.2659ms)
✔ QS measured geometry strips verification authority for legacy source coordinates (0.218ms)
✔ QS measured geometry strips verification authority for scale changed behind its candidate (0.2136ms)
✔ QS measured geometry strips verification authority for unlocked calibration (0.3302ms)
✔ QS measured geometry strips verification authority for missing section dimensions (0.2228ms)
✔ QS measured geometry requires original-byte readiness and uses only the requested sheet (0.255ms)
✔ A1: an item cannot be bound to itself (0.9806ms)
✔ A2: a source-traced binding must record its calibration (0.1894ms)
✔ A3: a binding with no source document may be uncalibrated (0.1027ms)
✔ A4: unknown keys are rejected (0.2017ms)
✔ A5: a quantity is exact decimal and never rounds (0.2108ms)
✔ A5b: binding rejects non-decimal, scientific, signed and float quantities (1.0153ms)
✔ A5b: entity geometry rejects non-decimal, scientific, signed and float quantities (1.5808ms)
✔ A6: an unbindable entity type is rejected (0.2807ms)
✔ A7: a non-hex geometry hash is rejected (0.1553ms)
✔ B1: an untouched entity verifies and permits pricing (0.6411ms)
✔ B2: changed geometry is stale and withholds pricing (0.192ms)
✔ B3: a changed calibration is stale even when geometry is unchanged (0.1538ms)
✔ B3b: a changed source hash makes the entity binding stale (0.1103ms)
✔ B4: a deleted entity reports missing-entity, not stale (0.0778ms)
✔ B5: an entity id that resolves to a different entity reports missing-entity (0.1046ms)
✔ B6: a unit change withholds pricing before any hash comparison (0.0986ms)
✔ B7: an uncalibrated binding never verifies, even when hashes match (0.1133ms)
✔ B8: a calibration cleared on the entity is stale, not uncalibrated (0.1138ms)
✔ B9: a drifted measured quantity is stale (0.1499ms)
✔ B9b: editing only the cost-plan quantity makes the immutable binding stale (0.1322ms)
✔ B9c: editing only the cost-plan unit withholds pricing as unit-changed (0.1078ms)
✔ B9d: equivalent decimal spelling does not make an unchanged quantity stale (0.1197ms)
✔ B9e: sample and inferred row evidence cannot verify against matching measured geometry (0.2224ms)
✔ B9f: copied bindings from another project stay stale even when entity IDs and hashes match (0.1777ms)
✔ B10: evaluation is pure — the same inputs always give the same verdict (0.1259ms)
✔ B11: a binding stores no verdict field (0.085ms)
✔ C1: pricingPermitted true with a non-verified status is rejected (0.1605ms)
✔ C2: a non-verified status with no reason is rejected (0.105ms)
✔ C3: a verified status carrying findings is rejected (0.1024ms)
✔ C4: pricingPermitted false on a verified status is rejected (0.2862ms)
✔ D1: a bound quantity that disagrees with the row is a finding, not a correction (0.2813ms)
✔ D2: the audit line states identity, not a verdict (0.2599ms)
✔ D3: an uncalibrated binding says so in its audit line (0.1421ms)
✔ F1: an uncalculated draft never re-pins, however much its rows changed (0.1178ms)
✔ F2: a calculated draft re-pins when its rows changed (0.0726ms)
✔ F3: a calculated draft with unchanged rows does not re-pin (0.0837ms)
✔ F4: an empty draft never pins, even when the pin in force is off an older draft (0.1468ms)
✔ F5: the pin rule is pure (0.1419ms)
✔ E1: an item with no binding renders as not bound, never as verified (14.2815ms)
✔ E2: a binding whose entity is present and matching renders verified and permits pricing (2.894ms)
✔ E3: the ledger derives staleness from live geometry — the same stored binding goes stale when the entity moves (2.1981ms)
✔ E4: a bound item whose entity is absent renders missing-entity rather than silently verified (1.9878ms)
✔ E5: the withheld notice appears for unverified items and names each status present (5.3303ms)
✔ G0a: the ledger withholds sample, inferred and foreign-project rows while preserving the current measured row (5.7586ms)
✔ G0: duplicate draft references cannot borrow a bound row's verified evidence (9.0669ms)
✔ G1: a resolvable bound item offers a highlight control naming its claim (2.7592ms)
✔ G2: no canvas mounted means no control, and the claim is not that it was shown (3.3016ms)
✔ G3: a stale item is still highlightable, and says the geometry moved (3.7761ms)
✔ G4: an unbound item offers no control and claims nothing was measured (2.7526ms)
✔ G5: without a handler the row is inert, not a button that does nothing (2.4598ms)
✔ G6: a bound item whose entity is gone offers no control (4.2857ms)
✔ G10: activating a row sends that row's own entity, not its neighbour's (4.6781ms)
✔ G11: an unbound row has nothing to activate (2.0516ms)
✔ G12: activating a stale row still sends the user to the entity, and says it moved (1.7532ms)
✔ G7: highlight state is per row — a verified row and a stale row disagree (3.183ms)
✔ G8: a ledger that is not told about the surfaces assumes there are none (3.8493ms)
✔ G8b: with no surface to draw on, no row in a mixed ledger claims resolvable (4.0811ms)
✔ G9: a mixed ledger offers a control only on the rows it can show (3.066ms)
✔ QS measured geometry derives gross length from calibrated points, never cached lengths (17.271ms)
✔ QS measured geometry updates the quantity and unit for real section dimensions (1.5056ms)
✔ QS measured geometry retains small quantities without display rounding to zero (1.0364ms)
✔ QS measured geometry strips verification authority for sample source (1.0558ms)
✔ QS measured geometry strips verification authority for missing source hash (0.6563ms)
✔ QS measured geometry strips verification authority for missing active source (0.4925ms)
✔ QS measured geometry strips verification authority for foreign calibration candidate (0.5162ms)
✔ QS measured geometry strips verification authority for legacy source coordinates (0.3923ms)
✔ QS measured geometry strips verification authority for scale changed behind its candidate (0.4615ms)
✔ QS measured geometry strips verification authority for unlocked calibration (0.6485ms)
✔ QS measured geometry strips verification authority for missing section dimensions (0.3771ms)
✔ QS measured geometry requires original-byte readiness and uses only the requested sheet (0.3782ms)
✔ SC11-01 package round-trip restores exact typed worksheet, pins and raw decimals without mutation (122.6652ms)
✔ SC11-02 identical snapshots produce identical PDF, CSV and package bytes (33.3783ms)
✔ SC11-03 PDF is a multi-page vector document containing summary, breakdown, variance and provenance (26.2405ms)
✔ SC11-04 CSV contains each actual item once and neutralises formula-like identities (16.0002ms)
✔ SC11-05 all sealed payload files reject independent tampering before restoration (35.2137ms)
✔ SC11-06 resealed PDF/CSV with contradictory contents cannot pass semantic verification (29.3857ms)
✔ SC11-07 foreign project restore and forged content hashes leave the package and caller unchanged (21.065ms)
✔ SC11-08 worksheet quantities, bindings, options and rate assignments must match the saved revision (22.5706ms)
✔ SC11-09 later revisions require the exact preceding preserved cost plan (15.6286ms)
✔ SC11-10 delivery records must identify the same project, revision, source and valid chronology (28.2524ms)
✔ SC11-11 compressed packages reopen, while traversal, additional files and truncation fail closed (28.5965ms)
✔ SC11-12 archive and inflated size declarations are bounded before extraction (32.2122ms)
✔ SC11-13 package capture happens before asynchronous hashing, so later form edits cannot alter export (4.283ms)
✔ SC11-14 long basis text paginates and Unicode remains explicit and recoverable (96.262ms)
✔ SC11-15 exact measured quantity beyond six decimals survives export and editable reopen (24.9061ms)
✔ SC11-16 PDF wraps ordinary title and basis words at word boundaries (11.8284ms)
✔ SC11-17 oversized audit blocks repeat the exact item identity before continuation text (34.6811ms)
✔ SC10-01 material wastage, explicit labour, markup and GST reconcile in integer cents (25.3187ms)
✔ SC10-02 inclusive and exclusive supplier GST normalize to the same worked result (3.9851ms)
✔ SC10-03 half-up component extension and inclusive extraction preserve the declared gross cent (2.0712ms)
✔ SC10-04 proposed and accepted alternatives never change the base tender (2.9989ms)
✔ SC10-05 unknown/missing tax basis fails closed, while explicit zero tax remains zero (2.2651ms)
✔ SC10-06 currencies stay explicit and cannot silently mix or convert (1.5245ms)
✔ SC10-07 missing, archived, future and wrong-unit supplier pins withhold totals (2.138ms)
✔ SC10-08 geometry edits, source replacements, missing entity and unbound quantities cannot price (6.2984ms)
✔ SC10-09 source-less and other-project bindings are rejected at the pricing boundary (1.7127ms)
✔ SC10-10 decimal contract rejects exponents, signed values, floats and excess precision (6.111ms)
✔ SC10-11 overflow fails closed instead of returning an unsafe amount (2.064ms)
✔ SC10-12 append preserves frozen history and rejects stale or replacement revisions (4.1642ms)
✔ SC10-13 supplier revision pins remain historical until an explicit contractor revision selects the new source (2.5805ms)
✔ SC10-14 strict input, unknown options and duplicate item identities cannot enter pricing (2.7206ms)
✔ SC10-15 snapshot is immutable, round-trips exactly, and rejects altered totals or unknown fields (8.7671ms)
✔ SC10-16 deterministic supplier row order, canonical decimal input and zero amounts (2.4151ms)
✔ SC10-17 labour exclusion requires a declared assumption rather than a silent zero (1.8389ms)
✔ SC10-18 a reviewed direct FX pair normalizes currency exactly and preserves both currency identities (2.2797ms)
✔ SC10-19 future, expired, inverse-only and ambiguous FX records cannot normalize a rate (2.9948ms)
✔ SC10-20 exact FX conversion rounds only after extension, and explicit area aliases preserve measurement units (1.5802ms)
✔ SC10-21 effective/import instants accept equality across equivalent timestamp precision (0.9008ms)
✔ SC10-22 actual canvas precision survives pricing, allowance, immutable reopen and exact delta (7.8211ms)
✔ SC10-23 quantity digits are never truncated before half-cent extension rounding (1.6412ms)
✔ SC10-24 bounded maximum-precision quantity and allowance remain exact (0.8862ms)
✔ qsReportFormatter exports exact double-counting disclosure warning header (15.6413ms)
✔ qsReportFormatter tags every row with SUMMARY_NODE or LEAF_ITEM (3.5337ms)
✔ qsReportFormatter maintains hierarchical depth and indentation (1.8641ms)
✔ verifyQuantityTreeIntegrity proves double-counting discrepancy and validates leaf total conservation (0.9692ms)
✔ formatHierarchicalQuantityCsv produces valid RFC-style CSV with formula protection (0.4914ms)
✔ MIN_TOUCH_TARGET_PX meets WCAG 2.5.5 touch target size standard (>= 44px) (0.168ms)
✔ addDecimals handles varied scales and zeroes without binary rounding noise (2.7154ms)
✔ empty controlled form contains no invented quantities or source references (6.3099ms)
✔ manual form resolves hierarchy keys while keeping source null and exact decimal quantities (4.5765ms)
✔ reassignment clears the calculated flag and conserves exact totals and source evidence (1.8883ms)
✔ editing classification codes preserves parent and item identity through stable form keys (0.6585ms)
✔ form quantities never blend units or evidence and cannot promote manual inputs to measured (1.7325ms)
✔ invalid references, duplicate codes/items, cycles and invalid decimals fail without partial totals (1.2277ms)
✔ JSON draft roundtrip retains unassigned items and recomputes the same report (0.5242ms)
✔ JSON draft roundtrip retains the exact immutable measured-entity binding (1.7261ms)
✔ an unbound worksheet still classifies and is labelled unverified (0.6094ms)
✔ binding succeeds from explicit inputs and round-trips through the quantity form schema (2.6393ms)
✔ binding identity comes from the live source and the unit is never invented (1.1052ms)
✔ each change to the bound source withholds the report and names the reason (1.1814ms)
✔ a declared binding stays a supplied reference and never reports verified evidence (1.1381ms)
✔ source-derived evidence without its calibration is refused; a declared binding carries none (1.4168ms)
✔ blank user inputs are refused rather than defaulted to a plausible page or class (0.63ms)
✔ binding never changes exact decimal totals or the unit and evidence separation (0.7609ms)
✔ clearing a binding returns the worksheet to manual and unverified (0.4671ms)
✔ evidence classes are described as supplied or source-derived, never promoted (0.2538ms)
✔ SC10 legacy quantity forms remain unchanged and new forms declare pricing separately (2.974ms)
✔ SC10 pricing edits preserve classification completion and reject the wrong project (2.2641ms)
✔ SC10 corrupt saved pricing snapshots fail strict form parsing (3.0331ms)
✔ SC11 confirmed worksheet replacement preserves every field without mutating package inputs (2.2159ms)
✔ SC11 worksheet restore respects shared storage quota before submitting replacement (12.8548ms)
✔ SC10 draft size preflight preserves existing inputs and unrelated drafts on failure (15.2876ms)
✔ SC10 pricing source never reuses another project or a corrupt session recovery value (0.8941ms)
✔ SC10 explicit measured copy rebinds exact quantity/unit without changing geometry, evidence or other rows (1.555ms)
✔ SC10 measured copy fails closed for pending, missing, foreign, uncalibrated and ineligible evidence (1.7525ms)
✔ SC10 measured copy canonicalizes trailing zeroes without rounding or broadening quantity bounds (0.2596ms)
✔ branch totals count actual parent-direct and child items once, with exact unit/evidence separation (12.1345ms)
✔ assignment and descendant filters conserve the whole draft and handle zero matches (3.2019ms)
✔ CSV exports each filtered item once, no rollups, and preserves explicit unavailable source state (1.9194ms)
✔ CSV retains actual supplied source references, quoting labels and multiline cells safely (2.2641ms)
✔ spreadsheet formula prefixes are neutralised after whitespace, tabs and controls (0.3198ms)
✔ malformed provenance or broken classifications refuse export instead of silently dropping references (2.2191ms)
ℹ tests 273
ℹ suites 0
ℹ pass 273
ℹ fail 0
ℹ cancelled 0
ℹ skipped 0
ℹ todo 0
ℹ duration_ms 1684.2637
