[97780:99308:0913/001309.451:INFO:components\enterprise\browser\controller\chrome_browser_cloud_management_controller.cc:241] No machine level policy manager exists.
[78640:71276:0913/001309.487:ERROR:ui\gl\direct_composition_support.cc:254] GetGpuDriverOverlayInfo: Failed to retrieve video device
[78640:71276:0913/001309.487:VERBOSE1:components\viz\service\main\viz_main_impl.cc:87] VizNullHypothesis is disabled (not a warning)
[78640:33436:0913/001309.488:VERBOSE1:base\allocator\scheduler_loop_quarantine_config.cc:195] No entry found for gpu-process/viz-compositor.
[54352:44724:0913/001309.521:INFO:third_party\webrtc\rtc_base\cpu_info.cc:77] Available number of cores: 32
[59284:97632:0913/001309.546:INFO:third_party\webrtc\rtc_base\cpu_info.cc:77] Available number of cores: 32
[77844:13556:0913/001309.546:INFO:third_party\webrtc\rtc_base\cpu_info.cc:77] Available number of cores: 32
[97780:99308:0913/001309.564:WARNING:chrome\browser\extensions\external_registry_loader_win.cc:236] Error observing HKLM: Access is denied. (0x5)
[44392:11844:0913/001309.579:INFO:third_party\webrtc\rtc_base\cpu_info.cc:77] Available number of cores: 32
[97424:98464:0913/001309.579:INFO:third_party\webrtc\rtc_base\cpu_info.cc:77] Available number of cores: 32
[54176:15476:0913/001309.658:INFO:third_party\webrtc\rtc_base\cpu_info.cc:77] Available number of cores: 32
[97780:99308:0913/001311.649:ERROR:components\device_event_log\device_event_log_impl.cc:211] [00:13:11.650] USB: usb_service_win.cc:108 SetupDiGetDeviceProperty({{A45C254E-DF1C-4EFD-8020-67D146A850E0}, 6}) failed: Element not found. (0x490)
[24440:97960:0913/001311.913:INFO:third_party\webrtc\rtc_base\cpu_info.cc:77] Available number of cores: 32
[78104:61816:0913/001311.920:INFO:third_party\webrtc\rtc_base\cpu_info.cc:77] Available number of cores: 32
[59028:97460:0913/001311.980:INFO:third_party\webrtc\rtc_base\cpu_info.cc:77] Available number of cores: 32
[98052:67364:0913/001312.016:INFO:third_party\webrtc\rtc_base\cpu_info.cc:77] Available number of cores: 32
[28792:96880:0913/001312.055:INFO:third_party\webrtc\rtc_base\cpu_info.cc:77] Available number of cores: 32
[99292:48828:0913/001312.090:INFO:third_party\webrtc\rtc_base\cpu_info.cc:77] Available number of cores: 32
[65556:87248:0913/001312.134:INFO:third_party\webrtc\rtc_base\cpu_info.cc:77] Available number of cores: 32
[37432:98488:0913/001312.179:INFO:third_party\webrtc\rtc_base\cpu_info.cc:77] Available number of cores: 32
[43052:79824:0913/001312.190:INFO:third_party\webrtc\rtc_base\cpu_info.cc:77] Available number of cores: 32
[72660:9900:0913/001312.326:INFO:third_party\webrtc\rtc_base\cpu_info.cc:77] Available number of cores: 32
[41464:52588:0913/001312.654:INFO:third_party\webrtc\rtc_base\cpu_info.cc:77] Available number of cores: 32
[76596:71908:0913/001312.678:INFO:third_party\webrtc\rtc_base\cpu_info.cc:77] Available number of cores: 32
[98704:46884:0913/001312.680:INFO:third_party\webrtc\rtc_base\cpu_info.cc:77] Available number of cores: 32
[97704:86372:0913/001312.740:INFO:third_party\webrtc\rtc_base\cpu_info.cc:77] Available number of cores: 32
[34172:52912:0913/001312.863:INFO:third_party\webrtc\rtc_base\cpu_info.cc:77] Available number of cores: 32
[71756:28412:0913/001312.888:INFO:third_party\webrtc\rtc_base\cpu_info.cc:77] Available number of cores: 32
[44524:50128:0913/001312.888:INFO:third_party\webrtc\rtc_base\cpu_info.cc:77] Available number of cores: 32
[97780:99308:0913/001313.403:INFO:CONSOLE:859] "[vite] connecting...", source: http://127.0.0.1:8091/@vite/client (859)
[97780:99308:0913/001313.407:INFO:CONSOLE:968] "[vite] connected.", source: http://127.0.0.1:8091/@vite/client (968)
[97780:99308:0913/001313.551:INFO:CONSOLE:14336] "%cDownload the React DevTools for a better development experience: https://react.dev/link/react-devtools font-weight:bold", source: http://127.0.0.1:8091/node_modules/.vite/deps/react-dom_client.js?v=96e01df1 (14336)
[97780:97924:0913/001316.607:ERROR:google_apis\gcm\engine\registration_request.cc:291] Registration response error message: DEPRECATED_ENDPOINT
