[7008:7264:0914/132642.537:INFO:components\enterprise\browser\controller\chrome_browser_cloud_management_controller.cc:241] No machine level policy manager exists.
[17140:6312:0914/132642.616:ERROR:ui\gl\direct_composition_support.cc:255] GetGpuDriverOverlayInfo: Failed to retrieve video device
[17140:6312:0914/132642.618:VERBOSE1:components\viz\service\main\viz_main_impl.cc:87] VizNullHypothesis is disabled (not a warning)
[17140:20408:0914/132642.619:VERBOSE1:base\allocator\scheduler_loop_quarantine_config.cc:198] No entry found for gpu-process/viz-compositor.
[10224:21612:0914/132642.639:INFO:third_party\webrtc\rtc_base\cpu_info.cc:77] Available number of cores: 16
[22164:8416:0914/132642.682:INFO:third_party\webrtc\rtc_base\cpu_info.cc:77] Available number of cores: 16
[20120:4436:0914/132642.683:INFO:third_party\webrtc\rtc_base\cpu_info.cc:77] Available number of cores: 16
[20448:13396:0914/132642.727:INFO:third_party\webrtc\rtc_base\cpu_info.cc:77] Available number of cores: 16
[19392:16684:0914/132642.727:INFO:third_party\webrtc\rtc_base\cpu_info.cc:77] Available number of cores: 16
[18372:20804:0914/132643.065:INFO:third_party\webrtc\rtc_base\cpu_info.cc:77] Available number of cores: 16
[11236:2472:0914/132643.429:INFO:third_party\webrtc\rtc_base\cpu_info.cc:77] Available number of cores: 16
[14356:16508:0914/132643.447:INFO:third_party\webrtc\rtc_base\cpu_info.cc:77] Available number of cores: 16
[5536:14072:0914/132643.448:INFO:third_party\webrtc\rtc_base\cpu_info.cc:77] Available number of cores: 16
[10824:15268:0914/132643.521:INFO:third_party\webrtc\rtc_base\cpu_info.cc:77] Available number of cores: 16
[12628:18912:0914/132643.788:INFO:third_party\webrtc\rtc_base\cpu_info.cc:77] Available number of cores: 16
[18044:14488:0914/132643.814:INFO:third_party\webrtc\rtc_base\cpu_info.cc:77] Available number of cores: 16
[17212:14628:0914/132643.814:INFO:third_party\webrtc\rtc_base\cpu_info.cc:77] Available number of cores: 16
[7008:7264:0914/132644.623:INFO:CONSOLE:71] "THREE.WebGLShadowMap: PCFSoftShadowMap has been deprecated. Using PCFShadowMap instead.", source: http://127.0.0.1:8081/assets/routes-C8MYyLV4.js (71)
[15792:21888:0914/132645.084:INFO:third_party\webrtc\rtc_base\cpu_info.cc:77] Available number of cores: 16
[14160:14104:0914/132645.096:INFO:third_party\webrtc\rtc_base\cpu_info.cc:77] Available number of cores: 16
[21824:18468:0914/132645.205:INFO:third_party\webrtc\rtc_base\cpu_info.cc:77] Available number of cores: 16
[18272:2556:0914/132645.275:INFO:third_party\webrtc\rtc_base\cpu_info.cc:77] Available number of cores: 16
[16732:5004:0914/132645.330:INFO:third_party\webrtc\rtc_base\cpu_info.cc:77] Available number of cores: 16
[22168:19164:0914/132645.393:INFO:third_party\webrtc\rtc_base\cpu_info.cc:77] Available number of cores: 16
[17928:20272:0914/132645.470:INFO:third_party\webrtc\rtc_base\cpu_info.cc:77] Available number of cores: 16
[4396:3388:0914/132645.473:INFO:third_party\webrtc\rtc_base\cpu_info.cc:77] Available number of cores: 16
[8120:20772:0914/132645.485:INFO:third_party\webrtc\rtc_base\cpu_info.cc:77] Available number of cores: 16
[21100:13280:0914/132645.651:INFO:third_party\webrtc\rtc_base\cpu_info.cc:77] Available number of cores: 16
[20080:9144:0914/132645.742:INFO:third_party\webrtc\rtc_base\cpu_info.cc:77] Available number of cores: 16
[7008:1340:0914/132645.773:ERROR:google_apis\gcm\engine\registration_request.cc:291] Registration response error message: DEPRECATED_ENDPOINT
[20412:21316:0914/132645.839:INFO:third_party\webrtc\rtc_base\cpu_info.cc:77] Available number of cores: 16
[7008:7264:0914/132646.198:INFO:CONSOLE:71] "THREE.WebGLShadowMap: PCFSoftShadowMap has been deprecated. Using PCFShadowMap instead.", source: http://127.0.0.1:8081/assets/routes-C8MYyLV4.js (71)
[7008:7264:0914/132646.754:INFO:CONSOLE:71] "THREE.WebGLShadowMap: PCFSoftShadowMap has been deprecated. Using PCFShadowMap instead.", source: http://127.0.0.1:8081/assets/routes-C8MYyLV4.js (71)
