[11208:21136:0914/020402.726:INFO:components\enterprise\browser\controller\chrome_browser_cloud_management_controller.cc:241] No machine level policy manager exists.
[11928:15024:0914/020402.777:ERROR:ui\gl\direct_composition_support.cc:255] GetGpuDriverOverlayInfo: Failed to retrieve video device
[11928:15024:0914/020402.777:VERBOSE1:components\viz\service\main\viz_main_impl.cc:87] VizNullHypothesis is disabled (not a warning)
[11928:14248:0914/020402.778:VERBOSE1:base\allocator\scheduler_loop_quarantine_config.cc:198] No entry found for gpu-process/viz-compositor.
[9544:10088:0914/020402.838:INFO:third_party\webrtc\rtc_base\cpu_info.cc:77] Available number of cores: 16
[1552:6248:0914/020402.865:INFO:third_party\webrtc\rtc_base\cpu_info.cc:77] Available number of cores: 16
[11156:9268:0914/020402.868:INFO:third_party\webrtc\rtc_base\cpu_info.cc:77] Available number of cores: 16
[9404:11312:0914/020402.893:INFO:third_party\webrtc\rtc_base\cpu_info.cc:77] Available number of cores: 16
[11068:12024:0914/020402.894:INFO:third_party\webrtc\rtc_base\cpu_info.cc:77] Available number of cores: 16
[16356:10684:0914/020403.139:INFO:third_party\webrtc\rtc_base\cpu_info.cc:77] Available number of cores: 16
[5444:20892:0914/020403.463:INFO:third_party\webrtc\rtc_base\cpu_info.cc:77] Available number of cores: 16
[14300:6632:0914/020403.483:INFO:third_party\webrtc\rtc_base\cpu_info.cc:77] Available number of cores: 16
[20592:17984:0914/020403.483:INFO:third_party\webrtc\rtc_base\cpu_info.cc:77] Available number of cores: 16
[20628:17928:0914/020403.534:INFO:third_party\webrtc\rtc_base\cpu_info.cc:77] Available number of cores: 16
[16664:8588:0914/020403.682:INFO:third_party\webrtc\rtc_base\cpu_info.cc:77] Available number of cores: 16
[14352:13140:0914/020403.707:INFO:third_party\webrtc\rtc_base\cpu_info.cc:77] Available number of cores: 16
[17956:9900:0914/020403.707:INFO:third_party\webrtc\rtc_base\cpu_info.cc:77] Available number of cores: 16
[20040:18216:0914/020405.345:INFO:third_party\webrtc\rtc_base\cpu_info.cc:77] Available number of cores: 16
[1216:6424:0914/020405.345:INFO:third_party\webrtc\rtc_base\cpu_info.cc:77] Available number of cores: 16
[22044:6584:0914/020405.444:INFO:third_party\webrtc\rtc_base\cpu_info.cc:77] Available number of cores: 16
[21936:1980:0914/020405.507:INFO:third_party\webrtc\rtc_base\cpu_info.cc:77] Available number of cores: 16
[5664:11128:0914/020405.563:INFO:third_party\webrtc\rtc_base\cpu_info.cc:77] Available number of cores: 16
[3760:19996:0914/020405.608:INFO:third_party\webrtc\rtc_base\cpu_info.cc:77] Available number of cores: 16
[20792:11108:0914/020405.661:INFO:third_party\webrtc\rtc_base\cpu_info.cc:77] Available number of cores: 16
[15976:18360:0914/020405.664:INFO:third_party\webrtc\rtc_base\cpu_info.cc:77] Available number of cores: 16
[21316:17632:0914/020405.682:INFO:third_party\webrtc\rtc_base\cpu_info.cc:77] Available number of cores: 16
[5464:11536:0914/020405.728:INFO:third_party\webrtc\rtc_base\cpu_info.cc:77] Available number of cores: 16
[11208:8804:0914/020405.960:ERROR:google_apis\gcm\engine\registration_request.cc:291] Registration response error message: DEPRECATED_ENDPOINT
[21960:12728:0914/020406.156:INFO:third_party\webrtc\rtc_base\cpu_info.cc:77] Available number of cores: 16
[13964:21340:0914/020406.156:INFO:third_party\webrtc\rtc_base\cpu_info.cc:77] Available number of cores: 16
[18756:9820:0914/020406.406:INFO:third_party\webrtc\rtc_base\cpu_info.cc:77] Available number of cores: 16
[11208:21136:0914/020414.960:INFO:CONSOLE:859] "[vite] connecting...", source: http://127.0.0.1:8080/@vite/client (859)
[11208:21136:0914/020414.965:INFO:CONSOLE:968] "[vite] connected.", source: http://127.0.0.1:8080/@vite/client (968)
[11208:21136:0914/020415.551:INFO:CONSOLE:14336] "%cDownload the React DevTools for a better development experience: https://react.dev/link/react-devtools font-weight:bold", source: http://127.0.0.1:8080/node_modules/.vite/deps/react-dom_client.js?v=372962b5 (14336)
[11208:21136:0914/020417.900:INFO:CONSOLE:74] "THREE.WebGLShadowMap: PCFSoftShadowMap has been deprecated. Using PCFShadowMap instead.", source: http://127.0.0.1:8080/src/studio/diagnosticsBuffer.ts (74)
