✔ real worksheet renders separated report totals, item rows, filters and expandable hierarchy (23.6695ms)
✔ stale or invalid form never exposes a downloadable result (4.9246ms)
✔ locked worksheet cannot download while host writes are unavailable (6.6718ms)
✔ a project with no current source revision disables binding with a readable explanation (8.2489ms)
✔ an unbound worksheet shows explicit, unpopulated binding inputs from the live source (8.2693ms)
✔ a bound worksheet shows its reference, evidence, source and current status (8.9925ms)
✔ a stale binding withholds the report and names the reason instead of showing totals (3.0462ms)
✔ an unbound worksheet still presents its unverified report exactly as before (8.6001ms)
✔ A1: a highlight request names an entity; there is no request to highlight nothing (2.6763ms)
✔ A2: a request stores no verdict — only the id the user clicked (0.1542ms)
✔ A3: unknown keys are rejected (0.2402ms)
✔ B1: an unresolvable entity is never emphasised (0.5893ms)
✔ B2: an unmeasured entity is never emphasised as measured (0.1737ms)
✔ B3: a drawn highlight states what it means (0.1715ms)
✔ B4: not drawing anything may say nothing (0.0961ms)
✔ C1: a current, present entity highlights and claims it is current (0.2353ms)
✔ C2: a stale entity is still shown, and says it changed (0.1541ms)
✔ C3: a deleted entity is not drawn, and is not claimed as current (0.1886ms)
✔ C4: an unbound row highlights nothing and invents no entity (0.1323ms)
✔ C5: with no canvas mounted, nothing is claimed to have been highlighted (0.1314ms)
✔ C6: an unbound row with no canvas reports not-measured, not merely absent (0.0786ms)
✔ C7: resolution is pure (0.5266ms)
✔ C8: every resolvable state produces a parseable resolution (0.2583ms)
✔ QS measured geometry derives gross length from calibrated points, never cached lengths (3.8422ms)
✔ QS measured geometry updates the quantity and unit for real section dimensions (0.4446ms)
✔ QS measured geometry retains small quantities without display rounding to zero (0.4547ms)
✔ QS measured geometry strips verification authority for sample source (0.3898ms)
✔ QS measured geometry strips verification authority for missing source hash (0.2122ms)
✔ QS measured geometry strips verification authority for missing active source (0.1866ms)
✔ QS measured geometry strips verification authority for foreign calibration candidate (0.2688ms)
✔ QS measured geometry strips verification authority for legacy source coordinates (0.2ms)
✔ QS measured geometry strips verification authority for scale changed behind its candidate (0.1775ms)
✔ QS measured geometry strips verification authority for unlocked calibration (0.2142ms)
✔ QS measured geometry strips verification authority for missing section dimensions (0.1725ms)
✔ QS measured geometry requires original-byte readiness and uses only the requested sheet (0.1958ms)
✔ A1: an item cannot be bound to itself (0.8182ms)
✔ A2: a source-traced binding must record its calibration (0.1473ms)
✔ A3: a binding with no source document may be uncalibrated (0.1086ms)
✔ A4: unknown keys are rejected (0.1649ms)
✔ A5: a quantity is exact decimal and never rounds (0.134ms)
✔ A5b: binding rejects non-decimal, scientific, signed and float quantities (0.7528ms)
✔ A5b: entity geometry rejects non-decimal, scientific, signed and float quantities (0.8287ms)
✔ A6: an unbindable entity type is rejected (0.1524ms)
✔ A7: a non-hex geometry hash is rejected (0.1301ms)
✔ B1: an untouched entity verifies and permits pricing (0.5042ms)
✔ B2: changed geometry is stale and withholds pricing (0.159ms)
✔ B3: a changed calibration is stale even when geometry is unchanged (0.1007ms)
✔ B3b: a changed source hash makes the entity binding stale (0.0917ms)
✔ B4: a deleted entity reports missing-entity, not stale (0.0682ms)
✔ B5: an entity id that resolves to a different entity reports missing-entity (0.0927ms)
✔ B6: a unit change withholds pricing before any hash comparison (0.0834ms)
✔ B7: an uncalibrated binding never verifies, even when hashes match (0.0863ms)
✔ B8: a calibration cleared on the entity is stale, not uncalibrated (0.1178ms)
✔ B9: a drifted measured quantity is stale (0.1181ms)
✔ B9b: editing only the cost-plan quantity makes the immutable binding stale (0.1115ms)
✔ B9c: editing only the cost-plan unit withholds pricing as unit-changed (0.1185ms)
✔ B9d: equivalent decimal spelling does not make an unchanged quantity stale (0.1186ms)
✔ B9e: sample and inferred row evidence cannot verify against matching measured geometry (0.2086ms)
✔ B9f: copied bindings from another project stay stale even when entity IDs and hashes match (0.1466ms)
✔ B10: evaluation is pure — the same inputs always give the same verdict (0.0985ms)
✔ B11: a binding stores no verdict field (0.0736ms)
✔ C1: pricingPermitted true with a non-verified status is rejected (0.1191ms)
✔ C2: a non-verified status with no reason is rejected (0.0866ms)
✔ C3: a verified status carrying findings is rejected (0.0822ms)
✔ C4: pricingPermitted false on a verified status is rejected (0.0867ms)
✔ D1: a bound quantity that disagrees with the row is a finding, not a correction (0.1103ms)
✔ D2: the audit line states identity, not a verdict (0.1379ms)
✔ D3: an uncalibrated binding says so in its audit line (0.0757ms)
✔ F1: an uncalculated draft never re-pins, however much its rows changed (0.0626ms)
✔ F2: a calculated draft re-pins when its rows changed (0.0444ms)
✔ F3: a calculated draft with unchanged rows does not re-pin (0.0487ms)
✔ F4: an empty draft never pins, even when the pin in force is off an older draft (0.0852ms)
✔ F5: the pin rule is pure (0.0787ms)
✔ E1: an item with no binding renders as not bound, never as verified (7.7931ms)
✔ E2: a binding whose entity is present and matching renders verified and permits pricing (1.1823ms)
✔ E3: the ledger derives staleness from live geometry — the same stored binding goes stale when the entity moves (0.7998ms)
✔ E4: a bound item whose entity is absent renders missing-entity rather than silently verified (0.6905ms)
✔ E5: the withheld notice appears for unverified items and names each status present (2.1106ms)
✔ G0a: the ledger withholds sample, inferred and foreign-project rows while preserving the current measured row (1.9699ms)
✔ G0: duplicate draft references cannot borrow a bound row's verified evidence (2.5982ms)
✔ G1: a resolvable bound item offers a highlight control naming its claim (1.2713ms)
✔ G2: no canvas mounted means no control, and the claim is not that it was shown (1.0239ms)
✔ G3: a stale item is still highlightable, and says the geometry moved (3.1589ms)
✔ G4: an unbound item offers no control and claims nothing was measured (1.3471ms)
✔ G5: without a handler the row is inert, not a button that does nothing (1.1886ms)
✔ G6: a bound item whose entity is gone offers no control (1.3209ms)
✔ G10: activating a row sends that row's own entity, not its neighbour's (1.421ms)
✔ G11: an unbound row has nothing to activate (0.5111ms)
✔ G12: activating a stale row still sends the user to the entity, and says it moved (0.5439ms)
✔ G7: highlight state is per row — a verified row and a stale row disagree (1.3269ms)
✔ G8: a ledger that is not told about the surfaces assumes there are none (1.1853ms)
✔ G8b: with no surface to draw on, no row in a mixed ledger claims resolvable (1.0928ms)
✔ G9: a mixed ledger offers a control only on the rows it can show (1.1205ms)
✔ empty controlled form contains no invented quantities or source references (3.02ms)
✔ manual form resolves hierarchy keys while keeping source null and exact decimal quantities (2.7776ms)
✔ reassignment clears the calculated flag and conserves exact totals and source evidence (0.7152ms)
✔ editing classification codes preserves parent and item identity through stable form keys (0.2721ms)
✔ form quantities never blend units or evidence and cannot promote manual inputs to measured (0.8873ms)
✔ invalid references, duplicate codes/items, cycles and invalid decimals fail without partial totals (0.8735ms)
✔ JSON draft roundtrip retains unassigned items and recomputes the same report (0.4214ms)
✔ JSON draft roundtrip retains the exact immutable measured-entity binding (1.3358ms)
✔ an unbound worksheet still classifies and is labelled unverified (0.3879ms)
✔ binding succeeds from explicit inputs and round-trips through the quantity form schema (1.4335ms)
✔ binding identity comes from the live source and the unit is never invented (0.2178ms)
✔ each change to the bound source withholds the report and names the reason (0.3655ms)
✔ a declared binding stays a supplied reference and never reports verified evidence (1.3583ms)
✔ source-derived evidence without its calibration is refused; a declared binding carries none (0.6807ms)
✔ blank user inputs are refused rather than defaulted to a plausible page or class (0.2916ms)
✔ binding never changes exact decimal totals or the unit and evidence separation (0.4283ms)
✔ clearing a binding returns the worksheet to manual and unverified (0.202ms)
✔ evidence classes are described as supplied or source-derived, never promoted (0.135ms)
ℹ tests 111
ℹ suites 0
ℹ pass 111
ℹ fail 0
ℹ cancelled 0
ℹ skipped 0
ℹ todo 0
ℹ duration_ms 691.045
