[53580:22728:0913/001540.259:INFO:components\enterprise\browser\controller\chrome_browser_cloud_management_controller.cc:241] No machine level policy manager exists.
[15780:53156:0913/001540.308:ERROR:ui\gl\direct_composition_support.cc:254] GetGpuDriverOverlayInfo: Failed to retrieve video device
[15780:53156:0913/001540.310:VERBOSE1:components\viz\service\main\viz_main_impl.cc:87] VizNullHypothesis is disabled (not a warning)
[15780:99016:0913/001540.310:VERBOSE1:base\allocator\scheduler_loop_quarantine_config.cc:195] No entry found for gpu-process/viz-compositor.
[97592:56220:0913/001540.345:INFO:third_party\webrtc\rtc_base\cpu_info.cc:77] Available number of cores: 32
[16628:7336:0913/001540.373:INFO:third_party\webrtc\rtc_base\cpu_info.cc:77] Available number of cores: 32
[92492:84500:0913/001540.373:INFO:third_party\webrtc\rtc_base\cpu_info.cc:77] Available number of cores: 32
[53580:22728:0913/001540.391:WARNING:chrome\browser\extensions\external_registry_loader_win.cc:236] Error observing HKLM: Access is denied. (0x5)
[73660:54056:0913/001540.408:INFO:third_party\webrtc\rtc_base\cpu_info.cc:77] Available number of cores: 32
[8768:99212:0913/001540.411:INFO:third_party\webrtc\rtc_base\cpu_info.cc:77] Available number of cores: 32
[14208:70228:0913/001540.489:INFO:third_party\webrtc\rtc_base\cpu_info.cc:77] Available number of cores: 32
[53580:22728:0913/001542.364:ERROR:components\device_event_log\device_event_log_impl.cc:211] [00:15:42.365] USB: usb_service_win.cc:108 SetupDiGetDeviceProperty({{A45C254E-DF1C-4EFD-8020-67D146A850E0}, 6}) failed: Element not found. (0x490)
[46516:28988:0913/001542.527:INFO:third_party\webrtc\rtc_base\cpu_info.cc:77] Available number of cores: 32
[22688:39976:0913/001542.533:INFO:third_party\webrtc\rtc_base\cpu_info.cc:77] Available number of cores: 32
[11652:82744:0913/001542.612:INFO:third_party\webrtc\rtc_base\cpu_info.cc:77] Available number of cores: 32
[58720:55072:0913/001542.635:INFO:third_party\webrtc\rtc_base\cpu_info.cc:77] Available number of cores: 32
[29344:5096:0913/001542.689:INFO:third_party\webrtc\rtc_base\cpu_info.cc:77] Available number of cores: 32
[32032:30824:0913/001542.740:INFO:third_party\webrtc\rtc_base\cpu_info.cc:77] Available number of cores: 32
[77312:85852:0913/001542.771:INFO:third_party\webrtc\rtc_base\cpu_info.cc:77] Available number of cores: 32
[14488:98568:0913/001542.811:INFO:third_party\webrtc\rtc_base\cpu_info.cc:77] Available number of cores: 32
[99020:98740:0913/001542.833:INFO:third_party\webrtc\rtc_base\cpu_info.cc:77] Available number of cores: 32
[37024:70508:0913/001542.834:INFO:third_party\webrtc\rtc_base\cpu_info.cc:77] Available number of cores: 32
[11192:69668:0913/001543.020:INFO:third_party\webrtc\rtc_base\cpu_info.cc:77] Available number of cores: 32
[53580:57748:0913/001543.407:ERROR:google_apis\gcm\engine\registration_request.cc:291] Registration response error message: PHONE_REGISTRATION_ERROR
[53580:57748:0913/001543.413:ERROR:google_apis\gcm\engine\registration_request.cc:291] Registration response error message: PHONE_REGISTRATION_ERROR
[53580:57748:0913/001543.424:ERROR:google_apis\gcm\engine\registration_request.cc:291] Registration response error message: PHONE_REGISTRATION_ERROR
[53580:57748:0913/001543.597:ERROR:google_apis\gcm\engine\mcs_client.cc:702]   Error code: 401  Error message: Authentication Failed: wrong_secret
[53580:57748:0913/001543.597:ERROR:google_apis\gcm\engine\mcs_client.cc:704] Failed to log in to GCM, resetting connection.
[59820:7216:0913/001543.648:INFO:third_party\webrtc\rtc_base\cpu_info.cc:77] Available number of cores: 32
[71616:14184:0913/001543.669:INFO:third_party\webrtc\rtc_base\cpu_info.cc:77] Available number of cores: 32
[18596:11296:0913/001543.669:INFO:third_party\webrtc\rtc_base\cpu_info.cc:77] Available number of cores: 32
[98316:99156:0913/001543.754:INFO:third_party\webrtc\rtc_base\cpu_info.cc:77] Available number of cores: 32
[97036:14292:0913/001543.865:INFO:third_party\webrtc\rtc_base\cpu_info.cc:77] Available number of cores: 32
[15192:22104:0913/001543.899:INFO:third_party\webrtc\rtc_base\cpu_info.cc:77] Available number of cores: 32
[22688:77380:0913/001543.899:INFO:third_party\webrtc\rtc_base\cpu_info.cc:77] Available number of cores: 32
[53580:57748:0913/001606.450:ERROR:google_apis\gcm\engine\registration_request.cc:291] Registration response error message: DEPRECATED_ENDPOINT
[53580:32244:0913/001610.293:INFO:chrome\browser\extensions\extension_garbage_collector.cc:188] Garbage collection for extensions on file thread is complete.
