✓ X-Ray by Looplet
  http://127.0.0.1:8080/

true

✓ Done

null

✓ Done

✓ Done

✓ Done

✓ Done

✓ Done

✓ Done

null

✓ Done

✓ Done

✓ Done

✓ Done

null

✓ Screenshot saved to screenshots/growth/assistant-pointer-resize.png

✓ X-Ray by Looplet
  http://127.0.0.1:8080/floor-lab

true

null

true

✓ Screenshot saved to screenshots/growth/floor-corrected-reinforcement.png

null

true

✓ Screenshot saved to screenshots/growth/floor-corrected-insulation.png

✓ Done

✓ Done

true

✓ Screenshot saved to screenshots/growth/floor-corrected-services.png

✓ Done

true

✓ Screenshot saved to screenshots/growth/floor-corrected-tablet.png

