http://127.0.0.1:8080/

true

✓ Done

null

✓ Done

✓ Done

null

✓ Done

✓ Done

✓ Done

null

✓ Done

✓ Done

✓ Done

null

✓ Done

✓ Done

✓ Done

null

✓ Done

✓ Done

✓ Done

null

✓ Done

"Dropped synthetic image"

true

✓ Done

✓ Done

✓ Done

null

✓ Screenshot saved to screenshots/growth/assistant-reference-library.png

✓ Done

✓ Done

null

✓ Done

✓ Done

null

✓ Done

✓ Done

✓ Done

✓ Done

✓ Done

true

✓ Screenshot saved to screenshots/growth/assistant-conversation.png

✓ Done

✓ Done

✓ Screenshot saved to screenshots/growth/assistant-help.png

✓ Done

✓ Done

null

✓ Screenshot saved to screenshots/growth/assistant-tablet.png

http://127.0.0.1:8080/

true

null

