true

null

✓ Done

✓ Done

✓ Done

✓ Done

✓ Done

✓ Done

null

✓ Done

✓ Done

✓ Done

✓ Done

null

✓ Screenshot saved to screenshots/growth/native-assistant-pointer-resize.png

✓ Done

true

✓ Done

true

null

true

✓ Screenshot saved to screenshots/growth/native-floor-corrected-reinforcement.png

null

true

✓ Screenshot saved to screenshots/growth/native-floor-corrected-insulation.png

✓ Done

✓ Done

true

✓ Screenshot saved to screenshots/growth/native-floor-corrected-services.png

true

✓ Screenshot saved to screenshots/growth/native-floor-corrected-desktop.png

