http://tauri.localhost/

true

null

✓ Done

✓ Done

null

✓ Done

✓ Done

✓ Done

null

✓ Done

✓ Done

✓ Done

null

✓ Done

✓ Done

✓ Done

null

✓ Done

✓ Done

✓ Done

null

✓ Done

"Dropped synthetic image"

true

✓ Done

✓ Done

✓ Done

null

✓ Screenshot saved to screenshots/growth/native-assistant-reference-library.png

✓ Done

✓ Done

null

✓ Done

✓ Done

null

✓ Done

✓ Done

✓ Done

✓ Done

✓ Done

true

✓ Screenshot saved to screenshots/growth/native-assistant-conversation.png

✓ Done

✓ Done

✓ Screenshot saved to screenshots/growth/native-assistant-help.png

✓ Done

null

✓ Screenshot saved to screenshots/growth/native-assistant-desktop.png

http://tauri.localhost/

true

null

