http://127.0.0.1:8095/

true

✓ Done

null

✓ Done

✓ Done

null

✓ Done

✓ Done

✓ Done

null

✓ Done

✓ Done

✓ Done

null

✓ Done

✓ Done

✓ Done

null

✓ Done

✓ Done

✓ Done

null

✓ Done

"Dropped synthetic image"

true

✓ Done

✓ Done

✓ Done

null

✓ Screenshot saved to screenshots/growth/production-assistant-reference-library.png

✓ Done

✓ Done

null

✓ Done

✓ Done

null

✓ Done

✓ Done

✓ Done

✓ Done

✓ Done

true

✓ Screenshot saved to screenshots/growth/production-assistant-conversation.png

✓ Done

✓ Done

✓ Screenshot saved to screenshots/growth/production-assistant-help.png

✓ Done

✓ Done

null

✓ Screenshot saved to screenshots/growth/production-assistant-tablet.png

http://127.0.0.1:8095/

true

null

