(node:23480) [DEP0190] DeprecationWarning: Passing args to a child process with shell option true can lead to security vulnerabilities, as the arguments are not escaped, only concatenated.
(Use `node --trace-deprecation ...` to show where the warning was created)
Error: aborted
    at abortIncoming (node:_http_server:921:17)
    ... 2 lines matching cause stack trace ...
    at TCP.<anonymous> (node:net:362:12) {
  cause: Error: aborted
      at abortIncoming (node:_http_server:921:17)
      at socketOnClose (node:_http_server:914:3)
      at Socket.emit (node:events:526:24)
      at TCP.<anonymous> (node:net:362:12) {
    code: 'ECONNRESET'
  },
  status: 500,
  statusText: undefined,
  headers: undefined,
  data: undefined,
  body: undefined,
  unhandled: true
}
Error: aborted
    at abortIncoming (node:_http_server:921:17)
    ... 2 lines matching cause stack trace ...
    at TCP.<anonymous> (node:net:362:12) {
  cause: Error: aborted
      at abortIncoming (node:_http_server:921:17)
      at socketOnClose (node:_http_server:914:3)
      at Socket.emit (node:events:526:24)
      at TCP.<anonymous> (node:net:362:12) {
    code: 'ECONNRESET'
  },
  status: 500,
  statusText: undefined,
  headers: undefined,
  data: undefined,
  body: undefined,
  unhandled: true
}
