[76340:76556:0913/011835.689:INFO:components\enterprise\browser\controller\chrome_browser_cloud_management_controller.cc:241] No machine level policy manager exists.
[94964:100024:0913/011835.744:ERROR:ui\gl\direct_composition_support.cc:254] GetGpuDriverOverlayInfo: Failed to retrieve video device
[94964:100024:0913/011835.744:VERBOSE1:components\viz\service\main\viz_main_impl.cc:87] VizNullHypothesis is disabled (not a warning)
[94964:99384:0913/011835.745:VERBOSE1:base\allocator\scheduler_loop_quarantine_config.cc:195] No entry found for gpu-process/viz-compositor.
[100308:41624:0913/011835.762:INFO:third_party\webrtc\rtc_base\cpu_info.cc:77] Available number of cores: 32
[100416:73784:0913/011835.788:INFO:third_party\webrtc\rtc_base\cpu_info.cc:77] Available number of cores: 32
[86360:52004:0913/011835.788:INFO:third_party\webrtc\rtc_base\cpu_info.cc:77] Available number of cores: 32
[76340:76556:0913/011835.806:WARNING:chrome\browser\extensions\external_registry_loader_win.cc:236] Error observing HKLM: Access is denied. (0x5)
[97984:101112:0913/011835.821:INFO:third_party\webrtc\rtc_base\cpu_info.cc:77] Available number of cores: 32
[98896:67440:0913/011835.821:INFO:third_party\webrtc\rtc_base\cpu_info.cc:77] Available number of cores: 32
[54168:100728:0913/011835.895:INFO:third_party\webrtc\rtc_base\cpu_info.cc:77] Available number of cores: 32
[76340:76556:0913/011837.910:ERROR:components\device_event_log\device_event_log_impl.cc:211] [01:18:37.911] USB: usb_service_win.cc:108 SetupDiGetDeviceProperty({{A45C254E-DF1C-4EFD-8020-67D146A850E0}, 6}) failed: Element not found. (0x490)
[54056:10460:0913/011838.061:INFO:third_party\webrtc\rtc_base\cpu_info.cc:77] Available number of cores: 32
[99688:93332:0913/011838.067:INFO:third_party\webrtc\rtc_base\cpu_info.cc:77] Available number of cores: 32
[72852:36388:0913/011838.124:INFO:third_party\webrtc\rtc_base\cpu_info.cc:77] Available number of cores: 32
[15588:100444:0913/011838.159:INFO:third_party\webrtc\rtc_base\cpu_info.cc:77] Available number of cores: 32
[101928:77852:0913/011838.200:INFO:third_party\webrtc\rtc_base\cpu_info.cc:77] Available number of cores: 32
[46444:98600:0913/011838.232:INFO:third_party\webrtc\rtc_base\cpu_info.cc:77] Available number of cores: 32
[32020:20128:0913/011838.275:INFO:third_party\webrtc\rtc_base\cpu_info.cc:77] Available number of cores: 32
[46008:102112:0913/011838.313:INFO:third_party\webrtc\rtc_base\cpu_info.cc:77] Available number of cores: 32
[31476:8768:0913/011838.337:INFO:third_party\webrtc\rtc_base\cpu_info.cc:77] Available number of cores: 32
[101712:72852:0913/011838.342:INFO:third_party\webrtc\rtc_base\cpu_info.cc:77] Available number of cores: 32
[98572:97956:0913/011838.470:INFO:third_party\webrtc\rtc_base\cpu_info.cc:77] Available number of cores: 32
[8692:60304:0913/011838.639:INFO:third_party\webrtc\rtc_base\cpu_info.cc:77] Available number of cores: 32
[98600:99016:0913/011838.665:INFO:third_party\webrtc\rtc_base\cpu_info.cc:77] Available number of cores: 32
[101408:100996:0913/011838.665:INFO:third_party\webrtc\rtc_base\cpu_info.cc:77] Available number of cores: 32
[79212:100920:0913/011838.725:INFO:third_party\webrtc\rtc_base\cpu_info.cc:77] Available number of cores: 32
[86896:98280:0913/011838.837:INFO:third_party\webrtc\rtc_base\cpu_info.cc:77] Available number of cores: 32
[46008:102044:0913/011838.859:INFO:third_party\webrtc\rtc_base\cpu_info.cc:77] Available number of cores: 32
[99708:15088:0913/011838.859:INFO:third_party\webrtc\rtc_base\cpu_info.cc:77] Available number of cores: 32
[76340:78228:0913/011838.959:ERROR:google_apis\gcm\engine\registration_request.cc:291] Registration response error message: PHONE_REGISTRATION_ERROR
[76340:78228:0913/011838.964:ERROR:google_apis\gcm\engine\registration_request.cc:291] Registration response error message: PHONE_REGISTRATION_ERROR
[76340:78228:0913/011838.970:ERROR:google_apis\gcm\engine\registration_request.cc:291] Registration response error message: PHONE_REGISTRATION_ERROR
[76340:78228:0913/011839.169:ERROR:google_apis\gcm\engine\mcs_client.cc:702]   Error code: 401  Error message: Authentication Failed: wrong_secret
[76340:78228:0913/011839.169:ERROR:google_apis\gcm\engine\mcs_client.cc:704] Failed to log in to GCM, resetting connection.
[76340:76556:0913/011839.971:INFO:CONSOLE:92] "THREE.WebGLShadowMap: PCFSoftShadowMap has been deprecated. Using PCFShadowMap instead.", source: http://127.0.0.1:8187/assets/routes-D6XU1WEX.js (92)
