
C:\Users\danie\XRayBuilds\preflight\sc09rr-bf09e36e3100\source\src\studio\industries\quantity-surveying\QSCostPlanPackagePanel.tsx
  22:14  warning  Fast refresh only works when a file only exports components. Use a new file to share constants or functions between components  react-refresh/only-export-components
  31:17  warning  Fast refresh only works when a file only exports components. Use a new file to share constants or functions between components  react-refresh/only-export-components
  47:23  warning  Fast refresh only works when a file only exports components. Use a new file to share constants or functions between components  react-refresh/only-export-components
  59:17  warning  Fast refresh only works when a file only exports components. Use a new file to share constants or functions between components  react-refresh/only-export-components
  64:23  warning  Fast refresh only works when a file only exports components. Use a new file to share constants or functions between components  react-refresh/only-export-components
  77:17  warning  Fast refresh only works when a file only exports components. Use a new file to share constants or functions between components  react-refresh/only-export-components
  93:17  warning  Fast refresh only works when a file only exports components. Use a new file to share constants or functions between components  react-refresh/only-export-components
  97:23  warning  Fast refresh only works when a file only exports components. Use a new file to share constants or functions between components  react-refresh/only-export-components

C:\Users\danie\XRayBuilds\preflight\sc09rr-bf09e36e3100\source\src\studio\industries\quantity-surveying\QSItemBindingLedger.tsx
   95:19  warning  'row' is defined but never used. Allowed unused args must match /^_/u     @typescript-eslint/no-unused-vars
  165:52  warning  'entity' is defined but never used. Allowed unused args must match /^_/u  @typescript-eslint/no-unused-vars

C:\Users\danie\XRayBuilds\preflight\sc09rr-bf09e36e3100\source\src\studio\industries\quantity-surveying\QSReportPanel.tsx
  9:8  warning  'HierarchicalExportRow' is defined but never used. Allowed unused vars must match /^_/u  @typescript-eslint/no-unused-vars

C:\Users\danie\XRayBuilds\preflight\sc09rr-bf09e36e3100\source\src\studio\industries\quantity-surveying\QSWorksheet.tsx
  47:17  warning  Fast refresh only works when a file only exports components. Use a new file to share constants or functions between components  react-refresh/only-export-components
  99:17  warning  Fast refresh only works when a file only exports components. Use a new file to share constants or functions between components  react-refresh/only-export-components

C:\Users\danie\XRayBuilds\preflight\sc09rr-bf09e36e3100\source\src\studio\industries\quantity-surveying\assistantTool.test.ts
  146:9  warning  'before' is assigned a value but never used. Allowed unused vars must match /^_/u  @typescript-eslint/no-unused-vars

C:\Users\danie\XRayBuilds\preflight\sc09rr-bf09e36e3100\source\src\studio\industries\quantity-surveying\qsReportFormatter.ts
  290:11  warning  'leaf' is assigned a value but never used. Allowed unused vars must match /^_/u   @typescript-eslint/no-unused-vars
  291:11  warning  'blind' is assigned a value but never used. Allowed unused vars must match /^_/u  @typescript-eslint/no-unused-vars

✖ 16 problems (0 errors, 16 warnings)

