
> tauri:build
> tauri build --bundles nsis


> build:cad
> node scripts/build-cad.mjs

Built local DWG translator: ACadSharp 3.7.1; verified 5 dependency checksums.

> build:desktop
> node scripts/with-app-env.mjs vite build --config vite.config.spa.ts

[36mvite v8.2.2 [32mbuilding client environment for production...[36m[39m
transforming...
✓ 2253 modules transformed.
rendering chunks...
computing gzip size...
dist/index.html                          0.51 kB │ gzip:   0.32 kB
dist/assets/pdf.worker-DTrjDNvb.mjs  2,395.53 kB
dist/assets/index-m2wCcSpn.css         152.21 kB │ gzip:  28.31 kB
dist/assets/pdf.worker-Cumxr82H.js       0.08 kB │ gzip:   0.10 kB
dist/assets/core-CwxXejkd.js             0.09 kB │ gzip:   0.10 kB
dist/assets/src-BG_BtYJk.js             17.23 kB │ gzip:   7.30 kB
dist/assets/pdf-Blv6r7Wu.js            487.96 kB │ gzip: 148.27 kB
dist/assets/index-qUUEjVQD.js        2,228.59 kB │ gzip: 690.72 kB

[32m✓ built in 12.26s[39m
