
> build
> node scripts/with-app-env.mjs vite build && npm run db:migrate

[90m[[90mnitro:vercel[90m][39m [36mi[39m Using [36mnodejs24.x[39m runtime.
[90m[[90mnitro:vercel[90m][39m [36mi[39m Using [36mweb[39m entry format.
[36mvite v8.2.2 [32mbuilding client environment for production...[36m[39m
transforming...
✓ 2276 modules transformed.
rendering chunks...
computing gzip size...
.vercel/output/static/assets/pdf.worker-DTrjDNvb.mjs       2,395.53 kB
.vercel/output/static/assets/routes-BYSvN0u_.css              71.24 kB │ gzip:  13.24 kB
.vercel/output/static/assets/styles-lzfWIHLl.css              78.61 kB │ gzip:  15.41 kB
.vercel/output/static/assets/pdf.worker-C_P5zptD.js            0.06 kB │ gzip:   0.08 kB
.vercel/output/static/assets/core-CwxXejkd.js                  0.09 kB │ gzip:   0.10 kB
.vercel/output/static/assets/rolldown-runtime-C0FnF6B9.js      1.29 kB │ gzip:   0.71 kB
.vercel/output/static/assets/src-SuYvKHvm.js                  17.24 kB │ gzip:   7.31 kB
.vercel/output/static/assets/index-DfKXJKq-.js               412.03 kB │ gzip: 127.90 kB
.vercel/output/static/assets/pdf-CgHdLFlM.js                 487.95 kB │ gzip: 148.26 kB
.vercel/output/static/assets/routes-Bo0upJun.js            1,859.08 kB │ gzip: 576.78 kB

[32m✓ built in 838ms[39m
[36mvite v8.2.2 [32mbuilding ssr environment for production...[36m[39m
transforming...
✓ 259 modules transformed.
rendering chunks...
computing gzip size...
node_modules/.nitro/vite/services/ssr/assets/pdf.worker-DTrjDNvb.mjs                 2,395.53 kB
node_modules/.nitro/vite/services/ssr/assets/routes-BYSvN0u_.css                        71.24 kB │ gzip:  13.24 kB
node_modules/.nitro/vite/services/ssr/assets/styles-lzfWIHLl.css                        78.61 kB │ gzip:  15.41 kB
node_modules/.nitro/vite/services/ssr/assets/start-5Z2QO8AU.js                           0.14 kB │ gzip:   0.13 kB
node_modules/.nitro/vite/services/ssr/assets/pdf.worker-BjHbYlP1.js                      0.18 kB │ gzip:   0.15 kB
node_modules/.nitro/vite/services/ssr/assets/empty-plugin-adapters-D9UWiqvJ.js           0.22 kB │ gzip:   0.16 kB
node_modules/.nitro/vite/services/ssr/assets/_tanstack-start-manifest_v-DrvNkaJo.js      0.70 kB │ gzip:   0.40 kB
node_modules/.nitro/vite/services/ssr/assets/voice.server-C0w8UaSf.js                    1.85 kB │ gzip:   0.93 kB
node_modules/.nitro/vite/services/ssr/assets/architectAi.server-C5-f5-7X.js              2.80 kB │ gzip:   1.37 kB
node_modules/.nitro/vite/services/ssr/assets/voiceCore-B0sa9v1M.js                       3.68 kB │ gzip:   1.60 kB
node_modules/.nitro/vite/services/ssr/assets/materialAi.server-C15numTQ.js               4.70 kB │ gzip:   2.13 kB
node_modules/.nitro/vite/services/ssr/assets/aiMaterials-z6TS8lt4.js                     8.21 kB │ gzip:   3.24 kB
node_modules/.nitro/vite/services/ssr/assets/router-Bs1e9px6.js                         16.85 kB │ gzip:   5.10 kB
node_modules/.nitro/vite/services/ssr/assets/layoutAi-Dd5kGMwd.js                       32.45 kB │ gzip:   9.58 kB
node_modules/.nitro/vite/services/ssr/index.js                                          62.53 kB │ gzip:  15.90 kB
node_modules/.nitro/vite/services/ssr/assets/routes--rCt3BFL.js                      1,236.84 kB │ gzip: 295.54 kB

[32m✓ built in 423ms[39m

[90m[[90mnitro[90m][39m [35mo[39m Building [[35mNitro[39m] [2m(preset: [36mvercel[39m, compatibility: [36m2026-09-07[39m)[22m
[90m[[90mnitro[90m][39m [32m√[39m Generated public [36m.vercel/output/static[39m
[36mvite v8.2.2 [32mbuilding nitro environment for production...[36m[39m
transforming...
✓ 2146 modules transformed.
[36mi[39m Tracing dependencies:
- [36mtslib[39m (1.14.1)
[32m√[39m Traced 1 dependencies (4 files) in 39ms.
[36mi[39m Ensure your production environment matches the builder OS and architecture ([36mwin32-x64[39m) to avoid native module issues.
rendering chunks...
computing gzip size...
.vercel/output/functions/__server.func/_ssr/start-5Z2QO8AU.mjs                      0.14 kB │ gzip:   0.13 kB
.vercel/output/functions/__server.func/_ssr/pdf.worker-BjHbYlP1.mjs                 0.19 kB │ gzip:   0.15 kB
.vercel/output/functions/__server.func/_ssr/empty-plugin-adapters-D9UWiqvJ.mjs      0.23 kB │ gzip:   0.16 kB
.vercel/output/functions/__server.func/_tanstack-start-manifest_v-DrvNkaJo.mjs      0.76 kB │ gzip:   0.43 kB
.vercel/output/functions/__server.func/_chunks/ssr-renderer.mjs                     0.96 kB │ gzip:   0.49 kB
.vercel/output/functions/__server.func/_libs/is-url.mjs                             1.02 kB │ gzip:   0.54 kB
.vercel/output/functions/__server.func/_libs/defu.mjs                               1.39 kB │ gzip:   0.58 kB
.vercel/output/functions/__server.func/_ssr/voice.server-C0w8UaSf.mjs               1.89 kB │ gzip:   0.96 kB
.vercel/output/functions/__server.func/_libs/zustand.mjs                            1.91 kB │ gzip:   0.72 kB
.vercel/output/functions/__server.func/_runtime.mjs                                 1.92 kB │ gzip:   0.87 kB
.vercel/output/functions/__server.func/_libs/tauri-apps__api.mjs                    2.41 kB │ gzip:   1.10 kB
.vercel/output/functions/__server.func/_ssr/architectAi.server-C5-f5-7X.mjs         2.85 kB │ gzip:   1.41 kB
.vercel/output/functions/__server.func/_ssr/voiceCore-B0sa9v1M.mjs                  3.68 kB │ gzip:   1.61 kB
.vercel/output/functions/__server.func/_ssr/materialAi.server-C15numTQ.mjs          4.75 kB │ gzip:   2.17 kB
.vercel/output/functions/__server.func/_libs/nanostores.mjs                         5.50 kB │ gzip:   1.81 kB
.vercel/output/functions/__server.func/_libs/better-auth__core+better-call.mjs      6.98 kB │ gzip:   2.92 kB
.vercel/output/functions/__server.func/_ssr/aiMaterials-z6TS8lt4.mjs                8.26 kB │ gzip:   3.32 kB
.vercel/output/functions/__server.func/_libs/h3-v2+rou3.mjs                         9.83 kB │ gzip:   3.05 kB
.vercel/output/functions/__server.func/_libs/tanstack__history.mjs                 12.05 kB │ gzip:   3.46 kB
.vercel/output/functions/__server.func/_libs/regenerator-runtime.mjs               14.59 kB │ gzip:   3.76 kB
.vercel/output/functions/__server.func/_ssr/router-Bs1e9px6.mjs                    17.06 kB │ gzip:   5.19 kB
.vercel/output/functions/__server.func/_libs/better-fetch__fetch.mjs               18.92 kB │ gzip:   5.11 kB
.vercel/output/functions/__server.func/_libs/tesseract.js.mjs                      20.89 kB │ gzip:   5.92 kB
.vercel/output/functions/__server.func/_libs/h3+rou3+srvx.mjs                      22.57 kB │ gzip:   6.12 kB
.vercel/output/functions/__server.func/index.mjs                                   31.72 kB │ gzip:   9.93 kB
.vercel/output/functions/__server.func/_ssr/layoutAi-Dd5kGMwd.mjs                  32.31 kB │ gzip:   9.66 kB
.vercel/output/functions/__server.func/_libs/lucide-react.mjs                      33.69 kB │ gzip:   6.45 kB
.vercel/output/functions/__server.func/_libs/pdf-lib__upng.mjs                     45.33 kB │ gzip:  12.02 kB
.vercel/output/functions/__server.func/_libs/polygon-clipping+[...].mjs            51.86 kB │ gzip:  12.75 kB
.vercel/output/functions/__server.func/_libs/dxf-parser+loglevel.mjs               53.63 kB │ gzip:  11.09 kB
.vercel/output/functions/__server.func/_ssr/ssr.mjs                                60.83 kB │ gzip:  15.83 kB
.vercel/output/functions/__server.func/_libs/@tanstack/router-core+[...].mjs      122.94 kB │ gzip:  25.89 kB
.vercel/output/functions/__server.func/_libs/zod.mjs                              183.37 kB │ gzip:  39.46 kB
.vercel/output/functions/__server.func/_libs/pako+pdf-lib__standard-fonts.mjs     241.85 kB │ gzip: 122.20 kB
.vercel/output/functions/__server.func/_libs/node-fetch.mjs                       366.13 kB │ gzip:  85.16 kB
.vercel/output/functions/__server.func/_libs/pdf-lib.mjs                          606.25 kB │ gzip: 114.50 kB
.vercel/output/functions/__server.func/_libs/@tanstack/react-router+[...].mjs     676.09 kB │ gzip: 142.49 kB
.vercel/output/functions/__server.func/_libs/pdfjs-dist.mjs                       920.22 kB │ gzip: 201.67 kB
.vercel/output/functions/__server.func/_ssr/routes--rCt3BFL.mjs                 1,311.71 kB │ gzip: 297.75 kB
.vercel/output/functions/__server.func/_libs/three.mjs                          1,351.93 kB │ gzip: 274.00 kB

[32m✓ built in 550ms[39m
[36mi[39m Generated [36m.vercel/output/nitro.json[39m

[90m[[90mnitro[90m][39m [32m√[39m You can preview this build using [36mnpx vite preview[39m
[90m[[90mnitro[90m][39m [32m√[39m You can deploy this build using [36mnpx nitro deploy --prebuilt[39m

> db:migrate
> node scripts/migrate.mjs

[migrate] DATABASE_URL not set — skipping (the PGLite fallback migrates itself).
