[4536:21936:0914/125309.579:INFO:components\enterprise\browser\controller\chrome_browser_cloud_management_controller.cc:241] No machine level policy manager exists.
[8204:13776:0914/125309.641:ERROR:ui\gl\direct_composition_support.cc:255] GetGpuDriverOverlayInfo: Failed to retrieve video device
[8204:13776:0914/125309.642:VERBOSE1:components\viz\service\main\viz_main_impl.cc:87] VizNullHypothesis is disabled (not a warning)
[8204:15672:0914/125309.642:VERBOSE1:base\allocator\scheduler_loop_quarantine_config.cc:198] No entry found for gpu-process/viz-compositor.
[19716:13488:0914/125309.682:INFO:third_party\webrtc\rtc_base\cpu_info.cc:77] Available number of cores: 16
[20556:12628:0914/125309.702:INFO:third_party\webrtc\rtc_base\cpu_info.cc:77] Available number of cores: 16
[13572:5624:0914/125309.708:INFO:third_party\webrtc\rtc_base\cpu_info.cc:77] Available number of cores: 16
[20596:5956:0914/125309.738:INFO:third_party\webrtc\rtc_base\cpu_info.cc:77] Available number of cores: 16
[1912:1320:0914/125309.744:INFO:third_party\webrtc\rtc_base\cpu_info.cc:77] Available number of cores: 16
[16076:8100:0914/125309.988:INFO:third_party\webrtc\rtc_base\cpu_info.cc:77] Available number of cores: 16
[15328:21248:0914/125310.337:INFO:third_party\webrtc\rtc_base\cpu_info.cc:77] Available number of cores: 16
[19168:13856:0914/125310.366:INFO:third_party\webrtc\rtc_base\cpu_info.cc:77] Available number of cores: 16
[7644:17144:0914/125310.366:INFO:third_party\webrtc\rtc_base\cpu_info.cc:77] Available number of cores: 16
[6268:2820:0914/125310.430:INFO:third_party\webrtc\rtc_base\cpu_info.cc:77] Available number of cores: 16
[21656:9884:0914/125310.572:INFO:third_party\webrtc\rtc_base\cpu_info.cc:77] Available number of cores: 16
[5860:16564:0914/125310.600:INFO:third_party\webrtc\rtc_base\cpu_info.cc:77] Available number of cores: 16
[8724:15628:0914/125310.600:INFO:third_party\webrtc\rtc_base\cpu_info.cc:77] Available number of cores: 16
[4536:21936:0914/125311.308:INFO:CONSOLE:108] "THREE.WebGLShadowMap: PCFSoftShadowMap has been deprecated. Using PCFShadowMap instead.", source: http://127.0.0.1:8081/assets/routes-BC2s21jq.js (108)
[9328:18684:0914/125311.920:INFO:third_party\webrtc\rtc_base\cpu_info.cc:77] Available number of cores: 16
[10892:13348:0914/125311.920:INFO:third_party\webrtc\rtc_base\cpu_info.cc:77] Available number of cores: 16
[16604:18304:0914/125312.035:INFO:third_party\webrtc\rtc_base\cpu_info.cc:77] Available number of cores: 16
[17972:19712:0914/125312.099:INFO:third_party\webrtc\rtc_base\cpu_info.cc:77] Available number of cores: 16
[20136:9360:0914/125312.201:INFO:third_party\webrtc\rtc_base\cpu_info.cc:77] Available number of cores: 16
[20152:20280:0914/125312.279:INFO:third_party\webrtc\rtc_base\cpu_info.cc:77] Available number of cores: 16
[15748:3036:0914/125312.307:INFO:third_party\webrtc\rtc_base\cpu_info.cc:77] Available number of cores: 16
[3164:20148:0914/125312.307:INFO:third_party\webrtc\rtc_base\cpu_info.cc:77] Available number of cores: 16
[19920:20424:0914/125312.422:INFO:third_party\webrtc\rtc_base\cpu_info.cc:77] Available number of cores: 16
[2472:7972:0914/125312.552:INFO:third_party\webrtc\rtc_base\cpu_info.cc:77] Available number of cores: 16
[19260:8584:0914/125312.594:INFO:third_party\webrtc\rtc_base\cpu_info.cc:77] Available number of cores: 16
[4536:12376:0914/125312.639:ERROR:google_apis\gcm\engine\registration_request.cc:291] Registration response error message: DEPRECATED_ENDPOINT
