        Info Looking up installed tauri packages to check mismatched versions...
     Running beforeBuildCommand `npm run build:cad && npm run build:desktop`
[build-resources] Dedicated Dans1 build: inherited priority; Rayon workers=16.
(node:5548) [DEP0190] DeprecationWarning: Passing args to a child process with shell option true can lead to security vulnerabilities, as the arguments are not escaped, only concatenated.
(Use `node --trace-deprecation ...` to show where the warning was created)
[33m[33m[INEFFECTIVE_DYNAMIC_IMPORT] [0mnode_modules/three/build/three.module.js is dynamically imported by src/studio/SiteImport.tsx but also statically imported by node_modules/three/examples/jsm/controls/OrbitControls.js, node_modules/three/examples/jsm/loaders/GLTFLoader.js, node_modules/three/examples/jsm/postprocessing/OutputPass.js, node_modules/three/examples/jsm/postprocessing/Pass.js, node_modules/three/examples/jsm/utils/BufferGeometryUtils.js, ..., dynamic import will not move module into another chunk.
[39m
[33m[plugin builtin:vite-reporter] 
(!) Some chunks are larger than 500 kB after minification. Consider:
- Using dynamic import() to code-split the application
- Use build.rolldownOptions.output.codeSplitting to improve chunking: https://rolldown.rs/reference/OutputOptions.codeSplitting
- Adjust chunk size limit for this warning via build.chunkSizeWarningLimit.[39m
[33m[33m[INEFFECTIVE_DYNAMIC_IMPORT] [0mnode_modules/three/examples/jsm/loaders/GLTFLoader.js is dynamically imported by src/studio/SiteImport.tsx but also statically imported by src/studio/FirstPersonArm.ts, dynamic import will not move module into another chunk.
[39m
[33m[33m[INEFFECTIVE_DYNAMIC_IMPORT] [0mnode_modules/three/examples/jsm/controls/OrbitControls.js is dynamically imported by src/studio/SiteImport.tsx but also statically imported by src/studio/FloorConstructionStudio.tsx, src/studio/SourceBuildingViewer.tsx, src/studio/architect/Architect3D.tsx, dynamic import will not move module into another chunk.
[39m
[33m[33m[PLUGIN_TIMINGS] [0mPlugin hooks ran for 3.1s of this 3.5s build (87%).
The slowest hooks, timed inside each callback (the wait before a callback starts is excluded, the time it awaits is included):
  - @tailwindcss/vite:generate:build transform (75%, 2.6s, 37 calls)
  - vite:asset load (74%, 2.6s, 1 call)
These rows add up to more than the total. Callbacks can overlap, so the same time counts for more than one row.
1 hook is listed without a time. Its calls overlapped, so the time inside one call includes work from other calls. To find its cost, profile the build with `node --cpu-prof`:
  - vite:css transform (37 calls)
See https://rolldown.rs/reference/InputOptions.checks#plugintimings for more details.
[39m
   Compiling xray-by-looplet v0.1.0 (C:\Users\danie\XRayBuilds\runs\f978f9103c26\source\src-tauri)
   Compiling xray-engine-host v0.1.0 (C:\Users\danie\XRayBuilds\runs\f978f9103c26\source\engine\host)
rustc-LLVM ERROR: out of memory
Allocation failed
error: could not compile `xray-by-looplet` (lib)

Caused by:
  process didn't exit successfully: `C:\Users\danie\XRayBuilds\toolchain\rustup\toolchains\1.98.0-x86_64-pc-windows-msvc\bin\rustc.exe --crate-name xray_by_looplet_lib --edition=2021 src\lib.rs --error-format=json --json=diagnostic-rendered-ansi,artifacts,future-incompat --crate-type lib --crate-type cdylib --crate-type staticlib --emit=dep-info,link -C opt-level=3 -C embed-bitcode=no --check-cfg cfg(docsrs,test) --check-cfg "cfg(feature, values())" -C metadata=0a7e2855f36967e5 --out-dir C:\Users\danie\XRayBuilds\runs\f978f9103c26\source\src-tauri\target\release\deps -C strip=debuginfo -L dependency=C:\Users\danie\XRayBuilds\runs\f978f9103c26\source\src-tauri\target\release\deps --extern base64=C:\Users\danie\XRayBuilds\runs\f978f9103c26\source\src-tauri\target\release\deps\libbase64-9f17adbf15b4fa1a.rlib --extern futures_util=C:\Users\danie\XRayBuilds\runs\f978f9103c26\source\src-tauri\target\release\deps\libfutures_util-8f9335893a5b3d66.rlib --extern reqwest=C:\Users\danie\XRayBuilds\runs\f978f9103c26\source\src-tauri\target\release\deps\libreqwest-9aef056877e626e9.rlib --extern serde=C:\Users\danie\XRayBuilds\runs\f978f9103c26\source\src-tauri\target\release\deps\libserde-2b8a87a092616c44.rlib --extern serde_json=C:\Users\danie\XRayBuilds\runs\f978f9103c26\source\src-tauri\target\release\deps\libserde_json-390f0185ca2b74ed.rlib --extern sha2=C:\Users\danie\XRayBuilds\runs\f978f9103c26\source\src-tauri\target\release\deps\libsha2-3d9d9aa21cf94d18.rlib --extern tauri=C:\Users\danie\XRayBuilds\runs\f978f9103c26\source\src-tauri\target\release\deps\libtauri-d388b184d72b4327.rlib --extern tauri_plugin_dialog=C:\Users\danie\XRayBuilds\runs\f978f9103c26\source\src-tauri\target\release\deps\libtauri_plugin_dialog-e2bab38ec27c7fbe.rlib --extern time=C:\Users\danie\XRayBuilds\runs\f978f9103c26\source\src-tauri\target\release\deps\libtime-8e5a346e1c96513c.rlib --extern xray_engine_host=C:\Users\danie\XRayBuilds\runs\f978f9103c26\source\src-tauri\target\release\deps\libxray_engine_host-a6209515380e9e0b.rlib -L native=C:\Users\danie\XRayBuilds\runs\f978f9103c26\source\src-tauri\target\release\build\xray-by-looplet-d6a327ffd7fb06b2\out -L native=C:\Users\danie\XRayBuilds\runs\f978f9103c26\source\src-tauri\target\release\build\aws-lc-sys-a1495e14fb383f87\out -L native=C:\Users\danie\XRayBuilds\runs\f978f9103c26\source\src-tauri\target\release\build\webview2-com-sys-aeb2f1e2b7dfc1fc\out\x64 -L native=C:\Users\danie\XRayBuilds\toolchain\cargo\registry\src\index.crates.io-1949cf8c6b5b557f\windows_x86_64_msvc-0.52.6\lib -L native=C:\Users\danie\XRayBuilds\toolchain\cargo\registry\src\index.crates.io-1949cf8c6b5b557f\windows_x86_64_msvc-0.53.1\lib -C link-arg=/NODEFAULTLIB:libvcruntimed.lib -C link-arg=/NODEFAULTLIB:vcruntime.lib -C link-arg=/NODEFAULTLIB:vcruntimed.lib -C link-arg=/NODEFAULTLIB:libcmtd.lib -C link-arg=/NODEFAULTLIB:msvcrt.lib -C link-arg=/NODEFAULTLIB:msvcrtd.lib -C link-arg=/NODEFAULTLIB:libucrt.lib -C link-arg=/NODEFAULTLIB:libucrtd.lib -C link-arg=/DEFAULTLIB:libcmt.lib -C link-arg=/DEFAULTLIB:libvcruntime.lib -C link-arg=/DEFAULTLIB:ucrt.lib --cfg desktop --check-cfg cfg(desktop) --check-cfg cfg(mobile) --check-cfg cfg(dev)` (exit code: 0xc0000409, STATUS_STACK_BUFFER_OVERRUN)
failed to build app: failed to build app
       Error failed to build app: failed to build app
