
> build
> node scripts/with-app-env.mjs vite build && npm run db:migrate

[90m[[90mnitro:vercel[90m][39m [36mi[39m Using [36mnodejs24.x[39m runtime.
[90m[[90mnitro:vercel[90m][39m [36mi[39m Using [36mweb[39m entry format.
[36mvite v8.2.2 [32mbuilding client environment for production...[36m[39m
transforming...
✓ 2621 modules transformed.
rendering chunks...
computing gzip size...
.vercel/output/static/assets/priceWorkbook.worker-RQzoYbCf.js    468.83 kB
.vercel/output/static/assets/pdf.worker-DTrjDNvb.mjs           2,395.53 kB
.vercel/output/static/assets/floor-lab-DvQ9Oq10.css                5.90 kB │ gzip:   1.71 kB
.vercel/output/static/assets/styles-ZsIxnV6z.css                  80.39 kB │ gzip:  15.81 kB
.vercel/output/static/assets/routes-DadTJ0BE.css                 177.87 kB │ gzip:  30.96 kB
.vercel/output/static/assets/pdf.worker-C_P5zptD.js                0.06 kB │ gzip:   0.08 kB
.vercel/output/static/assets/GLTFLoader-5N-Ky58e.js                0.06 kB │ gzip:   0.08 kB
.vercel/output/static/assets/useSheetLifecycle-LBePORi-.js         0.08 kB │ gzip:   0.09 kB
.vercel/output/static/assets/core-CwxXejkd.js                      0.09 kB │ gzip:   0.10 kB
.vercel/output/static/assets/projectBackupStorage-BAXtyZ78.js      0.22 kB │ gzip:   0.16 kB
.vercel/output/static/assets/store-CpT1v0Wo.js                     0.22 kB │ gzip:   0.18 kB
.vercel/output/static/assets/rolldown-runtime-C0FnF6B9.js          1.29 kB │ gzip:   0.71 kB
.vercel/output/static/assets/evidence-CGRt0kQH.js                  6.56 kB │ gzip:   2.74 kB
.vercel/output/static/assets/documents-doG2KtVd.js                 7.34 kB │ gzip:   3.20 kB
.vercel/output/static/assets/sheetLifecycle-fqDbDOp9.js            8.07 kB │ gzip:   3.26 kB
.vercel/output/static/assets/tracing-BO2L77ZC.js                  11.36 kB │ gzip:   3.89 kB
.vercel/output/static/assets/src-SuYvKHvm.js                      17.24 kB │ gzip:   7.31 kB
.vercel/output/static/assets/floor-lab-x4EMhnIt.js                23.71 kB │ gzip:   9.57 kB
.vercel/output/static/assets/domain-BwktYHRf.js                   28.75 kB │ gzip:   8.16 kB
.vercel/output/static/assets/inventory-mins3W1Q.js                34.06 kB │ gzip:   9.71 kB
.vercel/output/static/assets/projectBackup-D58CjGDN.js            57.08 kB │ gzip:  17.49 kB
.vercel/output/static/assets/appTools-ly-ETYrU.js                 85.38 kB │ gzip:  27.37 kB
.vercel/output/static/assets/priceBooks-Cfb480x3.js               89.97 kB │ gzip:  30.57 kB
.vercel/output/static/assets/index-Cg7LSLvG.js                   413.73 kB │ gzip: 128.42 kB
.vercel/output/static/assets/pdf-5AXg7BUe.js                     487.95 kB │ gzip: 148.26 kB
.vercel/output/static/assets/OrbitControls-DwEeFGpr.js           744.82 kB │ gzip: 189.11 kB
.vercel/output/static/assets/routes-D-2SG0_O.js                1,913.76 kB │ gzip: 624.61 kB

[32m✓ built in 1.75s[39m
[36mvite v8.2.2 [32mbuilding ssr environment for production...[36m[39m
transforming...
✓ 465 modules transformed.
rendering chunks...
computing gzip size...
node_modules/.nitro/vite/services/ssr/assets/priceWorkbook.worker-RQzoYbCf.js          468.83 kB
node_modules/.nitro/vite/services/ssr/assets/pdf.worker-DTrjDNvb.mjs                 2,395.53 kB
node_modules/.nitro/vite/services/ssr/assets/floor-lab-DvQ9Oq10.css                      5.90 kB │ gzip:   1.71 kB
node_modules/.nitro/vite/services/ssr/assets/styles-ZsIxnV6z.css                        80.39 kB │ gzip:  15.81 kB
node_modules/.nitro/vite/services/ssr/assets/routes-DadTJ0BE.css                       177.87 kB │ gzip:  30.96 kB
node_modules/.nitro/vite/services/ssr/assets/useSheetLifecycle-Deaji9mY.js               0.11 kB │ gzip:   0.10 kB
node_modules/.nitro/vite/services/ssr/assets/start-5Z2QO8AU.js                           0.14 kB │ gzip:   0.13 kB
node_modules/.nitro/vite/services/ssr/assets/pdf.worker-BjHbYlP1.js                      0.18 kB │ gzip:   0.15 kB
node_modules/.nitro/vite/services/ssr/assets/empty-plugin-adapters-D9UWiqvJ.js           0.22 kB │ gzip:   0.16 kB
node_modules/.nitro/vite/services/ssr/assets/projectBackupStorage-C7Zwk0e6.js            0.31 kB │ gzip:   0.17 kB
node_modules/.nitro/vite/services/ssr/assets/store-CfjlWVj0.js                           0.32 kB │ gzip:   0.19 kB
node_modules/.nitro/vite/services/ssr/assets/rolldown-runtime-D7D4PA-g.js                0.36 kB │ gzip:   0.25 kB
node_modules/.nitro/vite/services/ssr/assets/_tanstack-start-manifest_v-Bulg-EfR.js      1.50 kB │ gzip:   0.66 kB
node_modules/.nitro/vite/services/ssr/assets/voice.server-CfiArmc2.js                    1.85 kB │ gzip:   0.93 kB
node_modules/.nitro/vite/services/ssr/assets/architectAi.server-CqL1I6Sv.js              2.80 kB │ gzip:   1.38 kB
node_modules/.nitro/vite/services/ssr/assets/voiceCore-CK_9q9Lu.js                       3.42 kB │ gzip:   1.48 kB
node_modules/.nitro/vite/services/ssr/assets/materialAi.server-DfTx-d2q.js               4.97 kB │ gzip:   2.22 kB
node_modules/.nitro/vite/services/ssr/assets/loopletSiteRender.server-BVVCtL2s.js        6.45 kB │ gzip:   2.46 kB
node_modules/.nitro/vite/services/ssr/assets/renderAi.server-DelljiLI.js                 6.65 kB │ gzip:   2.54 kB
node_modules/.nitro/vite/services/ssr/assets/pricingResearch-CGV8CE5y.js                 7.18 kB │ gzip:   2.66 kB
node_modules/.nitro/vite/services/ssr/assets/aiMaterials-z6TS8lt4.js                     8.21 kB │ gzip:   3.24 kB
node_modules/.nitro/vite/services/ssr/assets/assistantAi.server-CaA3NTS_.js              8.62 kB │ gzip:   3.15 kB
node_modules/.nitro/vite/services/ssr/assets/pricingResearch.server-Cr0GEyCY.js         11.06 kB │ gzip:   3.78 kB
node_modules/.nitro/vite/services/ssr/assets/minimaxAi.server-DGNZeZa3.js               11.22 kB │ gzip:   4.24 kB
node_modules/.nitro/vite/services/ssr/assets/documents-BbNITxE6.js                      11.53 kB │ gzip:   3.97 kB
node_modules/.nitro/vite/services/ssr/assets/evidence-fmwnYQWq.js                       11.68 kB │ gzip:   3.62 kB
node_modules/.nitro/vite/services/ssr/assets/sheetLifecycle-Vp-tPwfF.js                 14.72 kB │ gzip:   4.73 kB
node_modules/.nitro/vite/services/ssr/assets/renderTool-Daa6Jr1b.js                     19.92 kB │ gzip:   6.67 kB
node_modules/.nitro/vite/services/ssr/assets/priceBooks-DJuP93zQ.js                     20.84 kB │ gzip:   6.21 kB
node_modules/.nitro/vite/services/ssr/assets/router-BRqeUSPF.js                         25.82 kB │ gzip:   6.61 kB
node_modules/.nitro/vite/services/ssr/assets/contract-DEW0yvec.js                       30.14 kB │ gzip:  11.00 kB
node_modules/.nitro/vite/services/ssr/assets/floor-lab-oxVK2uCz.js                      38.70 kB │ gzip:  12.03 kB
node_modules/.nitro/vite/services/ssr/assets/domain-Dbw853oa.js                         48.72 kB │ gzip:  11.06 kB
node_modules/.nitro/vite/services/ssr/assets/inventory-D4YQYn76.js                      57.10 kB │ gzip:  12.94 kB
node_modules/.nitro/vite/services/ssr/index.js                                          62.53 kB │ gzip:  15.90 kB
node_modules/.nitro/vite/services/ssr/assets/layoutAi-BtMZHcsm.js                       75.36 kB │ gzip:  23.26 kB
node_modules/.nitro/vite/services/ssr/assets/projectBackup-CYAv-AyW.js                  80.13 kB │ gzip:  20.83 kB
node_modules/.nitro/vite/services/ssr/assets/appTools-sWo2rZ-8.js                      127.03 kB │ gzip:  34.78 kB
node_modules/.nitro/vite/services/ssr/assets/routes-BX7T6bkX.js                      1,967.62 kB │ gzip: 488.05 kB

[32m✓ built in 896ms[39m

[90m[[90mnitro[90m][39m [35mo[39m Building [[35mNitro[39m] [2m(preset: [36mvercel[39m, compatibility: [36m2026-09-14[39m)[22m
[90m[[90mnitro[90m][39m [32m√[39m Generated public [36m.vercel/output/static[39m
[36mvite v8.2.2 [32mbuilding nitro environment for production...[36m[39m
transforming...
✓ 2319 modules transformed.
[36mi[39m Tracing dependencies:
- [36mtslib[39m (1.14.1)
[32m√[39m Traced 1 dependencies (4 files) in 34ms.
[36mi[39m Ensure your production environment matches the builder OS and architecture ([36mwin32-x64[39m) to avoid native module issues.
rendering chunks...
computing gzip size...
.vercel/output/functions/__server.func/_libs/_2.mjs                                    0.10 kB │ gzip:   0.10 kB
.vercel/output/functions/__server.func/_libs/_.mjs                                     0.10 kB │ gzip:   0.10 kB
.vercel/output/functions/__server.func/_libs/_3.mjs                                    0.11 kB │ gzip:   0.10 kB
.vercel/output/functions/__server.func/_ssr/useSheetLifecycle-Deaji9mY.mjs             0.11 kB │ gzip:   0.10 kB
.vercel/output/functions/__server.func/_ssr/start-5Z2QO8AU.mjs                         0.14 kB │ gzip:   0.13 kB
.vercel/output/functions/__server.func/_ssr/pdf.worker-BjHbYlP1.mjs                    0.19 kB │ gzip:   0.15 kB
.vercel/output/functions/__server.func/_ssr/empty-plugin-adapters-D9UWiqvJ.mjs         0.23 kB │ gzip:   0.16 kB
.vercel/output/functions/__server.func/_ssr/projectBackupStorage-C7Zwk0e6.mjs          0.31 kB │ gzip:   0.17 kB
.vercel/output/functions/__server.func/_ssr/store-CfjlWVj0.mjs                         0.32 kB │ gzip:   0.19 kB
.vercel/output/functions/__server.func/_ssr/rolldown-runtime-D7D4PA-g.mjs              0.41 kB │ gzip:   0.29 kB
.vercel/output/functions/__server.func/_chunks/ssr-renderer.mjs                        0.96 kB │ gzip:   0.49 kB
.vercel/output/functions/__server.func/_libs/is-url.mjs                                1.02 kB │ gzip:   0.54 kB
.vercel/output/functions/__server.func/_libs/defu.mjs                                  1.39 kB │ gzip:   0.58 kB
.vercel/output/functions/__server.func/_tanstack-start-manifest_v-Bulg-EfR.mjs         1.55 kB │ gzip:   0.70 kB
.vercel/output/functions/__server.func/_ssr/voice.server-CfiArmc2.mjs                  1.89 kB │ gzip:   0.96 kB
.vercel/output/functions/__server.func/_libs/zustand.mjs                               1.91 kB │ gzip:   0.72 kB
.vercel/output/functions/__server.func/_runtime.mjs                                    1.92 kB │ gzip:   0.87 kB
.vercel/output/functions/__server.func/_libs/tauri-apps__api.mjs                       2.41 kB │ gzip:   1.10 kB
.vercel/output/functions/__server.func/_ssr/architectAi.server-CqL1I6Sv.mjs            2.85 kB │ gzip:   1.41 kB
.vercel/output/functions/__server.func/_ssr/voiceCore-CK_9q9Lu.mjs                     3.47 kB │ gzip:   1.52 kB
.vercel/output/functions/__server.func/_ssr/materialAi.server-DfTx-d2q.mjs             5.22 kB │ gzip:   2.29 kB
.vercel/output/functions/__server.func/_libs/nanostores.mjs                            5.50 kB │ gzip:   1.81 kB
.vercel/output/functions/__server.func/_ssr/loopletSiteRender.server-BVVCtL2s.mjs      6.58 kB │ gzip:   2.54 kB
.vercel/output/functions/__server.func/_ssr/renderAi.server-DelljiLI.mjs               6.74 kB │ gzip:   2.59 kB
.vercel/output/functions/__server.func/_libs/better-auth__core+better-call.mjs         6.98 kB │ gzip:   2.92 kB
.vercel/output/functions/__server.func/_ssr/pricingResearch-CGV8CE5y.mjs               7.27 kB │ gzip:   2.75 kB
.vercel/output/functions/__server.func/_ssr/aiMaterials-z6TS8lt4.mjs                   8.29 kB │ gzip:   3.34 kB
.vercel/output/functions/__server.func/_ssr/assistantAi.server-CaA3NTS_.mjs            8.62 kB │ gzip:   3.18 kB
.vercel/output/functions/__server.func/_libs/h3-v2+rou3.mjs                            9.83 kB │ gzip:   3.05 kB
.vercel/output/functions/__server.func/_ssr/pricingResearch.server-Cr0GEyCY.mjs       11.19 kB │ gzip:   3.86 kB
.vercel/output/functions/__server.func/_ssr/minimaxAi.server-DGNZeZa3.mjs             11.27 kB │ gzip:   4.28 kB
.vercel/output/functions/__server.func/_libs/tanstack__history.mjs                    12.05 kB │ gzip:   3.46 kB
.vercel/output/functions/__server.func/_libs/regenerator-runtime.mjs                  14.59 kB │ gzip:   3.76 kB
.vercel/output/functions/__server.func/_libs/noble__hashes.mjs                        16.89 kB │ gzip:   6.19 kB
.vercel/output/functions/__server.func/_libs/better-fetch__fetch.mjs                  18.92 kB │ gzip:   5.11 kB
.vercel/output/functions/__server.func/_ssr/renderTool-Daa6Jr1b.mjs                   19.95 kB │ gzip:   6.76 kB
.vercel/output/functions/__server.func/_libs/tesseract.js.mjs                         20.89 kB │ gzip:   5.92 kB
.vercel/output/functions/__server.func/_libs/h3+rou3+srvx.mjs                         22.57 kB │ gzip:   6.12 kB
.vercel/output/functions/__server.func/_ssr/router-BRqeUSPF.mjs                       25.68 kB │ gzip:   6.67 kB
.vercel/output/functions/__server.func/_ssr/contract-DEW0yvec.mjs                     30.07 kB │ gzip:  11.07 kB
.vercel/output/functions/__server.func/index.mjs                                      31.72 kB │ gzip:   9.93 kB
.vercel/output/functions/__server.func/_ssr/floor-lab-oxVK2uCz.mjs                    40.29 kB │ gzip:  12.24 kB
.vercel/output/functions/__server.func/_libs/pdf-lib__upng.mjs                        45.33 kB │ gzip:  12.02 kB
.vercel/output/functions/__server.func/_libs/polygon-clipping+[...].mjs               51.86 kB │ gzip:  12.75 kB
.vercel/output/functions/__server.func/_libs/lucide-react.mjs                         51.98 kB │ gzip:   9.23 kB
.vercel/output/functions/__server.func/_libs/dxf-parser+loglevel.mjs                  53.63 kB │ gzip:  11.09 kB
.vercel/output/functions/__server.func/_ssr/ssr.mjs                                   60.83 kB │ gzip:  15.83 kB
.vercel/output/functions/__server.func/_ssr/layoutAi-BtMZHcsm.mjs                     74.94 kB │ gzip:  23.29 kB
.vercel/output/functions/__server.func/_libs/@tanstack/router-core+[...].mjs         122.94 kB │ gzip:  25.89 kB
.vercel/output/functions/__server.func/_ssr/appTools-sWo2rZ-8.mjs                    126.13 kB │ gzip:  34.71 kB
.vercel/output/functions/__server.func/_libs/pako+pdf-lib__standard-fonts.mjs        241.85 kB │ gzip: 122.20 kB
.vercel/output/functions/__server.func/_libs/node-fetch.mjs                          366.13 kB │ gzip:  85.16 kB
.vercel/output/functions/__server.func/_libs/@modelcontextprotocol/sdk+[...].mjs     580.36 kB │ gzip: 122.75 kB
.vercel/output/functions/__server.func/_libs/pdf-lib.mjs                             606.28 kB │ gzip: 114.52 kB
.vercel/output/functions/__server.func/_libs/@tanstack/react-router+[...].mjs        676.10 kB │ gzip: 142.50 kB
.vercel/output/functions/__server.func/_libs/pdfjs-dist.mjs                          920.22 kB │ gzip: 201.67 kB
.vercel/output/functions/__server.func/_libs/three.mjs                             2,027.86 kB │ gzip: 401.79 kB
.vercel/output/functions/__server.func/_ssr/routes-BX7T6bkX.mjs                    2,319.09 kB │ gzip: 547.37 kB

[32m✓ built in 888ms[39m
[36mi[39m Generated [36m.vercel/output/nitro.json[39m

[90m[[90mnitro[90m][39m [32m√[39m You can preview this build using [36mnpx vite preview[39m
[90m[[90mnitro[90m][39m [32m√[39m You can deploy this build using [36mnpx nitro deploy --prebuilt[39m

> db:migrate
> node scripts/migrate.mjs

[migrate] DATABASE_URL not set — skipping (the PGLite fallback migrates itself).
