
> tauri:build
> tauri build --bundles nsis


> build:cad
> node scripts/build-cad.mjs

Built local DWG translator: ACadSharp 3.7.1; verified 5 dependency checksums.

> build:desktop
> node scripts/with-app-env.mjs vite build --config vite.config.spa.ts

[36mvite v8.2.2 [32mbuilding client environment for production...[36m[39m
transforming...
✓ 2261 modules transformed.
rendering chunks...
computing gzip size...
dist/index.html                                   0.51 kB │ gzip:   0.32 kB
dist/assets/priceWorkbook.worker-RQzoYbCf.js    468.83 kB
dist/assets/pdf.worker-DTrjDNvb.mjs           2,395.53 kB
dist/assets/index-BY87FldD.css                  155.97 kB │ gzip:  28.90 kB
dist/assets/pdf.worker-Cumxr82H.js                0.08 kB │ gzip:   0.10 kB
dist/assets/core-CwxXejkd.js                      0.09 kB │ gzip:   0.10 kB
dist/assets/src-BXcgrOEO.js                      17.23 kB │ gzip:   7.30 kB
dist/assets/pdf-phcGRuJu.js                     487.96 kB │ gzip: 148.27 kB
dist/assets/index-YsFQsQ1z.js                 2,258.63 kB │ gzip: 699.77 kB

[32m✓ built in 9.01s[39m
