        Info Looking up installed tauri packages to check mismatched versions...
     Running beforeBuildCommand `npm run build:cad && npm run build:desktop`
[build-resources] Dedicated Dans1 build: inherited priority; Rayon workers=16.
(node:6588) [DEP0190] DeprecationWarning: Passing args to a child process with shell option true can lead to security vulnerabilities, as the arguments are not escaped, only concatenated.
(Use `node --trace-deprecation ...` to show where the warning was created)
[33m[plugin builtin:vite-reporter] 
(!) Some chunks are larger than 500 kB after minification. Consider:
- Using dynamic import() to code-split the application
- Use build.rolldownOptions.output.codeSplitting to improve chunking: https://rolldown.rs/reference/OutputOptions.codeSplitting
- Adjust chunk size limit for this warning via build.chunkSizeWarningLimit.[39m
[33m[33m[PLUGIN_TIMINGS] [0mPlugin hooks ran for 5.8s of this 6.1s build (95%).
The slowest hooks, timed inside each callback (the wait before a callback starts is excluded, the time it awaits is included):
  - @tailwindcss/vite:generate:build transform (89%, 5.4s, 14 calls)
Additional hook time came from the hooks below and from hooks under 1s.
1 hook is listed without a time. Its calls overlapped, so the time inside one call includes work from other calls. To find its cost, profile the build with `node --cpu-prof`:
  - vite:css transform (14 calls)
See https://rolldown.rs/reference/InputOptions.checks#plugintimings for more details.
[39m
   Compiling xray-by-looplet v0.1.0 (C:\Users\danie\XRayBuilds\runs\527de32b75e2\source\src-tauri)
   Compiling xray-engine-host v0.1.0 (C:\Users\danie\XRayBuilds\runs\527de32b75e2\source\engine\host)
    Finished `release` profile [optimized] target(s) in 57.64s
       Built application at: C:\Users\danie\XRayBuilds\runs\527de32b75e2\source\src-tauri\target\release\xray-by-looplet.exe
        Info Patching C:\Users\danie\XRayBuilds\runs\527de32b75e2\source\src-tauri\target\release\xray-by-looplet.exe with bundle type information: nsis
        Info Target: x64
     Running makensis to produce C:\Users\danie\XRayBuilds\runs\527de32b75e2\source\src-tauri\target\release\bundle\nsis\X-Ray by Looplet_0.1.0_x64-setup.exe
    Finished 1 bundle at:
        C:\Users\danie\XRayBuilds\runs\527de32b75e2\source\src-tauri\target\release\bundle\nsis\X-Ray by Looplet_0.1.0_x64-setup.exe

