[23032:44392:0912/235456.694:INFO:components\enterprise\browser\controller\chrome_browser_cloud_management_controller.cc:241] No machine level policy manager exists.
[21044:98976:0912/235456.733:ERROR:ui\gl\direct_composition_support.cc:254] GetGpuDriverOverlayInfo: Failed to retrieve video device
[21044:98976:0912/235456.735:VERBOSE1:components\viz\service\main\viz_main_impl.cc:87] VizNullHypothesis is disabled (not a warning)
[21044:52360:0912/235456.735:VERBOSE1:base\allocator\scheduler_loop_quarantine_config.cc:195] No entry found for gpu-process/viz-compositor.
[48296:17196:0912/235456.774:INFO:third_party\webrtc\rtc_base\cpu_info.cc:77] Available number of cores: 32
[98808:37024:0912/235456.793:INFO:third_party\webrtc\rtc_base\cpu_info.cc:77] Available number of cores: 32
[1892:97720:0912/235456.793:INFO:third_party\webrtc\rtc_base\cpu_info.cc:77] Available number of cores: 32
[23032:44392:0912/235456.812:WARNING:chrome\browser\extensions\external_registry_loader_win.cc:236] Error observing HKLM: Access is denied. (0x5)
[42920:98760:0912/235456.826:INFO:third_party\webrtc\rtc_base\cpu_info.cc:77] Available number of cores: 32
[98008:68272:0912/235456.829:INFO:third_party\webrtc\rtc_base\cpu_info.cc:77] Available number of cores: 32
[47316:19400:0912/235456.908:INFO:third_party\webrtc\rtc_base\cpu_info.cc:77] Available number of cores: 32
[23032:44392:0912/235458.910:ERROR:components\device_event_log\device_event_log_impl.cc:211] [23:54:58.911] USB: usb_service_win.cc:108 SetupDiGetDeviceProperty({{A45C254E-DF1C-4EFD-8020-67D146A850E0}, 6}) failed: Element not found. (0x490)
[84876:99028:0912/235459.128:INFO:third_party\webrtc\rtc_base\cpu_info.cc:77] Available number of cores: 32
[23440:86392:0912/235459.134:INFO:third_party\webrtc\rtc_base\cpu_info.cc:77] Available number of cores: 32
[42396:34484:0912/235459.207:INFO:third_party\webrtc\rtc_base\cpu_info.cc:77] Available number of cores: 32
[45924:61940:0912/235459.227:INFO:third_party\webrtc\rtc_base\cpu_info.cc:77] Available number of cores: 32
[48656:90704:0912/235459.271:INFO:third_party\webrtc\rtc_base\cpu_info.cc:77] Available number of cores: 32
[99056:41244:0912/235459.317:INFO:third_party\webrtc\rtc_base\cpu_info.cc:77] Available number of cores: 32
[53640:98660:0912/235459.347:INFO:third_party\webrtc\rtc_base\cpu_info.cc:77] Available number of cores: 32
[99316:46916:0912/235459.403:INFO:third_party\webrtc\rtc_base\cpu_info.cc:77] Available number of cores: 32
[98380:16256:0912/235459.408:INFO:third_party\webrtc\rtc_base\cpu_info.cc:77] Available number of cores: 32
[59968:45632:0912/235459.544:INFO:third_party\webrtc\rtc_base\cpu_info.cc:77] Available number of cores: 32
[23032:82744:0912/235500.017:ERROR:google_apis\gcm\engine\registration_request.cc:291] Registration response error message: PHONE_REGISTRATION_ERROR
[23032:82744:0912/235500.022:ERROR:google_apis\gcm\engine\registration_request.cc:291] Registration response error message: PHONE_REGISTRATION_ERROR
[23032:82744:0912/235500.022:ERROR:google_apis\gcm\engine\registration_request.cc:291] Registration response error message: PHONE_REGISTRATION_ERROR
[51304:97680:0912/235500.127:INFO:third_party\webrtc\rtc_base\cpu_info.cc:77] Available number of cores: 32
[19380:98308:0912/235500.155:INFO:third_party\webrtc\rtc_base\cpu_info.cc:77] Available number of cores: 32
[21980:22912:0912/235500.155:INFO:third_party\webrtc\rtc_base\cpu_info.cc:77] Available number of cores: 32
[97848:97876:0912/235500.218:INFO:third_party\webrtc\rtc_base\cpu_info.cc:77] Available number of cores: 32
[23032:82744:0912/235500.247:ERROR:google_apis\gcm\engine\mcs_client.cc:702]   Error code: 401  Error message: Authentication Failed: wrong_secret
[23032:82744:0912/235500.247:ERROR:google_apis\gcm\engine\mcs_client.cc:704] Failed to log in to GCM, resetting connection.
[62444:45680:0912/235500.367:INFO:third_party\webrtc\rtc_base\cpu_info.cc:77] Available number of cores: 32
[99172:76748:0912/235500.378:INFO:third_party\webrtc\rtc_base\cpu_info.cc:77] Available number of cores: 32
[97920:36852:0912/235500.395:INFO:third_party\webrtc\rtc_base\cpu_info.cc:77] Available number of cores: 32
[23032:44392:0912/235500.865:INFO:CONSOLE:859] "[vite] connecting...", source: http://127.0.0.1:8091/@vite/client (859)
[23032:44392:0912/235500.869:INFO:CONSOLE:968] "[vite] connected.", source: http://127.0.0.1:8091/@vite/client (968)
[23032:44392:0912/235501.037:INFO:CONSOLE:14336] "%cDownload the React DevTools for a better development experience: https://react.dev/link/react-devtools font-weight:bold", source: http://127.0.0.1:8091/node_modules/.vite/deps/react-dom_client.js?v=0754d606 (14336)
