✔ SC10-S01 empty worksheet roundtrip retains no rate pins, FX selections or priced history (3.0754ms)
✔ SC10-S02 append preserves exact prior snapshot bytes and freezes each saved source record (14.4743ms)
✔ SC10-S03 append rejects another project and replacement/nonconsecutive revision (4.2611ms)
✔ SC10-S04 saved monetary corruption and missing supplier provenance fail rehydration (3.139ms)
✔ SC10-S05 draft assignment requires an existing exact rate revision and declared option (0.3566ms)
✔ SC10-S06 persisted history rejects removed intermediate revisions and foreign project histories (4.2695ms)
✔ SC10-S07 append cannot save a valid snapshot priced from a different current configuration (4.3918ms)
✔ SC10-S08 append rejects changing contractor content under a historical identity and revision (2.2897ms)
✔ SC10-S09 current catalog pruning may retain self-contained historical snapshots without reusing revision identities (2.4854ms)
✔ only the reviewed exact GET fetch cancellation is recognized (1.1414ms)
✔ DOM-object readiness returns a serializable boolean, never the element graph (0.8125ms)
✔ asynchronous false predicates keep waiting until actual readiness (7.6066ms)
✔ asynchronous predicate rejection and deadline fail closed (31.8194ms)
ℹ tests 13
ℹ suites 0
ℹ pass 13
ℹ fail 0
ℹ cancelled 0
ℹ skipped 0
ℹ todo 0
ℹ duration_ms 194.6524
