
C:\Users\danie\XRayBuilds\preflight\4c87a0de13b6\source\src\studio\industries\quantity-surveying\QSItemBindingLedger.tsx
   95:19  warning  'row' is defined but never used. Allowed unused args must match /^_/u     @typescript-eslint/no-unused-vars
  165:52  warning  'entity' is defined but never used. Allowed unused args must match /^_/u  @typescript-eslint/no-unused-vars

C:\Users\danie\XRayBuilds\preflight\4c87a0de13b6\source\src\studio\industries\quantity-surveying\QSReportPanel.tsx
  9:8  warning  'HierarchicalExportRow' is defined but never used. Allowed unused vars must match /^_/u  @typescript-eslint/no-unused-vars

C:\Users\danie\XRayBuilds\preflight\4c87a0de13b6\source\src\studio\industries\quantity-surveying\QSWorksheet.tsx
  44:17  warning  Fast refresh only works when a file only exports components. Use a new file to share constants or functions between components  react-refresh/only-export-components

C:\Users\danie\XRayBuilds\preflight\4c87a0de13b6\source\src\studio\industries\quantity-surveying\assistantTool.test.ts
  146:9  warning  'before' is assigned a value but never used. Allowed unused vars must match /^_/u  @typescript-eslint/no-unused-vars

C:\Users\danie\XRayBuilds\preflight\4c87a0de13b6\source\src\studio\industries\quantity-surveying\qsRateBook.ts
  230:20  error  'd' is never reassigned. Use 'const' instead  prefer-const

C:\Users\danie\XRayBuilds\preflight\4c87a0de13b6\source\src\studio\industries\quantity-surveying\qsReportFormatter.ts
  290:11  warning  'leaf' is assigned a value but never used. Allowed unused vars must match /^_/u   @typescript-eslint/no-unused-vars
  291:11  warning  'blind' is assigned a value but never used. Allowed unused vars must match /^_/u  @typescript-eslint/no-unused-vars

C:\Users\danie\XRayBuilds\preflight\4c87a0de13b6\source\src\studio\industries\quantity-surveying\report.ts
  40:16  error  Unexpected control character(s) in regular expression: \x00, \x1f  no-control-regex

C:\Users\danie\XRayBuilds\preflight\4c87a0de13b6\source\src\studio\pricing\PriceBookPanel.tsx
   33:31   warning  The ref value 'generation.current' will likely have changed by the time this effect cleanup function runs. If this ref points to a node rendered by React, copy 'generation.current' to a variable inside the effect, and use that variable in the cleanup function  react-hooks/exhaustive-deps
  160:242  error    React Hook "useRate" cannot be called inside a callback. React Hooks must be called in a React function component or a custom React Hook function                                                                                                                    react-hooks/rules-of-hooks

✖ 11 problems (3 errors, 8 warnings)

