Reading input files...
Parsed 20 closeout slices.
Parsed 26 A-Z categories with 375 requirements.
Stats: {
  slicesTotal: 20,
  slicesDone: 8,
  slicesPartial: 1,
  slicesBlocked: 0,
  slicesPending: 11,
  testsPassing: 1943,
  testsTotal: 1943,
  testSuites: null,
  tscStatus: 'Clean (Exit 0)',
  azTotal: 375,
  azVerified: 6,
  azPartial: 108,
  azBlocked: 19,
  azFailed: 1,
  azGaps: 241,
  totalScreenshots: 53
}
Successfully created C:\Users\danie\XRayBuilds\dashboard\dash-d8544ce2ec98\output\repeat-dashboard.html! Size: 567935 bytes
