{
  "generated": "dashboard-refresh.scenario.json",
  "operations": 105,
  "screenshots": 11,
  "expectedCounts": {
    "slices": 20,
    "sliceCounts": {
      "done": 8,
      "partial": 1,
      "blocked": 0,
      "pending": 11
    },
    "requirements": 375,
    "azCounts": {
      "verified": 6,
      "partial": 108,
      "dependency-blocked": 19,
      "gap": 241,
      "failed": 1
    },
    "proofs": 53,
    "machineGate": {
      "passing": 1943,
      "total": 1943,
      "suites": "unknown",
      "tsc": "exit-0"
    }
  },
  "sourceHashes": {
    "XRAY-PRODUCTION-CLOSEOUT-LEDGER.md": "38621dafcc188ae8a49dfdbc3c85302df043b3ba3a34cb5c7e49dee57f5ae700",
    "PROFESSIONAL-A-Z-CHECKLIST.md": "3269d930e238eb5f43aea095d0c27fc64530c6ceebfe87e5913202fe04b15ec7",
    "dashboard-curated-images.json": "1aeba0ca6ce902b9a12a9a6eaae575a58ba28b40d3905a3bb4a316ba847062b5",
    "scripts/build-full-dashboard.mjs": "817c2ca76f6f5ffd3a194b91b8ba1b89f8cf0bf1e8be8e76ef7b771e561e73d9"
  }
}
