✔ SC10-S01 empty worksheet roundtrip retains no rate pins, FX selections or priced history (3.0765ms)
✔ SC10-S02 append preserves exact prior snapshot bytes and freezes each saved source record (13.7208ms)
✔ SC10-S03 append rejects another project and replacement/nonconsecutive revision (5.0189ms)
✔ SC10-S04 saved monetary corruption and missing supplier provenance fail rehydration (2.3154ms)
✔ SC10-S05 draft assignment requires an existing exact rate revision and declared option (0.2732ms)
✔ SC10-S06 persisted history rejects removed intermediate revisions and foreign project histories (2.8035ms)
✔ SC10-S07 append cannot save a valid snapshot priced from a different current configuration (4.4813ms)
✔ SC10-S08 append rejects changing contractor content under a historical identity and revision (1.6343ms)
✔ SC10-S09 current catalog pruning may retain self-contained historical snapshots without reusing revision identities (2.6076ms)
✔ only the reviewed exact GET fetch cancellation is recognized (0.5988ms)
✔ DOM-object readiness returns a serializable boolean, never the element graph (0.7844ms)
✔ asynchronous false predicates keep waiting until actual readiness (4.655ms)
✔ asynchronous predicate rejection and deadline fail closed (32.1475ms)
ℹ tests 13
ℹ suites 0
ℹ pass 13
ℹ fail 0
ℹ cancelled 0
ℹ skipped 0
ℹ todo 0
ℹ duration_ms 207.4962
