✔ BOOT-01 emitted inline script is byte-identical under different server/client compilation targets (42.5724ms)
✔ BOOT-02 writable global leaves existing server content untouched (1.5271ms)
✔ BOOT-03 configurable read-only global is repaired before dependent code assigns to it (0.8064ms)
✔ BOOT-04 frozen global replaces the root startup host with an actionable failure (0.9714ms)
✔ BOOT-04 frozen global replaces the marked startup host with an actionable failure (0.5863ms)
✔ BOOT-04 frozen global replaces the body startup host with an actionable failure (0.5763ms)
✔ BOOT-05 missing and non-function descriptor values paint the named failure (1.0102ms)
✔ BOOT-06 descriptor inspection failure retains its diagnostic detail (0.6321ms)
✔ BOOT-07 missing document hosts do not create a second uncaught error (0.5951ms)
✔ real worksheet renders separated report totals, item rows, filters and expandable hierarchy (23.5598ms)
✔ stale or invalid form never exposes a downloadable result (6.028ms)
✔ locked worksheet cannot download while host writes are unavailable (8.1093ms)
✔ a project with no current source revision disables binding with a readable explanation (9.7195ms)
✔ an unbound worksheet shows explicit, unpopulated binding inputs from the live source (9.2022ms)
✔ a bound worksheet shows its reference, evidence, source and current status (10.0517ms)
✔ a stale binding withholds the report and names the reason instead of showing totals (3.2995ms)
✔ an unbound worksheet still presents its unverified report exactly as before (8.8083ms)
✔ SC10 real quantity panel mounts supplier-backed cost controls and withholds unbound pricing (13.3349ms)
✔ SC10 source loading keeps cost changes disabled while exposing the reason (14.8448ms)
✔ SC10 unreadable or loading price books never mount recovered-empty supplier pricing (18.5267ms)
✔ SC10 project switches cannot expose prior-project cost controls or saved choices (19.7893ms)
✔ SC10 host storage errors keep mounted cost mutations disabled (11.9101ms)
✔ A1: a highlight request names an entity; there is no request to highlight nothing (3.0071ms)
✔ A2: a request stores no verdict — only the id the user clicked (0.228ms)
✔ A3: unknown keys are rejected (0.2564ms)
✔ B1: an unresolvable entity is never emphasised (0.6967ms)
✔ B2: an unmeasured entity is never emphasised as measured (0.1723ms)
✔ B3: a drawn highlight states what it means (0.1566ms)
✔ B4: not drawing anything may say nothing (0.1316ms)
✔ C1: a current, present entity highlights and claims it is current (0.2668ms)
✔ C2: a stale entity is still shown, and says it changed (0.1709ms)
✔ C3: a deleted entity is not drawn, and is not claimed as current (0.2241ms)
✔ C4: an unbound row highlights nothing and invents no entity (0.1604ms)
✔ C5: with no canvas mounted, nothing is claimed to have been highlighted (0.1645ms)
✔ C6: an unbound row with no canvas reports not-measured, not merely absent (0.1128ms)
✔ C7: resolution is pure (0.6168ms)
✔ C8: every resolvable state produces a parseable resolution (0.2787ms)
✔ QS measured geometry derives gross length from calibrated points, never cached lengths (4.5491ms)
✔ QS measured geometry updates the quantity and unit for real section dimensions (0.5671ms)
✔ QS measured geometry retains small quantities without display rounding to zero (0.5334ms)
✔ QS measured geometry strips verification authority for sample source (0.4518ms)
✔ QS measured geometry strips verification authority for missing source hash (0.2314ms)
✔ QS measured geometry strips verification authority for missing active source (0.2122ms)
✔ QS measured geometry strips verification authority for foreign calibration candidate (0.2646ms)
✔ QS measured geometry strips verification authority for legacy source coordinates (0.2718ms)
✔ QS measured geometry strips verification authority for scale changed behind its candidate (0.2035ms)
✔ QS measured geometry strips verification authority for unlocked calibration (0.2682ms)
✔ QS measured geometry strips verification authority for missing section dimensions (0.2117ms)
✔ QS measured geometry requires original-byte readiness and uses only the requested sheet (0.2395ms)
✔ A1: an item cannot be bound to itself (1.0012ms)
✔ A2: a source-traced binding must record its calibration (0.2198ms)
✔ A3: a binding with no source document may be uncalibrated (0.1029ms)
✔ A4: unknown keys are rejected (0.1982ms)
✔ A5: a quantity is exact decimal and never rounds (0.1603ms)
✔ A5b: binding rejects non-decimal, scientific, signed and float quantities (0.9157ms)
✔ A5b: entity geometry rejects non-decimal, scientific, signed and float quantities (1.0389ms)
✔ A6: an unbindable entity type is rejected (0.1793ms)
✔ A7: a non-hex geometry hash is rejected (0.1997ms)
✔ B1: an untouched entity verifies and permits pricing (0.5374ms)
✔ B2: changed geometry is stale and withholds pricing (0.1709ms)
✔ B3: a changed calibration is stale even when geometry is unchanged (0.1393ms)
✔ B3b: a changed source hash makes the entity binding stale (0.1269ms)
✔ B4: a deleted entity reports missing-entity, not stale (0.0742ms)
✔ B5: an entity id that resolves to a different entity reports missing-entity (0.0943ms)
✔ B6: a unit change withholds pricing before any hash comparison (0.0878ms)
✔ B7: an uncalibrated binding never verifies, even when hashes match (0.0962ms)
✔ B8: a calibration cleared on the entity is stale, not uncalibrated (0.1159ms)
✔ B9: a drifted measured quantity is stale (0.1315ms)
✔ B9b: editing only the cost-plan quantity makes the immutable binding stale (0.1123ms)
✔ B9c: editing only the cost-plan unit withholds pricing as unit-changed (0.1043ms)
✔ B9d: equivalent decimal spelling does not make an unchanged quantity stale (0.0881ms)
✔ B9e: sample and inferred row evidence cannot verify against matching measured geometry (0.1624ms)
✔ B9f: copied bindings from another project stay stale even when entity IDs and hashes match (0.1461ms)
✔ B10: evaluation is pure — the same inputs always give the same verdict (0.1086ms)
✔ B11: a binding stores no verdict field (0.083ms)
✔ C1: pricingPermitted true with a non-verified status is rejected (0.1377ms)
✔ C2: a non-verified status with no reason is rejected (0.0986ms)
✔ C3: a verified status carrying findings is rejected (0.0954ms)
✔ C4: pricingPermitted false on a verified status is rejected (0.1191ms)
✔ D1: a bound quantity that disagrees with the row is a finding, not a correction (0.1299ms)
✔ D2: the audit line states identity, not a verdict (0.1706ms)
✔ D3: an uncalibrated binding says so in its audit line (0.1001ms)
✔ F1: an uncalculated draft never re-pins, however much its rows changed (0.0729ms)
✔ F2: a calculated draft re-pins when its rows changed (0.0439ms)
✔ F3: a calculated draft with unchanged rows does not re-pin (0.0491ms)
✔ F4: an empty draft never pins, even when the pin in force is off an older draft (0.0686ms)
✔ F5: the pin rule is pure (0.0887ms)
✔ E1: an item with no binding renders as not bound, never as verified (8.8887ms)
✔ E2: a binding whose entity is present and matching renders verified and permits pricing (1.7177ms)
✔ E3: the ledger derives staleness from live geometry — the same stored binding goes stale when the entity moves (1.2602ms)
✔ E4: a bound item whose entity is absent renders missing-entity rather than silently verified (1.2351ms)
✔ E5: the withheld notice appears for unverified items and names each status present (3.2194ms)
✔ G0a: the ledger withholds sample, inferred and foreign-project rows while preserving the current measured row (3.813ms)
✔ G0: duplicate draft references cannot borrow a bound row's verified evidence (6.7166ms)
✔ G1: a resolvable bound item offers a highlight control naming its claim (2.5531ms)
✔ G2: no canvas mounted means no control, and the claim is not that it was shown (2.358ms)
✔ G3: a stale item is still highlightable, and says the geometry moved (2.668ms)
✔ G4: an unbound item offers no control and claims nothing was measured (1.625ms)
✔ G5: without a handler the row is inert, not a button that does nothing (2.4051ms)
✔ G6: a bound item whose entity is gone offers no control (2.4853ms)
✔ G10: activating a row sends that row's own entity, not its neighbour's (3.048ms)
✔ G11: an unbound row has nothing to activate (1.2753ms)
✔ G12: activating a stale row still sends the user to the entity, and says it moved (1.344ms)
✔ G7: highlight state is per row — a verified row and a stale row disagree (2.6891ms)
✔ G8: a ledger that is not told about the surfaces assumes there are none (2.4819ms)
✔ G8b: with no surface to draw on, no row in a mixed ledger claims resolvable (2.4769ms)
✔ G9: a mixed ledger offers a control only on the rows it can show (2.4676ms)
✔ empty controlled form contains no invented quantities or source references (3.3344ms)
✔ manual form resolves hierarchy keys while keeping source null and exact decimal quantities (3.1726ms)
✔ reassignment clears the calculated flag and conserves exact totals and source evidence (0.7615ms)
✔ editing classification codes preserves parent and item identity through stable form keys (0.2764ms)
✔ form quantities never blend units or evidence and cannot promote manual inputs to measured (0.9937ms)
✔ invalid references, duplicate codes/items, cycles and invalid decimals fail without partial totals (1.1227ms)
✔ JSON draft roundtrip retains unassigned items and recomputes the same report (0.4072ms)
✔ JSON draft roundtrip retains the exact immutable measured-entity binding (3.1096ms)
✔ an unbound worksheet still classifies and is labelled unverified (0.4615ms)
✔ binding succeeds from explicit inputs and round-trips through the quantity form schema (3.0386ms)
✔ binding identity comes from the live source and the unit is never invented (0.2733ms)
✔ each change to the bound source withholds the report and names the reason (0.4664ms)
✔ a declared binding stays a supplied reference and never reports verified evidence (0.3563ms)
✔ source-derived evidence without its calibration is refused; a declared binding carries none (0.7692ms)
✔ blank user inputs are refused rather than defaulted to a plausible page or class (0.3263ms)
✔ binding never changes exact decimal totals or the unit and evidence separation (0.5137ms)
✔ clearing a binding returns the worksheet to manual and unverified (0.22ms)
✔ evidence classes are described as supplied or source-derived, never promoted (0.1159ms)
✔ SC10 legacy quantity forms remain unchanged and new forms declare pricing separately (1.458ms)
✔ SC10 pricing edits preserve classification completion and reject the wrong project (1.5813ms)
✔ SC10 corrupt saved pricing snapshots fail strict form parsing (1.7987ms)
✔ SC10 draft size preflight preserves existing inputs and unrelated drafts on failure (8.6522ms)
✔ SC10 pricing source never reuses another project or a corrupt session recovery value (0.6689ms)
ℹ tests 130
ℹ suites 0
ℹ pass 130
ℹ fail 0
ℹ cancelled 0
ℹ skipped 0
ℹ todo 0
ℹ duration_ms 1000.483
