
> test:bom-parity
> node --experimental-strip-types scripts/verify-bom-cross-language.mjs

node:internal/child_process:1160
    result.error = new ErrnoException(result.error, 'spawnSync ' + options.file);
                   ^

<ref *1> Error: spawnSync git ENOENT
    at Object.spawnSync (node:internal/child_process:1160:20)
    at spawnSync (node:child_process:928:24)
    at execFileSync (node:child_process:971:15)
    at file:///C:/Users/danie/XRayBuilds/v1-industry-fencing-20260923/scripts/verify-bom-cross-language.mjs:69:17 {
  errno: -4058,
  code: 'ENOENT',
  syscall: 'spawnSync git',
  path: 'git',
  spawnargs: [ 'rev-parse', 'HEAD' ],
  error: [Circular *1],
  status: null,
  signal: null,
  output: null,
  pid: 0,
  stdout: undefined,
  stderr: undefined
}

Node.js v24.20.0
