✓ X-Ray by Looplet
  http://127.0.0.1:8096/

✓ Done

true

null

true

✓ Done

✓ Done

true

{
  "build": "591a4b8b5452",
  "connection": "Live assistantMCP connected · 10 toolsAssistant provider is not configured."
}

✓ Screenshot saved to screenshots/growth/assistant-stop-receipts-desktop.png

✓ Done

{
  "connection": "Live assistantMCP connected · 10 toolsAssistant provider is not configured.",
  "tablet": true
}

✓ Screenshot saved to screenshots/growth/assistant-stop-receipts-tablet.png

[agent-browser] launched browser
