[27320:18812:0913/000104.684:INFO:components\enterprise\browser\controller\chrome_browser_cloud_management_controller.cc:241] No machine level policy manager exists.
[97608:60504:0913/000104.738:ERROR:ui\gl\direct_composition_support.cc:254] GetGpuDriverOverlayInfo: Failed to retrieve video device
[97608:60504:0913/000104.740:VERBOSE1:components\viz\service\main\viz_main_impl.cc:87] VizNullHypothesis is disabled (not a warning)
[97608:35160:0913/000104.740:VERBOSE1:base\allocator\scheduler_loop_quarantine_config.cc:195] No entry found for gpu-process/viz-compositor.
[96880:62368:0913/000104.762:INFO:third_party\webrtc\rtc_base\cpu_info.cc:77] Available number of cores: 32
[68216:35988:0913/000104.789:INFO:third_party\webrtc\rtc_base\cpu_info.cc:77] Available number of cores: 32
[12048:88236:0913/000104.789:INFO:third_party\webrtc\rtc_base\cpu_info.cc:77] Available number of cores: 32
[27320:18812:0913/000104.807:WARNING:chrome\browser\extensions\external_registry_loader_win.cc:236] Error observing HKLM: Access is denied. (0x5)
[99200:7080:0913/000104.820:INFO:third_party\webrtc\rtc_base\cpu_info.cc:77] Available number of cores: 32
[89672:77852:0913/000104.820:INFO:third_party\webrtc\rtc_base\cpu_info.cc:77] Available number of cores: 32
[59284:97900:0913/000104.887:INFO:third_party\webrtc\rtc_base\cpu_info.cc:77] Available number of cores: 32
[27320:18812:0913/000106.895:ERROR:components\device_event_log\device_event_log_impl.cc:211] [00:01:06.895] USB: usb_service_win.cc:108 SetupDiGetDeviceProperty({{A45C254E-DF1C-4EFD-8020-67D146A850E0}, 6}) failed: Element not found. (0x490)
[52440:49092:0913/000107.103:INFO:third_party\webrtc\rtc_base\cpu_info.cc:77] Available number of cores: 32
[17556:96820:0913/000107.108:INFO:third_party\webrtc\rtc_base\cpu_info.cc:77] Available number of cores: 32
[99304:69764:0913/000107.170:INFO:third_party\webrtc\rtc_base\cpu_info.cc:77] Available number of cores: 32
[75856:98516:0913/000107.206:INFO:third_party\webrtc\rtc_base\cpu_info.cc:77] Available number of cores: 32
[98708:85164:0913/000107.245:INFO:third_party\webrtc\rtc_base\cpu_info.cc:77] Available number of cores: 32
[59280:84064:0913/000107.281:INFO:third_party\webrtc\rtc_base\cpu_info.cc:77] Available number of cores: 32
[39452:59952:0913/000107.323:INFO:third_party\webrtc\rtc_base\cpu_info.cc:77] Available number of cores: 32
[52012:81284:0913/000107.363:INFO:third_party\webrtc\rtc_base\cpu_info.cc:77] Available number of cores: 32
[50700:98748:0913/000107.377:INFO:third_party\webrtc\rtc_base\cpu_info.cc:77] Available number of cores: 32
[33992:41076:0913/000107.390:INFO:third_party\webrtc\rtc_base\cpu_info.cc:77] Available number of cores: 32
[50620:98452:0913/000107.409:INFO:third_party\webrtc\rtc_base\cpu_info.cc:77] Available number of cores: 32
[82004:10492:0913/000107.409:INFO:third_party\webrtc\rtc_base\cpu_info.cc:77] Available number of cores: 32
[71204:68888:0913/000107.462:INFO:third_party\webrtc\rtc_base\cpu_info.cc:77] Available number of cores: 32
[42252:99128:0913/000107.522:INFO:third_party\webrtc\rtc_base\cpu_info.cc:77] Available number of cores: 32
[16164:64704:0913/000107.585:INFO:third_party\webrtc\rtc_base\cpu_info.cc:77] Available number of cores: 32
[73140:98252:0913/000107.609:INFO:third_party\webrtc\rtc_base\cpu_info.cc:77] Available number of cores: 32
[65932:50128:0913/000107.609:INFO:third_party\webrtc\rtc_base\cpu_info.cc:77] Available number of cores: 32
[27320:75440:0913/000108.974:ERROR:google_apis\gcm\engine\registration_request.cc:291] Registration response error message: DEPRECATED_ENDPOINT
