▶ stockNesting — SC-06 Typesafe JEV Engine
  ✔ strictly enforces 5mm kerf deduction and offcut conservation (3.2462ms)
  ✔ classifies offcuts >= 1.20m as Reusable Stock with salvage credit (0.2285ms)
  ✔ accurately tests sharp 1.20m classification boundary (0.2786ms)
  ✔ selects minimal stock length among standard supplier options (3.6m, 4.2m, 4.8m, 6.0m) (0.8295ms)
  ✔ guarantees spatial non-overlap and monotonic offset order across all cuts (0.2893ms)
  ✔ throws UnfitCutError when a cut exceeds maximum available stock length (0.597ms)
  ✔ handles empty cut list with zero-state schema compliance (0.1766ms)
  ✔ successfully derives realistic cuts from 3D roof takeoff and solves nesting (2.238ms)
✔ stockNesting — SC-06 Typesafe JEV Engine (8.9978ms)
✔ no-rate decisions are exclusive, bound to the material and require review after rebuild (15.042ms)
✔ derived quantities use exact decimals and whole-unit rounding up (0.1749ms)
✔ mapped materials price themselves and a new material commit updates the same lines (3.0553ms)
✔ an unchanged register is a no-op, and removed materials or mappings drop their linked line (2.2588ms)
✔ mappings must point at an active saved rate and stay unique per material (2.467ms)
✔ JSON handover carries the documented schema, lines and draft status (1.3167ms)
✔ line CSV has import-friendly columns, expiry date and a spreadsheet-formula guard (1.0057ms)
✔ mixed tax bases in one currency retain the per-line tax declaration (0.2574ms)
✔ issued exports identify the issue and frozen price revisions while preserving supplier precision (0.5512ms)
✔ handover files use safe names and the ZIP holds all three (4.3258ms)
✔ email link fills subject and body but attaches nothing itself (0.2968ms)
✔ Gmail link opens Gmail's compose page with the same subject and body (0.2704ms)
Warning: UnknownErrorException: Ensure that the `standardFontDataUrl` API parameter is provided.
Warning: UnknownErrorException: Ensure that the `standardFontDataUrl` API parameter is provided.
✔ unpriced materials remain visible, block an unreviewed issue and freeze explicit exclusions in every handover (190.7537ms)
✔ draft totals add tax only when the price book states an exclusive percentage (1.7306ms)
✔ rate display pads cents without rounding away supplier precision (0.1056ms)
✔ an issued snapshot survives new rates, changed quantities and save/reload with its original cents and source (2.873ms)
✔ storage refuses issue mutation/removal and concurrent updates without replacing saved data (1.9764ms)
✔ a stale or missing material register and missing details refuse the draft (2.4364ms)
Warning: UnknownErrorException: Ensure that the `standardFontDataUrl` API parameter is provided.
Warning: UnknownErrorException: Ensure that the `standardFontDataUrl` API parameter is provided.
✔ issued PDF carries the issue time, rate precision and pinned price library revision (13.7982ms)
Warning: UnknownErrorException: Ensure that the `standardFontDataUrl` API parameter is provided.
Warning: UnknownErrorException: Ensure that the `standardFontDataUrl` API parameter is provided.
✔ the PDF is a readable draft carrying the lines, totals and not-sent marking (11.2599ms)
ℹ tests 28
ℹ suites 1
ℹ pass 28
ℹ fail 0
ℹ cancelled 0
ℹ skipped 0
ℹ todo 0
ℹ duration_ms 534.1373
