[81684:33960:0913/001956.671:INFO:components\enterprise\browser\controller\chrome_browser_cloud_management_controller.cc:241] No machine level policy manager exists.
[39408:13372:0913/001956.716:ERROR:ui\gl\direct_composition_support.cc:254] GetGpuDriverOverlayInfo: Failed to retrieve video device
[39408:13372:0913/001956.716:VERBOSE1:components\viz\service\main\viz_main_impl.cc:87] VizNullHypothesis is disabled (not a warning)
[39408:52440:0913/001956.716:VERBOSE1:base\allocator\scheduler_loop_quarantine_config.cc:195] No entry found for gpu-process/viz-compositor.
[92644:89356:0913/001956.748:INFO:third_party\webrtc\rtc_base\cpu_info.cc:77] Available number of cores: 32
[98624:14708:0913/001956.773:INFO:third_party\webrtc\rtc_base\cpu_info.cc:77] Available number of cores: 32
[76340:10452:0913/001956.773:INFO:third_party\webrtc\rtc_base\cpu_info.cc:77] Available number of cores: 32
[81684:33960:0913/001956.793:WARNING:chrome\browser\extensions\external_registry_loader_win.cc:236] Error observing HKLM: Access is denied. (0x5)
[98368:56228:0913/001956.825:INFO:third_party\webrtc\rtc_base\cpu_info.cc:77] Available number of cores: 32
[95624:96596:0913/001956.827:INFO:third_party\webrtc\rtc_base\cpu_info.cc:77] Available number of cores: 32
[44528:68952:0913/001956.898:INFO:third_party\webrtc\rtc_base\cpu_info.cc:77] Available number of cores: 32
[81684:33960:0913/001958.877:ERROR:components\device_event_log\device_event_log_impl.cc:211] [00:19:58.878] USB: usb_service_win.cc:108 SetupDiGetDeviceProperty({{A45C254E-DF1C-4EFD-8020-67D146A850E0}, 6}) failed: Element not found. (0x490)
[98300:16128:0913/001959.092:INFO:third_party\webrtc\rtc_base\cpu_info.cc:77] Available number of cores: 32
[67912:97448:0913/001959.112:INFO:third_party\webrtc\rtc_base\cpu_info.cc:77] Available number of cores: 32
[46364:30384:0913/001959.155:INFO:third_party\webrtc\rtc_base\cpu_info.cc:77] Available number of cores: 32
[62152:29344:0913/001959.192:INFO:third_party\webrtc\rtc_base\cpu_info.cc:77] Available number of cores: 32
[50964:14564:0913/001959.229:INFO:third_party\webrtc\rtc_base\cpu_info.cc:77] Available number of cores: 32
[98272:98824:0913/001959.278:INFO:third_party\webrtc\rtc_base\cpu_info.cc:77] Available number of cores: 32
[88808:33400:0913/001959.300:INFO:third_party\webrtc\rtc_base\cpu_info.cc:77] Available number of cores: 32
[51436:64760:0913/001959.300:INFO:third_party\webrtc\rtc_base\cpu_info.cc:77] Available number of cores: 32
[98144:1344:0913/001959.334:INFO:third_party\webrtc\rtc_base\cpu_info.cc:77] Available number of cores: 32
[82696:76876:0913/001959.337:INFO:third_party\webrtc\rtc_base\cpu_info.cc:77] Available number of cores: 32
[15564:99104:0913/001959.372:INFO:third_party\webrtc\rtc_base\cpu_info.cc:77] Available number of cores: 32
[21392:17644:0913/001959.382:INFO:third_party\webrtc\rtc_base\cpu_info.cc:77] Available number of cores: 32
[53580:13928:0913/001959.391:INFO:third_party\webrtc\rtc_base\cpu_info.cc:77] Available number of cores: 32
[97956:1588:0913/001959.435:INFO:third_party\webrtc\rtc_base\cpu_info.cc:77] Available number of cores: 32
[13984:86644:0913/001959.486:INFO:third_party\webrtc\rtc_base\cpu_info.cc:77] Available number of cores: 32
[50244:95136:0913/001959.512:INFO:third_party\webrtc\rtc_base\cpu_info.cc:77] Available number of cores: 32
[21928:36188:0913/001959.530:INFO:third_party\webrtc\rtc_base\cpu_info.cc:77] Available number of cores: 32
[84716:46840:0913/001959.530:INFO:third_party\webrtc\rtc_base\cpu_info.cc:77] Available number of cores: 32
[98340:99016:0913/001959.599:INFO:third_party\webrtc\rtc_base\cpu_info.cc:77] Available number of cores: 32
[81684:34452:0913/001959.987:ERROR:google_apis\gcm\engine\registration_request.cc:291] Registration response error message: PHONE_REGISTRATION_ERROR
[81684:34452:0913/001959.998:ERROR:google_apis\gcm\engine\registration_request.cc:291] Registration response error message: PHONE_REGISTRATION_ERROR
[81684:34452:0913/002000.001:ERROR:google_apis\gcm\engine\registration_request.cc:291] Registration response error message: PHONE_REGISTRATION_ERROR
[81684:34452:0913/002000.169:ERROR:google_apis\gcm\engine\mcs_client.cc:702]   Error code: 401  Error message: Authentication Failed: wrong_secret
[81684:34452:0913/002000.169:ERROR:google_apis\gcm\engine\mcs_client.cc:704] Failed to log in to GCM, resetting connection.
[69172:15236:0913/002000.938:INFO:third_party\webrtc\rtc_base\cpu_info.cc:77] Available number of cores: 32
[62152:50964:0913/002000.946:INFO:third_party\webrtc\rtc_base\cpu_info.cc:77] Available number of cores: 32
[13768:98124:0913/002000.948:INFO:third_party\webrtc\rtc_base\cpu_info.cc:77] Available number of cores: 32
