[29344:43200:0913/003122.869:INFO:components\enterprise\browser\controller\chrome_browser_cloud_management_controller.cc:241] No machine level policy manager exists.
[83792:36776:0913/003122.919:ERROR:ui\gl\direct_composition_support.cc:254] GetGpuDriverOverlayInfo: Failed to retrieve video device
[83792:36776:0913/003122.920:VERBOSE1:components\viz\service\main\viz_main_impl.cc:87] VizNullHypothesis is disabled (not a warning)
[83792:66224:0913/003122.922:VERBOSE1:base\allocator\scheduler_loop_quarantine_config.cc:195] No entry found for gpu-process/viz-compositor.
[59784:14588:0913/003122.962:INFO:third_party\webrtc\rtc_base\cpu_info.cc:77] Available number of cores: 32
[101324:99732:0913/003122.996:INFO:third_party\webrtc\rtc_base\cpu_info.cc:77] Available number of cores: 32
[19140:99920:0913/003122.996:INFO:third_party\webrtc\rtc_base\cpu_info.cc:77] Available number of cores: 32
[29344:43200:0913/003123.017:WARNING:chrome\browser\extensions\external_registry_loader_win.cc:236] Error observing HKLM: Access is denied. (0x5)
[69172:66480:0913/003123.033:INFO:third_party\webrtc\rtc_base\cpu_info.cc:77] Available number of cores: 32
[93436:14212:0913/003123.038:INFO:third_party\webrtc\rtc_base\cpu_info.cc:77] Available number of cores: 32
[44392:29392:0913/003123.110:INFO:third_party\webrtc\rtc_base\cpu_info.cc:77] Available number of cores: 32
[29344:43200:0913/003125.139:ERROR:components\device_event_log\device_event_log_impl.cc:211] [00:31:25.139] USB: usb_service_win.cc:108 SetupDiGetDeviceProperty({{A45C254E-DF1C-4EFD-8020-67D146A850E0}, 6}) failed: Element not found. (0x490)
[50728:15788:0913/003125.355:INFO:third_party\webrtc\rtc_base\cpu_info.cc:77] Available number of cores: 32
[77656:51432:0913/003125.383:INFO:third_party\webrtc\rtc_base\cpu_info.cc:77] Available number of cores: 32
[101256:99452:0913/003125.421:INFO:third_party\webrtc\rtc_base\cpu_info.cc:77] Available number of cores: 32
[98116:100772:0913/003125.463:INFO:third_party\webrtc\rtc_base\cpu_info.cc:77] Available number of cores: 32
[84576:17648:0913/003125.505:INFO:third_party\webrtc\rtc_base\cpu_info.cc:77] Available number of cores: 32
[97452:99624:0913/003125.541:INFO:third_party\webrtc\rtc_base\cpu_info.cc:77] Available number of cores: 32
[89500:40248:0913/003125.591:INFO:third_party\webrtc\rtc_base\cpu_info.cc:77] Available number of cores: 32
[99376:61804:0913/003125.643:INFO:third_party\webrtc\rtc_base\cpu_info.cc:77] Available number of cores: 32
[54640:101240:0913/003125.671:INFO:third_party\webrtc\rtc_base\cpu_info.cc:77] Available number of cores: 32
[97552:99976:0913/003125.677:INFO:third_party\webrtc\rtc_base\cpu_info.cc:77] Available number of cores: 32
[4480:99704:0913/003125.835:INFO:third_party\webrtc\rtc_base\cpu_info.cc:77] Available number of cores: 32
[98296:99808:0913/003126.045:INFO:third_party\webrtc\rtc_base\cpu_info.cc:77] Available number of cores: 32
[80764:98428:0913/003126.073:INFO:third_party\webrtc\rtc_base\cpu_info.cc:77] Available number of cores: 32
[100624:6588:0913/003126.073:INFO:third_party\webrtc\rtc_base\cpu_info.cc:77] Available number of cores: 32
[14032:99228:0913/003126.141:INFO:third_party\webrtc\rtc_base\cpu_info.cc:77] Available number of cores: 32
[29344:98044:0913/003126.261:ERROR:google_apis\gcm\engine\registration_request.cc:291] Registration response error message: DEPRECATED_ENDPOINT
[15116:91172:0913/003126.266:INFO:third_party\webrtc\rtc_base\cpu_info.cc:77] Available number of cores: 32
[29256:98196:0913/003126.295:INFO:third_party\webrtc\rtc_base\cpu_info.cc:77] Available number of cores: 32
[100676:19512:0913/003126.313:INFO:third_party\webrtc\rtc_base\cpu_info.cc:77] Available number of cores: 32
