== native-saves-1 2026-09-09T13:05:55+10:00
"commands":29
"exitCode":0
"log":"C:\\Users\\danie\\repo\\xray-by-looplet\\proof\\growth\\runner\\2026-09-09T03-05-55-854Z-az5-native.log"
== native-sheets-0-import 2026-09-09T13:05:57+10:00
"commands":11
"exitCode":0
"log":"C:\\Users\\danie\\repo\\xray-by-looplet\\proof\\growth\\runner\\2026-09-09T03-05-57-246Z-az5-native.log"
== native-hardened 2026-09-09T13:05:58+10:00
"commands":21
"exitCode":0
"log":"C:\\Users\\danie\\repo\\xray-by-looplet\\proof\\growth\\runner\\2026-09-09T03-05-58-493Z-az5-native.log"
== native-wireframe 2026-09-09T13:05:58+10:00
"commands":36
"exitCode":0
"log":"C:\\Users\\danie\\repo\\xray-by-looplet\\proof\\growth\\runner\\2026-09-09T03-05-58-970Z-az5-native.log"
== native-workbench 2026-09-09T13:06:29+10:00
"commands":24
"exitCode":1
"log":"C:\\Users\\danie\\repo\\xray-by-looplet\\proof\\growth\\runner\\2026-09-09T03-06-29-550Z-az5-native.log"
== native-workbench-continue 2026-09-09T13:06:50+10:00
"commands":14
"exitCode":0
"log":"C:\\Users\\danie\\repo\\xray-by-looplet\\proof\\growth\\runner\\2026-09-09T03-06-50-226Z-az5-native.log"
== native-workbench-verify 2026-09-09T13:06:55+10:00
"commands":10
"exitCode":1
"log":"C:\\Users\\danie\\repo\\xray-by-looplet\\proof\\growth\\runner\\2026-09-09T03-06-55-625Z-az5-native.log"
== native-unlock-a-design-edit 2026-09-09T13:06:55+10:00
"commands":28
"exitCode":1
"log":"C:\\Users\\danie\\repo\\xray-by-looplet\\proof\\growth\\runner\\2026-09-09T03-06-55-792Z-az5-native.log"
== native-unlock-b-takeoff 2026-09-09T13:07:46+10:00
"commands":25
"exitCode":1
"log":"C:\\Users\\danie\\repo\\xray-by-looplet\\proof\\growth\\runner\\2026-09-09T03-07-46-218Z-az5-native.log"
== native-unlock-c-price-import 2026-09-09T13:08:46+10:00
"commands":24
"exitCode":0
"log":"C:\\Users\\danie\\repo\\xray-by-looplet\\proof\\growth\\runner\\2026-09-09T03-08-46-443Z-az5-native.log"
== native-unlock-d-export 2026-09-09T13:09:22+10:00
"commands":23
"exitCode":1
"log":"C:\\Users\\danie\\repo\\xray-by-looplet\\proof\\growth\\runner\\2026-09-09T03-09-22-398Z-az5-native.log"
== native-unlock-e-render 2026-09-09T13:09:37+10:00
"commands":21
"exitCode":1
"log":"C:\\Users\\danie\\repo\\xray-by-looplet\\proof\\growth\\runner\\2026-09-09T03-09-37-630Z-az5-native.log"
== NATIVE_QA_DONE 2026-09-09T13:09:37+10:00
