== native-workbench-verify-r2 2026-09-09T13:18:30+10:00
"commands":11
"exitCode":0
"log":"C:\\Users\\danie\\repo\\xray-by-looplet\\proof\\growth\\runner\\2026-09-09T03-18-30-593Z-az5-native.log"
== native-unlock-a-design-edit-r2 2026-09-09T13:18:31+10:00
"commands":29
"exitCode":1
"log":"C:\\Users\\danie\\repo\\xray-by-looplet\\proof\\growth\\runner\\2026-09-09T03-18-31-538Z-az5-native.log"
== native-unlock-b-takeoff-r2 2026-09-09T13:19:18+10:00
"commands":24
"exitCode":0
"log":"C:\\Users\\danie\\repo\\xray-by-looplet\\proof\\growth\\runner\\2026-09-09T03-19-18-354Z-az5-native.log"
== native-unlock-d-export 2026-09-09T13:19:44+10:00
"commands":23
"exitCode":0
"log":"C:\\Users\\danie\\repo\\xray-by-looplet\\proof\\growth\\runner\\2026-09-09T03-19-44-856Z-az5-native.log"
== native-unlock-e-render 2026-09-09T13:20:05+10:00
"commands":21
"exitCode":0
"log":"C:\\Users\\danie\\repo\\xray-by-looplet\\proof\\growth\\runner\\2026-09-09T03-20-05-269Z-az5-native.log"
== NATIVE_QA_R2_DONE 2026-09-09T13:20:24+10:00
