== az5-prod-regress prod-warm-long 2026-09-09T13:05:50+10:00
"commands":3
"exitCode":0
"log":"C:\\Users\\danie\\repo\\xray-by-looplet\\proof\\growth\\runner\\2026-09-09T03-05-50-583Z-az5-prod-regress.log"
== az5-prod-regress prod-warm-long 2026-09-09T13:05:52+10:00
"commands":3
"exitCode":0
"log":"C:\\Users\\danie\\repo\\xray-by-looplet\\proof\\growth\\runner\\2026-09-09T03-05-52-382Z-az5-prod-regress.log"
== az5-prod-regress prod-warm 2026-09-09T13:05:52+10:00
"commands":6
"exitCode":0
"log":"C:\\Users\\danie\\repo\\xray-by-looplet\\proof\\growth\\runner\\2026-09-09T03-05-52-613Z-az5-prod-regress.log"
== az5-prod-regress prod-saves-1 2026-09-09T13:05:52+10:00
"commands":30
"exitCode":0
"log":"C:\\Users\\danie\\repo\\xray-by-looplet\\proof\\growth\\runner\\2026-09-09T03-05-52-847Z-az5-prod-regress.log"
== az5-prod-regress prod-sheets-scenario-0-import 2026-09-09T13:05:53+10:00
"commands":12
"exitCode":0
"log":"C:\\Users\\danie\\repo\\xray-by-looplet\\proof\\growth\\runner\\2026-09-09T03-05-53-728Z-az5-prod-regress.log"
== az5-prod-regress production-hardened-layout 2026-09-09T13:05:54+10:00
"commands":34
"exitCode":0
"log":"C:\\Users\\danie\\repo\\xray-by-looplet\\proof\\growth\\runner\\2026-09-09T03-05-54-926Z-az5-prod-regress.log"
== az5-prod-regress production-hardened-guards 2026-09-09T13:05:56+10:00
"commands":28
"exitCode":0
"log":"C:\\Users\\danie\\repo\\xray-by-looplet\\proof\\growth\\runner\\2026-09-09T03-05-56-064Z-az5-prod-regress.log"
== az5-prod-regress prod-wireframe-desktop 2026-09-09T13:05:56+10:00
"commands":37
"exitCode":0
"log":"C:\\Users\\danie\\repo\\xray-by-looplet\\proof\\growth\\runner\\2026-09-09T03-05-56-968Z-az5-prod-regress.log"
== az5-prod-regress prod-workbench-desktop 2026-09-09T13:06:42+10:00
"commands":29
"exitCode":1
"log":"C:\\Users\\danie\\repo\\xray-by-looplet\\proof\\growth\\runner\\2026-09-09T03-06-42-926Z-az5-prod-regress.log"
== az5-prod-regress prod-workbench-continue 2026-09-09T13:06:43+10:00
"commands":14
"exitCode":1
"log":"C:\\Users\\danie\\repo\\xray-by-looplet\\proof\\growth\\runner\\2026-09-09T03-06-43-589Z-az5-prod-regress.log"
== az5-prod-unlock prod-warm-long 2026-09-09T13:06:43+10:00
"commands":3
"exitCode":0
"log":"C:\\Users\\danie\\repo\\xray-by-looplet\\proof\\growth\\runner\\2026-09-09T03-06-43-725Z-az5-prod-unlock.log"
== az5-prod-unlock prod-warm-long 2026-09-09T13:06:45+10:00
"commands":3
"exitCode":0
"log":"C:\\Users\\danie\\repo\\xray-by-looplet\\proof\\growth\\runner\\2026-09-09T03-06-45-357Z-az5-prod-unlock.log"
== az5-prod-unlock prod-unlock-a-design-edit 2026-09-09T13:06:45+10:00
"commands":28
"exitCode":0
"log":"C:\\Users\\danie\\repo\\xray-by-looplet\\proof\\growth\\runner\\2026-09-09T03-06-45-644Z-az5-prod-unlock.log"
== az5-prod-unlock prod-unlock-b-takeoff 2026-09-09T13:07:16+10:00
"commands":25
"exitCode":0
"log":"C:\\Users\\danie\\repo\\xray-by-looplet\\proof\\growth\\runner\\2026-09-09T03-07-16-997Z-az5-prod-unlock.log"
== az5-prod-unlock prod-unlock-c-price-import 2026-09-09T13:07:35+10:00
"commands":24
"exitCode":0
"log":"C:\\Users\\danie\\repo\\xray-by-looplet\\proof\\growth\\runner\\2026-09-09T03-07-36-022Z-az5-prod-unlock.log"
== az5-prod-unlock prod-unlock-d-export 2026-09-09T13:07:50+10:00
"commands":23
"exitCode":0
"log":"C:\\Users\\danie\\repo\\xray-by-looplet\\proof\\growth\\runner\\2026-09-09T03-07-50-391Z-az5-prod-unlock.log"
== az5-prod-unlock prod-unlock-e-render 2026-09-09T13:08:06+10:00
"commands":26
"exitCode":0
"log":"C:\\Users\\danie\\repo\\xray-by-looplet\\proof\\growth\\runner\\2026-09-09T03-08-06-208Z-az5-prod-unlock.log"
== PRODUCTION_QA_DONE 2026-09-09T13:08:41+10:00
