
> tauri:build
> tauri build --bundles nsis


> build:cad
> node scripts/build-cad.mjs

Built local DWG translator: ACadSharp 3.7.1; verified 5 dependency checksums.

> build:desktop
> node scripts/with-app-env.mjs vite build --config vite.config.spa.ts

[36mvite v8.2.2 [32mbuilding client environment for production...[36m[39m
transforming...
✓ 2253 modules transformed.
rendering chunks...
computing gzip size...
dist/index.html                          0.51 kB │ gzip:   0.32 kB
dist/assets/pdf.worker-DTrjDNvb.mjs  2,395.53 kB
dist/assets/index-C0dhuAnU.css         152.65 kB │ gzip:  28.35 kB
dist/assets/pdf.worker-Cumxr82H.js       0.08 kB │ gzip:   0.10 kB
dist/assets/core-CwxXejkd.js             0.09 kB │ gzip:   0.10 kB
dist/assets/src-D8jxMwVt.js             17.23 kB │ gzip:   7.30 kB
dist/assets/pdf-DZx-POle.js            487.96 kB │ gzip: 148.27 kB
dist/assets/index--PmyqsHV.js        2,228.81 kB │ gzip: 690.75 kB

[32m✓ built in 10.91s[39m
