        Info Looking up installed tauri packages to check mismatched versions...
     Running beforeBuildCommand `npm run build:cad && npm run build:desktop`
[build-resources] Local Windows build: below-normal priority; Rayon workers=6.
(node:14612) [DEP0190] DeprecationWarning: Passing args to a child process with shell option true can lead to security vulnerabilities, as the arguments are not escaped, only concatenated.
(Use `node --trace-deprecation ...` to show where the warning was created)
[33m[plugin builtin:vite-reporter] 
(!) Some chunks are larger than 500 kB after minification. Consider:
- Using dynamic import() to code-split the application
- Use build.rolldownOptions.output.codeSplitting to improve chunking: https://rolldown.rs/reference/OutputOptions.codeSplitting
- Adjust chunk size limit for this warning via build.chunkSizeWarningLimit.[39m
[33m[33m[PLUGIN_TIMINGS] [0mPlugin hooks ran for 10.6s of this 10.9s build (97%).
The slowest hooks, timed inside each callback (the wait before a callback starts is excluded, the time it awaits is included):
  - @tailwindcss/vite:generate:build transform (94%, 10.3s, 11 calls)
  - vite:asset load (94%, 10.2s, 1 call)
These rows add up to more than the total. Callbacks can overlap, so the same time counts for more than one row.
1 hook is listed without a time. Its calls overlapped, so the time inside one call includes work from other calls. To find its cost, profile the build with `node --cpu-prof`:
  - vite:css transform (11 calls)
See https://rolldown.rs/reference/InputOptions.checks#plugintimings for more details.
[39m
   Compiling xray-by-looplet v0.1.0 (C:\Users\danie\XRayBuilds\runs\44c9a5bdd386\source\src-tauri)
   Compiling xray-engine-host v0.1.0 (C:\Users\danie\XRayBuilds\runs\44c9a5bdd386\source\engine\host)
    Finished `release` profile [optimized] target(s) in 1m 13s
       Built application at: C:\Users\danie\XRayBuilds\runs\44c9a5bdd386\source\src-tauri\target\release\xray-by-looplet.exe
        Info Patching C:\Users\danie\XRayBuilds\runs\44c9a5bdd386\source\src-tauri\target\release\xray-by-looplet.exe with bundle type information: nsis
        Info Target: x64
     Running makensis to produce C:\Users\danie\XRayBuilds\runs\44c9a5bdd386\source\src-tauri\target\release\bundle\nsis\X-Ray by Looplet_0.1.0_x64-setup.exe
    Finished 1 bundle at:
        C:\Users\danie\XRayBuilds\runs\44c9a5bdd386\source\src-tauri\target\release\bundle\nsis\X-Ray by Looplet_0.1.0_x64-setup.exe

