{
  "generated": "dashboard-refresh.scenario.json",
  "operations": 105,
  "screenshots": 11,
  "expectedCounts": {
    "slices": 20,
    "sliceCounts": {
      "done": 8,
      "partial": 1,
      "blocked": 0,
      "pending": 11
    },
    "requirements": 375,
    "azCounts": {
      "verified": 6,
      "partial": 110,
      "dependency-blocked": 19,
      "gap": 239,
      "failed": 1
    },
    "proofs": 56,
    "machineGate": {
      "passing": 1951,
      "total": 1951,
      "suites": "unknown",
      "tsc": "exit-0"
    }
  },
  "sourceHashes": {
    "XRAY-PRODUCTION-CLOSEOUT-LEDGER.md": "7eb9ecd992dea9645f73953f6bbc801f764b014923732f6b4e17c0949d4d901b",
    "PROFESSIONAL-A-Z-CHECKLIST.md": "26f45aa80cedff18ae17564801b43c5babadb536bbef199a5f5b932bc38daf25",
    "dashboard-curated-images.json": "e1ca212211a2870734347c6394a9940d6707cea348a217ed0836111eaa17b95e",
    "scripts/build-full-dashboard.mjs": "817c2ca76f6f5ffd3a194b91b8ba1b89f8cf0bf1e8be8e76ef7b771e561e73d9"
  }
}
